09-19 17:49:29.865 E/APM_AudioPolicyManager( 1720): get curStream 2, curDevice 1024
09-19 17:49:29.865 E/APM_AudioPolicyManager( 1720): 5 outpt stream1 2, curStream 2
09-19 17:49:29.865 E/APM_AudioPolicyManager( 1720): is outpt stream1 2, curStream 3
09-19 17:49:29.865 E/APM_AudioPolicyManager( 1720): is outpt stream1 2, curStream 4
09-19 17:49:29.865 E/APM_AudioPolicyManager( 1720): is outpt stream1 2, curStream 5
09-19 17:49:29.865 E/APM_AudioPolicyManager( 1720): is outpt stream1 2, curStream 6
09-19 17:49:29.865 E/APM_AudioPolicyManager( 1720): is outpt stream1 2, curStream 7
09-19 17:49:29.866 E/APM_AudioPolicyManager( 1720): is outpt stream1 2, curStream 8
09-19 17:49:29.866 E/APM_AudioPolicyManager( 1720): is outpt stream1 2, curStream 9
09-19 17:49:29.866 E/APM_AudioPolicyManager( 1720): is outpt stream1 2, curStream 10
09-19 17:49:29.866 E/APM_AudioPolicyManager( 1720): is outpt stream1 2, curStream 11
09-19 17:49:30.250 I/BluetoothAvrcpControllerJni( 2714): btavrcp_play_status_changed_callback
09-19 17:49:30.250 D/AvrcpControllerService( 2714): onPlayStatusChanged 0
09-19 17:49:30.251 D/AvrcpControllerService( 2714):  HandleMessage: CB_PLAY_STATUS_CHANGED Remote Connected true
09-19 17:49:30.251 D/A2dpSinkService( 2714): getA2dpSinkService(): returning com.android.bluetooth.a2dpsink.A2dpSinkService@25545cb
09-19 17:49:30.252 D/AvrcpControllerService( 2714): Metadata is not broadcasted, ignoring.
09-19 17:49:30.252 D/A2dpSinkStateMachine( 2714): Connected process message: 304
09-19 17:49:30.252 D/A2dpSinkStreamingStateMachine.SRC_F_ACT_F( 2714):  process message: 5
09-19 17:49:30.252 E/A2dpSinkStreamingStateMachine( 2714): Don't know how to handle 5
09-19 17:49:30.801 I/BluetoothAvrcpControllerJni( 2714): btavrcp_playerapplicationsetting_callback
09-19 17:49:30.802 I/BluetoothAvrcpControllerJni( 2714):  arraylen 9
09-19 17:49:30.802 D/AvrcpControllerService( 2714): handlePlayerAppSetting rspLen = 9
09-19 17:49:30.803 D/AvrcpControllerService( 2714):  HandleMessage: CB_SUPPORTED_PLAYER_APP_SETTING Remote Connected true
09-19 17:49:30.803 D/A2dpSinkService( 2714): getA2dpSinkService(): returning com.android.bluetooth.a2dpsink.A2dpSinkService@25545cb
09-19 17:49:30.939 I/BluetoothAvrcpControllerJni( 2714): btavrcp_playerapplicationsetting_changed_callback
09-19 17:49:30.939 D/AvrcpControllerService( 2714): onPlayerAppSettingChanged 
09-19 17:49:30.940 D/AvrcpControllerService( 2714):  HandleMessage: CB_PLAYER_APP_SETTING_CHANGED Remote Connected true
09-19 17:49:30.940 D/A2dpSinkService( 2714): getA2dpSinkService(): returning com.android.bluetooth.a2dpsink.A2dpSinkService@25545cb
09-19 17:49:30.941 D/AvrcpUtils( 2714): attribId: 2 attribVal: 1
09-19 17:49:30.941 D/AvrcpUtils( 2714): attribId: 3 attribVal: 1
09-19 17:49:30.942 D/AvrcpUtils( 2714):  setting: 6
09-19 17:49:30.942 D/AvrcpControllerService( 2714):  broadcastPlayerAppSettingChanged =  REPEAT : 0 SHUFFLE : 0
09-19 17:49:30.944 E/ActivityManager( 2130): Sending non-protected broadcast android.bluetooth.avrcp-controller.profile.action.PLAYER_SETTING from system 2714:com.android.bluetooth/1002 pkg com.android.bluetooth
09-19 17:49:30.944 E/ActivityManager( 2130): java.lang.Throwable
09-19 17:49:30.944 E/ActivityManager( 2130):    at com.android.server.am.ActivityManagerService.broadcastIntentLocked(ActivityManagerService.java:17989)
09-19 17:49:30.944 E/ActivityManager( 2130):    at com.android.server.am.ActivityManagerService.broadcastIntent(ActivityManagerService.java:18555)
09-19 17:49:30.944 E/ActivityManager( 2130):    at android.app.ActivityManagerNative.onTransact(ActivityManagerNative.java:499)
09-19 17:49:30.944 E/ActivityManager( 2130):    at com.android.server.am.ActivityManagerService.onTransact(ActivityManagerService.java:2861)
09-19 17:49:30.944 E/ActivityManager( 2130):    at android.os.Binder.execTransact(Binder.java:565)
09-19 17:49:31.076 I/BluetoothAvrcpControllerJni( 2714): btavrcp_track_changed_callback
09-19 17:49:31.077 D/AvrcpControllerService( 2714): onTrackChanged 
09-19 17:49:31.078 D/AvrcpControllerService( 2714):  HandleMessage: CB_TRACK_CHANGED Remote Connected true
09-19 17:49:31.078 D/A2dpSinkService( 2714): getA2dpSinkService(): returning com.android.bluetooth.a2dpsink.A2dpSinkService@25545cb
09-19 17:49:31.078 D/AvrcpControllerService( 2714): Metadata is not broadcasted, ignoring.
09-19 17:49:32.389 I/SPProvider( 3700): call uriPrefix: content://com.ktcp.tvvideo.REMOTE_SHARED_PREFERENCE, method: get
09-19 17:49:35.586 I/turen   ( 3215): [R2][00:30:13.120] [core/R2VbvCtc.cpp    379] ☘   [jihuoci] start lines
09-19 17:49:36.121 I/turen   ( 3215): [R2][00:30:13.632] [R2AsrParser.cpp       66] ☘   (ID-0) ni jue , 
09-19 17:49:36.161 I/turen   ( 3215): [R2][00:30:13.696] [R2AsrParser.cpp       66] ☘   (ID-0) ni jue de , 
09-19 17:49:36.445 I/turen   ( 3215): [R2][00:30:13.952] [R2AsrParser.cpp       66] ☘   (ID-0) ni jue de dian , 
09-19 17:49:36.485 I/turen   ( 3215): [R2][00:30:14.016] [R2AsrParser.cpp       66] ☘   (ID-0) ni jue de dian wo , 
09-19 17:49:36.673 I/turen   ( 3215): [R2][00:30:14.208] [R2AsrParser.cpp       66] ☘   (ID-0) ni jue de dian wo duo , 
09-19 17:49:36.806 I/turen   ( 3215): [R2][00:30:14.336] [R2AsrParser.cpp       66] ☘   (ID-0) ni jue de dian wo duo su , 
09-19 17:49:36.864 I/turen   ( 3215): [R2][00:30:14.400] [R2AsrParser.cpp       66] ☘   (ID-0) ni jue de dian wo duo su fen , 
09-19 17:49:37.058 I/turen   ( 3215): [R2][00:30:14.592] [R2AsrParser.cpp       66] ☘   (ID-0) ni jue de dian wo duo su fen ni , 
09-19 17:49:37.372 I/turen   ( 3215): [R2][00:30:14.912] [R2AsrParser.cpp       66] ☘   (ID-0) ni jue de dian wo duo su fen ni hai you tong , 
09-19 17:49:37.415 I/SPProvider( 3700): call uriPrefix: content://com.ktcp.tvvideo.REMOTE_SHARED_PREFERENCE, method: get
09-19 17:49:37.632 I/turen   ( 3215): [R2][00:30:15.168] [R2AsrParser.cpp       66] ☘   (ID-0) ni jue de dian wo duo su fen ni hai you tong bu , 
09-19 17:49:37.700 I/turen   ( 3215): [R2][00:30:15.232] [R2AsrParser.cpp       66] ☘   (ID-0) ni jue de dian wo duo su fen ni hai you tong bu wen , 
09-19 17:49:37.825 I/turen   ( 3215): [R2][00:30:15.360] [R2AsrParser.cpp       66] ☘   (ID-0) ni jue de dian wo duo su fen ni hai you tong bu wen li , 
09-19 17:49:37.953 I/turen   ( 3215): [R2][00:30:15.488] [R2AsrParser.cpp       66] ☘   (ID-0) ni jue de dian wo duo su fen ni hai you tong bu wen li shu , 
09-19 17:49:38.084 I/turen   ( 3215): [R2][00:30:15.616] [R2AsrParser.cpp       66] ☘   (ID-0) ni jue de dian wo duo su fen ni hai you tong bu wen li shu wen , 
09-19 17:49:38.169 I/turen   ( 3215): [R2][00:30:15.616] [R2AsrParser.cpp       66] ☘   (ID-0) ni jue de dian wo duo su fen ni hai you tong bu wen li shu wen , 
09-19 17:49:38.170 I/turen   ( 3215): [R2][00:30:15.616] [core/R2VbvCtc.cpp    439] ☘   [jihuoci] stop lines
09-19 17:49:40.064 I/turen   ( 3215): [R2][00:30:17.600] [core/R2VbvCtc.cpp    228] vbv total time cost: 23680
09-19 17:49:40.065 I/turen   ( 3215): [R2][00:30:17.600] [core/R2VbvCtc.cpp    230] bf12 time cost: 17134
09-19 17:49:40.065 I/turen   ( 3215): [R2][00:30:17.600] [core/R2VbvCtc.cpp    232] big code block time cost: 6520
09-19 17:49:40.065 I/turen   ( 3215): [R2][00:30:17.600] [core/R2VbvCtc.cpp    235] *1* putvoiceToLines time cost: 209612
09-19 17:49:40.065 I/turen   ( 3215): [R2][00:30:17.600] [core/R2VbvCtc.cpp    239] *2* putvoiceToLines time cost: 7902
09-19 17:49:40.065 I/turen   ( 3215): [R2][00:30:17.600] [core/R2VbvCtc.cpp    243] *3* putvoiceToLines time cost: 6886
09-19 17:49:40.065 I/turen   ( 3215): [R2][00:30:17.600] [core/R2ad2VBF.cpp    205] R2ad2VBF big code block time cost: 7
09-19 17:49:42.443 I/SPProvider( 3700): call uriPrefix: content://com.ktcp.tvvideo.REMOTE_SHARED_PREFERENCE, method: get
09-19 17:49:43.521 I/turen   ( 3215): [R2][00:30:21.056] [core/R2VbvCtc.cpp    379] ☘   [jihuoci] start lines
09-19 17:49:44.096 I/turen   ( 3215): [R2][00:30:21.632] [R2AsrParser.cpp       66] ☘   (ID-0) zhe chuan , 
09-19 17:49:44.156 I/turen   ( 3215): [R2][00:30:21.696] [core/R2Line.cpp      264] rasr_manual_batch_step average time cost: 22120
09-19 17:49:44.289 I/turen   ( 3215): [R2][00:30:21.824] [R2AsrParser.cpp       66] ☘   (ID-0) zhe chuan chang , 
09-19 17:49:44.516 I/turen   ( 3215): [R2][00:30:22.016] [R2AsrParser.cpp       66] ☘   (ID-0) zhe chuan chang shen , 
09-19 17:49:44.621 I/turen   ( 3215): [R2][00:30:22.144] [R2AsrParser.cpp       66] ☘   (ID-0) zhe chuan chang shen me , 
09-19 17:49:44.699 I/turen   ( 3215): [R2][00:30:22.208] [R2AsrParser.cpp       66] ☘   (ID-0) zhe chuan chang shen me me , 
09-19 17:49:44.832 I/turen   ( 3215): [R2][00:30:22.336] [R2AsrParser.cpp       66] ☘   (ID-0) zhe chuan chang shen me me ma , 
09-19 17:49:44.982 I/turen   ( 3215): [R2][00:30:22.336] [R2AsrParser.cpp       66] ☘   (ID-0) zhe chuan chang shen me me ma , 
09-19 17:49:44.985 I/turen   ( 3215): [R2][00:30:22.336] [core/R2VbvCtc.cpp    439] ☘   [jihuoci] stop lines
09-19 17:49:45.633 I/turen   ( 3215): [R2][00:30:23.168] [core/R2VbvCtc.cpp    379] ☘   [jihuoci] start lines
09-19 17:49:46.020 E/bt_btif ( 2714): bta_av_proc_stream_evt: p_data is null
09-19 17:49:46.020 I/bt_bta_av( 2714): bta_av_link_role_ok hndl:x41 role:1 conn_audio:x1 bits:1 features:x824b
09-19 17:49:46.020 W/bt_btif ( 2714): bta_dm_rm_cback:2, status:0
09-19 17:49:46.020 W/bt_btif ( 2714): bta_dm_rm_cback:2, status:7
09-19 17:49:46.020 I/BluetoothA2dpSinkServiceJni( 2714): bta2dp_audio_state_callback
09-19 17:49:46.021 D/A2dpSinkStateMachine( 2714): Connected process message: 101
09-19 17:49:46.022 D/A2dpSinkStateMachine( 2714):  processAudioStateEvent in state 2
09-19 17:49:46.022 D/A2dpSinkStreamingStateMachine.SRC_F_ACT_F( 2714):  process message: 0
09-19 17:49:46.022 D/A2dpSinkStreamingStateMachine.SRC_T_ACT_F( 2714): Enter: 0
09-19 17:49:46.111 I/BluetoothAvrcpControllerJni( 2714): btavrcp_play_status_changed_callback
09-19 17:49:46.111 D/AvrcpControllerService( 2714): onPlayStatusChanged 1
09-19 17:49:46.112 D/AvrcpControllerService( 2714):  HandleMessage: CB_PLAY_STATUS_CHANGED Remote Connected true
09-19 17:49:46.112 D/A2dpSinkService( 2714): getA2dpSinkService(): returning com.android.bluetooth.a2dpsink.A2dpSinkService@25545cb
09-19 17:49:46.112 D/AvrcpControllerService( 2714): Metadata is not broadcasted, ignoring.
09-19 17:49:46.112 D/A2dpSinkStateMachine( 2714): Connected process message: 303
09-19 17:49:46.113 D/A2dpSinkStreamingStateMachine.SRC_T_ACT_F( 2714):  process message: 3
09-19 17:49:46.113 D/A2dpSinkStreamingStateMachine.SRC_T_ACT_T( 2714): Enter: 3
09-19 17:49:46.113 D/A2dpSinkStreamingStateMachine.SRC_T_ACT_T( 2714):  process message: 3
09-19 17:49:46.113 D/A2dpSinkStreamingStateMachine.SRC_T_ACT_T( 2714): Current Audio Focus -1
09-19 17:49:46.114 I/MediaFocusControl( 2130):  AudioFocus  requestAudioFocus() from uid/pid 1002/2714 clientId=android.media.AudioManager@74a7684com.android.bluetooth.a2dpsink.A2dpSinkStreamingStateMachine$1@9ab86e4 req=1 flags=0x0
09-19 17:49:46.115 D/AvrcpControllerService( 2714): getAvrcpControllerService(): returning com.android.bluetooth.avrcp.AvrcpControllerService@fae316
09-19 17:49:46.115 D/A2dpSinkStreamingStateMachine( 2714): startAvrcpUpdates
09-19 17:49:46.115 D/AvrcpControllerService( 2714):  HandleMessage: 202 Remote Connected true
09-19 17:49:46.116 D/A2dpSinkService( 2714): getA2dpSinkService(): returning com.android.bluetooth.a2dpsink.A2dpSinkService@25545cb
09-19 17:49:46.116 D/AvrcpControllerService( 2714):  broadcastPlayBackStateChanged = PlaybackState {state=3, position=255, buffered position=0, speed=1.0, updated=1847974, actions=0, custom actions=[], active item id=-1, error=null}
09-19 17:49:46.117 E/ActivityManager( 2130): Sending non-protected broadcast android.bluetooth.avrcp-controller.profile.action.TRACK_EVENT from system 2714:com.android.bluetooth/1002 pkg com.android.bluetooth
09-19 17:49:46.117 E/ActivityManager( 2130): java.lang.Throwable
09-19 17:49:46.117 E/ActivityManager( 2130):    at com.android.server.am.ActivityManagerService.broadcastIntentLocked(ActivityManagerService.java:17989)
09-19 17:49:46.117 E/ActivityManager( 2130):    at com.android.server.am.ActivityManagerService.broadcastIntent(ActivityManagerService.java:18555)
09-19 17:49:46.117 E/ActivityManager( 2130):    at android.app.ActivityManagerNative.onTransact(ActivityManagerNative.java:499)
09-19 17:49:46.117 E/ActivityManager( 2130):    at com.android.server.am.ActivityManagerService.onTransact(ActivityManagerService.java:2861)
09-19 17:49:46.117 E/ActivityManager( 2130):    at android.os.Binder.execTransact(Binder.java:565)
09-19 17:49:46.124 D/AvrcpUtils( 2714):  TrackInfo Metadata [artist= trackTitle=  albumTitle=  genre=  trackNum= 255 track_len : 255 TotalTracks 255]
09-19 17:49:46.124 D/AvrcpControllerService( 2714):  broadcastMetaDataChanged = null, null, null  0.0 255 255 255 255 
09-19 17:49:46.125 D/A2dpMediaBrowserService( 2714): onReceive intent=Intent { act=android.bluetooth.avrcp-controller.profile.action.TRACK_EVENT flg=0x10 (has extras) }
09-19 17:49:46.126 D/A2dpMediaBrowserService( 2714): msgTrack: playback: PlaybackState {state=3, position=255, buffered position=0, speed=1.0, updated=1847974, actions=0, custom actions=[], active item id=-1, error=null} mmd: null
09-19 17:49:46.126 E/ActivityManager( 2130): Sending non-protected broadcast android.bluetooth.avrcp-controller.profile.action.TRACK_EVENT from system 2714:com.android.bluetooth/1002 pkg com.android.bluetooth
09-19 17:49:46.126 E/ActivityManager( 2130): java.lang.Throwable
09-19 17:49:46.126 E/ActivityManager( 2130):    at com.android.server.am.ActivityManagerService.broadcastIntentLocked(ActivityManagerService.java:17989)
09-19 17:49:46.126 E/ActivityManager( 2130):    at com.android.server.am.ActivityManagerService.broadcastIntent(ActivityManagerService.java:18555)
09-19 17:49:46.126 E/ActivityManager( 2130):    at android.app.ActivityManagerNative.onTransact(ActivityManagerNative.java:499)
09-19 17:49:46.126 E/ActivityManager( 2130):    at com.android.server.am.ActivityManagerService.onTransact(ActivityManagerService.java:2861)
09-19 17:49:46.126 E/ActivityManager( 2130):    at android.os.Binder.execTransact(Binder.java:565)
09-19 17:49:46.127 D/A2dpMediaBrowserService( 2714): prevPS PlaybackState {state=1, position=0, buffered position=0, speed=0.0, updated=1831712, actions=54, custom actions=[], active item id=-1, error=null}
09-19 17:49:46.127 D/A2dpMediaBrowserService( 2714): prev MM title NOT_SUPPORTED track len 255
09-19 17:49:46.127 D/A2dpMediaBrowserService( 2714): msgTrack() playbackstate PlaybackState {state=3, position=255, buffered position=0, speed=1.0, updated=1847974, actions=0, custom actions=[], active item id=-1, error=null}
09-19 17:49:46.130 V/Avrcp   ( 2714): Active sessions changed, 0 sessions
09-19 17:49:46.139 I/BluetoothAvrcpControllerJni( 2714): btavrcp_play_status_changed_callback
09-19 17:49:46.139 D/AvrcpControllerService( 2714): onPlayStatusChanged 1
09-19 17:49:46.139 D/A2dpMediaBrowserService( 2714): onReceive intent=Intent { act=android.bluetooth.avrcp-controller.profile.action.TRACK_EVENT flg=0x10 (has extras) }
09-19 17:49:46.140 D/A2dpMediaBrowserService( 2714): msgTrack: playback: null mmd: android.media.MediaMetadata@97a174d
09-19 17:49:46.140 D/AvrcpControllerService( 2714):  HandleMessage: CB_PLAY_STATUS_CHANGED Remote Connected true
09-19 17:49:46.140 D/A2dpSinkService( 2714): getA2dpSinkService(): returning com.android.bluetooth.a2dpsink.A2dpSinkService@25545cb
09-19 17:49:46.140 D/AvrcpControllerService( 2714):  broadcastPlayBackStateChanged = PlaybackState {state=3, position=255, buffered position=0, speed=1.0, updated=1847998, actions=0, custom actions=[], active item id=-1, error=null}
09-19 17:49:46.140 I/BluetoothAvrcpControllerJni( 2714): btavrcp_track_changed_callback
09-19 17:49:46.140 D/AvrcpControllerService( 2714): onTrackChanged 
09-19 17:49:46.140 D/A2dpSinkStateMachine( 2714): Connected process message: 303
09-19 17:49:46.141 D/A2dpSinkStreamingStateMachine.SRC_T_ACT_T( 2714):  process message: 3
09-19 17:49:46.141 D/A2dpSinkStreamingStateMachine.SRC_T_ACT_T( 2714): Current Audio Focus 1
09-19 17:49:46.141 D/AvrcpControllerService( 2714): getAvrcpControllerService(): returning com.android.bluetooth.avrcp.AvrcpControllerService@fae316
09-19 17:49:46.141 D/A2dpSinkStreamingStateMachine( 2714): startAvrcpUpdates
09-19 17:49:46.141 D/A2dpMediaBrowserService( 2714): prevPS PlaybackState {state=3, position=255, buffered position=0, speed=1.0, updated=1847998, actions=54, custom actions=[], active item id=-1, error=null}
09-19 17:49:46.141 D/A2dpMediaBrowserService( 2714): prev MM title NOT_SUPPORTED track len 255
09-19 17:49:46.141 D/A2dpMediaBrowserService( 2714): msgTrack() mmd null, null, null
09-19 17:49:46.141 E/ActivityManager( 2130): Sending non-protected broadcast android.bluetooth.avrcp-controller.profile.action.TRACK_EVENT from system 2714:com.android.bluetooth/1002 pkg com.android.bluetooth
09-19 17:49:46.141 E/ActivityManager( 2130): java.lang.Throwable
09-19 17:49:46.141 E/ActivityManager( 2130):    at com.android.server.am.ActivityManagerService.broadcastIntentLocked(ActivityManagerService.java:17989)
09-19 17:49:46.141 E/ActivityManager( 2130):    at com.android.server.am.ActivityManagerService.broadcastIntent(ActivityManagerService.java:18555)
09-19 17:49:46.141 E/ActivityManager( 2130):    at android.app.ActivityManagerNative.onTransact(ActivityManagerNative.java:499)
09-19 17:49:46.141 E/ActivityManager( 2130):    at com.android.server.am.ActivityManagerService.onTransact(ActivityManagerService.java:2861)
09-19 17:49:46.141 E/ActivityManager( 2130):    at android.os.Binder.execTransact(Binder.java:565)
09-19 17:49:46.147 D/AvrcpControllerService( 2714):  HandleMessage: CB_TRACK_CHANGED Remote Connected true
09-19 17:49:46.147 D/A2dpSinkService( 2714): getA2dpSinkService(): returning com.android.bluetooth.a2dpsink.A2dpSinkService@25545cb
09-19 17:49:46.147 D/AvrcpUtils( 2714):  TrackInfo Metadata [artist= trackTitle=  albumTitle=  genre=  trackNum= 255 track_len : 255 TotalTracks 255]
09-19 17:49:46.148 D/AvrcpControllerService( 2714):  broadcastMetaDataChanged = null, null, null  0.0 255 255 255 255 
09-19 17:49:46.148 D/A2dpMediaBrowserService( 2714): onReceive intent=Intent { act=android.bluetooth.avrcp-controller.profile.action.TRACK_EVENT flg=0x10 (has extras) }
09-19 17:49:46.148 D/A2dpMediaBrowserService( 2714): msgTrack: playback: PlaybackState {state=3, position=255, buffered position=0, speed=1.0, updated=1847998, actions=0, custom actions=[], active item id=-1, error=null} mmd: null
09-19 17:49:46.149 E/ActivityManager( 2130): Sending non-protected broadcast android.bluetooth.avrcp-controller.profile.action.TRACK_EVENT from system 2714:com.android.bluetooth/1002 pkg com.android.bluetooth
09-19 17:49:46.149 E/ActivityManager( 2130): java.lang.Throwable
09-19 17:49:46.149 E/ActivityManager( 2130):    at com.android.server.am.ActivityManagerService.broadcastIntentLocked(ActivityManagerService.java:17989)
09-19 17:49:46.149 E/ActivityManager( 2130):    at com.android.server.am.ActivityManagerService.broadcastIntent(ActivityManagerService.java:18555)
09-19 17:49:46.149 E/ActivityManager( 2130):    at android.app.ActivityManagerNative.onTransact(ActivityManagerNative.java:499)
09-19 17:49:46.149 E/ActivityManager( 2130):    at com.android.server.am.ActivityManagerService.onTransact(ActivityManagerService.java:2861)
09-19 17:49:46.149 E/ActivityManager( 2130):    at android.os.Binder.execTransact(Binder.java:565)
09-19 17:49:46.152 D/A2dpMediaBrowserService( 2714): prevPS PlaybackState {state=3, position=255, buffered position=0, speed=1.0, updated=1848007, actions=54, custom actions=[], active item id=-1, error=null}
09-19 17:49:46.152 D/A2dpMediaBrowserService( 2714): prev MM title  track len 255
09-19 17:49:46.152 D/A2dpMediaBrowserService( 2714): msgTrack() playbackstate PlaybackState {state=3, position=255, buffered position=0, speed=1.0, updated=1847998, actions=0, custom actions=[], active item id=-1, error=null}
09-19 17:49:46.155 D/AvrcpControllerService( 2714):  HandleMessage: 202 Remote Connected true
09-19 17:49:46.155 D/A2dpSinkService( 2714): getA2dpSinkService(): returning com.android.bluetooth.a2dpsink.A2dpSinkService@25545cb
09-19 17:49:46.155 D/AvrcpControllerService( 2714):  broadcastPlayBackStateChanged = PlaybackState {state=3, position=255, buffered position=0, speed=1.0, updated=1848013, actions=0, custom actions=[], active item id=-1, error=null}
09-19 17:49:46.157 E/ActivityManager( 2130): Sending non-protected broadcast android.bluetooth.avrcp-controller.profile.action.TRACK_EVENT from system 2714:com.android.bluetooth/1002 pkg com.android.bluetooth
09-19 17:49:46.157 E/ActivityManager( 2130): java.lang.Throwable
09-19 17:49:46.157 E/ActivityManager( 2130):    at com.android.server.am.ActivityManagerService.broadcastIntentLocked(ActivityManagerService.java:17989)
09-19 17:49:46.157 E/ActivityManager( 2130):    at com.android.server.am.ActivityManagerService.broadcastIntent(ActivityManagerService.java:18555)
09-19 17:49:46.157 E/ActivityManager( 2130):    at android.app.ActivityManagerNative.onTransact(ActivityManagerNative.java:499)
09-19 17:49:46.157 E/ActivityManager( 2130):    at com.android.server.am.ActivityManagerService.onTransact(ActivityManagerService.java:2861)
09-19 17:49:46.157 E/ActivityManager( 2130):    at android.os.Binder.execTransact(Binder.java:565)
09-19 17:49:46.163 D/AvrcpUtils( 2714):  TrackInfo Metadata [artist= trackTitle=  albumTitle=  genre=  trackNum= 255 track_len : 255 TotalTracks 255]
09-19 17:49:46.163 D/AvrcpControllerService( 2714):  broadcastMetaDataChanged = null, null, null  0.0 255 255 255 255 
09-19 17:49:46.164 D/A2dpMediaBrowserService( 2714): onReceive intent=Intent { act=android.bluetooth.avrcp-controller.profile.action.TRACK_EVENT flg=0x10 (has extras) }
09-19 17:49:46.164 D/A2dpMediaBrowserService( 2714): onReceive intent=Intent { act=android.bluetooth.avrcp-controller.profile.action.TRACK_EVENT flg=0x10 (has extras) }
09-19 17:49:46.165 D/A2dpMediaBrowserService( 2714): msgTrack: playback: null mmd: android.media.MediaMetadata@ea39202
09-19 17:49:46.165 E/ActivityManager( 2130): Sending non-protected broadcast android.bluetooth.avrcp-controller.profile.action.TRACK_EVENT from system 2714:com.android.bluetooth/1002 pkg com.android.bluetooth
09-19 17:49:46.165 E/ActivityManager( 2130): java.lang.Throwable
09-19 17:49:46.165 E/ActivityManager( 2130):    at com.android.server.am.ActivityManagerService.broadcastIntentLocked(ActivityManagerService.java:17989)
09-19 17:49:46.165 E/ActivityManager( 2130):    at com.android.server.am.ActivityManagerService.broadcastIntent(ActivityManagerService.java:18555)
09-19 17:49:46.165 E/ActivityManager( 2130):    at android.app.ActivityManagerNative.onTransact(ActivityManagerNative.java:499)
09-19 17:49:46.165 E/ActivityManager( 2130):    at com.android.server.am.ActivityManagerService.onTransact(ActivityManagerService.java:2861)
09-19 17:49:46.165 E/ActivityManager( 2130):    at android.os.Binder.execTransact(Binder.java:565)
09-19 17:49:46.165 D/A2dpMediaBrowserService( 2714): prevPS PlaybackState {state=3, position=255, buffered position=0, speed=1.0, updated=1848023, actions=54, custom actions=[], active item id=-1, error=null}
09-19 17:49:46.166 D/A2dpMediaBrowserService( 2714): prev MM title  track len 255
09-19 17:49:46.166 D/A2dpMediaBrowserService( 2714): msgTrack() mmd null, null, null
09-19 17:49:46.166 D/A2dpMediaBrowserService( 2714): msgTrack: playback: PlaybackState {state=3, position=255, buffered position=0, speed=1.0, updated=1848013, actions=0, custom actions=[], active item id=-1, error=null} mmd: null
09-19 17:49:46.167 D/A2dpMediaBrowserService( 2714): prevPS PlaybackState {state=3, position=255, buffered position=0, speed=1.0, updated=1848025, actions=54, custom actions=[], active item id=-1, error=null}
09-19 17:49:46.167 D/A2dpMediaBrowserService( 2714): prev MM title  track len 255
09-19 17:49:46.167 D/A2dpMediaBrowserService( 2714): msgTrack() playbackstate PlaybackState {state=3, position=255, buffered position=0, speed=1.0, updated=1848013, actions=0, custom actions=[], active item id=-1, error=null}
09-19 17:49:46.168 D/A2dpMediaBrowserService( 2714): onReceive intent=Intent { act=android.bluetooth.avrcp-controller.profile.action.TRACK_EVENT flg=0x10 (has extras) }
09-19 17:49:46.168 D/A2dpMediaBrowserService( 2714): msgTrack: playback: null mmd: android.media.MediaMetadata@1adf713
09-19 17:49:46.169 D/A2dpMediaBrowserService( 2714): prevPS PlaybackState {state=3, position=255, buffered position=0, speed=1.0, updated=1848027, actions=54, custom actions=[], active item id=-1, error=null}
09-19 17:49:46.169 D/A2dpMediaBrowserService( 2714): prev MM title  track len 255
09-19 17:49:46.169 D/A2dpMediaBrowserService( 2714): msgTrack() mmd null, null, null
09-19 17:49:46.199 V/AudioFlinger( 1720): start(4096), calling pid 2714 session 57
09-19 17:49:46.199 V/AudioFlinger( 1720): ? => ACTIVE (4096) on thread 0xa91cf000
09-19 17:49:46.199 V/APM::AudioOutputDescriptor( 1720): changeRefCount() stream 3, count 1
09-19 17:49:46.199 V/APM::AudioPolicyEngine( 1720): getDeviceForStrategy() strategy 0, device 400
09-19 17:49:46.199 V/APM::AudioPolicyEngine( 1720): getDeviceForStrategy() strategy 0, device 400
09-19 17:49:46.200 V/APM::AudioPolicyEngine( 1720): getDeviceForStrategy() strategy 1, device 400
09-19 17:49:46.200 V/APM::AudioPolicyEngine( 1720): getDeviceForStrategy() strategy 2, device 2
09-19 17:49:46.200 V/APM::AudioPolicyEngine( 1720): getDeviceForStrategy() strategy 0, device 400
09-19 17:49:46.200 V/APM::AudioPolicyEngine( 1720): getDeviceForStrategy() strategy 3, device 400
09-19 17:49:46.200 V/APM::AudioPolicyEngine( 1720): getDeviceForStrategy() strategy 0, device 400
09-19 17:49:46.200 V/APM::AudioPolicyEngine( 1720): getDeviceForStrategy() strategy 4, device 400
09-19 17:49:46.200 V/APM::AudioPolicyEngine( 1720): getDeviceForStrategy() strategy 5, device 400
09-19 17:49:46.200 V/APM::AudioPolicyEngine( 1720): getDeviceForStrategy() strategy 6, device 2
09-19 17:49:46.200 V/APM::AudioPolicyEngine( 1720): getDeviceForStrategy() strategy 7, device 400
09-19 17:49:46.200 V/APM::AudioPolicyEngine( 1720): getDeviceForStrategy() strategy 8, device 400
09-19 17:49:46.200 V/AudioFlinger( 1720): ThreadBase::setParameters() routing=1024
09-19 17:49:46.200 V/AudioFlinger( 1720): sendConfigEvent_l() num events 1 event 2
09-19 17:49:46.218 V/AudioFlinger( 1720): processConfigEvents_l() remaining events 1
09-19 17:49:46.218 V/AudioFlinger( 1720): processConfigEvents_l() DONE thread 0xa9403a80
09-19 17:49:46.218 V/AudioFlinger( 1720): sendConfigEvent_l() num events 1 event 3
09-19 17:49:46.218 V/AudioFlinger( 1720): thread 0xa9998840 type 0 TID 1940 waking up
09-19 17:49:46.218 V/AudioFlinger( 1720): acquireWakeLock_l() AudioOut_D status 0
09-19 17:49:46.218 V/AudioFlinger( 1720): processConfigEvents_l() remaining events 1
09-19 17:49:46.218 D/audio_hal( 1720): out_set_parameters kvpairs = routing=1024
09-19 17:49:46.218 D/audio_hal( 1720): func:out_set_parameters, 1024 ---> HISI_AO_CARD_ID(0, 0) 
09-19 17:49:46.218 V/AudioFlinger( 1720): processConfigEvents_l() DONE thread 0xa9998840
09-19 17:49:46.218 V/AudioFlinger( 1720): updateWakeLockUids_l() AudioOut_D status 0
09-19 17:49:46.219 V/AudioFlinger( 1720): setParameters(): io 46, keyvalue routing=1024, calling pid 1720
09-19 17:49:46.219 V/AudioFlinger( 1720): ThreadBase::setParameters() routing=1024
09-19 17:49:46.219 V/AudioFlinger( 1720): sendConfigEvent_l() num events 1 event 2
09-19 17:49:46.250 V/AudioFlinger( 1720): processConfigEvents_l() remaining events 1
09-19 17:49:46.250 V/AudioFlinger( 1720): processConfigEvents_l() DONE thread 0xa9403a80
09-19 17:49:46.250 E/APM_AudioPolicyManager( 1720): device 1024, popcount(device)1
09-19 17:49:46.250 E/APM_AudioPolicyManager( 1720): checkAndSetVolume stream 0,index 2,device 1024
09-19 17:49:46.250 E/APM_AudioPolicyManager( 1720): device 1024, popcount(device)1
09-19 17:49:46.250 V/APM::AudioOutputDescriptor( 1720): setVolume() for stream 0, volume -33.979401, delay 0
09-19 17:49:46.250 E/APM::AudioOutputDescriptor( 1720): changed 1
09-19 17:49:46.252 E/AudioFlinger( 1720): mAudioHwDevs.size() is 6
09-19 17:49:46.252 D/AudioFlinger( 1720): setStreamVolume by set_master_volume
09-19 17:49:46.252 D/AudioFlinger( 1720): setStreamVolume by set_master_volume
09-19 17:49:46.252 D/AudioFlinger( 1720): setStreamVolume by set_master_volume
09-19 17:49:46.252 D/AudioFlinger( 1720): setStreamVolume by set_master_volume
09-19 17:49:46.252 D/AudioFlinger( 1720): setStreamVolume by set_master_volume
09-19 17:49:46.252 D/AudioFlinger( 1720): setStreamVolume by set_master_volume
09-19 17:49:46.252 E/APM_AudioPolicyManager( 1720): device 1024, popcount(device)1
09-19 17:49:46.252 E/APM_AudioPolicyManager( 1720): checkAndSetVolume stream 1,index 3,device 1024
09-19 17:49:46.252 E/APM_AudioPolicyManager( 1720): device 1024, popcount(device)1
09-19 17:49:46.252 V/APM::AudioOutputDescriptor( 1720): setVolume() for stream 1, volume -30.457500, delay 0
09-19 17:49:46.252 E/APM::AudioOutputDescriptor( 1720): changed 1
09-19 17:49:46.252 E/AudioFlinger( 1720): mAudioHwDevs.size() is 6
09-19 17:49:46.252 D/AudioFlinger( 1720): setStreamVolume by set_master_volume
09-19 17:49:46.252 D/AudioFlinger( 1720): setStreamVolume by set_master_volume
09-19 17:49:46.252 D/AudioFlinger( 1720): setStreamVolume by set_master_volume
09-19 17:49:46.252 D/AudioFlinger( 1720): setStreamVolume by set_master_volume
09-19 17:49:46.252 D/AudioFlinger( 1720): setStreamVolume by set_master_volume
09-19 17:49:46.252 D/AudioFlinger( 1720): setStreamVolume by set_master_volume
09-19 17:49:46.252 E/APM_AudioPolicyManager( 1720): device 1024, popcount(device)1
09-19 17:49:46.252 E/APM_AudioPolicyManager( 1720): checkAndSetVolume stream 2,index 2,device 1024
09-19 17:49:46.252 E/APM_AudioPolicyManager( 1720): device 1024, popcount(device)1
09-19 17:49:46.252 E/APM::AudioOutputDescriptor( 1720): changed 0
09-19 17:49:46.252 E/APM_AudioPolicyManager( 1720): device 1024, popcount(device)1
09-19 17:49:46.252 E/APM_AudioPolicyManager( 1720): checkAndSetVolume stream 3,index 12,device 1024
09-19 17:49:46.252 E/APM_AudioPolicyManager( 1720): device 1024, popcount(device)1
09-19 17:49:46.252 E/APM::AudioOutputDescriptor( 1720): changed 0
09-19 17:49:46.253 E/APM_AudioPolicyManager( 1720): device 1024, popcount(device)1
09-19 17:49:46.253 E/APM_AudioPolicyManager( 1720): checkAndSetVolume stream 4,index 2,device 1024
09-19 17:49:46.253 E/APM_AudioPolicyManager( 1720): device 1024, popcount(device)1
09-19 17:49:46.253 E/APM::AudioOutputDescriptor( 1720): changed 0
09-19 17:49:46.253 E/APM_AudioPolicyManager( 1720): device 1024, popcount(device)1
09-19 17:49:46.253 E/APM_AudioPolicyManager( 1720): checkAndSetVolume stream 5,index 3,device 1024
09-19 17:49:46.253 E/APM_AudioPolicyManager( 1720): device 1024, popcount(device)1
09-19 17:49:46.253 V/APM::AudioOutputDescriptor( 1720): setVolume() for stream 5, volume -30.457500, delay 0
09-19 17:49:46.253 E/APM::AudioOutputDescriptor( 1720): changed 1
09-19 17:49:46.253 E/AudioFlinger( 1720): mAudioHwDevs.size() is 6
09-19 17:49:46.253 D/AudioFlinger( 1720): setStreamVolume by set_master_volume
09-19 17:49:46.253 D/AudioFlinger( 1720): setStreamVolume by set_master_volume
09-19 17:49:46.253 D/AudioFlinger( 1720): setStreamVolume by set_master_volume
09-19 17:49:46.253 D/AudioFlinger( 1720): setStreamVolume by set_master_volume
09-19 17:49:46.253 D/AudioFlinger( 1720): setStreamVolume by set_master_volume
09-19 17:49:46.253 D/AudioFlinger( 1720): setStreamVolume by set_master_volume
09-19 17:49:46.253 E/APM_AudioPolicyManager( 1720): device 1024, popcount(device)1
09-19 17:49:46.253 E/APM_AudioPolicyManager( 1720): device 1024, popcount(device)1
09-19 17:49:46.253 E/APM_AudioPolicyManager( 1720): checkAndSetVolume stream 7,index 3,device 1024
09-19 17:49:46.253 E/APM_AudioPolicyManager( 1720): device 1024, popcount(device)1
09-19 17:49:46.253 V/APM::AudioOutputDescriptor( 1720): setVolume() for stream 7, volume -30.457500, delay 0
09-19 17:49:46.253 E/APM::AudioOutputDescriptor( 1720): changed 1
09-19 17:49:46.253 E/AudioFlinger( 1720): mAudioHwDevs.size() is 6
09-19 17:49:46.253 D/AudioFlinger( 1720): setStreamVolume by set_master_volume
09-19 17:49:46.253 D/AudioFlinger( 1720): setStreamVolume by set_master_volume
09-19 17:49:46.253 D/AudioFlinger( 1720): setStreamVolume by set_master_volume
09-19 17:49:46.253 D/AudioFlinger( 1720): setStreamVolume by set_master_volume
09-19 17:49:46.253 D/AudioFlinger( 1720): setStreamVolume by set_master_volume
09-19 17:49:46.253 D/AudioFlinger( 1720): setStreamVolume by set_master_volume
09-19 17:49:46.253 E/APM_AudioPolicyManager( 1720): device 1024, popcount(device)1
09-19 17:49:46.253 E/APM_AudioPolicyManager( 1720): checkAndSetVolume stream 8,index 7,device 1024
09-19 17:49:46.253 E/APM_AudioPolicyManager( 1720): device 1024, popcount(device)1
09-19 17:49:46.253 V/APM::AudioOutputDescriptor( 1720): setVolume() for stream 8, volume -23.098000, delay 0
09-19 17:49:46.253 E/APM::AudioOutputDescriptor( 1720): changed 1
09-19 17:49:46.253 E/AudioFlinger( 1720): mAudioHwDevs.size() is 6
09-19 17:49:46.253 D/AudioFlinger( 1720): setStreamVolume by set_master_volume
09-19 17:49:46.253 D/AudioFlinger( 1720): setStreamVolume by set_master_volume
09-19 17:49:46.253 D/AudioFlinger( 1720): setStreamVolume by set_master_volume
09-19 17:49:46.253 D/AudioFlinger( 1720): setStreamVolume by set_master_volume
09-19 17:49:46.253 D/AudioFlinger( 1720): setStreamVolume by set_master_volume
09-19 17:49:46.253 D/AudioFlinger( 1720): setStreamVolume by set_master_volume
09-19 17:49:46.253 E/APM_AudioPolicyManager( 1720): device 1024, popcount(device)1
09-19 17:49:46.253 E/APM_AudioPolicyManager( 1720): device 1024, popcount(device)1
09-19 17:49:46.253 E/APM_AudioPolicyManager( 1720): checkAndSetVolume stream 10,index 12,device 1024
09-19 17:49:46.253 E/APM_AudioPolicyManager( 1720): device 1024, popcount(device)1
09-19 17:49:46.253 V/APM::AudioOutputDescriptor( 1720): setVolume() for stream 10, volume -18.416300, delay 0
09-19 17:49:46.253 E/APM::AudioOutputDescriptor( 1720): changed 1
09-19 17:49:46.253 E/AudioFlinger( 1720): mAudioHwDevs.size() is 6
09-19 17:49:46.253 D/AudioFlinger( 1720): setStreamVolume by set_master_volume
09-19 17:49:46.254 D/AudioFlinger( 1720): setStreamVolume by set_master_volume
09-19 17:49:46.254 D/AudioFlinger( 1720): setStreamVolume by set_master_volume
09-19 17:49:46.254 D/AudioFlinger( 1720): setStreamVolume by set_master_volume
09-19 17:49:46.254 D/AudioFlinger( 1720): setStreamVolume by set_master_volume
09-19 17:49:46.254 D/AudioFlinger( 1720): setStreamVolume by set_master_volume
09-19 17:49:46.254 E/APM_AudioPolicyManager( 1720): device 1024, popcount(device)1
09-19 17:49:46.254 E/APM_AudioPolicyManager( 1720): checkAndSetVolume stream 11,index 1,device 1024
09-19 17:49:46.254 E/APM_AudioPolicyManager( 1720): device 1024, popcount(device)1
09-19 17:49:46.254 E/APM::AudioOutputDescriptor( 1720): changed 0
09-19 17:49:46.254 E/APM_AudioPolicyManager( 1720): device 1024, popcount(device)1
09-19 17:49:46.254 E/APM_AudioPolicyManager( 1720): checkAndSetVolume stream 3,index 12,device 1024
09-19 17:49:46.254 E/APM_AudioPolicyManager( 1720): device 1024, popcount(device)1
09-19 17:49:46.254 E/APM::AudioOutputDescriptor( 1720): changed 0
09-19 17:49:46.254 V/APM::AudioPolicyEngine( 1720): getDeviceForStrategy() strategy 0, device 400
09-19 17:49:46.254 V/APM::AudioPolicyEngine( 1720): getDeviceForStrategy() strategy 3, device 400
09-19 17:49:46.254 V/APM::AudioPolicyEngine( 1720): getDeviceForStrategy() strategy 0, device 400
09-19 17:49:46.254 V/APM::AudioPolicyEngine( 1720): getDeviceForStrategy() strategy 1, device 400
09-19 17:49:46.254 V/APM::AudioPolicyEngine( 1720): getDeviceForStrategy() strategy 2, device 2
09-19 17:49:46.254 V/APM::AudioPolicyEngine( 1720): getDeviceForStrategy() strategy 0, device 400
09-19 17:49:46.254 V/APM::AudioPolicyEngine( 1720): getDeviceForStrategy() strategy 3, device 400
09-19 17:49:46.254 V/APM::AudioPolicyEngine( 1720): getDeviceForStrategy() strategy 0, device 400
09-19 17:49:46.254 V/APM::AudioPolicyEngine( 1720): getDeviceForStrategy() strategy 4, device 400
09-19 17:49:46.254 V/APM::AudioPolicyEngine( 1720): getDeviceForStrategy() strategy 5, device 400
09-19 17:49:46.254 V/APM::AudioPolicyEngine( 1720): getDeviceForStrategy() strategy 6, device 2
09-19 17:49:46.254 V/APM::AudioPolicyEngine( 1720): getDeviceForStrategy() strategy 7, device 400
09-19 17:49:46.254 V/APM::AudioPolicyEngine( 1720): getDeviceForStrategy() strategy 8, device 400
09-19 17:49:46.254 V/AudioFlinger( 1720): signal playback thread
09-19 17:49:46.254 V/AudioFlinger( 1720): track(0xa91cf000) underrun,  framesReady(0) < framesDesired(886)
09-19 17:49:46.254 V/AudioFlinger( 1720): updateWakeLockUids_l() AudioOut_D status 0
09-19 17:49:46.254 V/AudioFlinger( 1720): anticipated start
09-19 17:49:46.254 D/audio_hal( 1720): pcm_open card:device(hw:0:0) flags(0x8) out(0xa9e32000)
09-19 17:49:46.324 I/turen   ( 3215): [R2][00:30:23.808] [R2AsrParser.cpp       66] ☘   (ID-0) bo fang , 
09-19 17:49:46.416 I/turen   ( 3215): [R2][00:30:23.936] [R2AsrParser.cpp       66] ☘   (ID-0) bo fang deng , 
09-19 17:49:46.518 I/turen   ( 3215): [R2][00:30:24.064] [R2AsrParser.cpp       66] ☘   (ID-0) bo fang deng gang , 
09-19 17:49:47.035 I/turen   ( 3215): [R2][00:30:24.576] [R2AsrParser.cpp       66] ☘   (ID-0) bo fang deng gang chang , 
09-19 17:49:47.265 I/turen   ( 3215): [R2][00:30:24.768] [R2AsrParser.cpp       66] ☘   (ID-0) bo fang deng gang chang man , 
09-19 17:49:47.473 I/SPProvider( 3700): call uriPrefix: content://com.ktcp.tvvideo.REMOTE_SHARED_PREFERENCE, method: get
09-19 17:49:47.502 I/turen   ( 3215): [R2][00:30:25.024] [R2AsrParser.cpp       66] ☘   (ID-0) bo fang deng gang chang man zan , 
09-19 17:49:47.682 I/turen   ( 3215): [R2][00:30:25.216] [R2AsrParser.cpp       66] ☘   (ID-0) bo fang deng gang chang man zan na , 
09-19 17:49:47.817 I/turen   ( 3215): [R2][00:30:25.344] [R2AsrParser.cpp       66] ☘   (ID-0) bo fang deng gang chang man zan na ni , 
09-19 17:49:48.138 I/BluetoothAvrcpControllerJni( 2714): btavrcp_play_position_changed_callback
09-19 17:49:48.138 D/AvrcpControllerService( 2714): onPlayPositionChanged 
09-19 17:49:48.139 D/AvrcpControllerService( 2714):  HandleMessage: CB_PLAY_POS_CHANGED Remote Connected true
09-19 17:49:48.139 D/A2dpSinkService( 2714): getA2dpSinkService(): returning com.android.bluetooth.a2dpsink.A2dpSinkService@25545cb
09-19 17:49:48.140 D/AvrcpControllerService( 2714):  broadcastPlayBackStateChanged = PlaybackState {state=3, position=0, buffered position=0, speed=1.0, updated=1849998, actions=0, custom actions=[], active item id=-1, error=null}
09-19 17:49:48.141 E/ActivityManager( 2130): Sending non-protected broadcast android.bluetooth.avrcp-controller.profile.action.TRACK_EVENT from system 2714:com.android.bluetooth/1002 pkg com.android.bluetooth
09-19 17:49:48.141 E/ActivityManager( 2130): java.lang.Throwable
09-19 17:49:48.141 E/ActivityManager( 2130):    at com.android.server.am.ActivityManagerService.broadcastIntentLocked(ActivityManagerService.java:17989)
09-19 17:49:48.141 E/ActivityManager( 2130):    at com.android.server.am.ActivityManagerService.broadcastIntent(ActivityManagerService.java:18555)
09-19 17:49:48.141 E/ActivityManager( 2130):    at android.app.ActivityManagerNative.onTransact(ActivityManagerNative.java:499)
09-19 17:49:48.141 E/ActivityManager( 2130):    at com.android.server.am.ActivityManagerService.onTransact(ActivityManagerService.java:2861)
09-19 17:49:48.141 E/ActivityManager( 2130):    at android.os.Binder.execTransact(Binder.java:565)
09-19 17:49:48.144 D/A2dpMediaBrowserService( 2714): onReceive intent=Intent { act=android.bluetooth.avrcp-controller.profile.action.TRACK_EVENT flg=0x10 (has extras) }
09-19 17:49:48.145 D/A2dpMediaBrowserService( 2714): msgTrack: playback: PlaybackState {state=3, position=0, buffered position=0, speed=1.0, updated=1849998, actions=0, custom actions=[], active item id=-1, error=null} mmd: null
09-19 17:49:48.146 D/A2dpMediaBrowserService( 2714): prevPS PlaybackState {state=3, position=255, buffered position=0, speed=1.0, updated=1850003, actions=54, custom actions=[], active item id=-1, error=null}
09-19 17:49:48.146 D/A2dpMediaBrowserService( 2714): prev MM title  track len 255
09-19 17:49:48.146 D/A2dpMediaBrowserService( 2714): msgTrack() playbackstate PlaybackState {state=3, position=0, buffered position=0, speed=1.0, updated=1849998, actions=0, custom actions=[], active item id=-1, error=null}
09-19 17:49:48.158 I/turen   ( 3215): [R2][00:30:25.664] [R2AsrParser.cpp       66] ☘   (ID-0) bo fang deng gang chang man zan na ni dou bu , 
09-19 17:49:48.385 I/turen   ( 3215): [R2][00:30:25.920] [R2AsrParser.cpp       66] ☘   (ID-0) bo fang deng gang chang man zan na ni dou bu gen , 
09-19 17:49:48.503 I/turen   ( 3215): [R2][00:30:26.048] [R2AsrParser.cpp       66] ☘   (ID-0) bo fang deng gang chang man zan na ni dou bu gen ni , 
09-19 17:49:48.716 I/turen   ( 3215): [R2][00:30:26.240] [R2AsrParser.cpp       66] ☘   (ID-0) bo fang deng gang chang man zan na ni dou bu gen ni jiao , 
09-19 17:49:48.777 I/turen   ( 3215): [R2][00:30:26.304] [R2AsrParser.cpp       66] ☘   (ID-0) bo fang deng gang chang man zan na ni dou bu gen ni jiao lun , 
09-19 17:49:48.958 I/turen   ( 3215): [R2][00:30:26.496] [R2AsrParser.cpp       66] ☘   (ID-0) bo fang deng gang chang man zan na ni dou bu gen ni jiao lun na , 
09-19 17:49:49.095 I/turen   ( 3215): [R2][00:30:26.624] [R2AsrParser.cpp       66] ☘   (ID-0) bo fang deng gang chang man zan na ni dou bu gen ni jiao lun na de , 
09-19 17:49:49.281 I/turen   ( 3215): [R2][00:30:26.816] [R2AsrParser.cpp       66] ☘   (ID-0) bo fang deng gang chang man zan na ni dou bu gen ni jiao lun na de guan , 
09-19 17:49:49.420 I/turen   ( 3215): [R2][00:30:26.944] [R2AsrParser.cpp       66] ☘   (ID-0) bo fang deng gang chang man zan na ni dou bu gen ni jiao lun na de guan , 
09-19 17:49:49.738 I/turen   ( 3215): [R2][00:30:27.264] [R2AsrParser.cpp       66] ☘   (ID-0) bo fang deng gang chang man zan na ni dou bu gen ni jiao lun na de guan bu , 
09-19 17:49:49.916 I/turen   ( 3215): [R2][00:30:27.456] [R2AsrParser.cpp       66] ☘   (ID-0) bo fang deng gang chang man zan na ni dou bu gen ni jiao lun na de guan bu gen , 
09-19 17:49:50.117 I/turen   ( 3215): [R2][00:30:27.648] [R2AsrParser.cpp       66] ☘   (ID-0) bo fang deng gang chang man zan na ni dou bu gen ni jiao lun na de guan bu gen ni , 
09-19 17:49:50.171 I/BluetoothAvrcpControllerJni( 2714): btavrcp_play_position_changed_callback
09-19 17:49:50.171 D/AvrcpControllerService( 2714): onPlayPositionChanged 
09-19 17:49:50.172 D/AvrcpControllerService( 2714):  HandleMessage: CB_PLAY_POS_CHANGED Remote Connected true
09-19 17:49:50.173 D/A2dpSinkService( 2714): getA2dpSinkService(): returning com.android.bluetooth.a2dpsink.A2dpSinkService@25545cb
09-19 17:49:50.173 D/AvrcpControllerService( 2714):  broadcastPlayBackStateChanged = PlaybackState {state=3, position=0, buffered position=0, speed=1.0, updated=1852031, actions=0, custom actions=[], active item id=-1, error=null}
09-19 17:49:50.175 E/ActivityManager( 2130): Sending non-protected broadcast android.bluetooth.avrcp-controller.profile.action.TRACK_EVENT from system 2714:com.android.bluetooth/1002 pkg com.android.bluetooth
09-19 17:49:50.175 E/ActivityManager( 2130): java.lang.Throwable
09-19 17:49:50.175 E/ActivityManager( 2130):    at com.android.server.am.ActivityManagerService.broadcastIntentLocked(ActivityManagerService.java:17989)
09-19 17:49:50.175 E/ActivityManager( 2130):    at com.android.server.am.ActivityManagerService.broadcastIntent(ActivityManagerService.java:18555)
09-19 17:49:50.175 E/ActivityManager( 2130):    at android.app.ActivityManagerNative.onTransact(ActivityManagerNative.java:499)
09-19 17:49:50.175 E/ActivityManager( 2130):    at com.android.server.am.ActivityManagerService.onTransact(ActivityManagerService.java:2861)
09-19 17:49:50.175 E/ActivityManager( 2130):    at android.os.Binder.execTransact(Binder.java:565)
09-19 17:49:50.178 D/A2dpMediaBrowserService( 2714): onReceive intent=Intent { act=android.bluetooth.avrcp-controller.profile.action.TRACK_EVENT flg=0x10 (has extras) }
09-19 17:49:50.178 D/A2dpMediaBrowserService( 2714): msgTrack: playback: PlaybackState {state=3, position=0, buffered position=0, speed=1.0, updated=1852031, actions=0, custom actions=[], active item id=-1, error=null} mmd: null
09-19 17:49:50.179 D/A2dpMediaBrowserService( 2714): prevPS PlaybackState {state=3, position=255, buffered position=0, speed=1.0, updated=1852037, actions=54, custom actions=[], active item id=-1, error=null}
09-19 17:49:50.179 D/A2dpMediaBrowserService( 2714): prev MM title  track len 255
09-19 17:49:50.179 D/A2dpMediaBrowserService( 2714): msgTrack() playbackstate PlaybackState {state=3, position=0, buffered position=0, speed=1.0, updated=1852031, actions=0, custom actions=[], active item id=-1, error=null}
09-19 17:49:51.284 I/BluetoothAvrcpControllerJni( 2714): btavrcp_track_changed_callback
09-19 17:49:51.284 D/AvrcpControllerService( 2714): onTrackChanged 
09-19 17:49:51.285 D/AvrcpControllerService( 2714):  HandleMessage: CB_TRACK_CHANGED Remote Connected true
09-19 17:49:51.285 D/A2dpSinkService( 2714): getA2dpSinkService(): returning com.android.bluetooth.a2dpsink.A2dpSinkService@25545cb
09-19 17:49:51.285 D/AvrcpUtils( 2714):  TrackInfo Metadata [artist=刘瑞琦 trackTitle= 房间 (新版) albumTitle= 房间（新版） genre=  trackNum= 13 track_len : 241000 TotalTracks 49]
09-19 17:49:51.285 D/AvrcpControllerService( 2714):  broadcastMetaDataChanged = 房间 (新版), 刘瑞琦, 房间（新版）  0.0 13 49 241000 241000 
09-19 17:49:51.286 E/ActivityManager( 2130): Sending non-protected broadcast android.bluetooth.avrcp-controller.profile.action.TRACK_EVENT from system 2714:com.android.bluetooth/1002 pkg com.android.bluetooth
09-19 17:49:51.286 E/ActivityManager( 2130): java.lang.Throwable
09-19 17:49:51.286 E/ActivityManager( 2130):    at com.android.server.am.ActivityManagerService.broadcastIntentLocked(ActivityManagerService.java:17989)
09-19 17:49:51.286 E/ActivityManager( 2130):    at com.android.server.am.ActivityManagerService.broadcastIntent(ActivityManagerService.java:18555)
09-19 17:49:51.286 E/ActivityManager( 2130):    at android.app.ActivityManagerNative.onTransact(ActivityManagerNative.java:499)
09-19 17:49:51.286 E/ActivityManager( 2130):    at com.android.server.am.ActivityManagerService.onTransact(ActivityManagerService.java:2861)
09-19 17:49:51.286 E/ActivityManager( 2130):    at android.os.Binder.execTransact(Binder.java:565)
09-19 17:49:51.288 D/A2dpMediaBrowserService( 2714): onReceive intent=Intent { act=android.bluetooth.avrcp-controller.profile.action.TRACK_EVENT flg=0x10 (has extras) }
09-19 17:49:51.288 D/A2dpMediaBrowserService( 2714): msgTrack: playback: null mmd: android.media.MediaMetadata@40c2d50
09-19 17:49:51.289 D/A2dpMediaBrowserService( 2714): prevPS PlaybackState {state=3, position=255, buffered position=0, speed=1.0, updated=1853147, actions=54, custom actions=[], active item id=-1, error=null}
09-19 17:49:51.289 D/A2dpMediaBrowserService( 2714): prev MM title  track len 255
09-19 17:49:51.289 D/A2dpMediaBrowserService( 2714): msgTrack() mmd 房间 (新版), 刘瑞琦, 房间（新版）
09-19 17:49:51.432 I/turen   ( 3215): [R2][00:30:28.864] [R2AsrParser.cpp       66] ☘   (ID-0) bo fang deng gang chang man zan na ni dou bu gen ni jiao lun na de guan bu gen ni kou dui le , 
09-19 17:49:51.436 I/turen   ( 3215): [R2][00:30:28.864] [R2AsrParser.cpp       66] ☘   (ID-0) bo fang deng gang chang man zan na ni dou bu gen ni jiao lun na de guan bu gen ni kou dui le , 
09-19 17:49:51.438 I/turen   ( 3215): [R2][00:30:28.864] [core/R2VbvCtc.cpp    439] ☘   [jihuoci] stop lines
09-19 17:49:51.840 I/BluetoothAvrcpControllerJni( 2714): btavrcp_track_changed_callback
09-19 17:49:51.840 D/AvrcpControllerService( 2714): onTrackChanged 
09-19 17:49:51.842 D/AvrcpControllerService( 2714):  HandleMessage: CB_TRACK_CHANGED Remote Connected true
09-19 17:49:51.842 D/A2dpSinkService( 2714): getA2dpSinkService(): returning com.android.bluetooth.a2dpsink.A2dpSinkService@25545cb
09-19 17:49:51.842 D/AvrcpUtils( 2714):  TrackInfo Metadata [artist=刘瑞琦 trackTitle= 房间 (新版) albumTitle= 房间（新版） genre=  trackNum= 13 track_len : 241904 TotalTracks 49]
09-19 17:49:51.843 D/AvrcpControllerService( 2714):  broadcastMetaDataChanged = 房间 (新版), 刘瑞琦, 房间（新版）  0.0 13 49 241904 241904 
09-19 17:49:51.846 E/ActivityManager( 2130): Sending non-protected broadcast android.bluetooth.avrcp-controller.profile.action.TRACK_EVENT from system 2714:com.android.bluetooth/1002 pkg com.android.bluetooth
09-19 17:49:51.846 E/ActivityManager( 2130): java.lang.Throwable
09-19 17:49:51.846 E/ActivityManager( 2130):    at com.android.server.am.ActivityManagerService.broadcastIntentLocked(ActivityManagerService.java:17989)
09-19 17:49:51.846 E/ActivityManager( 2130):    at com.android.server.am.ActivityManagerService.broadcastIntent(ActivityManagerService.java:18555)
09-19 17:49:51.846 E/ActivityManager( 2130):    at android.app.ActivityManagerNative.onTransact(ActivityManagerNative.java:499)
09-19 17:49:51.846 E/ActivityManager( 2130):    at com.android.server.am.ActivityManagerService.onTransact(ActivityManagerService.java:2861)
09-19 17:49:51.846 E/ActivityManager( 2130):    at android.os.Binder.execTransact(Binder.java:565)
09-19 17:49:51.851 D/A2dpMediaBrowserService( 2714): onReceive intent=Intent { act=android.bluetooth.avrcp-controller.profile.action.TRACK_EVENT flg=0x10 (has extras) }
