09-19 17:50:34.421 E/APM_AudioPolicyManager( 1720): mOutputs.size() 1
09-19 17:50:34.421 E/APM_AudioPolicyManager( 1720): device 1024, popcount(device)1
09-19 17:50:34.421 E/APM_AudioPolicyManager( 1720): is outpt stream1 5, curStream 0
09-19 17:50:34.421 E/APM_AudioPolicyManager( 1720): is outpt stream1 5, curStream 1
09-19 17:50:34.421 E/APM_AudioPolicyManager( 1720): is outpt stream1 5, curStream 2
09-19 17:50:34.421 E/APM_AudioPolicyManager( 1720): is outpt stream1 5, curStream 3
09-19 17:50:34.421 E/APM_AudioPolicyManager( 1720): is outpt stream1 5, curStream 4
09-19 17:50:34.421 E/APM_AudioPolicyManager( 1720): get curStream 5, curDevice 1024
09-19 17:50:34.421 E/APM_AudioPolicyManager( 1720): 5 outpt stream1 5, curStream 5
09-19 17:50:34.421 E/APM_AudioPolicyManager( 1720): is outpt stream1 5, curStream 6
09-19 17:50:34.421 E/APM_AudioPolicyManager( 1720): is outpt stream1 5, curStream 7
09-19 17:50:34.421 E/APM_AudioPolicyManager( 1720): is outpt stream1 5, curStream 8
09-19 17:50:34.421 E/APM_AudioPolicyManager( 1720): is outpt stream1 5, curStream 9
09-19 17:50:34.421 E/APM_AudioPolicyManager( 1720): is outpt stream1 5, curStream 10
09-19 17:50:34.421 E/APM_AudioPolicyManager( 1720): is outpt stream1 5, curStream 11
09-19 17:50:34.422 E/APM_AudioPolicyManager( 1720): mOutputs.size() 1
09-19 17:50:34.422 E/APM_AudioPolicyManager( 1720): device 1024, popcount(device)1
09-19 17:50:34.422 E/APM_AudioPolicyManager( 1720): is outpt stream1 4, curStream 0
09-19 17:50:34.422 E/APM_AudioPolicyManager( 1720): is outpt stream1 4, curStream 1
09-19 17:50:34.422 E/APM_AudioPolicyManager( 1720): is outpt stream1 4, curStream 2
09-19 17:50:34.422 E/APM_AudioPolicyManager( 1720): is outpt stream1 4, curStream 3
09-19 17:50:34.422 E/APM_AudioPolicyManager( 1720): get curStream 4, curDevice 1024
09-19 17:50:34.422 E/APM_AudioPolicyManager( 1720): 5 outpt stream1 4, curStream 4
09-19 17:50:34.422 E/APM_AudioPolicyManager( 1720): is outpt stream1 4, curStream 5
09-19 17:50:34.422 E/APM_AudioPolicyManager( 1720): is outpt stream1 4, curStream 6
09-19 17:50:34.422 E/APM_AudioPolicyManager( 1720): is outpt stream1 4, curStream 7
09-19 17:50:34.422 E/APM_AudioPolicyManager( 1720): is outpt stream1 4, curStream 8
09-19 17:50:34.422 E/APM_AudioPolicyManager( 1720): is outpt stream1 4, curStream 9
09-19 17:50:34.422 E/APM_AudioPolicyManager( 1720): is outpt stream1 4, curStream 10
09-19 17:50:34.422 E/APM_AudioPolicyManager( 1720): is outpt stream1 4, curStream 11
09-19 17:50:34.422 E/APM_AudioPolicyManager( 1720): mOutputs.size() 1
09-19 17:50:34.422 E/APM_AudioPolicyManager( 1720): device 1024, popcount(device)1
09-19 17:50:34.422 E/APM_AudioPolicyManager( 1720): is outpt stream1 2, curStream 0
09-19 17:50:34.422 E/APM_AudioPolicyManager( 1720): is outpt stream1 2, curStream 1
09-19 17:50:34.422 E/APM_AudioPolicyManager( 1720): get curStream 2, curDevice 1024
09-19 17:50:34.422 E/APM_AudioPolicyManager( 1720): 5 outpt stream1 2, curStream 2
09-19 17:50:34.422 E/APM_AudioPolicyManager( 1720): is outpt stream1 2, curStream 3
09-19 17:50:34.422 E/APM_AudioPolicyManager( 1720): is outpt stream1 2, curStream 4
09-19 17:50:34.422 E/APM_AudioPolicyManager( 1720): is outpt stream1 2, curStream 5
09-19 17:50:34.422 E/APM_AudioPolicyManager( 1720): is outpt stream1 2, curStream 6
09-19 17:50:34.422 E/APM_AudioPolicyManager( 1720): is outpt stream1 2, curStream 7
09-19 17:50:34.422 E/APM_AudioPolicyManager( 1720): is outpt stream1 2, curStream 8
09-19 17:50:34.422 E/APM_AudioPolicyManager( 1720): is outpt stream1 2, curStream 9
09-19 17:50:34.422 E/APM_AudioPolicyManager( 1720): is outpt stream1 2, curStream 10
09-19 17:50:34.422 E/APM_AudioPolicyManager( 1720): is outpt stream1 2, curStream 11
09-19 17:50:34.422 E/APM_AudioPolicyManager( 1720): mOutputs.size() 1
09-19 17:50:34.422 E/APM_AudioPolicyManager( 1720): device 1024, popcount(device)1
09-19 17:50:34.422 E/APM_AudioPolicyManager( 1720): is outpt stream1 1, curStream 0
09-19 17:50:34.423 E/APM_AudioPolicyManager( 1720): get curStream 1, curDevice 1024
09-19 17:50:34.423 E/APM_AudioPolicyManager( 1720): 5 outpt stream1 1, curStream 1
09-19 17:50:34.423 E/APM_AudioPolicyManager( 1720): is outpt stream1 1, curStream 2
09-19 17:50:34.423 E/APM_AudioPolicyManager( 1720): is outpt stream1 1, curStream 3
09-19 17:50:34.423 E/APM_AudioPolicyManager( 1720): is outpt stream1 1, curStream 4
09-19 17:50:34.423 E/APM_AudioPolicyManager( 1720): is outpt stream1 1, curStream 5
09-19 17:50:34.423 E/APM_AudioPolicyManager( 1720): is outpt stream1 1, curStream 6
09-19 17:50:34.423 E/APM_AudioPolicyManager( 1720): is outpt stream1 1, curStream 7
09-19 17:50:34.423 E/APM_AudioPolicyManager( 1720): is outpt stream1 1, curStream 8
09-19 17:50:34.423 E/APM_AudioPolicyManager( 1720): is outpt stream1 1, curStream 9
09-19 17:50:34.423 E/APM_AudioPolicyManager( 1720): is outpt stream1 1, curStream 10
09-19 17:50:34.423 E/APM_AudioPolicyManager( 1720): is outpt stream1 1, curStream 11
09-19 17:50:34.423 E/APM_AudioPolicyManager( 1720): mOutputs.size() 1
09-19 17:50:34.423 E/APM_AudioPolicyManager( 1720): device 1024, popcount(device)1
09-19 17:50:34.423 E/APM_AudioPolicyManager( 1720): get curStream 0, curDevice 1024
09-19 17:50:34.423 E/APM_AudioPolicyManager( 1720): 5 outpt stream1 0, curStream 0
09-19 17:50:34.423 E/APM_AudioPolicyManager( 1720): is outpt stream1 0, curStream 1
09-19 17:50:34.423 E/APM_AudioPolicyManager( 1720): is outpt stream1 0, curStream 2
09-19 17:50:34.423 E/APM_AudioPolicyManager( 1720): is outpt stream1 0, curStream 3
09-19 17:50:34.423 E/APM_AudioPolicyManager( 1720): is outpt stream1 0, curStream 4
09-19 17:50:34.423 E/APM_AudioPolicyManager( 1720): is outpt stream1 0, curStream 5
09-19 17:50:34.423 E/APM_AudioPolicyManager( 1720): is outpt stream1 0, curStream 6
09-19 17:50:34.423 E/APM_AudioPolicyManager( 1720): is outpt stream1 0, curStream 7
09-19 17:50:34.423 E/APM_AudioPolicyManager( 1720): is outpt stream1 0, curStream 8
09-19 17:50:34.423 E/APM_AudioPolicyManager( 1720): is outpt stream1 0, curStream 9
09-19 17:50:34.423 E/APM_AudioPolicyManager( 1720): is outpt stream1 0, curStream 10
09-19 17:50:34.423 E/APM_AudioPolicyManager( 1720): is outpt stream1 0, curStream 11
09-19 17:50:34.427 D/WindowManager( 2130): interceptKeyTi keyCode=24 down=true repeatCount=2 keyguardOn=false mHomePressed=false canceled=false
09-19 17:50:34.427 D/WindowManager( 2130): interceptKeyTp result=0
09-19 17:50:34.428 D/RemoteIME( 2728): keycode: 24, realAction: true
09-19 17:50:34.430 D/key-event( 3313): dispatchKeyEvent: KeyEvent { action=ACTION_DOWN, keyCode=KEYCODE_VOLUME_UP, scanCode=115, metaState=0, flags=0x8, repeatCount=2, eventTime=1896285, downTime=1895735, deviceId=4, source=0x701 }
09-19 17:50:34.430 D/key-event( 3313): onKeyDown: 0
09-19 17:50:34.430 I/key-event( 3313): action=0 keyCode=24 s_lock= mNum=+
09-19 17:50:34.431 D/AudioService( 2130): adjustSuggestedStreamVolume() stream=-2147483648, flags=4113, caller=MediaSessionService
09-19 17:50:34.431 D/AudioService( 2130): adjustStreamVolume() stream=3, dir=1, flags=4113, caller=MediaSessionService
09-19 17:50:34.438 I/vol.Events( 2765): writeEvent level_changed STREAM_BLUETOOTH_SCO 9
09-19 17:50:34.451 E/APM_AudioPolicyManager( 1720): mOutputs.size() 1
09-19 17:50:34.451 E/APM_AudioPolicyManager( 1720): device 1024, popcount(device)1
09-19 17:50:34.451 E/APM_AudioPolicyManager( 1720): is outpt stream1 3, curStream 0
09-19 17:50:34.451 E/APM_AudioPolicyManager( 1720): is outpt stream1 3, curStream 1
09-19 17:50:34.451 E/APM_AudioPolicyManager( 1720): is outpt stream1 3, curStream 2
09-19 17:50:34.452 E/APM_AudioPolicyManager( 1720): get curStream 3, curDevice 1024
09-19 17:50:34.452 E/APM_AudioPolicyManager( 1720): curStrategy 0
09-19 17:50:34.452 E/APM_AudioPolicyManager( 1720): curStreamDevice 1024
09-19 17:50:34.452 E/APM_AudioPolicyManager( 1720): applyDefault 0, curDevice 1024, curStreamDevice 1024
09-19 17:50:34.452 E/APM_AudioPolicyManager( 1720): checkAndSetVolume stream 3,index 15,device 1024
09-19 17:50:34.452 E/APM_AudioPolicyManager( 1720): device 1024, popcount(device)1
09-19 17:50:34.452 V/APM::AudioOutputDescriptor( 1720): setVolume() for stream 3, volume -16.478100, delay 0
09-19 17:50:34.452 E/APM::AudioOutputDescriptor( 1720): changed 1
09-19 17:50:34.452 E/AudioFlinger( 1720): mAudioHwDevs.size() is 6
09-19 17:50:34.452 D/AudioFlinger( 1720): setStreamVolume by set_master_volume
09-19 17:50:34.452 D/audio_hal( 1720): adev_set_master_volume: set vol Master[15]
09-19 17:50:34.455 D/audio_hal( 1720): adev_set_master_volume: set vol Master[15]
09-19 17:50:34.455 D/AudioFlinger( 1720): setStreamVolume by set_master_volume
09-19 17:50:34.455 D/AudioFlinger( 1720): setStreamVolume by set_master_volume
09-19 17:50:34.456 D/AudioFlinger( 1720): setStreamVolume by set_master_volume
09-19 17:50:34.456 D/AudioFlinger( 1720): setStreamVolume by set_master_volume
09-19 17:50:34.456 D/AudioFlinger( 1720): setStreamVolume by set_master_volume
09-19 17:50:34.456 E/APM_AudioPolicyManager( 1720): is outpt stream1 3, curStream 4
09-19 17:50:34.456 E/APM_AudioPolicyManager( 1720): is outpt stream1 3, curStream 5
09-19 17:50:34.456 E/APM_AudioPolicyManager( 1720): is outpt stream1 3, curStream 6
09-19 17:50:34.456 E/APM_AudioPolicyManager( 1720): is outpt stream1 3, curStream 7
09-19 17:50:34.456 E/APM_AudioPolicyManager( 1720): is outpt stream1 3, curStream 8
09-19 17:50:34.456 E/APM_AudioPolicyManager( 1720): is outpt stream1 3, curStream 9
09-19 17:50:34.456 E/APM_AudioPolicyManager( 1720): get curStream 10, curDevice 1024
09-19 17:50:34.456 E/APM_AudioPolicyManager( 1720): 5 outpt stream1 3, curStream 10
09-19 17:50:34.456 E/APM_AudioPolicyManager( 1720): is outpt stream1 3, curStream 11
09-19 17:50:34.456 E/APM_AudioPolicyManager( 1720): mOutputs.size() 1
09-19 17:50:34.456 E/APM_AudioPolicyManager( 1720): device 1024, popcount(device)1
09-19 17:50:34.456 E/APM_AudioPolicyManager( 1720): is outpt stream1 9, curStream 0
09-19 17:50:34.456 E/APM_AudioPolicyManager( 1720): is outpt stream1 9, curStream 1
09-19 17:50:34.456 E/APM_AudioPolicyManager( 1720): is outpt stream1 9, curStream 2
09-19 17:50:34.456 E/APM_AudioPolicyManager( 1720): is outpt stream1 9, curStream 3
09-19 17:50:34.456 E/APM_AudioPolicyManager( 1720): is outpt stream1 9, curStream 4
09-19 17:50:34.456 E/APM_AudioPolicyManager( 1720): is outpt stream1 9, curStream 5
09-19 17:50:34.456 E/APM_AudioPolicyManager( 1720): is outpt stream1 9, curStream 6
09-19 17:50:34.456 E/APM_AudioPolicyManager( 1720): is outpt stream1 9, curStream 7
09-19 17:50:34.456 E/APM_AudioPolicyManager( 1720): is outpt stream1 9, curStream 8
09-19 17:50:34.456 E/APM_AudioPolicyManager( 1720): get curStream 9, curDevice 1024
09-19 17:50:34.456 E/APM_AudioPolicyManager( 1720): 5 outpt stream1 9, curStream 9
09-19 17:50:34.456 E/APM_AudioPolicyManager( 1720): is outpt stream1 9, curStream 10
09-19 17:50:34.456 E/APM_AudioPolicyManager( 1720): is outpt stream1 9, curStream 11
09-19 17:50:34.457 E/APM_AudioPolicyManager( 1720): mOutputs.size() 1
09-19 17:50:34.457 E/APM_AudioPolicyManager( 1720): device 1024, popcount(device)1
09-19 17:50:34.457 E/APM_AudioPolicyManager( 1720): is outpt stream1 8, curStream 0
09-19 17:50:34.457 E/APM_AudioPolicyManager( 1720): is outpt stream1 8, curStream 1
09-19 17:50:34.457 E/APM_AudioPolicyManager( 1720): is outpt stream1 8, curStream 2
09-19 17:50:34.457 E/APM_AudioPolicyManager( 1720): is outpt stream1 8, curStream 3
09-19 17:50:34.457 E/APM_AudioPolicyManager( 1720): is outpt stream1 8, curStream 4
09-19 17:50:34.457 E/APM_AudioPolicyManager( 1720): is outpt stream1 8, curStream 5
09-19 17:50:34.457 E/APM_AudioPolicyManager( 1720): is outpt stream1 8, curStream 6
09-19 17:50:34.457 E/APM_AudioPolicyManager( 1720): is outpt stream1 8, curStream 7
09-19 17:50:34.457 E/APM_AudioPolicyManager( 1720): get curStream 8, curDevice 1024
09-19 17:50:34.457 E/APM_AudioPolicyManager( 1720): 5 outpt stream1 8, curStream 8
09-19 17:50:34.457 E/APM_AudioPolicyManager( 1720): is outpt stream1 8, curStream 9
09-19 17:50:34.457 E/APM_AudioPolicyManager( 1720): is outpt stream1 8, curStream 10
09-19 17:50:34.457 E/APM_AudioPolicyManager( 1720): is outpt stream1 8, curStream 11
09-19 17:50:34.460 E/APM_AudioPolicyManager( 1720): mOutputs.size() 1
09-19 17:50:34.460 E/APM_AudioPolicyManager( 1720): device 1024, popcount(device)1
09-19 17:50:34.460 E/APM_AudioPolicyManager( 1720): is outpt stream1 7, curStream 0
09-19 17:50:34.460 E/APM_AudioPolicyManager( 1720): is outpt stream1 7, curStream 1
09-19 17:50:34.460 E/APM_AudioPolicyManager( 1720): is outpt stream1 7, curStream 2
09-19 17:50:34.460 E/APM_AudioPolicyManager( 1720): is outpt stream1 7, curStream 3
09-19 17:50:34.460 E/APM_AudioPolicyManager( 1720): is outpt stream1 7, curStream 4
09-19 17:50:34.460 E/APM_AudioPolicyManager( 1720): is outpt stream1 7, curStream 5
09-19 17:50:34.460 E/APM_AudioPolicyManager( 1720): is outpt stream1 7, curStream 6
09-19 17:50:34.460 E/APM_AudioPolicyManager( 1720): get curStream 7, curDevice 1024
09-19 17:50:34.460 E/APM_AudioPolicyManager( 1720): 5 outpt stream1 7, curStream 7
09-19 17:50:34.460 E/APM_AudioPolicyManager( 1720): is outpt stream1 7, curStream 8
09-19 17:50:34.460 E/APM_AudioPolicyManager( 1720): is outpt stream1 7, curStream 9
09-19 17:50:34.460 E/APM_AudioPolicyManager( 1720): is outpt stream1 7, curStream 10
09-19 17:50:34.460 E/APM_AudioPolicyManager( 1720): is outpt stream1 7, curStream 11
09-19 17:50:34.460 E/APM_AudioPolicyManager( 1720): mOutputs.size() 1
09-19 17:50:34.460 E/APM_AudioPolicyManager( 1720): device 1024, popcount(device)1
09-19 17:50:34.460 E/APM_AudioPolicyManager( 1720): is outpt stream1 6, curStream 0
09-19 17:50:34.460 E/APM_AudioPolicyManager( 1720): is outpt stream1 6, curStream 1
09-19 17:50:34.461 E/APM_AudioPolicyManager( 1720): is outpt stream1 6, curStream 2
09-19 17:50:34.461 E/APM_AudioPolicyManager( 1720): is outpt stream1 6, curStream 3
09-19 17:50:34.461 E/APM_AudioPolicyManager( 1720): is outpt stream1 6, curStream 4
09-19 17:50:34.461 E/APM_AudioPolicyManager( 1720): is outpt stream1 6, curStream 5
09-19 17:50:34.461 E/APM_AudioPolicyManager( 1720): get curStream 6, curDevice 1024
09-19 17:50:34.461 E/APM_AudioPolicyManager( 1720): 5 outpt stream1 6, curStream 6
09-19 17:50:34.461 E/APM_AudioPolicyManager( 1720): is outpt stream1 6, curStream 7
09-19 17:50:34.461 E/APM_AudioPolicyManager( 1720): is outpt stream1 6, curStream 8
09-19 17:50:34.461 E/APM_AudioPolicyManager( 1720): is outpt stream1 6, curStream 9
09-19 17:50:34.461 E/APM_AudioPolicyManager( 1720): is outpt stream1 6, curStream 10
09-19 17:50:34.461 E/APM_AudioPolicyManager( 1720): is outpt stream1 6, curStream 11
09-19 17:50:34.461 E/APM_AudioPolicyManager( 1720): mOutputs.size() 1
09-19 17:50:34.461 E/APM_AudioPolicyManager( 1720): device 1024, popcount(device)1
09-19 17:50:34.461 E/APM_AudioPolicyManager( 1720): is outpt stream1 5, curStream 0
09-19 17:50:34.461 E/APM_AudioPolicyManager( 1720): is outpt stream1 5, curStream 1
09-19 17:50:34.461 E/APM_AudioPolicyManager( 1720): is outpt stream1 5, curStream 2
09-19 17:50:34.461 E/APM_AudioPolicyManager( 1720): is outpt stream1 5, curStream 3
09-19 17:50:34.461 E/APM_AudioPolicyManager( 1720): is outpt stream1 5, curStream 4
09-19 17:50:34.461 E/APM_AudioPolicyManager( 1720): get curStream 5, curDevice 1024
09-19 17:50:34.461 E/APM_AudioPolicyManager( 1720): 5 outpt stream1 5, curStream 5
09-19 17:50:34.461 E/APM_AudioPolicyManager( 1720): is outpt stream1 5, curStream 6
09-19 17:50:34.461 E/APM_AudioPolicyManager( 1720): is outpt stream1 5, curStream 7
09-19 17:50:34.461 E/APM_AudioPolicyManager( 1720): is outpt stream1 5, curStream 8
09-19 17:50:34.461 E/APM_AudioPolicyManager( 1720): is outpt stream1 5, curStream 9
09-19 17:50:34.461 E/APM_AudioPolicyManager( 1720): is outpt stream1 5, curStream 10
09-19 17:50:34.461 E/APM_AudioPolicyManager( 1720): is outpt stream1 5, curStream 11
09-19 17:50:34.461 E/APM_AudioPolicyManager( 1720): mOutputs.size() 1
09-19 17:50:34.461 E/APM_AudioPolicyManager( 1720): device 1024, popcount(device)1
09-19 17:50:34.461 E/APM_AudioPolicyManager( 1720): is outpt stream1 4, curStream 0
09-19 17:50:34.461 E/APM_AudioPolicyManager( 1720): is outpt stream1 4, curStream 1
09-19 17:50:34.461 E/APM_AudioPolicyManager( 1720): is outpt stream1 4, curStream 2
09-19 17:50:34.461 E/APM_AudioPolicyManager( 1720): is outpt stream1 4, curStream 3
09-19 17:50:34.461 E/APM_AudioPolicyManager( 1720): get curStream 4, curDevice 1024
09-19 17:50:34.461 E/APM_AudioPolicyManager( 1720): 5 outpt stream1 4, curStream 4
09-19 17:50:34.461 E/APM_AudioPolicyManager( 1720): is outpt stream1 4, curStream 5
09-19 17:50:34.461 E/APM_AudioPolicyManager( 1720): is outpt stream1 4, curStream 6
09-19 17:50:34.461 E/APM_AudioPolicyManager( 1720): is outpt stream1 4, curStream 7
09-19 17:50:34.461 E/APM_AudioPolicyManager( 1720): is outpt stream1 4, curStream 8
09-19 17:50:34.461 E/APM_AudioPolicyManager( 1720): is outpt stream1 4, curStream 9
09-19 17:50:34.461 E/APM_AudioPolicyManager( 1720): is outpt stream1 4, curStream 10
09-19 17:50:34.461 E/APM_AudioPolicyManager( 1720): is outpt stream1 4, curStream 11
09-19 17:50:34.462 E/APM_AudioPolicyManager( 1720): mOutputs.size() 1
09-19 17:50:34.462 E/APM_AudioPolicyManager( 1720): device 1024, popcount(device)1
09-19 17:50:34.462 E/APM_AudioPolicyManager( 1720): is outpt stream1 2, curStream 0
09-19 17:50:34.462 E/APM_AudioPolicyManager( 1720): is outpt stream1 2, curStream 1
09-19 17:50:34.462 E/APM_AudioPolicyManager( 1720): get curStream 2, curDevice 1024
09-19 17:50:34.462 E/APM_AudioPolicyManager( 1720): 5 outpt stream1 2, curStream 2
09-19 17:50:34.462 E/APM_AudioPolicyManager( 1720): is outpt stream1 2, curStream 3
09-19 17:50:34.462 E/APM_AudioPolicyManager( 1720): is outpt stream1 2, curStream 4
09-19 17:50:34.462 E/APM_AudioPolicyManager( 1720): is outpt stream1 2, curStream 5
09-19 17:50:34.462 E/APM_AudioPolicyManager( 1720): is outpt stream1 2, curStream 6
09-19 17:50:34.462 E/APM_AudioPolicyManager( 1720): is outpt stream1 2, curStream 7
09-19 17:50:34.462 E/APM_AudioPolicyManager( 1720): is outpt stream1 2, curStream 8
09-19 17:50:34.462 E/APM_AudioPolicyManager( 1720): is outpt stream1 2, curStream 9
09-19 17:50:34.462 E/APM_AudioPolicyManager( 1720): is outpt stream1 2, curStream 10
09-19 17:50:34.462 E/APM_AudioPolicyManager( 1720): is outpt stream1 2, curStream 11
09-19 17:50:34.462 E/APM_AudioPolicyManager( 1720): mOutputs.size() 1
09-19 17:50:34.462 E/APM_AudioPolicyManager( 1720): device 1024, popcount(device)1
09-19 17:50:34.462 E/APM_AudioPolicyManager( 1720): is outpt stream1 1, curStream 0
09-19 17:50:34.462 E/APM_AudioPolicyManager( 1720): get curStream 1, curDevice 1024
09-19 17:50:34.462 E/APM_AudioPolicyManager( 1720): 5 outpt stream1 1, curStream 1
09-19 17:50:34.462 E/APM_AudioPolicyManager( 1720): is outpt stream1 1, curStream 2
09-19 17:50:34.462 E/APM_AudioPolicyManager( 1720): is outpt stream1 1, curStream 3
09-19 17:50:34.462 E/APM_AudioPolicyManager( 1720): is outpt stream1 1, curStream 4
09-19 17:50:34.462 E/APM_AudioPolicyManager( 1720): is outpt stream1 1, curStream 5
09-19 17:50:34.462 E/APM_AudioPolicyManager( 1720): is outpt stream1 1, curStream 6
09-19 17:50:34.462 E/APM_AudioPolicyManager( 1720): is outpt stream1 1, curStream 7
09-19 17:50:34.462 E/APM_AudioPolicyManager( 1720): is outpt stream1 1, curStream 8
09-19 17:50:34.462 E/APM_AudioPolicyManager( 1720): is outpt stream1 1, curStream 9
09-19 17:50:34.462 E/APM_AudioPolicyManager( 1720): is outpt stream1 1, curStream 10
09-19 17:50:34.462 E/APM_AudioPolicyManager( 1720): is outpt stream1 1, curStream 11
09-19 17:50:34.463 E/APM_AudioPolicyManager( 1720): mOutputs.size() 1
09-19 17:50:34.463 E/APM_AudioPolicyManager( 1720): device 1024, popcount(device)1
09-19 17:50:34.463 E/APM_AudioPolicyManager( 1720): get curStream 0, curDevice 1024
09-19 17:50:34.463 E/APM_AudioPolicyManager( 1720): 5 outpt stream1 0, curStream 0
09-19 17:50:34.463 E/APM_AudioPolicyManager( 1720): is outpt stream1 0, curStream 1
09-19 17:50:34.463 E/APM_AudioPolicyManager( 1720): is outpt stream1 0, curStream 2
09-19 17:50:34.463 E/APM_AudioPolicyManager( 1720): is outpt stream1 0, curStream 3
09-19 17:50:34.463 E/APM_AudioPolicyManager( 1720): is outpt stream1 0, curStream 4
09-19 17:50:34.463 E/APM_AudioPolicyManager( 1720): is outpt stream1 0, curStream 5
09-19 17:50:34.463 E/APM_AudioPolicyManager( 1720): is outpt stream1 0, curStream 6
09-19 17:50:34.463 E/APM_AudioPolicyManager( 1720): is outpt stream1 0, curStream 7
09-19 17:50:34.463 E/APM_AudioPolicyManager( 1720): is outpt stream1 0, curStream 8
09-19 17:50:34.463 E/APM_AudioPolicyManager( 1720): is outpt stream1 0, curStream 9
09-19 17:50:34.463 E/APM_AudioPolicyManager( 1720): is outpt stream1 0, curStream 10
09-19 17:50:34.463 E/APM_AudioPolicyManager( 1720): is outpt stream1 0, curStream 11
09-19 17:50:34.463 I/vol.Events( 2765): writeEvent level_changed STREAM_MUSIC 15
09-19 17:50:34.463 I/vol.Events( 2765): writeEvent key STREAM_MUSIC 15
09-19 17:50:34.478 D/WindowManager( 2130): interceptKeyTi keyCode=24 down=true repeatCount=3 keyguardOn=false mHomePressed=false canceled=false
09-19 17:50:34.478 D/WindowManager( 2130): interceptKeyTp result=0
09-19 17:50:34.479 D/RemoteIME( 2728): keycode: 24, realAction: true
09-19 17:50:34.479 D/key-event( 3313): dispatchKeyEvent: KeyEvent { action=ACTION_DOWN, keyCode=KEYCODE_VOLUME_UP, scanCode=115, metaState=0, flags=0x8, repeatCount=3, eventTime=1896336, downTime=1895735, deviceId=4, source=0x701 }
09-19 17:50:34.479 D/key-event( 3313): onKeyDown: 0
09-19 17:50:34.479 I/key-event( 3313): action=0 keyCode=24 s_lock= mNum=+
09-19 17:50:34.480 D/AudioService( 2130): adjustSuggestedStreamVolume() stream=-2147483648, flags=4113, caller=MediaSessionService
09-19 17:50:34.480 D/AudioService( 2130): adjustStreamVolume() stream=3, dir=1, flags=4113, caller=MediaSessionService
09-19 17:50:34.494 I/vol.Events( 2765): writeEvent level_changed STREAM_MUSIC 16
09-19 17:50:34.495 E/APM_AudioPolicyManager( 1720): mOutputs.size() 1
09-19 17:50:34.495 E/APM_AudioPolicyManager( 1720): device 1024, popcount(device)1
09-19 17:50:34.495 E/APM_AudioPolicyManager( 1720): is outpt stream1 3, curStream 0
09-19 17:50:34.495 E/APM_AudioPolicyManager( 1720): is outpt stream1 3, curStream 1
09-19 17:50:34.495 E/APM_AudioPolicyManager( 1720): is outpt stream1 3, curStream 2
09-19 17:50:34.495 E/APM_AudioPolicyManager( 1720): get curStream 3, curDevice 1024
09-19 17:50:34.495 E/APM_AudioPolicyManager( 1720): curStrategy 0
09-19 17:50:34.495 I/vol.Events( 2765): writeEvent key STREAM_MUSIC 16
09-19 17:50:34.495 E/APM_AudioPolicyManager( 1720): curStreamDevice 1024
09-19 17:50:34.495 E/APM_AudioPolicyManager( 1720): applyDefault 0, curDevice 1024, curStreamDevice 1024
09-19 17:50:34.495 E/APM_AudioPolicyManager( 1720): checkAndSetVolume stream 3,index 16,device 1024
09-19 17:50:34.495 E/APM_AudioPolicyManager( 1720): device 1024, popcount(device)1
09-19 17:50:34.495 V/APM::AudioOutputDescriptor( 1720): setVolume() for stream 3, volume -15.917600, delay 0
09-19 17:50:34.495 I/vol.Events( 2765): writeEvent level_changed STREAM_BLUETOOTH_SCO 10
09-19 17:50:34.495 E/APM::AudioOutputDescriptor( 1720): changed 1
09-19 17:50:34.495 E/AudioFlinger( 1720): mAudioHwDevs.size() is 6
09-19 17:50:34.495 D/AudioFlinger( 1720): setStreamVolume by set_master_volume
09-19 17:50:34.495 D/audio_hal( 1720): adev_set_master_volume: set vol Master[16]
09-19 17:50:34.496 I/vol.Events( 2765): writeEvent level_changed STREAM_ALARM 5
09-19 17:50:34.496 I/vol.Events( 2765): writeEvent level_changed STREAM_RING 5
09-19 17:50:34.497 I/vol.Events( 2765): writeEvent level_changed STREAM_SYSTEM 5
09-19 17:50:34.499 D/audio_hal( 1720): adev_set_master_volume: set vol Master[16]
09-19 17:50:34.499 D/AudioFlinger( 1720): setStreamVolume by set_master_volume
09-19 17:50:34.499 D/AudioFlinger( 1720): setStreamVolume by set_master_volume
09-19 17:50:34.499 D/AudioFlinger( 1720): setStreamVolume by set_master_volume
09-19 17:50:34.499 D/AudioFlinger( 1720): setStreamVolume by set_master_volume
09-19 17:50:34.499 D/AudioFlinger( 1720): setStreamVolume by set_master_volume
09-19 17:50:34.499 E/APM_AudioPolicyManager( 1720): is outpt stream1 3, curStream 4
09-19 17:50:34.499 E/APM_AudioPolicyManager( 1720): is outpt stream1 3, curStream 5
09-19 17:50:34.499 E/APM_AudioPolicyManager( 1720): is outpt stream1 3, curStream 6
09-19 17:50:34.499 E/APM_AudioPolicyManager( 1720): is outpt stream1 3, curStream 7
09-19 17:50:34.499 E/APM_AudioPolicyManager( 1720): is outpt stream1 3, curStream 8
09-19 17:50:34.499 E/APM_AudioPolicyManager( 1720): is outpt stream1 3, curStream 9
09-19 17:50:34.499 E/APM_AudioPolicyManager( 1720): get curStream 10, curDevice 1024
09-19 17:50:34.499 E/APM_AudioPolicyManager( 1720): 5 outpt stream1 3, curStream 10
09-19 17:50:34.500 E/APM_AudioPolicyManager( 1720): is outpt stream1 3, curStream 11
09-19 17:50:34.500 E/APM_AudioPolicyManager( 1720): mOutputs.size() 1
09-19 17:50:34.500 E/APM_AudioPolicyManager( 1720): device 1024, popcount(device)1
09-19 17:50:34.500 E/APM_AudioPolicyManager( 1720): is outpt stream1 9, curStream 0
09-19 17:50:34.500 E/APM_AudioPolicyManager( 1720): is outpt stream1 9, curStream 1
09-19 17:50:34.500 E/APM_AudioPolicyManager( 1720): is outpt stream1 9, curStream 2
09-19 17:50:34.500 E/APM_AudioPolicyManager( 1720): is outpt stream1 9, curStream 3
09-19 17:50:34.500 E/APM_AudioPolicyManager( 1720): is outpt stream1 9, curStream 4
09-19 17:50:34.500 E/APM_AudioPolicyManager( 1720): is outpt stream1 9, curStream 5
09-19 17:50:34.500 E/APM_AudioPolicyManager( 1720): is outpt stream1 9, curStream 6
09-19 17:50:34.500 E/APM_AudioPolicyManager( 1720): is outpt stream1 9, curStream 7
09-19 17:50:34.500 E/APM_AudioPolicyManager( 1720): is outpt stream1 9, curStream 8
09-19 17:50:34.500 E/APM_AudioPolicyManager( 1720): get curStream 9, curDevice 1024
09-19 17:50:34.500 E/APM_AudioPolicyManager( 1720): 5 outpt stream1 9, curStream 9
09-19 17:50:34.500 E/APM_AudioPolicyManager( 1720): is outpt stream1 9, curStream 10
09-19 17:50:34.500 E/APM_AudioPolicyManager( 1720): is outpt stream1 9, curStream 11
09-19 17:50:34.500 E/APM_AudioPolicyManager( 1720): mOutputs.size() 1
09-19 17:50:34.500 E/APM_AudioPolicyManager( 1720): device 1024, popcount(device)1
09-19 17:50:34.500 E/APM_AudioPolicyManager( 1720): is outpt stream1 8, curStream 0
09-19 17:50:34.500 E/APM_AudioPolicyManager( 1720): is outpt stream1 8, curStream 1
09-19 17:50:34.500 E/APM_AudioPolicyManager( 1720): is outpt stream1 8, curStream 2
09-19 17:50:34.500 E/APM_AudioPolicyManager( 1720): is outpt stream1 8, curStream 3
09-19 17:50:34.500 E/APM_AudioPolicyManager( 1720): is outpt stream1 8, curStream 4
09-19 17:50:34.500 E/APM_AudioPolicyManager( 1720): is outpt stream1 8, curStream 5
09-19 17:50:34.500 E/APM_AudioPolicyManager( 1720): is outpt stream1 8, curStream 6
09-19 17:50:34.500 E/APM_AudioPolicyManager( 1720): is outpt stream1 8, curStream 7
09-19 17:50:34.500 E/APM_AudioPolicyManager( 1720): get curStream 8, curDevice 1024
09-19 17:50:34.500 E/APM_AudioPolicyManager( 1720): 5 outpt stream1 8, curStream 8
09-19 17:50:34.500 E/APM_AudioPolicyManager( 1720): is outpt stream1 8, curStream 9
09-19 17:50:34.500 E/APM_AudioPolicyManager( 1720): is outpt stream1 8, curStream 10
09-19 17:50:34.500 E/APM_AudioPolicyManager( 1720): is outpt stream1 8, curStream 11
09-19 17:50:34.501 E/APM_AudioPolicyManager( 1720): mOutputs.size() 1
09-19 17:50:34.501 E/APM_AudioPolicyManager( 1720): device 1024, popcount(device)1
09-19 17:50:34.501 E/APM_AudioPolicyManager( 1720): is outpt stream1 7, curStream 0
09-19 17:50:34.501 E/APM_AudioPolicyManager( 1720): is outpt stream1 7, curStream 1
09-19 17:50:34.501 E/APM_AudioPolicyManager( 1720): is outpt stream1 7, curStream 2
09-19 17:50:34.501 E/APM_AudioPolicyManager( 1720): is outpt stream1 7, curStream 3
09-19 17:50:34.501 E/APM_AudioPolicyManager( 1720): is outpt stream1 7, curStream 4
09-19 17:50:34.501 E/APM_AudioPolicyManager( 1720): is outpt stream1 7, curStream 5
09-19 17:50:34.501 E/APM_AudioPolicyManager( 1720): is outpt stream1 7, curStream 6
09-19 17:50:34.501 E/APM_AudioPolicyManager( 1720): get curStream 7, curDevice 1024
09-19 17:50:34.501 E/APM_AudioPolicyManager( 1720): 5 outpt stream1 7, curStream 7
09-19 17:50:34.501 E/APM_AudioPolicyManager( 1720): is outpt stream1 7, curStream 8
09-19 17:50:34.501 E/APM_AudioPolicyManager( 1720): is outpt stream1 7, curStream 9
09-19 17:50:34.501 E/APM_AudioPolicyManager( 1720): is outpt stream1 7, curStream 10
09-19 17:50:34.501 E/APM_AudioPolicyManager( 1720): is outpt stream1 7, curStream 11
09-19 17:50:34.501 E/APM_AudioPolicyManager( 1720): mOutputs.size() 1
09-19 17:50:34.501 E/APM_AudioPolicyManager( 1720): device 1024, popcount(device)1
09-19 17:50:34.501 E/APM_AudioPolicyManager( 1720): is outpt stream1 6, curStream 0
09-19 17:50:34.501 E/APM_AudioPolicyManager( 1720): is outpt stream1 6, curStream 1
09-19 17:50:34.501 E/APM_AudioPolicyManager( 1720): is outpt stream1 6, curStream 2
09-19 17:50:34.501 E/APM_AudioPolicyManager( 1720): is outpt stream1 6, curStream 3
09-19 17:50:34.501 E/APM_AudioPolicyManager( 1720): is outpt stream1 6, curStream 4
09-19 17:50:34.501 E/APM_AudioPolicyManager( 1720): is outpt stream1 6, curStream 5
09-19 17:50:34.501 E/APM_AudioPolicyManager( 1720): get curStream 6, curDevice 1024
09-19 17:50:34.501 E/APM_AudioPolicyManager( 1720): 5 outpt stream1 6, curStream 6
09-19 17:50:34.501 E/APM_AudioPolicyManager( 1720): is outpt stream1 6, curStream 7
09-19 17:50:34.501 E/APM_AudioPolicyManager( 1720): is outpt stream1 6, curStream 8
09-19 17:50:34.501 E/APM_AudioPolicyManager( 1720): is outpt stream1 6, curStream 9
09-19 17:50:34.501 E/APM_AudioPolicyManager( 1720): is outpt stream1 6, curStream 10
09-19 17:50:34.501 E/APM_AudioPolicyManager( 1720): is outpt stream1 6, curStream 11
09-19 17:50:34.501 E/APM_AudioPolicyManager( 1720): mOutputs.size() 1
09-19 17:50:34.501 E/APM_AudioPolicyManager( 1720): device 1024, popcount(device)1
09-19 17:50:34.501 E/APM_AudioPolicyManager( 1720): is outpt stream1 5, curStream 0
09-19 17:50:34.501 E/APM_AudioPolicyManager( 1720): is outpt stream1 5, curStream 1
09-19 17:50:34.501 E/APM_AudioPolicyManager( 1720): is outpt stream1 5, curStream 2
09-19 17:50:34.501 E/APM_AudioPolicyManager( 1720): is outpt stream1 5, curStream 3
09-19 17:50:34.501 E/APM_AudioPolicyManager( 1720): is outpt stream1 5, curStream 4
09-19 17:50:34.501 E/APM_AudioPolicyManager( 1720): get curStream 5, curDevice 1024
09-19 17:50:34.501 E/APM_AudioPolicyManager( 1720): 5 outpt stream1 5, curStream 5
09-19 17:50:34.501 E/APM_AudioPolicyManager( 1720): is outpt stream1 5, curStream 6
09-19 17:50:34.501 E/APM_AudioPolicyManager( 1720): is outpt stream1 5, curStream 7
09-19 17:50:34.501 E/APM_AudioPolicyManager( 1720): is outpt stream1 5, curStream 8
09-19 17:50:34.501 E/APM_AudioPolicyManager( 1720): is outpt stream1 5, curStream 9
09-19 17:50:34.501 E/APM_AudioPolicyManager( 1720): is outpt stream1 5, curStream 10
09-19 17:50:34.501 E/APM_AudioPolicyManager( 1720): is outpt stream1 5, curStream 11
09-19 17:50:34.502 E/APM_AudioPolicyManager( 1720): mOutputs.size() 1
09-19 17:50:34.502 E/APM_AudioPolicyManager( 1720): device 1024, popcount(device)1
09-19 17:50:34.502 E/APM_AudioPolicyManager( 1720): is outpt stream1 4, curStream 0
09-19 17:50:34.502 E/APM_AudioPolicyManager( 1720): is outpt stream1 4, curStream 1
09-19 17:50:34.502 E/APM_AudioPolicyManager( 1720): is outpt stream1 4, curStream 2
09-19 17:50:34.502 E/APM_AudioPolicyManager( 1720): is outpt stream1 4, curStream 3
09-19 17:50:34.502 E/APM_AudioPolicyManager( 1720): get curStream 4, curDevice 1024
09-19 17:50:34.502 E/APM_AudioPolicyManager( 1720): 5 outpt stream1 4, curStream 4
09-19 17:50:34.502 E/APM_AudioPolicyManager( 1720): is outpt stream1 4, curStream 5
09-19 17:50:34.502 E/APM_AudioPolicyManager( 1720): is outpt stream1 4, curStream 6
09-19 17:50:34.502 E/APM_AudioPolicyManager( 1720): is outpt stream1 4, curStream 7
09-19 17:50:34.502 E/APM_AudioPolicyManager( 1720): is outpt stream1 4, curStream 8
09-19 17:50:34.502 E/APM_AudioPolicyManager( 1720): is outpt stream1 4, curStream 9
09-19 17:50:34.502 E/APM_AudioPolicyManager( 1720): is outpt stream1 4, curStream 10
09-19 17:50:34.502 E/APM_AudioPolicyManager( 1720): is outpt stream1 4, curStream 11
09-19 17:50:34.502 E/APM_AudioPolicyManager( 1720): mOutputs.size() 1
09-19 17:50:34.502 E/APM_AudioPolicyManager( 1720): device 1024, popcount(device)1
09-19 17:50:34.502 E/APM_AudioPolicyManager( 1720): is outpt stream1 2, curStream 0
09-19 17:50:34.502 E/APM_AudioPolicyManager( 1720): is outpt stream1 2, curStream 1
09-19 17:50:34.502 E/APM_AudioPolicyManager( 1720): get curStream 2, curDevice 1024
09-19 17:50:34.502 E/APM_AudioPolicyManager( 1720): 5 outpt stream1 2, curStream 2
09-19 17:50:34.502 E/APM_AudioPolicyManager( 1720): is outpt stream1 2, curStream 3
09-19 17:50:34.502 E/APM_AudioPolicyManager( 1720): is outpt stream1 2, curStream 4
09-19 17:50:34.502 E/APM_AudioPolicyManager( 1720): is outpt stream1 2, curStream 5
09-19 17:50:34.502 E/APM_AudioPolicyManager( 1720): is outpt stream1 2, curStream 6
09-19 17:50:34.502 E/APM_AudioPolicyManager( 1720): is outpt stream1 2, curStream 7
09-19 17:50:34.502 E/APM_AudioPolicyManager( 1720): is outpt stream1 2, curStream 8
09-19 17:50:34.502 E/APM_AudioPolicyManager( 1720): is outpt stream1 2, curStream 9
09-19 17:50:34.502 E/APM_AudioPolicyManager( 1720): is outpt stream1 2, curStream 10
09-19 17:50:34.502 E/APM_AudioPolicyManager( 1720): is outpt stream1 2, curStream 11
09-19 17:50:34.502 E/APM_AudioPolicyManager( 1720): mOutputs.size() 1
09-19 17:50:34.502 E/APM_AudioPolicyManager( 1720): device 1024, popcount(device)1
09-19 17:50:34.502 E/APM_AudioPolicyManager( 1720): is outpt stream1 1, curStream 0
09-19 17:50:34.502 E/APM_AudioPolicyManager( 1720): get curStream 1, curDevice 1024
09-19 17:50:34.502 E/APM_AudioPolicyManager( 1720): 5 outpt stream1 1, curStream 1
09-19 17:50:34.502 E/APM_AudioPolicyManager( 1720): is outpt stream1 1, curStream 2
09-19 17:50:34.502 E/APM_AudioPolicyManager( 1720): is outpt stream1 1, curStream 3
09-19 17:50:34.502 E/APM_AudioPolicyManager( 1720): is outpt stream1 1, curStream 4
09-19 17:50:34.502 E/APM_AudioPolicyManager( 1720): is outpt stream1 1, curStream 5
09-19 17:50:34.502 E/APM_AudioPolicyManager( 1720): is outpt stream1 1, curStream 6
09-19 17:50:34.502 E/APM_AudioPolicyManager( 1720): is outpt stream1 1, curStream 7
09-19 17:50:34.502 E/APM_AudioPolicyManager( 1720): is outpt stream1 1, curStream 8
09-19 17:50:34.502 E/APM_AudioPolicyManager( 1720): is outpt stream1 1, curStream 9
09-19 17:50:34.503 E/APM_AudioPolicyManager( 1720): is outpt stream1 1, curStream 10
09-19 17:50:34.503 E/APM_AudioPolicyManager( 1720): is outpt stream1 1, curStream 11
09-19 17:50:34.503 E/APM_AudioPolicyManager( 1720): mOutputs.size() 1
09-19 17:50:34.503 E/APM_AudioPolicyManager( 1720): device 1024, popcount(device)1
09-19 17:50:34.503 E/APM_AudioPolicyManager( 1720): get curStream 0, curDevice 1024
09-19 17:50:34.503 E/APM_AudioPolicyManager( 1720): 5 outpt stream1 0, curStream 0
09-19 17:50:34.503 E/APM_AudioPolicyManager( 1720): is outpt stream1 0, curStream 1
09-19 17:50:34.503 E/APM_AudioPolicyManager( 1720): is outpt stream1 0, curStream 2
09-19 17:50:34.503 E/APM_AudioPolicyManager( 1720): is outpt stream1 0, curStream 3
09-19 17:50:34.503 E/APM_AudioPolicyManager( 1720): is outpt stream1 0, curStream 4
09-19 17:50:34.503 E/APM_AudioPolicyManager( 1720): is outpt stream1 0, curStream 5
09-19 17:50:34.503 E/APM_AudioPolicyManager( 1720): is outpt stream1 0, curStream 6
09-19 17:50:34.503 E/APM_AudioPolicyManager( 1720): is outpt stream1 0, curStream 7
09-19 17:50:34.503 E/APM_AudioPolicyManager( 1720): is outpt stream1 0, curStream 8
09-19 17:50:34.503 E/APM_AudioPolicyManager( 1720): is outpt stream1 0, curStream 9
09-19 17:50:34.503 E/APM_AudioPolicyManager( 1720): is outpt stream1 0, curStream 10
09-19 17:50:34.503 E/APM_AudioPolicyManager( 1720): is outpt stream1 0, curStream 11
09-19 17:50:34.529 D/WindowManager( 2130): interceptKeyTi keyCode=24 down=true repeatCount=4 keyguardOn=false mHomePressed=false canceled=false
09-19 17:50:34.529 D/WindowManager( 2130): interceptKeyTp result=0
09-19 17:50:34.529 D/RemoteIME( 2728): keycode: 24, realAction: true
09-19 17:50:34.530 D/key-event( 3313): dispatchKeyEvent: KeyEvent { action=ACTION_DOWN, keyCode=KEYCODE_VOLUME_UP, scanCode=115, metaState=0, flags=0x8, repeatCount=4, eventTime=1896387, downTime=1895735, deviceId=4, source=0x701 }
09-19 17:50:34.530 D/key-event( 3313): onKeyDown: 0
09-19 17:50:34.530 I/key-event( 3313): action=0 keyCode=24 s_lock= mNum=+
09-19 17:50:34.530 D/AudioService( 2130): adjustSuggestedStreamVolume() stream=-2147483648, flags=4113, caller=MediaSessionService
09-19 17:50:34.530 D/AudioService( 2130): adjustStreamVolume() stream=3, dir=1, flags=4113, caller=MediaSessionService
09-19 17:50:34.549 E/APM_AudioPolicyManager( 1720): mOutputs.size() 1
09-19 17:50:34.549 E/APM_AudioPolicyManager( 1720): device 1024, popcount(device)1
09-19 17:50:34.549 E/APM_AudioPolicyManager( 1720): is outpt stream1 3, curStream 0
09-19 17:50:34.549 E/APM_AudioPolicyManager( 1720): is outpt stream1 3, curStream 1
09-19 17:50:34.549 E/APM_AudioPolicyManager( 1720): is outpt stream1 3, curStream 2
09-19 17:50:34.549 E/APM_AudioPolicyManager( 1720): get curStream 3, curDevice 1024
09-19 17:50:34.549 E/APM_AudioPolicyManager( 1720): curStrategy 0
09-19 17:50:34.549 E/APM_AudioPolicyManager( 1720): curStreamDevice 1024
09-19 17:50:34.549 E/APM_AudioPolicyManager( 1720): applyDefault 0, curDevice 1024, curStreamDevice 1024
09-19 17:50:34.549 E/APM_AudioPolicyManager( 1720): checkAndSetVolume stream 3,index 17,device 1024
09-19 17:50:34.549 E/APM_AudioPolicyManager( 1720): device 1024, popcount(device)1
09-19 17:50:34.549 V/APM::AudioOutputDescriptor( 1720): setVolume() for stream 3, volume -15.391000, delay 0
09-19 17:50:34.549 E/APM::AudioOutputDescriptor( 1720): changed 1
09-19 17:50:34.549 E/AudioFlinger( 1720): mAudioHwDevs.size() is 6
09-19 17:50:34.549 D/AudioFlinger( 1720): setStreamVolume by set_master_volume
09-19 17:50:34.549 D/audio_hal( 1720): adev_set_master_volume: set vol Master[17]
09-19 17:50:34.550 I/vol.Events( 2765): writeEvent level_changed STREAM_MUSIC 17
09-19 17:50:34.552 D/audio_hal( 1720): adev_set_master_volume: set vol Master[17]
09-19 17:50:34.552 D/AudioFlinger( 1720): setStreamVolume by set_master_volume
09-19 17:50:34.552 D/AudioFlinger( 1720): setStreamVolume by set_master_volume
09-19 17:50:34.552 D/AudioFlinger( 1720): setStreamVolume by set_master_volume
09-19 17:50:34.552 D/AudioFlinger( 1720): setStreamVolume by set_master_volume
09-19 17:50:34.552 D/AudioFlinger( 1720): setStreamVolume by set_master_volume
09-19 17:50:34.552 E/APM_AudioPolicyManager( 1720): is outpt stream1 3, curStream 4
09-19 17:50:34.552 E/APM_AudioPolicyManager( 1720): is outpt stream1 3, curStream 5
09-19 17:50:34.552 E/APM_AudioPolicyManager( 1720): is outpt stream1 3, curStream 6
09-19 17:50:34.552 E/APM_AudioPolicyManager( 1720): is outpt stream1 3, curStream 7
09-19 17:50:34.552 E/APM_AudioPolicyManager( 1720): is outpt stream1 3, curStream 8
09-19 17:50:34.552 E/APM_AudioPolicyManager( 1720): is outpt stream1 3, curStream 9
09-19 17:50:34.553 E/APM_AudioPolicyManager( 1720): get curStream 10, curDevice 1024
09-19 17:50:34.553 E/APM_AudioPolicyManager( 1720): 5 outpt stream1 3, curStream 10
09-19 17:50:34.553 E/APM_AudioPolicyManager( 1720): is outpt stream1 3, curStream 11
09-19 17:50:34.553 E/APM_AudioPolicyManager( 1720): mOutputs.size() 1
09-19 17:50:34.553 E/APM_AudioPolicyManager( 1720): device 1024, popcount(device)1
09-19 17:50:34.553 E/APM_AudioPolicyManager( 1720): is outpt stream1 9, curStream 0
09-19 17:50:34.553 E/APM_AudioPolicyManager( 1720): is outpt stream1 9, curStream 1
09-19 17:50:34.553 E/APM_AudioPolicyManager( 1720): is outpt stream1 9, curStream 2
09-19 17:50:34.553 E/APM_AudioPolicyManager( 1720): is outpt stream1 9, curStream 3
09-19 17:50:34.553 E/APM_AudioPolicyManager( 1720): is outpt stream1 9, curStream 4
09-19 17:50:34.553 E/APM_AudioPolicyManager( 1720): is outpt stream1 9, curStream 5
09-19 17:50:34.553 E/APM_AudioPolicyManager( 1720): is outpt stream1 9, curStream 6
09-19 17:50:34.553 E/APM_AudioPolicyManager( 1720): is outpt stream1 9, curStream 7
09-19 17:50:34.553 E/APM_AudioPolicyManager( 1720): is outpt stream1 9, curStream 8
09-19 17:50:34.553 E/APM_AudioPolicyManager( 1720): get curStream 9, curDevice 1024
09-19 17:50:34.553 E/APM_AudioPolicyManager( 1720): 5 outpt stream1 9, curStream 9
09-19 17:50:34.553 E/APM_AudioPolicyManager( 1720): is outpt stream1 9, curStream 10
09-19 17:50:34.553 E/APM_AudioPolicyManager( 1720): is outpt stream1 9, curStream 11
09-19 17:50:34.554 E/APM_AudioPolicyManager( 1720): mOutputs.size() 1
09-19 17:50:34.554 E/APM_AudioPolicyManager( 1720): device 1024, popcount(device)1
09-19 17:50:34.554 E/APM_AudioPolicyManager( 1720): is outpt stream1 8, curStream 0
09-19 17:50:34.554 E/APM_AudioPolicyManager( 1720): is outpt stream1 8, curStream 1
09-19 17:50:34.554 E/APM_AudioPolicyManager( 1720): is outpt stream1 8, curStream 2
09-19 17:50:34.554 E/APM_AudioPolicyManager( 1720): is outpt stream1 8, curStream 3
09-19 17:50:34.554 E/APM_AudioPolicyManager( 1720): is outpt stream1 8, curStream 4
09-19 17:50:34.554 E/APM_AudioPolicyManager( 1720): is outpt stream1 8, curStream 5
09-19 17:50:34.554 E/APM_AudioPolicyManager( 1720): is outpt stream1 8, curStream 6
09-19 17:50:34.554 E/APM_AudioPolicyManager( 1720): is outpt stream1 8, curStream 7
09-19 17:50:34.554 E/APM_AudioPolicyManager( 1720): get curStream 8, curDevice 1024
09-19 17:50:34.554 E/APM_AudioPolicyManager( 1720): 5 outpt stream1 8, curStream 8
09-19 17:50:34.554 E/APM_AudioPolicyManager( 1720): is outpt stream1 8, curStream 9
09-19 17:50:34.554 E/APM_AudioPolicyManager( 1720): is outpt stream1 8, curStream 10
09-19 17:50:34.554 E/APM_AudioPolicyManager( 1720): is outpt stream1 8, curStream 11
09-19 17:50:34.554 E/APM_AudioPolicyManager( 1720): mOutputs.size() 1
09-19 17:50:34.554 E/APM_AudioPolicyManager( 1720): device 1024, popcount(device)1
09-19 17:50:34.554 E/APM_AudioPolicyManager( 1720): is outpt stream1 7, curStream 0
09-19 17:50:34.554 E/APM_AudioPolicyManager( 1720): is outpt stream1 7, curStream 1
09-19 17:50:34.554 E/APM_AudioPolicyManager( 1720): is outpt stream1 7, curStream 2
09-19 17:50:34.554 E/APM_AudioPolicyManager( 1720): is outpt stream1 7, curStream 3
09-19 17:50:34.554 E/APM_AudioPolicyManager( 1720): is outpt stream1 7, curStream 4
09-19 17:50:34.554 E/APM_AudioPolicyManager( 1720): is outpt stream1 7, curStream 5
09-19 17:50:34.554 E/APM_AudioPolicyManager( 1720): is outpt stream1 7, curStream 6
09-19 17:50:34.554 E/APM_AudioPolicyManager( 1720): get curStream 7, curDevice 1024
09-19 17:50:34.554 E/APM_AudioPolicyManager( 1720): 5 outpt stream1 7, curStream 7
09-19 17:50:34.554 E/APM_AudioPolicyManager( 1720): is outpt stream1 7, curStream 8
09-19 17:50:34.554 E/APM_AudioPolicyManager( 1720): is outpt stream1 7, curStream 9
09-19 17:50:34.554 E/APM_AudioPolicyManager( 1720): is outpt stream1 7, curStream 10
09-19 17:50:34.554 E/APM_AudioPolicyManager( 1720): is outpt stream1 7, curStream 11
09-19 17:50:34.555 E/APM_AudioPolicyManager( 1720): mOutputs.size() 1
09-19 17:50:34.555 E/APM_AudioPolicyManager( 1720): device 1024, popcount(device)1
09-19 17:50:34.555 E/APM_AudioPolicyManager( 1720): is outpt stream1 6, curStream 0
09-19 17:50:34.555 E/APM_AudioPolicyManager( 1720): is outpt stream1 6, curStream 1
09-19 17:50:34.555 E/APM_AudioPolicyManager( 1720): is outpt stream1 6, curStream 2
09-19 17:50:34.555 E/APM_AudioPolicyManager( 1720): is outpt stream1 6, curStream 3
09-19 17:50:34.555 E/APM_AudioPolicyManager( 1720): is outpt stream1 6, curStream 4
09-19 17:50:34.555 E/APM_AudioPolicyManager( 1720): is outpt stream1 6, curStream 5
09-19 17:50:34.555 E/APM_AudioPolicyManager( 1720): get curStream 6, curDevice 1024
09-19 17:50:34.555 E/APM_AudioPolicyManager( 1720): 5 outpt stream1 6, curStream 6
09-19 17:50:34.555 E/APM_AudioPolicyManager( 1720): is outpt stream1 6, curStream 7
09-19 17:50:34.555 E/APM_AudioPolicyManager( 1720): is outpt stream1 6, curStream 8
09-19 17:50:34.555 E/APM_AudioPolicyManager( 1720): is outpt stream1 6, curStream 9
09-19 17:50:34.555 E/APM_AudioPolicyManager( 1720): is outpt stream1 6, curStream 10
09-19 17:50:34.555 E/APM_AudioPolicyManager( 1720): is outpt stream1 6, curStream 11
09-19 17:50:34.555 E/APM_AudioPolicyManager( 1720): mOutputs.size() 1
09-19 17:50:34.555 E/APM_AudioPolicyManager( 1720): device 1024, popcount(device)1
09-19 17:50:34.555 E/APM_AudioPolicyManager( 1720): is outpt stream1 5, curStream 0
09-19 17:50:34.555 E/APM_AudioPolicyManager( 1720): is outpt stream1 5, curStream 1
09-19 17:50:34.555 E/APM_AudioPolicyManager( 1720): is outpt stream1 5, curStream 2
09-19 17:50:34.555 E/APM_AudioPolicyManager( 1720): is outpt stream1 5, curStream 3
09-19 17:50:34.555 E/APM_AudioPolicyManager( 1720): is outpt stream1 5, curStream 4
09-19 17:50:34.555 E/APM_AudioPolicyManager( 1720): get curStream 5, curDevice 1024
09-19 17:50:34.555 E/APM_AudioPolicyManager( 1720): 5 outpt stream1 5, curStream 5
09-19 17:50:34.555 E/APM_AudioPolicyManager( 1720): is outpt stream1 5, curStream 6
09-19 17:50:34.555 E/APM_AudioPolicyManager( 1720): is outpt stream1 5, curStream 7
09-19 17:50:34.555 E/APM_AudioPolicyManager( 1720): is outpt stream1 5, curStream 8
09-19 17:50:34.555 E/APM_AudioPolicyManager( 1720): is outpt stream1 5, curStream 9
09-19 17:50:34.555 E/APM_AudioPolicyManager( 1720): is outpt stream1 5, curStream 10
09-19 17:50:34.555 E/APM_AudioPolicyManager( 1720): is outpt stream1 5, curStream 11
09-19 17:50:34.555 E/APM_AudioPolicyManager( 1720): mOutputs.size() 1
09-19 17:50:34.555 E/APM_AudioPolicyManager( 1720): device 1024, popcount(device)1
09-19 17:50:34.555 E/APM_AudioPolicyManager( 1720): is outpt stream1 4, curStream 0
09-19 17:50:34.555 E/APM_AudioPolicyManager( 1720): is outpt stream1 4, curStream 1
09-19 17:50:34.555 E/APM_AudioPolicyManager( 1720): is outpt stream1 4, curStream 2
09-19 17:50:34.555 E/APM_AudioPolicyManager( 1720): is outpt stream1 4, curStream 3
09-19 17:50:34.555 E/APM_AudioPolicyManager( 1720): get curStream 4, curDevice 1024
09-19 17:50:34.555 E/APM_AudioPolicyManager( 1720): 5 outpt stream1 4, curStream 4
09-19 17:50:34.555 E/APM_AudioPolicyManager( 1720): is outpt stream1 4, curStream 5
09-19 17:50:34.555 E/APM_AudioPolicyManager( 1720): is outpt stream1 4, curStream 6
09-19 17:50:34.555 E/APM_AudioPolicyManager( 1720): is outpt stream1 4, curStream 7
09-19 17:50:34.555 E/APM_AudioPolicyManager( 1720): is outpt stream1 4, curStream 8
09-19 17:50:34.556 E/APM_AudioPolicyManager( 1720): is outpt stream1 4, curStream 9
09-19 17:50:34.556 E/APM_AudioPolicyManager( 1720): is outpt stream1 4, curStream 10
09-19 17:50:34.556 E/APM_AudioPolicyManager( 1720): is outpt stream1 4, curStream 11
09-19 17:50:34.556 E/APM_AudioPolicyManager( 1720): mOutputs.size() 1
09-19 17:50:34.556 E/APM_AudioPolicyManager( 1720): device 1024, popcount(device)1
09-19 17:50:34.556 E/APM_AudioPolicyManager( 1720): is outpt stream1 2, curStream 0
09-19 17:50:34.556 E/APM_AudioPolicyManager( 1720): is outpt stream1 2, curStream 1
09-19 17:50:34.556 E/APM_AudioPolicyManager( 1720): get curStream 2, curDevice 1024
09-19 17:50:34.556 E/APM_AudioPolicyManager( 1720): 5 outpt stream1 2, curStream 2
09-19 17:50:34.556 E/APM_AudioPolicyManager( 1720): is outpt stream1 2, curStream 3
09-19 17:50:34.556 E/APM_AudioPolicyManager( 1720): is outpt stream1 2, curStream 4
09-19 17:50:34.556 E/APM_AudioPolicyManager( 1720): is outpt stream1 2, curStream 5
09-19 17:50:34.556 E/APM_AudioPolicyManager( 1720): is outpt stream1 2, curStream 6
09-19 17:50:34.556 E/APM_AudioPolicyManager( 1720): is outpt stream1 2, curStream 7
09-19 17:50:34.556 E/APM_AudioPolicyManager( 1720): is outpt stream1 2, curStream 8
09-19 17:50:34.556 E/APM_AudioPolicyManager( 1720): is outpt stream1 2, curStream 9
09-19 17:50:34.556 E/APM_AudioPolicyManager( 1720): is outpt stream1 2, curStream 10
09-19 17:50:34.556 E/APM_AudioPolicyManager( 1720): is outpt stream1 2, curStream 11
09-19 17:50:34.556 E/APM_AudioPolicyManager( 1720): mOutputs.size() 1
09-19 17:50:34.556 E/APM_AudioPolicyManager( 1720): device 1024, popcount(device)1
09-19 17:50:34.556 E/APM_AudioPolicyManager( 1720): is outpt stream1 1, curStream 0
09-19 17:50:34.556 E/APM_AudioPolicyManager( 1720): get curStream 1, curDevice 1024
09-19 17:50:34.556 E/APM_AudioPolicyManager( 1720): 5 outpt stream1 1, curStream 1
09-19 17:50:34.556 E/APM_AudioPolicyManager( 1720): is outpt stream1 1, curStream 2
09-19 17:50:34.556 E/APM_AudioPolicyManager( 1720): is outpt stream1 1, curStream 3
09-19 17:50:34.556 E/APM_AudioPolicyManager( 1720): is outpt stream1 1, curStream 4
09-19 17:50:34.556 E/APM_AudioPolicyManager( 1720): is outpt stream1 1, curStream 5
09-19 17:50:34.556 E/APM_AudioPolicyManager( 1720): is outpt stream1 1, curStream 6
09-19 17:50:34.556 E/APM_AudioPolicyManager( 1720): is outpt stream1 1, curStream 7
09-19 17:50:34.556 E/APM_AudioPolicyManager( 1720): is outpt stream1 1, curStream 8
09-19 17:50:34.556 E/APM_AudioPolicyManager( 1720): is outpt stream1 1, curStream 9
09-19 17:50:34.556 E/APM_AudioPolicyManager( 1720): is outpt stream1 1, curStream 10
09-19 17:50:34.556 E/APM_AudioPolicyManager( 1720): is outpt stream1 1, curStream 11
09-19 17:50:34.556 E/APM_AudioPolicyManager( 1720): mOutputs.size() 1
09-19 17:50:34.556 E/APM_AudioPolicyManager( 1720): device 1024, popcount(device)1
09-19 17:50:34.556 E/APM_AudioPolicyManager( 1720): get curStream 0, curDevice 1024
