09-19 18:19:31.723  1716  2004 V AudioFlinger: setParameters(): io 46, keyvalue routing=1024, calling pid 1716
09-19 18:19:31.723  1716  2004 V AudioFlinger: ThreadBase::setParameters() routing=1024
09-19 18:19:31.724  1716  2004 V AudioFlinger: sendConfigEvent_l() num events 1 event 2
09-19 18:19:31.754  1716  4262 V AudioFlinger: processConfigEvents_l() remaining events 1
09-19 18:19:31.755  1716  4262 V AudioFlinger: processConfigEvents_l() DONE thread 0xabd03f00
09-19 18:19:31.755  1716  6391 E APM_AudioPolicyManager: device 1024, popcount(device)1
09-19 18:19:31.755  1716  6391 E APM_AudioPolicyManager: checkAndSetVolume stream 0,index 3,device 1024
09-19 18:19:31.756  1716  6391 E APM_AudioPolicyManager: device 1024, popcount(device)1
09-19 18:19:31.756  1716  6391 V APM::AudioOutputDescriptor: setVolume() for stream 0, volume -30.457500, delay 0
09-19 18:19:31.756  1716  6391 E APM::AudioOutputDescriptor: changed 1
09-19 18:19:31.756  1716  2004 E AudioFlinger: mAudioHwDevs.size() is 6
09-19 18:19:31.756  1716  2004 D AudioFlinger: setStreamVolume by set_master_volume
09-19 18:19:31.756  1716  2004 D AudioFlinger: setStreamVolume by set_master_volume
09-19 18:19:31.756  1716  2004 D AudioFlinger: setStreamVolume by set_master_volume
09-19 18:19:31.756  1716  2004 D AudioFlinger: setStreamVolume by set_master_volume
09-19 18:19:31.756  1716  2004 D AudioFlinger: setStreamVolume by set_master_volume
09-19 18:19:31.756  1716  2004 D AudioFlinger: setStreamVolume by set_master_volume
09-19 18:19:31.756  1716  6391 E APM_AudioPolicyManager: device 1024, popcount(device)1
09-19 18:19:31.757  1716  6391 E APM_AudioPolicyManager: checkAndSetVolume stream 1,index 4,device 1024
09-19 18:19:31.757  1716  6391 E APM_AudioPolicyManager: device 1024, popcount(device)1
09-19 18:19:31.757  1716  6391 V APM::AudioOutputDescriptor: setVolume() for stream 1, volume -27.958799, delay 0
09-19 18:19:31.757  1716  6391 E APM::AudioOutputDescriptor: changed 1
09-19 18:19:31.757  1716  2004 E AudioFlinger: mAudioHwDevs.size() is 6
09-19 18:19:31.757  1716  2004 D AudioFlinger: setStreamVolume by set_master_volume
09-19 18:19:31.757  1716  2004 D AudioFlinger: setStreamVolume by set_master_volume
09-19 18:19:31.757  1716  2004 D AudioFlinger: setStreamVolume by set_master_volume
09-19 18:19:31.757  1716  2004 D AudioFlinger: setStreamVolume by set_master_volume
09-19 18:19:31.757  1716  2004 D AudioFlinger: setStreamVolume by set_master_volume
09-19 18:19:31.757  1716  2004 D AudioFlinger: setStreamVolume by set_master_volume
09-19 18:19:31.757  1716  6391 E APM_AudioPolicyManager: device 1024, popcount(device)1
09-19 18:19:31.757  1716  6391 E APM_AudioPolicyManager: checkAndSetVolume stream 2,index 5,device 1024
09-19 18:19:31.757  1716  6391 E APM_AudioPolicyManager: device 1024, popcount(device)1
09-19 18:19:31.757  1716  6391 V APM::AudioOutputDescriptor: setVolume() for stream 2, volume -26.020500, delay 0
09-19 18:19:31.758  1716  6391 E APM::AudioOutputDescriptor: changed 1
09-19 18:19:31.758  1716  2004 E AudioFlinger: mAudioHwDevs.size() is 6
09-19 18:19:31.758  1716  2004 D AudioFlinger: setStreamVolume by set_master_volume
09-19 18:19:31.758  1716  2004 D AudioFlinger: setStreamVolume by set_master_volume
09-19 18:19:31.758  1716  2004 D AudioFlinger: setStreamVolume by set_master_volume
09-19 18:19:31.758  1716  2004 D AudioFlinger: setStreamVolume by set_master_volume
09-19 18:19:31.758  1716  2004 D AudioFlinger: setStreamVolume by set_master_volume
09-19 18:19:31.758  1716  2004 D AudioFlinger: setStreamVolume by set_master_volume
09-19 18:19:31.758  1716  6391 E APM_AudioPolicyManager: device 1024, popcount(device)1
09-19 18:19:31.758  1716  6391 E APM_AudioPolicyManager: checkAndSetVolume stream 3,index 15,device 1024
09-19 18:19:31.758  1716  6391 E APM_AudioPolicyManager: device 1024, popcount(device)1
09-19 18:19:31.758  1716  6391 E APM::AudioOutputDescriptor: changed 0
09-19 18:19:31.758  1716  6391 E APM_AudioPolicyManager: device 1024, popcount(device)1
09-19 18:19:31.758  1716  6391 E APM_AudioPolicyManager: checkAndSetVolume stream 4,index 6,device 1024
09-19 18:19:31.758  1716  6391 E APM_AudioPolicyManager: device 1024, popcount(device)1
09-19 18:19:31.759  1716  6391 V APM::AudioOutputDescriptor: setVolume() for stream 4, volume -24.436899, delay 0
09-19 18:19:31.759  1716  6391 E APM::AudioOutputDescriptor: changed 1
09-19 18:19:31.759  1716  2004 E AudioFlinger: mAudioHwDevs.size() is 6
09-19 18:19:31.759  1716  2004 D AudioFlinger: setStreamVolume by set_master_volume
09-19 18:19:31.759  1716  2004 D AudioFlinger: setStreamVolume by set_master_volume
09-19 18:19:31.759  1716  2004 D AudioFlinger: setStreamVolume by set_master_volume
09-19 18:19:31.759  1716  2004 D AudioFlinger: setStreamVolume by set_master_volume
09-19 18:19:31.759  1716  2004 D AudioFlinger: setStreamVolume by set_master_volume
09-19 18:19:31.759  1716  2004 D AudioFlinger: setStreamVolume by set_master_volume
09-19 18:19:31.759  1716  6391 E APM_AudioPolicyManager: device 1024, popcount(device)1
09-19 18:19:31.759  1716  6391 E APM_AudioPolicyManager: checkAndSetVolume stream 5,index 5,device 1024
09-19 18:19:31.759  1716  6391 E APM_AudioPolicyManager: device 1024, popcount(device)1
09-19 18:19:31.759  1716  6391 V APM::AudioOutputDescriptor: setVolume() for stream 5, volume -26.020500, delay 0
09-19 18:19:31.759  1716  6391 E APM::AudioOutputDescriptor: changed 1
09-19 18:19:31.760  1716  2004 E AudioFlinger: mAudioHwDevs.size() is 6
09-19 18:19:31.760  1716  2004 D AudioFlinger: setStreamVolume by set_master_volume
09-19 18:19:31.760  1716  2004 D AudioFlinger: setStreamVolume by set_master_volume
09-19 18:19:31.760  1716  2004 D AudioFlinger: setStreamVolume by set_master_volume
09-19 18:19:31.760  1716  2004 D AudioFlinger: setStreamVolume by set_master_volume
09-19 18:19:31.760  1716  2004 D AudioFlinger: setStreamVolume by set_master_volume
09-19 18:19:31.760  1716  2004 D AudioFlinger: setStreamVolume by set_master_volume
09-19 18:19:31.760  1716  6391 E APM_AudioPolicyManager: device 1024, popcount(device)1
09-19 18:19:31.760  1716  6391 E APM_AudioPolicyManager: device 1024, popcount(device)1
09-19 18:19:31.760  1716  6391 E APM_AudioPolicyManager: checkAndSetVolume stream 7,index 4,device 1024
09-19 18:19:31.760  1716  6391 E APM_AudioPolicyManager: device 1024, popcount(device)1
09-19 18:19:31.761  1716  6391 V APM::AudioOutputDescriptor: setVolume() for stream 7, volume -27.958799, delay 0
09-19 18:19:31.761  1716  6391 E APM::AudioOutputDescriptor: changed 1
09-19 18:19:31.761  1716  2004 E AudioFlinger: mAudioHwDevs.size() is 6
09-19 18:19:31.761  1716  2004 D AudioFlinger: setStreamVolume by set_master_volume
09-19 18:19:31.761  1716  2004 D AudioFlinger: setStreamVolume by set_master_volume
09-19 18:19:31.761  1716  2004 D AudioFlinger: setStreamVolume by set_master_volume
09-19 18:19:31.761  1716  2004 D AudioFlinger: setStreamVolume by set_master_volume
09-19 18:19:31.761  1716  2004 D AudioFlinger: setStreamVolume by set_master_volume
09-19 18:19:31.761  1716  2004 D AudioFlinger: setStreamVolume by set_master_volume
09-19 18:19:31.761  1716  6391 E APM_AudioPolicyManager: device 1024, popcount(device)1
09-19 18:19:31.761  1716  6391 E APM_AudioPolicyManager: checkAndSetVolume stream 8,index 9,device 1024
09-19 18:19:31.761  1716  6391 E APM_AudioPolicyManager: device 1024, popcount(device)1
09-19 18:19:31.761  1716  6391 V APM::AudioOutputDescriptor: setVolume() for stream 8, volume -20.915100, delay 0
09-19 18:19:31.761  1716  6391 E APM::AudioOutputDescriptor: changed 1
09-19 18:19:31.761  1716  2004 E AudioFlinger: mAudioHwDevs.size() is 6
09-19 18:19:31.761  1716  2004 D AudioFlinger: setStreamVolume by set_master_volume
09-19 18:19:31.762  1716  2004 D AudioFlinger: setStreamVolume by set_master_volume
09-19 18:19:31.762  1716  2004 D AudioFlinger: setStreamVolume by set_master_volume
09-19 18:19:31.762  1716  2004 D AudioFlinger: setStreamVolume by set_master_volume
09-19 18:19:31.762  1716  2004 D AudioFlinger: setStreamVolume by set_master_volume
09-19 18:19:31.762  1716  2004 D AudioFlinger: setStreamVolume by set_master_volume
09-19 18:19:31.762  1716  6391 E APM_AudioPolicyManager: device 1024, popcount(device)1
09-19 18:19:31.762  1716  6391 E APM_AudioPolicyManager: device 1024, popcount(device)1
09-19 18:19:31.762  1716  6391 E APM_AudioPolicyManager: checkAndSetVolume stream 10,index 15,device 1024
09-19 18:19:31.762  1716  6391 E APM_AudioPolicyManager: device 1024, popcount(device)1
09-19 18:19:31.762  1716  6391 V APM::AudioOutputDescriptor: setVolume() for stream 10, volume -16.478100, delay 0
09-19 18:19:31.762  1716  6391 E APM::AudioOutputDescriptor: changed 1
09-19 18:19:31.762  1716  2004 E AudioFlinger: mAudioHwDevs.size() is 6
09-19 18:19:31.762  1716  2004 D AudioFlinger: setStreamVolume by set_master_volume
09-19 18:19:31.762  1716  2004 D AudioFlinger: setStreamVolume by set_master_volume
09-19 18:19:31.762  1716  2004 D AudioFlinger: setStreamVolume by set_master_volume
09-19 18:19:31.762  1716  2004 D AudioFlinger: setStreamVolume by set_master_volume
09-19 18:19:31.762  1716  2004 D AudioFlinger: setStreamVolume by set_master_volume
09-19 18:19:31.762  1716  2004 D AudioFlinger: setStreamVolume by set_master_volume
09-19 18:19:31.763  1716  6391 E APM_AudioPolicyManager: device 1024, popcount(device)1
09-19 18:19:31.763  1716  6391 E APM_AudioPolicyManager: checkAndSetVolume stream 11,index 1,device 1024
09-19 18:19:31.763  1716  6391 E APM_AudioPolicyManager: device 1024, popcount(device)1
09-19 18:19:31.763  1716  6391 E APM::AudioOutputDescriptor: changed 0
09-19 18:19:31.763  1716  6391 E APM_AudioPolicyManager: device 1024, popcount(device)1
09-19 18:19:31.763  1716  6391 E APM_AudioPolicyManager: checkAndSetVolume stream 3,index 15,device 1024
09-19 18:19:31.763  1716  6391 E APM_AudioPolicyManager: device 1024, popcount(device)1
09-19 18:19:31.763  1716  6391 E APM::AudioOutputDescriptor: changed 0
09-19 18:19:31.763  1716  6391 V APM::AudioPolicyEngine: getDeviceForStrategy() strategy 0, device 400
09-19 18:19:31.763  1716  6391 V APM::AudioPolicyEngine: getDeviceForStrategy() strategy 3, device 400
09-19 18:19:31.763  1716  6391 V APM::AudioPolicyEngine: getDeviceForStrategy() strategy 0, device 400
09-19 18:19:31.763  1716  6391 V APM::AudioPolicyEngine: getDeviceForStrategy() strategy 1, device 400
09-19 18:19:31.763  1716  6391 V APM::AudioPolicyEngine: getDeviceForStrategy() strategy 2, device 2
09-19 18:19:31.763  1716  6391 V APM::AudioPolicyEngine: getDeviceForStrategy() strategy 0, device 400
09-19 18:19:31.763  1716  6391 V APM::AudioPolicyEngine: getDeviceForStrategy() strategy 3, device 400
09-19 18:19:31.763  1716  6391 V APM::AudioPolicyEngine: getDeviceForStrategy() strategy 0, device 400
09-19 18:19:31.763  1716  6391 V APM::AudioPolicyEngine: getDeviceForStrategy() strategy 4, device 400
09-19 18:19:31.764  1716  6391 V APM::AudioPolicyEngine: getDeviceForStrategy() strategy 5, device 400
09-19 18:19:31.764  1716  6391 V APM::AudioPolicyEngine: getDeviceForStrategy() strategy 6, device 2
09-19 18:19:31.764  1716  6391 V APM::AudioPolicyEngine: getDeviceForStrategy() strategy 7, device 400
09-19 18:19:31.764  1716  6391 V APM::AudioPolicyEngine: getDeviceForStrategy() strategy 8, device 400
09-19 18:19:31.764  1716  6391 V AudioFlinger: signal playback thread
09-19 18:19:31.764  1716  2049 V AudioFlinger: track(0xac05a000) underrun,  framesReady(0) < framesDesired(886)
09-19 18:19:31.764  1716  2049 V AudioFlinger: updateWakeLockUids_l() AudioOut_D status 0
09-19 18:19:31.764  1716  2049 V AudioFlinger: anticipated start
09-19 18:19:31.764  1716  2049 D audio_hal: pcm_open card:device(hw:0:0) flags(0x8) out(0xac7b2000)
09-19 18:19:31.767  5925  5946 I BluetoothAvrcpControllerJni: btavrcp_play_status_changed_callback
09-19 18:19:31.768  5925  5946 D AvrcpControllerService: onPlayStatusChanged 1
09-19 18:19:31.769  5925  5970 D AvrcpControllerService:  HandleMessage: CB_PLAY_STATUS_CHANGED Remote Connected true
09-19 18:19:31.769  5925  5970 D A2dpSinkService: getA2dpSinkService(): returning com.android.bluetooth.a2dpsink.A2dpSinkService@8e0889a
09-19 18:19:31.769  5925  5946 I BluetoothAvrcpControllerJni: btavrcp_track_changed_callback
09-19 18:19:31.770  5925  5946 D AvrcpControllerService: onTrackChanged 
09-19 18:19:31.770  5925  5970 D AvrcpControllerService:  broadcastPlayBackStateChanged = PlaybackState {state=3, position=255, buffered position=0, speed=1.0, updated=285284, actions=0, custom actions=[], active item id=-1, error=null}
09-19 18:19:31.771  5925  5966 D A2dpSinkStateMachine: Connected process message: 303
09-19 18:19:31.771  5925  6396 D A2dpSinkStreamingStateMachine.SRC_T_ACT_T:  process message: 3
09-19 18:19:31.771  5925  6396 D A2dpSinkStreamingStateMachine.SRC_T_ACT_T: Current Audio Focus 1
09-19 18:19:31.771  5925  6396 D AvrcpControllerService: getAvrcpControllerService(): returning com.android.bluetooth.avrcp.AvrcpControllerService@c26e333
09-19 18:19:31.771  5925  6396 D A2dpSinkStreamingStateMachine: startAvrcpUpdates
09-19 18:19:31.772  2632  2665 E ActivityManager: Sending non-protected broadcast android.bluetooth.avrcp-controller.profile.action.TRACK_EVENT from system 5925:com.android.bluetooth/1002 pkg com.android.bluetooth
09-19 18:19:31.772  2632  2665 E ActivityManager: java.lang.Throwable
09-19 18:19:31.772  2632  2665 E ActivityManager:       at com.android.server.am.ActivityManagerService.broadcastIntentLocked(ActivityManagerService.java:17989)
09-19 18:19:31.772  2632  2665 E ActivityManager:       at com.android.server.am.ActivityManagerService.broadcastIntent(ActivityManagerService.java:18555)
09-19 18:19:31.772  2632  2665 E ActivityManager:       at android.app.ActivityManagerNative.onTransact(ActivityManagerNative.java:499)
09-19 18:19:31.772  2632  2665 E ActivityManager:       at com.android.server.am.ActivityManagerService.onTransact(ActivityManagerService.java:2861)
09-19 18:19:31.772  2632  2665 E ActivityManager:       at android.os.Binder.execTransact(Binder.java:565)
09-19 18:19:31.777  1716  2049 V AudioFlinger: track(0xac05a000) underrun,  framesReady(0) < framesDesired(886)
09-19 18:19:31.780  5925  5970 D AvrcpControllerService:  HandleMessage: CB_TRACK_CHANGED Remote Connected true
09-19 18:19:31.781  5925  5970 D A2dpSinkService: getA2dpSinkService(): returning com.android.bluetooth.a2dpsink.A2dpSinkService@8e0889a
09-19 18:19:31.781  5925  5925 D A2dpMediaBrowserService: onReceive intent=Intent { act=android.bluetooth.avrcp-controller.profile.action.TRACK_EVENT flg=0x10 (has extras) }
09-19 18:19:31.781  5925  5970 D AvrcpUtils:  TrackInfo Metadata [artist=田馥甄 trackTitle= Loving Strangers (Live) albumTitle= To My Love 影音馆 genre=  trackNum= 19 track_len : 221466 TotalTracks 49]
09-19 18:19:31.781  5925  5925 D A2dpMediaBrowserService: msgTrack: playback: PlaybackState {state=3, position=255, buffered position=0, speed=1.0, updated=285284, actions=0, custom actions=[], active item id=-1, error=null} mmd: null
09-19 18:19:31.782  5925  5970 D AvrcpControllerService:  broadcastMetaDataChanged = Loving Strangers (Live), 田馥甄, To My Love 影音馆  0.0 19 49 221466 221466 
09-19 18:19:31.784  2632  3652 E ActivityManager: Sending non-protected broadcast android.bluetooth.avrcp-controller.profile.action.TRACK_EVENT from system 5925:com.android.bluetooth/1002 pkg com.android.bluetooth
09-19 18:19:31.784  2632  3652 E ActivityManager: java.lang.Throwable
09-19 18:19:31.784  2632  3652 E ActivityManager:       at com.android.server.am.ActivityManagerService.broadcastIntentLocked(ActivityManagerService.java:17989)
09-19 18:19:31.784  2632  3652 E ActivityManager:       at com.android.server.am.ActivityManagerService.broadcastIntent(ActivityManagerService.java:18555)
09-19 18:19:31.784  2632  3652 E ActivityManager:       at android.app.ActivityManagerNative.onTransact(ActivityManagerNative.java:499)
09-19 18:19:31.784  2632  3652 E ActivityManager:       at com.android.server.am.ActivityManagerService.onTransact(ActivityManagerService.java:2861)
09-19 18:19:31.784  2632  3652 E ActivityManager:       at android.os.Binder.execTransact(Binder.java:565)
09-19 18:19:31.794  5925  5925 D A2dpMediaBrowserService: prevPS PlaybackState {state=3, position=370, buffered position=0, speed=1.0, updated=285298, actions=54, custom actions=[], active item id=-1, error=null}
09-19 18:19:31.794  5925  5925 D A2dpMediaBrowserService: prev MM title Loving Strangers (Live) track len 221466
09-19 18:19:31.794  5925  5925 D A2dpMediaBrowserService: msgTrack() playbackstate PlaybackState {state=3, position=255, buffered position=0, speed=1.0, updated=285284, actions=0, custom actions=[], active item id=-1, error=null}
09-19 18:19:31.793  5925  5970 D AvrcpControllerService:  HandleMessage: 202 Remote Connected true
09-19 18:19:31.795  5925  5970 D A2dpSinkService: getA2dpSinkService(): returning com.android.bluetooth.a2dpsink.A2dpSinkService@8e0889a
09-19 18:19:31.795  5925  5970 D AvrcpControllerService:  broadcastPlayBackStateChanged = PlaybackState {state=3, position=255, buffered position=0, speed=1.0, updated=285310, actions=0, custom actions=[], active item id=-1, error=null}
09-19 18:19:31.796  5925  5925 D A2dpMediaBrowserService: onReceive intent=Intent { act=android.bluetooth.avrcp-controller.profile.action.TRACK_EVENT flg=0x10 (has extras) }
09-19 18:19:31.797  5925  5925 D A2dpMediaBrowserService: msgTrack: playback: null mmd: android.media.MediaMetadata@c1f469
09-19 18:19:31.798  2632  2668 E ActivityManager: Sending non-protected broadcast android.bluetooth.avrcp-controller.profile.action.TRACK_EVENT from system 5925:com.android.bluetooth/1002 pkg com.android.bluetooth
09-19 18:19:31.798  2632  2668 E ActivityManager: java.lang.Throwable
09-19 18:19:31.798  2632  2668 E ActivityManager:       at com.android.server.am.ActivityManagerService.broadcastIntentLocked(ActivityManagerService.java:17989)
09-19 18:19:31.798  2632  2668 E ActivityManager:       at com.android.server.am.ActivityManagerService.broadcastIntent(ActivityManagerService.java:18555)
09-19 18:19:31.798  2632  2668 E ActivityManager:       at android.app.ActivityManagerNative.onTransact(ActivityManagerNative.java:499)
09-19 18:19:31.798  2632  2668 E ActivityManager:       at com.android.server.am.ActivityManagerService.onTransact(ActivityManagerService.java:2861)
09-19 18:19:31.798  2632  2668 E ActivityManager:       at android.os.Binder.execTransact(Binder.java:565)
09-19 18:19:31.798  5925  5925 D A2dpMediaBrowserService: prevPS PlaybackState {state=3, position=283, buffered position=0, speed=1.0, updated=285312, actions=54, custom actions=[], active item id=-1, error=null}
09-19 18:19:31.799  5925  5925 D A2dpMediaBrowserService: prev MM title Loving Strangers (Live) track len 221466
09-19 18:19:31.799  5925  5925 D A2dpMediaBrowserService: msgTrack() mmd Loving Strangers (Live), 田馥甄, To My Love 影音馆
09-19 18:19:31.801  5925  5970 D AvrcpUtils:  TrackInfo Metadata [artist=田馥甄 trackTitle= Loving Strangers (Live) albumTitle= To My Love 影音馆 genre=  trackNum= 19 track_len : 221466 TotalTracks 49]
09-19 18:19:31.801  5925  5925 D A2dpMediaBrowserService: onReceive intent=Intent { act=android.bluetooth.avrcp-controller.profile.action.TRACK_EVENT flg=0x10 (has extras) }
09-19 18:19:31.802  5925  5925 D A2dpMediaBrowserService: msgTrack: playback: PlaybackState {state=3, position=255, buffered position=0, speed=1.0, updated=285310, actions=0, custom actions=[], active item id=-1, error=null} mmd: null
09-19 18:19:31.802  5925  5970 D AvrcpControllerService:  broadcastMetaDataChanged = Loving Strangers (Live), 田馥甄, To My Love 影音馆  0.0 19 49 221466 221466 
09-19 18:19:31.803  5925  5925 D A2dpMediaBrowserService: prevPS PlaybackState {state=3, position=288, buffered position=0, speed=1.0, updated=285317, actions=54, custom actions=[], active item id=-1, error=null}
09-19 18:19:31.803  5925  5925 D A2dpMediaBrowserService: prev MM title Loving Strangers (Live) track len 221466
09-19 18:19:31.804  5925  5925 D A2dpMediaBrowserService: msgTrack() playbackstate PlaybackState {state=3, position=255, buffered position=0, speed=1.0, updated=285310, actions=0, custom actions=[], active item id=-1, error=null}
09-19 18:19:31.804  2632  3652 E ActivityManager: Sending non-protected broadcast android.bluetooth.avrcp-controller.profile.action.TRACK_EVENT from system 5925:com.android.bluetooth/1002 pkg com.android.bluetooth
09-19 18:19:31.804  2632  3652 E ActivityManager: java.lang.Throwable
09-19 18:19:31.804  2632  3652 E ActivityManager:       at com.android.server.am.ActivityManagerService.broadcastIntentLocked(ActivityManagerService.java:17989)
09-19 18:19:31.804  2632  3652 E ActivityManager:       at com.android.server.am.ActivityManagerService.broadcastIntent(ActivityManagerService.java:18555)
09-19 18:19:31.804  2632  3652 E ActivityManager:       at android.app.ActivityManagerNative.onTransact(ActivityManagerNative.java:499)
09-19 18:19:31.804  2632  3652 E ActivityManager:       at com.android.server.am.ActivityManagerService.onTransact(ActivityManagerService.java:2861)
09-19 18:19:31.804  2632  3652 E ActivityManager:       at android.os.Binder.execTransact(Binder.java:565)
09-19 18:19:31.807  5925  5925 D A2dpMediaBrowserService: onReceive intent=Intent { act=android.bluetooth.avrcp-controller.profile.action.TRACK_EVENT flg=0x10 (has extras) }
09-19 18:19:31.808  5925  5925 D A2dpMediaBrowserService: msgTrack: playback: null mmd: android.media.MediaMetadata@d433eee
09-19 18:19:31.809  5925  5925 D A2dpMediaBrowserService: prevPS PlaybackState {state=3, position=268, buffered position=0, speed=1.0, updated=285323, actions=54, custom actions=[], active item id=-1, error=null}
09-19 18:19:31.810  5925  5925 D A2dpMediaBrowserService: prev MM title Loving Strangers (Live) track len 221466
09-19 18:19:31.810  5925  5925 D A2dpMediaBrowserService: msgTrack() mmd Loving Strangers (Live), 田馥甄, To My Love 影音馆
09-19 18:19:33.717  5925  5946 I BluetoothAvrcpControllerJni: btavrcp_play_position_changed_callback
09-19 18:19:33.717  5925  5946 D AvrcpControllerService: onPlayPositionChanged 
09-19 18:19:33.718  5925  5970 D AvrcpControllerService:  HandleMessage: CB_PLAY_POS_CHANGED Remote Connected true
09-19 18:19:33.718  5925  5970 D A2dpSinkService: getA2dpSinkService(): returning com.android.bluetooth.a2dpsink.A2dpSinkService@8e0889a
09-19 18:19:33.718  5925  5970 D AvrcpControllerService:  broadcastPlayBackStateChanged = PlaybackState {state=3, position=125261, buffered position=0, speed=1.0, updated=287233, actions=0, custom actions=[], active item id=-1, error=null}
09-19 18:19:33.723  2632  3675 E ActivityManager: Sending non-protected broadcast android.bluetooth.avrcp-controller.profile.action.TRACK_EVENT from system 5925:com.android.bluetooth/1002 pkg com.android.bluetooth
09-19 18:19:33.723  2632  3675 E ActivityManager: java.lang.Throwable
09-19 18:19:33.723  2632  3675 E ActivityManager:       at com.android.server.am.ActivityManagerService.broadcastIntentLocked(ActivityManagerService.java:17989)
09-19 18:19:33.723  2632  3675 E ActivityManager:       at com.android.server.am.ActivityManagerService.broadcastIntent(ActivityManagerService.java:18555)
09-19 18:19:33.723  2632  3675 E ActivityManager:       at android.app.ActivityManagerNative.onTransact(ActivityManagerNative.java:499)
09-19 18:19:33.723  2632  3675 E ActivityManager:       at com.android.server.am.ActivityManagerService.onTransact(ActivityManagerService.java:2861)
09-19 18:19:33.723  2632  3675 E ActivityManager:       at android.os.Binder.execTransact(Binder.java:565)
09-19 18:19:33.726  5925  5925 D A2dpMediaBrowserService: onReceive intent=Intent { act=android.bluetooth.avrcp-controller.profile.action.TRACK_EVENT flg=0x10 (has extras) }
09-19 18:19:33.726  5925  5925 D A2dpMediaBrowserService: msgTrack: playback: PlaybackState {state=3, position=125261, buffered position=0, speed=1.0, updated=287233, actions=0, custom actions=[], active item id=-1, error=null} mmd: null
09-19 18:19:33.728  5925  5925 D A2dpMediaBrowserService: prevPS PlaybackState {state=3, position=2187, buffered position=0, speed=1.0, updated=287242, actions=54, custom actions=[], active item id=-1, error=null}
09-19 18:19:33.728  5925  5925 D A2dpMediaBrowserService: prev MM title Loving Strangers (Live) track len 221466
09-19 18:19:33.728  5925  5925 D A2dpMediaBrowserService: msgTrack() playbackstate PlaybackState {state=3, position=125261, buffered position=0, speed=1.0, updated=287233, actions=0, custom actions=[], active item id=-1, error=null}
09-19 18:19:34.555  4580  4592 I SPProvider: call uriPrefix: content://com.ktcp.tvvideo.REMOTE_SHARED_PREFERENCE, method: get
09-19 18:19:35.082  2632  3390 D WifiHW  : wifi command = IFNAME=wlan0 SCAN TYPE=ONLY
09-19 18:19:35.088  3873  3873 D HiRMService: mNetReceiver onReceive --android.net.wifi.STATE_CHANGE
09-19 18:19:35.686  5925  5946 I BluetoothAvrcpControllerJni: btavrcp_play_position_changed_callback
09-19 18:19:35.686  5925  5946 D AvrcpControllerService: onPlayPositionChanged 
09-19 18:19:35.687  5925  5970 D AvrcpControllerService:  HandleMessage: CB_PLAY_POS_CHANGED Remote Connected true
09-19 18:19:35.687  5925  5970 D A2dpSinkService: getA2dpSinkService(): returning com.android.bluetooth.a2dpsink.A2dpSinkService@8e0889a
09-19 18:19:35.688  5925  5970 D AvrcpControllerService:  broadcastPlayBackStateChanged = PlaybackState {state=3, position=127245, buffered position=0, speed=1.0, updated=289203, actions=0, custom actions=[], active item id=-1, error=null}
09-19 18:19:35.690  2632  3991 E ActivityManager: Sending non-protected broadcast android.bluetooth.avrcp-controller.profile.action.TRACK_EVENT from system 5925:com.android.bluetooth/1002 pkg com.android.bluetooth
09-19 18:19:35.690  2632  3991 E ActivityManager: java.lang.Throwable
09-19 18:19:35.690  2632  3991 E ActivityManager:       at com.android.server.am.ActivityManagerService.broadcastIntentLocked(ActivityManagerService.java:17989)
09-19 18:19:35.690  2632  3991 E ActivityManager:       at com.android.server.am.ActivityManagerService.broadcastIntent(ActivityManagerService.java:18555)
09-19 18:19:35.690  2632  3991 E ActivityManager:       at android.app.ActivityManagerNative.onTransact(ActivityManagerNative.java:499)
09-19 18:19:35.690  2632  3991 E ActivityManager:       at com.android.server.am.ActivityManagerService.onTransact(ActivityManagerService.java:2861)
09-19 18:19:35.690  2632  3991 E ActivityManager:       at android.os.Binder.execTransact(Binder.java:565)
09-19 18:19:35.698  5925  5925 D A2dpMediaBrowserService: onReceive intent=Intent { act=android.bluetooth.avrcp-controller.profile.action.TRACK_EVENT flg=0x10 (has extras) }
09-19 18:19:35.699  5925  5925 D A2dpMediaBrowserService: msgTrack: playback: PlaybackState {state=3, position=127245, buffered position=0, speed=1.0, updated=289203, actions=0, custom actions=[], active item id=-1, error=null} mmd: null
09-19 18:19:35.700  5925  5925 D A2dpMediaBrowserService: prevPS PlaybackState {state=3, position=127242, buffered position=0, speed=1.0, updated=289214, actions=54, custom actions=[], active item id=-1, error=null}
09-19 18:19:35.700  5925  5925 D A2dpMediaBrowserService: prev MM title Loving Strangers (Live) track len 221466
09-19 18:19:35.701  5925  5925 D A2dpMediaBrowserService: msgTrack() playbackstate PlaybackState {state=3, position=127245, buffered position=0, speed=1.0, updated=289203, actions=0, custom actions=[], active item id=-1, error=null}
09-19 18:19:37.477  2632  3384 D WifiHW  : wifi command = IFNAME=wlan0 BSS RANGE=0- MASK=0x29d87
09-19 18:19:37.491  2632  3390 D WifiHW  : wifi command = IFNAME=wlan0 BSS RANGE=0- MASK=0x29d87
09-19 18:19:37.499  2632  3384 D WifiHW  : wifi command = IFNAME=wlan0 BSS RANGE=6- MASK=0x29d87
09-19 18:19:37.509  2632  3390 D WifiHW  : wifi command = IFNAME=wlan0 BSS RANGE=6- MASK=0x29d87
09-19 18:19:37.519  2632  3384 D WifiHW  : wifi command = IFNAME=wlan0 BSS RANGE=54- MASK=0x29d87
09-19 18:19:37.528  2632  3390 D WifiHW  : wifi command = IFNAME=wlan0 BSS RANGE=54- MASK=0x29d87
09-19 18:19:37.544  2632  3384 D WifiHW  : wifi command = IFNAME=wlan0 BSS RANGE=94- MASK=0x29d87
09-19 18:19:37.552  2632  3390 D WifiHW  : wifi command = IFNAME=wlan0 BSS RANGE=94- MASK=0x29d87
09-19 18:19:37.568  2632  3384 D WifiHW  : wifi command = IFNAME=wlan0 BSS RANGE=100- MASK=0x29d87
09-19 18:19:37.573  2632  3390 D WifiHW  : wifi command = IFNAME=wlan0 BSS RANGE=100- MASK=0x29d87
09-19 18:19:37.578  2632  3384 D WifiHW  : wifi command = IFNAME=wlan0 BSS RANGE=104- MASK=0x29d87
09-19 18:19:37.583  2632  3390 D WifiHW  : wifi command = IFNAME=wlan0 BSS RANGE=104- MASK=0x29d87
09-19 18:19:37.588  3873  3873 D HiRMService: mNetReceiver onReceive --android.net.wifi.STATE_CHANGE
09-19 18:19:37.682  5925  5946 I BluetoothAvrcpControllerJni: btavrcp_play_position_changed_callback
09-19 18:19:37.682  5925  5946 D AvrcpControllerService: onPlayPositionChanged 
09-19 18:19:37.684  5925  5970 D AvrcpControllerService:  HandleMessage: CB_PLAY_POS_CHANGED Remote Connected true
09-19 18:19:37.684  5925  5970 D A2dpSinkService: getA2dpSinkService(): returning com.android.bluetooth.a2dpsink.A2dpSinkService@8e0889a
09-19 18:19:37.684  5925  5970 D AvrcpControllerService:  broadcastPlayBackStateChanged = PlaybackState {state=3, position=129241, buffered position=0, speed=1.0, updated=291199, actions=0, custom actions=[], active item id=-1, error=null}
09-19 18:19:37.687  2632  3675 E ActivityManager: Sending non-protected broadcast android.bluetooth.avrcp-controller.profile.action.TRACK_EVENT from system 5925:com.android.bluetooth/1002 pkg com.android.bluetooth
09-19 18:19:37.687  2632  3675 E ActivityManager: java.lang.Throwable
09-19 18:19:37.687  2632  3675 E ActivityManager:       at com.android.server.am.ActivityManagerService.broadcastIntentLocked(ActivityManagerService.java:17989)
09-19 18:19:37.687  2632  3675 E ActivityManager:       at com.android.server.am.ActivityManagerService.broadcastIntent(ActivityManagerService.java:18555)
09-19 18:19:37.687  2632  3675 E ActivityManager:       at android.app.ActivityManagerNative.onTransact(ActivityManagerNative.java:499)
09-19 18:19:37.687  2632  3675 E ActivityManager:       at com.android.server.am.ActivityManagerService.onTransact(ActivityManagerService.java:2861)
09-19 18:19:37.687  2632  3675 E ActivityManager:       at android.os.Binder.execTransact(Binder.java:565)
09-19 18:19:37.694  5925  5925 D A2dpMediaBrowserService: onReceive intent=Intent { act=android.bluetooth.avrcp-controller.profile.action.TRACK_EVENT flg=0x10 (has extras) }
09-19 18:19:37.695  5925  5925 D A2dpMediaBrowserService: msgTrack: playback: PlaybackState {state=3, position=129241, buffered position=0, speed=1.0, updated=291199, actions=0, custom actions=[], active item id=-1, error=null} mmd: null
09-19 18:19:37.696  5925  5925 D A2dpMediaBrowserService: prevPS PlaybackState {state=3, position=129252, buffered position=0, speed=1.0, updated=291210, actions=54, custom actions=[], active item id=-1, error=null}
09-19 18:19:37.697  5925  5925 D A2dpMediaBrowserService: prev MM title Loving Strangers (Live) track len 221466
09-19 18:19:37.697  5925  5925 D A2dpMediaBrowserService: msgTrack() playbackstate PlaybackState {state=3, position=129241, buffered position=0, speed=1.0, updated=291199, actions=0, custom actions=[], active item id=-1, error=null}
