09-19 17:56:18.195 E/APM_AudioPolicyManager( 1721): get curStream 2, curDevice 1024
09-19 17:56:18.195 I/EventHub( 2080): New device: id=5, fd=188, path='/dev/input/event4', name='AVRCP', classes=0x1, configuration='/system/usr/idc/AVRCP.idc', keyLayout='/system/usr/keylayout/AVRCP.kl', keyCharacterMap='/system/usr/keychars/Generic.kcm', builtinKeyboard=false, wakeMechanism=EPOLLWAKEUP, usingClockIoctl=true
09-19 17:56:18.195 E/APM_AudioPolicyManager( 1721): 5 outpt stream1 2, curStream 2
09-19 17:56:18.195 E/APM_AudioPolicyManager( 1721): is outpt stream1 2, curStream 3
09-19 17:56:18.195 E/APM_AudioPolicyManager( 1721): is outpt stream1 2, curStream 4
09-19 17:56:18.195 E/APM_AudioPolicyManager( 1721): is outpt stream1 2, curStream 5
09-19 17:56:18.195 E/APM_AudioPolicyManager( 1721): is outpt stream1 2, curStream 6
09-19 17:56:18.195 E/APM_AudioPolicyManager( 1721): is outpt stream1 2, curStream 7
09-19 17:56:18.195 E/APM_AudioPolicyManager( 1721): is outpt stream1 2, curStream 8
09-19 17:56:18.195 D/KeyLayoutMap( 2080): findScanCodeForLed: ledCode=1 ~ Not found.
09-19 17:56:18.195 E/APM_AudioPolicyManager( 1721): is outpt stream1 2, curStream 9
09-19 17:56:18.195 E/APM_AudioPolicyManager( 1721): is outpt stream1 2, curStream 10
09-19 17:56:18.195 D/KeyLayoutMap( 2080): findScanCodeForLed: ledCode=0 ~ Not found.
09-19 17:56:18.195 E/APM_AudioPolicyManager( 1721): is outpt stream1 2, curStream 11
09-19 17:56:18.195 D/KeyLayoutMap( 2080): findScanCodeForLed: ledCode=2 ~ Not found.
09-19 17:56:18.195 I/InputReader( 2080): Device added: id=5, name='AVRCP', sources=0x00000101
09-19 17:56:18.195 E/APM_AudioPolicyManager( 1721): mOutputs.size() 1
09-19 17:56:18.195 E/APM_AudioPolicyManager( 1721): device 1024, popcount(device)1
09-19 17:56:18.195 E/APM_AudioPolicyManager( 1721): is outpt stream1 2, curStream 0
09-19 17:56:18.195 E/APM_AudioPolicyManager( 1721): is outpt stream1 2, curStream 1
09-19 17:56:18.195 E/APM_AudioPolicyManager( 1721): get curStream 2, curDevice 1024
09-19 17:56:18.195 E/APM_AudioPolicyManager( 1721): 5 outpt stream1 2, curStream 2
09-19 17:56:18.195 E/APM_AudioPolicyManager( 1721): is outpt stream1 2, curStream 3
09-19 17:56:18.195 E/APM_AudioPolicyManager( 1721): is outpt stream1 2, curStream 4
09-19 17:56:18.195 E/APM_AudioPolicyManager( 1721): is outpt stream1 2, curStream 5
09-19 17:56:18.195 E/APM_AudioPolicyManager( 1721): is outpt stream1 2, curStream 6
09-19 17:56:18.195 E/APM_AudioPolicyManager( 1721): is outpt stream1 2, curStream 7
09-19 17:56:18.195 E/APM_AudioPolicyManager( 1721): is outpt stream1 2, curStream 8
09-19 17:56:18.195 E/APM_AudioPolicyManager( 1721): is outpt stream1 2, curStream 9
09-19 17:56:18.195 E/APM_AudioPolicyManager( 1721): is outpt stream1 2, curStream 10
09-19 17:56:18.195 E/APM_AudioPolicyManager( 1721): is outpt stream1 2, curStream 11
09-19 17:56:18.195 E/APM_AudioPolicyManager( 1721): mOutputs.size() 1
09-19 17:56:18.195 E/APM_AudioPolicyManager( 1721): device 1024, popcount(device)1
09-19 17:56:18.195 E/APM_AudioPolicyManager( 1721): is outpt stream1 1, curStream 0
09-19 17:56:18.195 E/APM_AudioPolicyManager( 1721): get curStream 1, curDevice 1024
09-19 17:56:18.195 E/APM_AudioPolicyManager( 1721): 5 outpt stream1 1, curStream 1
09-19 17:56:18.195 E/APM_AudioPolicyManager( 1721): is outpt stream1 1, curStream 2
09-19 17:56:18.195 E/APM_AudioPolicyManager( 1721): is outpt stream1 1, curStream 3
09-19 17:56:18.195 E/APM_AudioPolicyManager( 1721): is outpt stream1 1, curStream 4
09-19 17:56:18.195 E/APM_AudioPolicyManager( 1721): is outpt stream1 1, curStream 5
09-19 17:56:18.195 E/APM_AudioPolicyManager( 1721): is outpt stream1 1, curStream 6
09-19 17:56:18.195 E/APM_AudioPolicyManager( 1721): is outpt stream1 1, curStream 7
09-19 17:56:18.195 E/APM_AudioPolicyManager( 1721): is outpt stream1 1, curStream 8
09-19 17:56:18.195 E/APM_AudioPolicyManager( 1721): is outpt stream1 1, curStream 9
09-19 17:56:18.195 E/APM_AudioPolicyManager( 1721): is outpt stream1 1, curStream 10
09-19 17:56:18.195 E/APM_AudioPolicyManager( 1721): is outpt stream1 1, curStream 11
09-19 17:56:18.196 E/APM_AudioPolicyManager( 1721): mOutputs.size() 1
09-19 17:56:18.196 E/APM_AudioPolicyManager( 1721): device 1024, popcount(device)1
09-19 17:56:18.196 E/APM_AudioPolicyManager( 1721): is outpt stream1 1, curStream 0
09-19 17:56:18.196 D/A2dpMediaBrowserService( 2702): onReceive intent=Intent { act=android.bluetooth.avrcp-controller.profile.action.CONNECTION_STATE_CHANGED flg=0x10 (has extras) }
09-19 17:56:18.196 E/APM_AudioPolicyManager( 1721): get curStream 1, curDevice 1024
09-19 17:56:18.196 E/APM_AudioPolicyManager( 1721): 5 outpt stream1 1, curStream 1
09-19 17:56:18.196 E/APM_AudioPolicyManager( 1721): is outpt stream1 1, curStream 2
09-19 17:56:18.196 E/APM_AudioPolicyManager( 1721): is outpt stream1 1, curStream 3
09-19 17:56:18.196 E/APM_AudioPolicyManager( 1721): is outpt stream1 1, curStream 4
09-19 17:56:18.196 E/APM_AudioPolicyManager( 1721): is outpt stream1 1, curStream 5
09-19 17:56:18.196 E/APM_AudioPolicyManager( 1721): is outpt stream1 1, curStream 6
09-19 17:56:18.196 E/APM_AudioPolicyManager( 1721): is outpt stream1 1, curStream 7
09-19 17:56:18.196 E/APM_AudioPolicyManager( 1721): is outpt stream1 1, curStream 8
09-19 17:56:18.196 E/APM_AudioPolicyManager( 1721): is outpt stream1 1, curStream 9
09-19 17:56:18.196 D/A2dpMediaBrowserService( 2702): handleConnectionStateChange: newState=2 btDev=04:4B:ED:36:C4:7A
09-19 17:56:18.196 E/APM_AudioPolicyManager( 1721): is outpt stream1 1, curStream 10
09-19 17:56:18.196 E/APM_AudioPolicyManager( 1721): is outpt stream1 1, curStream 11
09-19 17:56:18.196 D/A2dpMediaBrowserService( 2702): msgDeviceConnect
09-19 17:56:18.197 E/APM_AudioPolicyManager( 1721): mOutputs.size() 1
09-19 17:56:18.197 E/APM_AudioPolicyManager( 1721): device 1024, popcount(device)1
09-19 17:56:18.197 E/APM_AudioPolicyManager( 1721): get curStream 0, curDevice 1024
09-19 17:56:18.197 E/APM_AudioPolicyManager( 1721): 5 outpt stream1 0, curStream 0
09-19 17:56:18.197 E/APM_AudioPolicyManager( 1721): is outpt stream1 0, curStream 1
09-19 17:56:18.197 E/APM_AudioPolicyManager( 1721): is outpt stream1 0, curStream 2
09-19 17:56:18.197 E/APM_AudioPolicyManager( 1721): is outpt stream1 0, curStream 3
09-19 17:56:18.197 E/APM_AudioPolicyManager( 1721): is outpt stream1 0, curStream 4
09-19 17:56:18.197 E/APM_AudioPolicyManager( 1721): is outpt stream1 0, curStream 5
09-19 17:56:18.197 E/APM_AudioPolicyManager( 1721): is outpt stream1 0, curStream 6
09-19 17:56:18.197 E/APM_AudioPolicyManager( 1721): is outpt stream1 0, curStream 7
09-19 17:56:18.197 E/APM_AudioPolicyManager( 1721): is outpt stream1 0, curStream 8
09-19 17:56:18.197 E/APM_AudioPolicyManager( 1721): is outpt stream1 0, curStream 9
09-19 17:56:18.197 E/APM_AudioPolicyManager( 1721): is outpt stream1 0, curStream 10
09-19 17:56:18.197 E/APM_AudioPolicyManager( 1721): is outpt stream1 0, curStream 11
09-19 17:56:18.197 E/APM_AudioPolicyManager( 1721): mOutputs.size() 1
09-19 17:56:18.197 E/APM_AudioPolicyManager( 1721): device 1024, popcount(device)1
09-19 17:56:18.197 E/APM_AudioPolicyManager( 1721): get curStream 0, curDevice 1024
09-19 17:56:18.197 E/APM_AudioPolicyManager( 1721): 5 outpt stream1 0, curStream 0
09-19 17:56:18.197 E/APM_AudioPolicyManager( 1721): is outpt stream1 0, curStream 1
09-19 17:56:18.197 E/APM_AudioPolicyManager( 1721): is outpt stream1 0, curStream 2
09-19 17:56:18.197 E/APM_AudioPolicyManager( 1721): is outpt stream1 0, curStream 3
09-19 17:56:18.197 E/APM_AudioPolicyManager( 1721): is outpt stream1 0, curStream 4
09-19 17:56:18.197 E/APM_AudioPolicyManager( 1721): is outpt stream1 0, curStream 5
09-19 17:56:18.197 E/APM_AudioPolicyManager( 1721): is outpt stream1 0, curStream 6
09-19 17:56:18.197 E/APM_AudioPolicyManager( 1721): is outpt stream1 0, curStream 7
09-19 17:56:18.197 E/APM_AudioPolicyManager( 1721): is outpt stream1 0, curStream 8
09-19 17:56:18.197 E/APM_AudioPolicyManager( 1721): is outpt stream1 0, curStream 9
09-19 17:56:18.197 E/APM_AudioPolicyManager( 1721): is outpt stream1 0, curStream 10
09-19 17:56:18.197 E/APM_AudioPolicyManager( 1721): is outpt stream1 0, curStream 11
09-19 17:56:18.198 E/APM_AudioPolicyManager( 1721): mOutputs.size() 1
09-19 17:56:18.198 E/APM_AudioPolicyManager( 1721): device 1024, popcount(device)1
09-19 17:56:18.198 E/APM_AudioPolicyManager( 1721): is outpt stream1 2, curStream 0
09-19 17:56:18.198 E/APM_AudioPolicyManager( 1721): is outpt stream1 2, curStream 1
09-19 17:56:18.198 E/APM_AudioPolicyManager( 1721): get curStream 2, curDevice 1024
09-19 17:56:18.198 E/APM_AudioPolicyManager( 1721): 5 outpt stream1 2, curStream 2
09-19 17:56:18.198 V/AvrcpControllerService( 2702): Binder Call: getPlaybackState
09-19 17:56:18.199 D/AvrcpControllerService( 2702): getPlayBackState device = 04:4B:ED:36:C4:7A
09-19 17:56:18.202 V/AvrcpControllerService( 2702): Binder Call: getMetaData 
09-19 17:56:18.202 D/AvrcpControllerService( 2702): getMetaData = 
09-19 17:56:18.203 D/AvrcpUtils( 2702):  TrackInfo Metadata [artist=NOT_SUPPORTED trackTitle= NOT_SUPPORTED albumTitle= NOT_SUPPORTED genre= NOT_SUPPORTED trackNum= 255 track_len : 255 TotalTracks 255]
09-19 17:56:18.204 D/A2dpMediaBrowserService( 2702): Media metadata android.media.MediaMetadata@74a7684 playback state PlaybackState {state=1, position=0, buffered position=0, speed=0.0, updated=206604, actions=54, custom actions=[], active item id=-1, error=null}
09-19 17:56:18.204 V/AvrcpControllerService( 2702): Binder Call: getMetaData 
09-19 17:56:18.205 D/AvrcpControllerService( 2702): getMetaData = 
09-19 17:56:18.207 D/AvrcpUtils( 2702):  TrackInfo Metadata [artist=NOT_SUPPORTED trackTitle= NOT_SUPPORTED albumTitle= NOT_SUPPORTED genre= NOT_SUPPORTED trackNum= 255 track_len : 255 TotalTracks 255]
09-19 17:56:18.209 I/BluetoothAvrcpControllerJni( 2702): btavrcp_play_status_changed_callback
09-19 17:56:18.209 D/AvrcpControllerService( 2702): onPlayStatusChanged 0
09-19 17:56:18.210 D/AvrcpControllerService( 2702):  HandleMessage: CB_PLAY_STATUS_CHANGED Remote Connected true
09-19 17:56:18.210 D/A2dpSinkService( 2702): getA2dpSinkService(): returning com.android.bluetooth.a2dpsink.A2dpSinkService@8e0889a
09-19 17:56:18.210 D/AvrcpControllerService( 2702): Metadata is not broadcasted, ignoring.
09-19 17:56:18.210 D/A2dpSinkStateMachine( 2702): Connected process message: 304
09-19 17:56:18.210 D/A2dpSinkStreamingStateMachine.SRC_F_ACT_F( 2702):  process message: 5
09-19 17:56:18.210 E/A2dpSinkStreamingStateMachine( 2702): Don't know how to handle 5
09-19 17:56:18.226 I/ActivityManager( 2080): Start proc 5076:android.process.acore/u0a2 for content provider com.android.providers.userdictionary/.UserDictionaryProvider
09-19 17:56:18.238 I/BluetoothAvrcpControllerJni( 2702): btavrcp_playerapplicationsetting_callback
09-19 17:56:18.238 I/BluetoothAvrcpControllerJni( 2702):  arraylen 9
09-19 17:56:18.238 D/AvrcpControllerService( 2702): handlePlayerAppSetting rspLen = 9
09-19 17:56:18.238 D/AvrcpControllerService( 2702):  HandleMessage: CB_SUPPORTED_PLAYER_APP_SETTING Remote Connected true
09-19 17:56:18.238 D/A2dpSinkService( 2702): getA2dpSinkService(): returning com.android.bluetooth.a2dpsink.A2dpSinkService@8e0889a
09-19 17:56:18.244 I/BluetoothAvrcpControllerJni( 2702): btavrcp_playerapplicationsetting_changed_callback
09-19 17:56:18.244 D/AvrcpControllerService( 2702): onPlayerAppSettingChanged 
09-19 17:56:18.245 D/AvrcpControllerService( 2702):  HandleMessage: CB_PLAYER_APP_SETTING_CHANGED Remote Connected true
09-19 17:56:18.245 D/A2dpSinkService( 2702): getA2dpSinkService(): returning com.android.bluetooth.a2dpsink.A2dpSinkService@8e0889a
09-19 17:56:18.245 D/AvrcpUtils( 2702): attribId: 2 attribVal: 1
09-19 17:56:18.245 D/AvrcpUtils( 2702): attribId: 3 attribVal: 1
09-19 17:56:18.245 D/AvrcpUtils( 2702):  setting: 6
09-19 17:56:18.246 D/AvrcpControllerService( 2702):  broadcastPlayerAppSettingChanged =  REPEAT : 0 SHUFFLE : 0
09-19 17:56:18.247 E/ActivityManager( 2080): Sending non-protected broadcast android.bluetooth.avrcp-controller.profile.action.PLAYER_SETTING from system 2702:com.android.bluetooth/1002 pkg com.android.bluetooth
09-19 17:56:18.247 E/ActivityManager( 2080): java.lang.Throwable
09-19 17:56:18.247 E/ActivityManager( 2080):    at com.android.server.am.ActivityManagerService.broadcastIntentLocked(ActivityManagerService.java:17989)
09-19 17:56:18.247 E/ActivityManager( 2080):    at com.android.server.am.ActivityManagerService.broadcastIntent(ActivityManagerService.java:18555)
09-19 17:56:18.247 E/ActivityManager( 2080):    at android.app.ActivityManagerNative.onTransact(ActivityManagerNative.java:499)
09-19 17:56:18.247 E/ActivityManager( 2080):    at com.android.server.am.ActivityManagerService.onTransact(ActivityManagerService.java:2861)
09-19 17:56:18.247 E/ActivityManager( 2080):    at android.os.Binder.execTransact(Binder.java:565)
09-19 17:56:18.251 I/BluetoothAvrcpControllerJni( 2702): btavrcp_track_changed_callback
09-19 17:56:18.252 D/AvrcpControllerService( 2702): onTrackChanged 
09-19 17:56:18.254 W/System  ( 5076): ClassLoader referenced unknown path: /system/app/UserDictionaryProvider/lib/arm
09-19 17:56:18.257 D/AvrcpControllerService( 2702):  HandleMessage: CB_TRACK_CHANGED Remote Connected true
09-19 17:56:18.257 D/A2dpSinkService( 2702): getA2dpSinkService(): returning com.android.bluetooth.a2dpsink.A2dpSinkService@8e0889a
09-19 17:56:18.258 D/AvrcpControllerService( 2702): Metadata is not broadcasted, ignoring.
09-19 17:56:18.281 W/System  ( 5076): ClassLoader referenced unknown path: /system/priv-app/ContactsProvider/lib/arm
09-19 17:56:18.446 I/SPProvider( 3743): call uriPrefix: content://com.ktcp.tvvideo.REMOTE_SHARED_PREFERENCE, method: get
09-19 17:56:18.476 W/System  ( 5076): ClassLoader referenced unknown path: /system/priv-app/BlockedNumberProvider/lib/arm
09-19 17:56:18.528 I/turen   ( 3214): [R2][00:03:02.912] [R2AsrParser.cpp       66] ☘   (ID-0) yu cuo se , 
09-19 17:56:18.591 I/turen   ( 3214): [R2][00:03:02.976] [R2AsrParser.cpp       66] ☘   (ID-0) yu cuo se lai , 
09-19 17:56:18.597 D/Index   ( 2940): Indexing locale 'zh_CN' took 395 millis
09-19 17:56:18.648 I/ContactLocale( 5076): AddressBook Labels [[zh_CN]]: […, A, B, C, D, E, F, G, H, I, J, K, L, M, N, O, P, Q, R, S, T, U, V, W, X, Y, Z, Α, Β, Γ, Δ, Ε, Ζ, Η, Θ, Ι, Κ, Λ, Μ, Ν, Ξ, Ο, Π, Ρ, Σ, Τ, Υ, Φ, Χ, Ψ, Ω, …, А, Б, В, Г, Д, Ђ, Е, Є, Ж, З, И, І, Й, Ј, К, Л, Љ, М, Н, Њ, О, П, Р, С, Т, Ћ, У, Ф, Х, Ц, Ч, Џ, Ш, Щ, Ю, Я, …, א, ב, ג, ד, ה, ו, ז, ח, ט, י, כ, ל, מ, נ, ס, ע, פ, צ, ק, ר, ש, ת, …, ا, ب, ت, ث, ج, ح, خ, د, ذ, ر, ز, س, ش, ص, ض, ط, ظ, ع, غ, ف, ق, ك, ل, م, ن, ه, و, ي, …, ก, ข, ฃ, ค, ฅ, ฆ, ง, จ, ฉ, ช, ซ, ฌ, ญ, ฎ, ฏ, ฐ, ฑ, ฒ, ณ, ด, ต, ถ, ท, ธ, น, บ, ป, ผ, ฝ, พ, ฟ, ภ, ม, ย, ร, ฤ, ล, ฦ, ว, ศ, ษ, ส, ห, ฬ, อ, ฮ, …, ㄱ, ㄴ, ㄷ, ㄹ, ㅁ, ㅂ, ㅅ, ㅇ, ㅈ, ㅊ, ㅋ, ㅌ, ㅍ, ㅎ, …, あ, か, さ, た, な, は, ま, や, ら, わ, #, …]
09-19 17:56:18.783 I/turen   ( 3214): [R2][00:03:03.168] [R2AsrParser.cpp       66] ☘   (ID-0) yu cuo se lai , 
09-19 17:56:18.910 I/turen   ( 3214): [R2][00:03:03.296] [R2AsrParser.cpp       66] ☘   (ID-0) yu cuo se lai si , 
09-19 17:56:19.112 I/turen   ( 3214): [R2][00:03:03.488] [R2AsrParser.cpp       66] ☘   (ID-0) yu cuo se lai si ba , 
09-19 17:56:19.121 D/WifiHW  ( 2080): wifi command = IFNAME=wlan0 BSS RANGE=0- MASK=0x29d87
09-19 17:56:19.129 D/WifiHW  ( 2080): wifi command = IFNAME=wlan0 BSS RANGE=0- MASK=0x29d87
09-19 17:56:19.134 D/WifiHW  ( 2080): wifi command = IFNAME=wlan0 BSS RANGE=13- MASK=0x29d87
09-19 17:56:19.139 D/WifiHW  ( 2080): wifi command = IFNAME=wlan0 BSS RANGE=13- MASK=0x29d87
09-19 17:56:19.147 D/WifiHW  ( 2080): wifi command = IFNAME=wlan0 BSS RANGE=42- MASK=0x29d87
09-19 17:56:19.152 D/WifiHW  ( 2080): wifi command = IFNAME=wlan0 BSS RANGE=42- MASK=0x29d87
09-19 17:56:19.164 D/WifiHW  ( 2080): wifi command = IFNAME=wlan0 BSS RANGE=65- MASK=0x29d87
09-19 17:56:19.172 D/WifiHW  ( 2080): wifi command = IFNAME=wlan0 BSS RANGE=65- MASK=0x29d87
09-19 17:56:19.181 D/WifiHW  ( 2080): wifi command = IFNAME=wlan0 BSS RANGE=76- MASK=0x29d87
09-19 17:56:19.186 D/WifiHW  ( 2080): wifi command = IFNAME=wlan0 BSS RANGE=76- MASK=0x29d87
09-19 17:56:19.193 D/WifiHW  ( 2080): wifi command = IFNAME=wlan0 BSS RANGE=91- MASK=0x29d87
09-19 17:56:19.200 D/WifiHW  ( 2080): wifi command = IFNAME=wlan0 BSS RANGE=91- MASK=0x29d87
09-19 17:56:19.210 D/WifiHW  ( 2080): wifi command = IFNAME=wlan0 BSS RANGE=98- MASK=0x29d87
09-19 17:56:19.212 D/WifiHW  ( 2080): wifi command = IFNAME=wlan0 BSS RANGE=99- MASK=0x29d87
09-19 17:56:19.213 D/WifiHW  ( 2080): wifi command = IFNAME=wlan0 BSS RANGE=98- MASK=0x29d87
09-19 17:56:19.216 D/HiRMService( 3200): mNetReceiver onReceive --android.net.wifi.STATE_CHANGE
09-19 17:56:19.218 D/WifiHW  ( 2080): wifi command = IFNAME=wlan0 BSS RANGE=99- MASK=0x29d87
09-19 17:56:19.746 I/turen   ( 3214): [R2][00:03:04.128] [R2AsrParser.cpp       66] ☘   (ID-0) yu cuo se lai si ba cao , 
09-19 17:56:19.892 I/turen   ( 3214): [R2][00:03:04.256] [R2AsrParser.cpp       66] ☘   (ID-0) yu cuo se lai si ba cao jiu , 
09-19 17:56:20.202 I/turen   ( 3214): [R2][00:03:04.448] [R2AsrParser.cpp       66] ☘   (ID-0) yu cuo se lai si ba cao jiu la , 
09-19 17:56:20.208 I/turen   ( 3214): [R2][00:03:04.448] [R2AsrParser.cpp       66] ☘   (ID-0) yu cuo se lai si ba cao jiu la , 
09-19 17:56:20.210 I/turen   ( 3214): [R2][00:03:04.448] [core/R2VbvCtc.cpp    439] ☘   [jihuoci] stop lines
09-19 17:56:20.351 I/XiaoWeiSDK_JNI( 3214): on_request_callback voiceId = DDQZBGCSPFNJGOISAYVSMYOTCUELCWVY,event = 4,rspData=(null),extent_info={"event":"RecognizeEnd","voiceid":"DDQZBGCSPFNJGOISAYVSMYOTCUELCWVY"
09-19 17:56:20.353 I/XiaoWeiSDK_JNI( 3214): on_request_callback voiceId = DDQZBGCSPFNJGOISAYVSMYOTCUELCWVY,event = 3,rspData=(null),extent_info=(null)
09-19 17:56:20.364 I/XiaoWeiSDK_JNI( 3214): on_request_callback voiceId = DDQZBGCSPFNJGOISAYVSMYOTCUELCWVY,event = 5,rspData=,extent_info=(null)
09-19 17:56:20.374 I/XiaoWeiSDK_JNI( 3214): on_request_callback voiceId = DDQZBGCSPFNJGOISAYVSMYOTCUELCWVY,event = 0,rspData=(null),extent_info=(null)
09-19 17:56:20.566 V/AudioFlinger( 1721): releaseWakeLock_l() AudioOut_D
09-19 17:56:20.566 V/AudioFlinger( 1721): thread 0xab498140 type 0 TID 1946 going to sleep
09-19 17:56:23.464 I/SPProvider( 3743): call uriPrefix: content://com.ktcp.tvvideo.REMOTE_SHARED_PREFERENCE, method: get
09-19 17:56:26.726 D/WifiHW  ( 2080): wifi command = IFNAME=wlan0 SCAN TYPE=ONLY
09-19 17:56:26.732 D/HiRMService( 3200): mNetReceiver onReceive --android.net.wifi.STATE_CHANGE
09-19 17:56:27.625 I/turen   ( 3214): [R2][00:03:12.000] [core/R2VbvCtc.cpp    379] ☘   [jihuoci] start lines
09-19 17:56:27.802 I/turen   ( 3214): [R2][00:03:12.000] [core/R2VbvCtc.cpp    228] vbv total time cost: 25431
09-19 17:56:27.802 I/turen   ( 3214): [R2][00:03:12.000] [core/R2VbvCtc.cpp    230] bf12 time cost: 17800
09-19 17:56:27.802 I/turen   ( 3214): [R2][00:03:12.000] [core/R2VbvCtc.cpp    232] big code block time cost: 7609
09-19 17:56:27.802 I/turen   ( 3214): [R2][00:03:12.000] [core/R2VbvCtc.cpp    235] *1* putvoiceToLines time cost: 154919
09-19 17:56:27.802 I/turen   ( 3214): [R2][00:03:12.000] [core/R2VbvCtc.cpp    239] *2* putvoiceToLines time cost: 7603
09-19 17:56:27.802 I/turen   ( 3214): [R2][00:03:12.000] [core/R2VbvCtc.cpp    243] *3* putvoiceToLines time cost: 27124
09-19 17:56:27.802 I/turen   ( 3214): [R2][00:03:12.000] [core/R2ad2VBF.cpp    205] R2ad2VBF big code block time cost: 24
09-19 17:56:28.112 I/turen   ( 3214): [R2][00:03:12.448] [R2AsrParser.cpp       66] ☘   (ID-0) hu zuo , 
09-19 17:56:28.178 I/turen   ( 3214): [R2][00:03:12.576] [R2AsrParser.cpp       66] ☘   (ID-0) hu zuo yi , 
09-19 17:56:28.312 I/turen   ( 3214): [R2][00:03:12.704] [R2AsrParser.cpp       66] ☘   (ID-0) hu zuo yi ge , 
09-19 17:56:28.500 I/SPProvider( 3743): call uriPrefix: content://com.ktcp.tvvideo.REMOTE_SHARED_PREFERENCE, method: get
09-19 17:56:28.594 I/turen   ( 3214): [R2][00:03:12.960] [R2AsrParser.cpp       66] ☘   (ID-0) hu zuo yi ge feng , 
09-19 17:56:28.775 I/turen   ( 3214): [R2][00:03:13.152] [R2AsrParser.cpp       66] ☘   (ID-0) hu zuo yi ge feng di , 
09-19 17:56:28.838 E/bt_btif ( 2702): bta_av_proc_stream_evt: p_data is null
09-19 17:56:28.838 I/bt_bta_av( 2702): bta_av_link_role_ok hndl:x41 role:1 conn_audio:x1 bits:1 features:x824b
09-19 17:56:28.838 W/bt_btif ( 2702): bta_dm_rm_cback:0, status:0
09-19 17:56:28.838 W/bt_btif ( 2702): bta_dm_rm_cback:1, status:7
09-19 17:56:28.838 W/bt_btif ( 2702): new conn_srvc id:18, app_id:1
09-19 17:56:28.838 I/BluetoothA2dpSinkServiceJni( 2702): bta2dp_audio_state_callback
09-19 17:56:28.839 D/A2dpSinkStateMachine( 2702): Connected process message: 101
09-19 17:56:28.839 D/A2dpSinkStateMachine( 2702):  processAudioStateEvent in state 2
09-19 17:56:28.839 D/A2dpSinkStreamingStateMachine.SRC_F_ACT_F( 2702):  process message: 0
09-19 17:56:28.839 D/A2dpSinkStreamingStateMachine.SRC_T_ACT_F( 2702): Enter: 0
09-19 17:56:28.900 I/turen   ( 3214): [R2][00:03:13.280] [R2AsrParser.cpp       66] ☘   (ID-0) hu zuo yi ge feng di jiao , 
09-19 17:56:29.010 V/AudioFlinger( 1721): start(4097), calling pid 2702 session 49
09-19 17:56:29.010 V/AudioFlinger( 1721): ? => ACTIVE (4097) on thread 0xa9e8a000
09-19 17:56:29.010 V/APM::AudioOutputDescriptor( 1721): changeRefCount() stream 3, count 1
09-19 17:56:29.010 V/APM::AudioPolicyEngine( 1721): getDeviceForStrategy() strategy 0, device 400
09-19 17:56:29.010 V/APM::AudioPolicyEngine( 1721): getDeviceForStrategy() strategy 0, device 400
09-19 17:56:29.010 V/APM::AudioPolicyEngine( 1721): getDeviceForStrategy() strategy 1, device 400
09-19 17:56:29.010 V/APM::AudioPolicyEngine( 1721): getDeviceForStrategy() strategy 2, device 2
09-19 17:56:29.010 V/APM::AudioPolicyEngine( 1721): getDeviceForStrategy() strategy 0, device 400
09-19 17:56:29.010 V/APM::AudioPolicyEngine( 1721): getDeviceForStrategy() strategy 3, device 400
09-19 17:56:29.010 V/APM::AudioPolicyEngine( 1721): getDeviceForStrategy() strategy 0, device 400
09-19 17:56:29.010 V/APM::AudioPolicyEngine( 1721): getDeviceForStrategy() strategy 4, device 400
09-19 17:56:29.011 V/APM::AudioPolicyEngine( 1721): getDeviceForStrategy() strategy 5, device 400
09-19 17:56:29.011 V/APM::AudioPolicyEngine( 1721): getDeviceForStrategy() strategy 6, device 2
09-19 17:56:29.011 V/APM::AudioPolicyEngine( 1721): getDeviceForStrategy() strategy 7, device 400
09-19 17:56:29.011 V/APM::AudioPolicyEngine( 1721): getDeviceForStrategy() strategy 8, device 400
09-19 17:56:29.011 V/AudioFlinger( 1721): ThreadBase::setParameters() routing=1024
09-19 17:56:29.011 V/AudioFlinger( 1721): sendConfigEvent_l() num events 1 event 2
09-19 17:56:29.041 V/AudioFlinger( 1721): processConfigEvents_l() remaining events 1
09-19 17:56:29.041 V/AudioFlinger( 1721): processConfigEvents_l() DONE thread 0xaa903300
09-19 17:56:29.042 V/AudioFlinger( 1721): sendConfigEvent_l() num events 1 event 3
09-19 17:56:29.042 V/AudioFlinger( 1721): thread 0xab498140 type 0 TID 1946 waking up
09-19 17:56:29.042 V/AudioFlinger( 1721): acquireWakeLock_l() AudioOut_D status 0
09-19 17:56:29.042 V/AudioFlinger( 1721): processConfigEvents_l() remaining events 1
09-19 17:56:29.042 D/audio_hal( 1721): out_set_parameters kvpairs = routing=1024
09-19 17:56:29.042 D/audio_hal( 1721): func:out_set_parameters, 1024 ---> HISI_AO_CARD_ID(0, 0) 
09-19 17:56:29.042 V/AudioFlinger( 1721): processConfigEvents_l() DONE thread 0xab498140
09-19 17:56:29.043 V/AudioFlinger( 1721): updateWakeLockUids_l() AudioOut_D status 0
09-19 17:56:29.043 V/AudioFlinger( 1721): setParameters(): io 46, keyvalue routing=1024, calling pid 1721
09-19 17:56:29.043 V/AudioFlinger( 1721): ThreadBase::setParameters() routing=1024
09-19 17:56:29.043 V/AudioFlinger( 1721): sendConfigEvent_l() num events 1 event 2
09-19 17:56:29.073 V/AudioFlinger( 1721): processConfigEvents_l() remaining events 1
09-19 17:56:29.073 V/AudioFlinger( 1721): processConfigEvents_l() DONE thread 0xaa903300
09-19 17:56:29.075 E/APM_AudioPolicyManager( 1721): device 1024, popcount(device)1
09-19 17:56:29.075 E/APM_AudioPolicyManager( 1721): checkAndSetVolume stream 0,index 4,device 1024
09-19 17:56:29.075 E/APM_AudioPolicyManager( 1721): device 1024, popcount(device)1
09-19 17:56:29.075 E/APM::AudioOutputDescriptor( 1721): changed 0
09-19 17:56:29.075 E/APM_AudioPolicyManager( 1721): device 1024, popcount(device)1
09-19 17:56:29.075 E/APM_AudioPolicyManager( 1721): checkAndSetVolume stream 1,index 6,device 1024
09-19 17:56:29.075 E/APM_AudioPolicyManager( 1721): device 1024, popcount(device)1
09-19 17:56:29.075 E/APM::AudioOutputDescriptor( 1721): changed 0
09-19 17:56:29.075 E/APM_AudioPolicyManager( 1721): device 1024, popcount(device)1
09-19 17:56:29.075 E/APM_AudioPolicyManager( 1721): checkAndSetVolume stream 2,index 6,device 1024
09-19 17:56:29.075 E/APM_AudioPolicyManager( 1721): device 1024, popcount(device)1
09-19 17:56:29.075 E/APM::AudioOutputDescriptor( 1721): changed 0
09-19 17:56:29.075 E/APM_AudioPolicyManager( 1721): device 1024, popcount(device)1
09-19 17:56:29.075 E/APM_AudioPolicyManager( 1721): checkAndSetVolume stream 3,index 22,device 1024
09-19 17:56:29.076 E/APM_AudioPolicyManager( 1721): device 1024, popcount(device)1
09-19 17:56:29.076 E/APM::AudioOutputDescriptor( 1721): changed 0
09-19 17:56:29.076 E/APM_AudioPolicyManager( 1721): device 1024, popcount(device)1
09-19 17:56:29.076 E/APM_AudioPolicyManager( 1721): checkAndSetVolume stream 4,index 6,device 1024
09-19 17:56:29.076 E/APM_AudioPolicyManager( 1721): device 1024, popcount(device)1
09-19 17:56:29.076 E/APM::AudioOutputDescriptor( 1721): changed 0
09-19 17:56:29.076 E/APM_AudioPolicyManager( 1721): device 1024, popcount(device)1
09-19 17:56:29.076 E/APM_AudioPolicyManager( 1721): checkAndSetVolume stream 5,index 6,device 1024
09-19 17:56:29.076 E/APM_AudioPolicyManager( 1721): device 1024, popcount(device)1
09-19 17:56:29.076 E/APM::AudioOutputDescriptor( 1721): changed 0
09-19 17:56:29.076 E/APM_AudioPolicyManager( 1721): device 1024, popcount(device)1
09-19 17:56:29.076 E/APM_AudioPolicyManager( 1721): device 1024, popcount(device)1
09-19 17:56:29.076 E/APM_AudioPolicyManager( 1721): checkAndSetVolume stream 7,index 6,device 1024
09-19 17:56:29.076 E/APM_AudioPolicyManager( 1721): device 1024, popcount(device)1
09-19 17:56:29.076 E/APM::AudioOutputDescriptor( 1721): changed 0
09-19 17:56:29.076 E/APM_AudioPolicyManager( 1721): device 1024, popcount(device)1
09-19 17:56:29.076 E/APM_AudioPolicyManager( 1721): checkAndSetVolume stream 8,index 13,device 1024
09-19 17:56:29.076 E/APM_AudioPolicyManager( 1721): device 1024, popcount(device)1
09-19 17:56:29.076 E/APM::AudioOutputDescriptor( 1721): changed 0
09-19 17:56:29.077 E/APM_AudioPolicyManager( 1721): device 1024, popcount(device)1
09-19 17:56:29.077 E/APM_AudioPolicyManager( 1721): device 1024, popcount(device)1
09-19 17:56:29.077 E/APM_AudioPolicyManager( 1721): checkAndSetVolume stream 10,index 22,device 1024
09-19 17:56:29.077 E/APM_AudioPolicyManager( 1721): device 1024, popcount(device)1
09-19 17:56:29.077 E/APM::AudioOutputDescriptor( 1721): changed 0
09-19 17:56:29.077 E/APM_AudioPolicyManager( 1721): device 1024, popcount(device)1
09-19 17:56:29.077 E/APM_AudioPolicyManager( 1721): checkAndSetVolume stream 11,index 1,device 1024
09-19 17:56:29.077 E/APM_AudioPolicyManager( 1721): device 1024, popcount(device)1
09-19 17:56:29.077 E/APM::AudioOutputDescriptor( 1721): changed 0
09-19 17:56:29.077 E/APM_AudioPolicyManager( 1721): device 1024, popcount(device)1
09-19 17:56:29.077 E/APM_AudioPolicyManager( 1721): checkAndSetVolume stream 3,index 22,device 1024
09-19 17:56:29.077 E/APM_AudioPolicyManager( 1721): device 1024, popcount(device)1
09-19 17:56:29.077 E/APM::AudioOutputDescriptor( 1721): changed 0
09-19 17:56:29.077 V/APM::AudioPolicyEngine( 1721): getDeviceForStrategy() strategy 0, device 400
09-19 17:56:29.077 V/APM::AudioPolicyEngine( 1721): getDeviceForStrategy() strategy 3, device 400
09-19 17:56:29.077 V/APM::AudioPolicyEngine( 1721): getDeviceForStrategy() strategy 0, device 400
09-19 17:56:29.077 V/APM::AudioPolicyEngine( 1721): getDeviceForStrategy() strategy 1, device 400
09-19 17:56:29.077 V/APM::AudioPolicyEngine( 1721): getDeviceForStrategy() strategy 2, device 2
09-19 17:56:29.078 V/APM::AudioPolicyEngine( 1721): getDeviceForStrategy() strategy 0, device 400
09-19 17:56:29.078 V/APM::AudioPolicyEngine( 1721): getDeviceForStrategy() strategy 3, device 400
09-19 17:56:29.078 V/APM::AudioPolicyEngine( 1721): getDeviceForStrategy() strategy 0, device 400
09-19 17:56:29.078 V/APM::AudioPolicyEngine( 1721): getDeviceForStrategy() strategy 4, device 400
09-19 17:56:29.078 V/APM::AudioPolicyEngine( 1721): getDeviceForStrategy() strategy 5, device 400
09-19 17:56:29.078 V/APM::AudioPolicyEngine( 1721): getDeviceForStrategy() strategy 6, device 2
09-19 17:56:29.078 V/APM::AudioPolicyEngine( 1721): getDeviceForStrategy() strategy 7, device 400
09-19 17:56:29.078 V/APM::AudioPolicyEngine( 1721): getDeviceForStrategy() strategy 8, device 400
09-19 17:56:29.078 V/AudioFlinger( 1721): signal playback thread
09-19 17:56:29.078 V/AudioFlinger( 1721): track(0xa9e8a000) underrun,  framesReady(0) < framesDesired(886)
09-19 17:56:29.078 V/AudioFlinger( 1721): updateWakeLockUids_l() AudioOut_D status 0
09-19 17:56:29.078 V/AudioFlinger( 1721): anticipated start
09-19 17:56:29.078 D/audio_hal( 1721): pcm_open card:device(hw:0:0) flags(0x8) out(0xab932000)
09-19 17:56:29.104 V/AudioFlinger( 1721): track(0xa9e8a000) underrun,  framesReady(0) < framesDesired(886)
09-19 17:56:29.124 V/AudioFlinger( 1721): track(0xa9e8a000) underrun,  framesReady(0) < framesDesired(886)
09-19 17:56:29.125 D/WifiHW  ( 2080): wifi command = IFNAME=wlan0 BSS RANGE=0- MASK=0x29d87
09-19 17:56:29.134 D/WifiHW  ( 2080): wifi command = IFNAME=wlan0 BSS RANGE=0- MASK=0x29d87
09-19 17:56:29.139 V/AudioFlinger( 1721): track(0xa9e8a000) underrun,  framesReady(0) < framesDesired(886)
09-19 17:56:29.149 V/AudioFlinger( 1721): track(0xa9e8a000) underrun,  framesReady(0) < framesDesired(886)
09-19 17:56:29.153 D/WifiHW  ( 2080): wifi command = IFNAME=wlan0 BSS RANGE=13- MASK=0x29d87
09-19 17:56:29.179 D/WifiHW  ( 2080): wifi command = IFNAME=wlan0 BSS RANGE=13- MASK=0x29d87
09-19 17:56:29.194 D/WifiHW  ( 2080): wifi command = IFNAME=wlan0 BSS RANGE=42- MASK=0x29d87
09-19 17:56:29.195 V/AudioFlinger( 1721): track(0xa9e8a000) underrun,  framesReady(0) < framesDesired(886)
09-19 17:56:29.200 V/AudioFlinger( 1721): track(0xa9e8a000) underrun,  framesReady(0) < framesDesired(886)
09-19 17:56:29.206 D/WifiHW  ( 2080): wifi command = IFNAME=wlan0 BSS RANGE=42- MASK=0x29d87
09-19 17:56:29.216 D/WifiHW  ( 2080): wifi command = IFNAME=wlan0 BSS RANGE=66- MASK=0x29d87
09-19 17:56:29.224 D/WifiHW  ( 2080): wifi command = IFNAME=wlan0 BSS RANGE=66- MASK=0x29d87
09-19 17:56:29.228 D/WifiHW  ( 2080): wifi command = IFNAME=wlan0 BSS RANGE=77- MASK=0x29d87
09-19 17:56:29.230 V/AudioFlinger( 1721): track(0xa9e8a000) underrun,  framesReady(0) < framesDesired(886)
09-19 17:56:29.232 D/WifiHW  ( 2080): wifi command = IFNAME=wlan0 BSS RANGE=77- MASK=0x29d87
09-19 17:56:29.235 V/AudioFlinger( 1721): track(0xa9e8a000) underrun,  framesReady(0) < framesDesired(886)
09-19 17:56:29.236 D/WifiHW  ( 2080): wifi command = IFNAME=wlan0 BSS RANGE=97- MASK=0x29d87
09-19 17:56:29.242 D/WifiHW  ( 2080): wifi command = IFNAME=wlan0 BSS RANGE=97- MASK=0x29d87
09-19 17:56:29.248 I/turen   ( 3214): [R2][00:03:13.600] [R2AsrParser.cpp       66] ☘   (ID-0) hu zuo yi ge feng di jiao ta , 
09-19 17:56:29.249 D/WifiHW  ( 2080): wifi command = IFNAME=wlan0 BSS RANGE=103- MASK=0x29d87
09-19 17:56:29.256 D/HiRMService( 3200): mNetReceiver onReceive --android.net.wifi.STATE_CHANGE
09-19 17:56:29.257 V/AudioFlinger( 1721): track(0xa9e8a000) underrun,  framesReady(0) < framesDesired(886)
09-19 17:56:29.261 D/WifiHW  ( 2080): wifi command = IFNAME=wlan0 BSS RANGE=103- MASK=0x29d87
09-19 17:56:29.262 V/AudioFlinger( 1721): track(0xa9e8a000) underrun,  framesReady(0) < framesDesired(886)
09-19 17:56:29.280 V/AudioFlinger( 1721): track(0xa9e8a000) underrun,  framesReady(0) < framesDesired(886)
09-19 17:56:29.285 V/AudioFlinger( 1721): track(0xa9e8a000) underrun,  framesReady(0) < framesDesired(886)
09-19 17:56:29.303 V/AudioFlinger( 1721): track(0xa9e8a000) underrun,  framesReady(0) < framesDesired(886)
09-19 17:56:29.308 V/AudioFlinger( 1721): track(0xa9e8a000) underrun,  framesReady(0) < framesDesired(886)
09-19 17:56:29.326 V/AudioFlinger( 1721): track(0xa9e8a000) underrun,  framesReady(0) < framesDesired(886)
09-19 17:56:29.331 V/AudioFlinger( 1721): track(0xa9e8a000) underrun,  framesReady(0) < framesDesired(886)
09-19 17:56:29.346 V/AudioFlinger( 1721): track(0xa9e8a000) underrun,  framesReady(0) < framesDesired(886)
09-19 17:56:29.351 V/AudioFlinger( 1721): track(0xa9e8a000) underrun,  framesReady(0) < framesDesired(886)
09-19 17:56:29.366 V/AudioFlinger( 1721): track(0xa9e8a000) underrun,  framesReady(0) < framesDesired(886)
09-19 17:56:29.371 V/AudioFlinger( 1721): track(0xa9e8a000) underrun,  framesReady(0) < framesDesired(886)
09-19 17:56:29.386 V/AudioFlinger( 1721): track(0xa9e8a000) underrun,  framesReady(0) < framesDesired(886)
09-19 17:56:29.391 V/AudioFlinger( 1721): track(0xa9e8a000) underrun,  framesReady(0) < framesDesired(886)
09-19 17:56:29.406 V/AudioFlinger( 1721): track(0xa9e8a000) underrun,  framesReady(0) < framesDesired(886)
09-19 17:56:29.411 V/AudioFlinger( 1721): track(0xa9e8a000) underrun,  framesReady(0) < framesDesired(886)
09-19 17:56:29.426 V/AudioFlinger( 1721): track(0xa9e8a000) underrun,  framesReady(0) < framesDesired(886)
09-19 17:56:29.431 V/AudioFlinger( 1721): track(0xa9e8a000) underrun,  framesReady(0) < framesDesired(886)
09-19 17:56:29.446 V/AudioFlinger( 1721): track(0xa9e8a000) underrun,  framesReady(0) < framesDesired(886)
09-19 17:56:29.451 V/AudioFlinger( 1721): track(0xa9e8a000) underrun,  framesReady(0) < framesDesired(886)
09-19 17:56:29.466 V/AudioFlinger( 1721): track(0xa9e8a000) underrun,  framesReady(0) < framesDesired(886)
09-19 17:56:29.471 V/AudioFlinger( 1721): track(0xa9e8a000) underrun,  framesReady(0) < framesDesired(886)
09-19 17:56:29.486 V/AudioFlinger( 1721): track(0xa9e8a000) underrun,  framesReady(0) < framesDesired(886)
09-19 17:56:29.491 V/AudioFlinger( 1721): track(0xa9e8a000) underrun,  framesReady(0) < framesDesired(886)
09-19 17:56:29.506 V/AudioFlinger( 1721): track(0xa9e8a000) underrun,  framesReady(0) < framesDesired(886)
09-19 17:56:29.511 V/AudioFlinger( 1721): track(0xa9e8a000) underrun,  framesReady(0) < framesDesired(886)
09-19 17:56:29.526 V/AudioFlinger( 1721): track(0xa9e8a000) underrun,  framesReady(0) < framesDesired(886)
09-19 17:56:29.531 V/AudioFlinger( 1721): track(0xa9e8a000) underrun,  framesReady(0) < framesDesired(886)
09-19 17:56:29.539 I/turen   ( 3214): [R2][00:03:13.920] [R2AsrParser.cpp       66] ☘   (ID-0) hu zuo yi ge feng di jiao ta dao , 
09-19 17:56:29.546 V/AudioFlinger( 1721): track(0xa9e8a000) underrun,  framesReady(0) < framesDesired(886)
09-19 17:56:29.551 V/AudioFlinger( 1721): track(0xa9e8a000) underrun,  framesReady(0) < framesDesired(886)
09-19 17:56:29.566 V/AudioFlinger( 1721): track(0xa9e8a000) underrun,  framesReady(0) < framesDesired(886)
09-19 17:56:29.571 V/AudioFlinger( 1721): track(0xa9e8a000) underrun,  framesReady(0) < framesDesired(886)
09-19 17:56:29.586 V/AudioFlinger( 1721): track(0xa9e8a000) underrun,  framesReady(0) < framesDesired(886)
09-19 17:56:29.591 V/AudioFlinger( 1721): track(0xa9e8a000) underrun,  framesReady(0) < framesDesired(886)
09-19 17:56:29.606 V/AudioFlinger( 1721): track(0xa9e8a000) underrun,  framesReady(0) < framesDesired(886)
09-19 17:56:29.611 V/AudioFlinger( 1721): track(0xa9e8a000) underrun,  framesReady(0) < framesDesired(886)
09-19 17:56:29.626 V/AudioFlinger( 1721): track(0xa9e8a000) underrun,  framesReady(0) < framesDesired(886)
09-19 17:56:29.631 V/AudioFlinger( 1721): track(0xa9e8a000) underrun,  framesReady(0) < framesDesired(886)
09-19 17:56:29.646 V/AudioFlinger( 1721): track(0xa9e8a000) underrun,  framesReady(0) < framesDesired(886)
09-19 17:56:29.651 V/AudioFlinger( 1721): track(0xa9e8a000) underrun,  framesReady(0) < framesDesired(886)
09-19 17:56:29.666 V/AudioFlinger( 1721): track(0xa9e8a000) underrun,  framesReady(0) < framesDesired(886)
09-19 17:56:29.666 I/AudioFlinger( 1721): BUFFER TIMEOUT: remove(4097) from active list on thread 0xab498140
09-19 17:56:29.666 V/AudioFlinger( 1721): removeTracks_l removing track on session 49
09-19 17:56:29.666 V/AudioFlinger( 1721): updateWakeLockUids_l() AudioOut_D status 0
09-19 17:56:29.676 V/APM::AudioOutputDescriptor( 1721): changeRefCount() stream 3, count 0
09-19 17:56:29.676 V/APM::AudioPolicyEngine( 1721): getDeviceForStrategy() strategy 0, device 400
09-19 17:56:29.676 V/APM::AudioPolicyEngine( 1721): getDeviceForStrategy() strategy 1, device 400
09-19 17:56:29.676 V/APM::AudioPolicyEngine( 1721): getDeviceForStrategy() strategy 2, device 2
09-19 17:56:29.676 V/APM::AudioPolicyEngine( 1721): getDeviceForStrategy() strategy 0, device 400
09-19 17:56:29.676 V/APM::AudioPolicyEngine( 1721): getDeviceForStrategy() strategy 3, device 400
09-19 17:56:29.676 V/APM::AudioPolicyEngine( 1721): getDeviceForStrategy() strategy 0, device 400
09-19 17:56:29.676 V/APM::AudioPolicyEngine( 1721): getDeviceForStrategy() strategy 4, device 400
09-19 17:56:29.676 V/APM::AudioPolicyEngine( 1721): getDeviceForStrategy() strategy 5, device 400
09-19 17:56:29.676 V/APM::AudioPolicyEngine( 1721): getDeviceForStrategy() strategy 6, device 2
09-19 17:56:29.677 V/APM::AudioPolicyEngine( 1721): getDeviceForStrategy() strategy 7, device 400
09-19 17:56:29.677 V/APM::AudioPolicyEngine( 1721): getDeviceForStrategy() strategy 8, device 400
09-19 17:56:29.677 V/APM::AudioPolicyEngine( 1721): getDeviceForStrategy() strategy 0, device 400
09-19 17:56:29.677 V/APM::AudioPolicyEngine( 1721): getDeviceForStrategy() strategy 3, device 400
09-19 17:56:29.677 V/APM::AudioPolicyEngine( 1721): getDeviceForStrategy() strategy 0, device 400
09-19 17:56:29.677 V/APM::AudioPolicyEngine( 1721): getDeviceForStrategy() strategy 1, device 400
09-19 17:56:29.677 V/APM::AudioPolicyEngine( 1721): getDeviceForStrategy() strategy 2, device 2
09-19 17:56:29.677 V/APM::AudioPolicyEngine( 1721): getDeviceForStrategy() strategy 0, device 400
09-19 17:56:29.677 V/APM::AudioPolicyEngine( 1721): getDeviceForStrategy() strategy 3, device 400
09-19 17:56:29.677 V/APM::AudioPolicyEngine( 1721): getDeviceForStrategy() strategy 0, device 400
09-19 17:56:29.677 V/APM::AudioPolicyEngine( 1721): getDeviceForStrategy() strategy 4, device 400
09-19 17:56:29.677 V/APM::AudioPolicyEngine( 1721): getDeviceForStrategy() strategy 5, device 400
09-19 17:56:29.677 V/APM::AudioPolicyEngine( 1721): getDeviceForStrategy() strategy 6, device 2
09-19 17:56:29.677 V/APM::AudioPolicyEngine( 1721): getDeviceForStrategy() strategy 7, device 400
09-19 17:56:29.677 V/APM::AudioPolicyEngine( 1721): getDeviceForStrategy() strategy 8, device 400
09-19 17:56:29.790 I/turen   ( 3214): [R2][00:03:14.176] [R2AsrParser.cpp       66] ☘   (ID-0) hu zuo yi ge feng di jiao ta dao lai , 
09-19 17:56:29.988 I/turen   ( 3214): [R2][00:03:14.240] [R2AsrParser.cpp       66] ☘   (ID-0) hu zuo yi ge feng di jiao ta dao lai , 
09-19 17:56:29.990 I/turen   ( 3214): [R2][00:03:14.240] [core/R2VbvCtc.cpp    439] ☘   [jihuoci] stop lines
09-19 17:56:31.594 I/turen   ( 3214): [R2][00:03:15.968] [core/R2VbvCtc.cpp    379] ☘   [jihuoci] start lines
09-19 17:56:32.052 V/AudioFlinger( 1721): Audio hardware entering standby, mixer 0xab498140, suspend count 0
09-19 17:56:32.052 D/audio_hal( 1721): out(0xab932000) do_out_standby
09-19 17:56:32.052 D/audio_hal( 1721): pcm_close card:device(hw:0:0)
09-19 17:56:32.054 V/AudioFlinger( 1721): releaseWakeLock_l() AudioOut_D
09-19 17:56:32.054 V/AudioFlinger( 1721): thread 0xab498140 type 0 TID 1946 going to sleep
09-19 17:56:32.136 E/bt_btif ( 2702): bta_av_proc_stream_evt: p_data is null
09-19 17:56:32.136 W/bt_btif ( 2702): bta_dm_rm_cback:2, status:6
09-19 17:56:32.138 V/AudioFlinger( 1721): pause(4097), calling pid 2702
09-19 17:56:32.138 V/AudioFlinger( 1721): ACTIVE/RESUMING => PAUSING (4097) on thread 0xab498140
09-19 17:56:32.138 V/AudioFlinger( 1721): flush(4097)
09-19 17:56:32.139 I/BluetoothA2dpSinkServiceJni( 2702): bta2dp_audio_state_callback
09-19 17:56:32.139 V/AudioFlinger( 1721): thread 0xab498140 type 0 TID 1946 waking up
09-19 17:56:32.139 V/AudioFlinger( 1721): acquireWakeLock_l() AudioOut_D status 0
09-19 17:56:32.139 V/AudioFlinger( 1721): updateWakeLockUids_l() AudioOut_D status 0
09-19 17:56:32.139 D/A2dpSinkStateMachine( 2702): Connected process message: 101
09-19 17:56:32.140 D/A2dpSinkStateMachine( 2702):  processAudioStateEvent in state 0
09-19 17:56:32.140 D/A2dpSinkStreamingStateMachine.SRC_T_ACT_F( 2702):  process message: 1
09-19 17:56:32.140 D/A2dpSinkStreamingStateMachine.SRC_F_ACT_F( 2702): Enter: 1
09-19 17:56:32.678 I/turen   ( 3214): [R2][00:03:16.864] [core/R2VbvCtc.cpp    439] ☘   [jihuoci] stop lines
09-19 17:56:33.529 I/SPProvider( 3743): call uriPrefix: content://com.ktcp.tvvideo.REMOTE_SHARED_PREFERENCE, method: get
09-19 17:56:35.013 E/bt_btif ( 2702): bta_av_proc_stream_evt: p_data is null
09-19 17:56:35.013 I/bt_bta_av( 2702): bta_av_link_role_ok hndl:x41 role:1 conn_audio:x1 bits:1 features:x824b
09-19 17:56:35.013 W/bt_btif ( 2702): bta_dm_rm_cback:2, status:0
09-19 17:56:35.014 W/bt_btif ( 2702): bta_dm_rm_cback:2, status:7
09-19 17:56:35.015 I/BluetoothA2dpSinkServiceJni( 2702): bta2dp_audio_state_callback
09-19 17:56:35.016 D/A2dpSinkStateMachine( 2702): Connected process message: 101
09-19 17:56:35.017 D/A2dpSinkStateMachine( 2702):  processAudioStateEvent in state 2
09-19 17:56:35.018 D/A2dpSinkStreamingStateMachine.SRC_F_ACT_F( 2702):  process message: 0
09-19 17:56:35.018 D/A2dpSinkStreamingStateMachine.SRC_T_ACT_F( 2702): Enter: 0
09-19 17:56:35.091 I/XiaoWeiSDK_JNI( 3214): on_request_callback voiceId = YDZCBHWSOZQADZCEHCTAPGFQSTGUFGIR,event = 1,rspData=(null),extent_info=(null)
09-19 17:56:35.100 I/XiaoWeiSDK_JNI( 3214): on_request_callback voiceId = YDZCBHWSOZQADZCEHCTAPGFQSTGUFGIR,event = 4,rspData=(null),extent_info={"event":"RecognizeBegin","voiceid":"YDZCBHWSOZQADZCEHCTAPGFQSTGUFGIR"
09-19 17:56:35.105 I/BluetoothAvrcpControllerJni( 2702): btavrcp_play_status_changed_callback
09-19 17:56:35.105 D/AvrcpControllerService( 2702): onPlayStatusChanged 1
09-19 17:56:35.106 D/AvrcpControllerService( 2702):  HandleMessage: CB_PLAY_STATUS_CHANGED Remote Connected true
09-19 17:56:35.107 D/A2dpSinkService( 2702): getA2dpSinkService(): returning com.android.bluetooth.a2dpsink.A2dpSinkService@8e0889a
09-19 17:56:35.107 D/AvrcpControllerService( 2702): Metadata is not broadcasted, ignoring.
09-19 17:56:35.107 D/A2dpSinkStateMachine( 2702): Connected process message: 303
09-19 17:56:35.107 D/A2dpSinkStreamingStateMachine.SRC_T_ACT_F( 2702):  process message: 3
09-19 17:56:35.108 D/A2dpSinkStreamingStateMachine.SRC_T_ACT_T( 2702): Enter: 3
09-19 17:56:35.108 D/A2dpSinkStreamingStateMachine.SRC_T_ACT_T( 2702):  process message: 3
09-19 17:56:35.108 D/A2dpSinkStreamingStateMachine.SRC_T_ACT_T( 2702): Current Audio Focus -1
09-19 17:56:35.110 I/MediaFocusControl( 2080):  AudioFocus  requestAudioFocus() from uid/pid 1002/2702 clientId=android.media.AudioManager@8e8de6dcom.android.bluetooth.a2dpsink.A2dpSinkStreamingStateMachine$1@43a1aa2 req=1 flags=0x0
09-19 17:56:35.113 D/AvrcpControllerService( 2702): getAvrcpControllerService(): returning com.android.bluetooth.avrcp.AvrcpControllerService@c26e333
09-19 17:56:35.113 D/A2dpSinkStreamingStateMachine( 2702): startAvrcpUpdates
09-19 17:56:35.114 D/AvrcpControllerService( 2702):  HandleMessage: 202 Remote Connected true
09-19 17:56:35.115 D/A2dpSinkService( 2702): getA2dpSinkService(): returning com.android.bluetooth.a2dpsink.A2dpSinkService@8e0889a
09-19 17:56:35.115 D/AvrcpControllerService( 2702):  broadcastPlayBackStateChanged = PlaybackState {state=3, position=255, buffered position=0, speed=1.0, updated=223519, actions=0, custom actions=[], active item id=-1, error=null}
09-19 17:56:35.118 E/ActivityManager( 2080): Sending non-protected broadcast android.bluetooth.avrcp-controller.profile.action.TRACK_EVENT from system 2702:com.android.bluetooth/1002 pkg com.android.bluetooth
09-19 17:56:35.118 E/ActivityManager( 2080): java.lang.Throwable
09-19 17:56:35.118 E/ActivityManager( 2080):    at com.android.server.am.ActivityManagerService.broadcastIntentLocked(ActivityManagerService.java:17989)
09-19 17:56:35.118 E/ActivityManager( 2080):    at com.android.server.am.ActivityManagerService.broadcastIntent(ActivityManagerService.java:18555)
09-19 17:56:35.118 E/ActivityManager( 2080):    at android.app.ActivityManagerNative.onTransact(ActivityManagerNative.java:499)
09-19 17:56:35.118 E/ActivityManager( 2080):    at com.android.server.am.ActivityManagerService.onTransact(ActivityManagerService.java:2861)
09-19 17:56:35.118 E/ActivityManager( 2080):    at android.os.Binder.execTransact(Binder.java:565)
09-19 17:56:35.125 D/AvrcpUtils( 2702):  TrackInfo Metadata [artist= trackTitle=  albumTitle=  genre=  trackNum= 255 track_len : 255 TotalTracks 255]
09-19 17:56:35.126 D/A2dpMediaBrowserService( 2702): onReceive intent=Intent { act=android.bluetooth.avrcp-controller.profile.action.TRACK_EVENT flg=0x10 (has extras) }
09-19 17:56:35.127 D/AvrcpControllerService( 2702):  broadcastMetaDataChanged = null, null, null  0.0 255 255 255 255 
09-19 17:56:35.128 D/A2dpMediaBrowserService( 2702): msgTrack: playback: PlaybackState {state=3, position=255, buffered position=0, speed=1.0, updated=223519, actions=0, custom actions=[], active item id=-1, error=null} mmd: null
09-19 17:56:35.129 E/ActivityManager( 2080): Sending non-protected broadcast android.bluetooth.avrcp-controller.profile.action.TRACK_EVENT from system 2702:com.android.bluetooth/1002 pkg com.android.bluetooth
09-19 17:56:35.129 E/ActivityManager( 2080): java.lang.Throwable
09-19 17:56:35.129 E/ActivityManager( 2080):    at com.android.server.am.ActivityManagerService.broadcastIntentLocked(ActivityManagerService.java:17989)
09-19 17:56:35.129 E/ActivityManager( 2080):    at com.android.server.am.ActivityManagerService.broadcastIntent(ActivityManagerService.java:18555)
09-19 17:56:35.129 E/ActivityManager( 2080):    at android.app.ActivityManagerNative.onTransact(ActivityManagerNative.java:499)
09-19 17:56:35.129 E/ActivityManager( 2080):    at com.android.server.am.ActivityManagerService.onTransact(ActivityManagerService.java:2861)
09-19 17:56:35.129 E/ActivityManager( 2080):    at android.os.Binder.execTransact(Binder.java:565)
09-19 17:56:35.129 D/A2dpMediaBrowserService( 2702): prevPS PlaybackState {state=1, position=0, buffered position=0, speed=0.0, updated=206604, actions=54, custom actions=[], active item id=-1, error=null}
09-19 17:56:35.129 D/A2dpMediaBrowserService( 2702): prev MM title NOT_SUPPORTED track len 255
09-19 17:56:35.129 D/A2dpMediaBrowserService( 2702): msgTrack() playbackstate PlaybackState {state=3, position=255, buffered position=0, speed=1.0, updated=223519, actions=0, custom actions=[], active item id=-1, error=null}
09-19 17:56:35.132 V/Avrcp   ( 2702): Active sessions changed, 0 sessions
09-19 17:56:35.133 I/BluetoothAvrcpControllerJni( 2702): btavrcp_play_status_changed_callback
09-19 17:56:35.133 D/AvrcpControllerService( 2702): onPlayStatusChanged 1
09-19 17:56:35.134 I/BluetoothAvrcpControllerJni( 2702): btavrcp_track_changed_callback
09-19 17:56:35.135 D/AvrcpControllerService( 2702): onTrackChanged 
09-19 17:56:35.139 D/AvrcpControllerService( 2702):  HandleMessage: CB_PLAY_STATUS_CHANGED Remote Connected true
09-19 17:56:35.140 D/A2dpSinkService( 2702): getA2dpSinkService(): returning com.android.bluetooth.a2dpsink.A2dpSinkService@8e0889a
09-19 17:56:35.140 D/A2dpSinkStateMachine( 2702): Connected process message: 303
09-19 17:56:35.140 D/AvrcpControllerService( 2702):  broadcastPlayBackStateChanged = PlaybackState {state=3, position=255, buffered position=0, speed=1.0, updated=223544, actions=0, custom actions=[], active item id=-1, error=null}
09-19 17:56:35.140 D/A2dpSinkStreamingStateMachine.SRC_T_ACT_T( 2702):  process message: 3
09-19 17:56:35.140 D/A2dpSinkStreamingStateMachine.SRC_T_ACT_T( 2702): Current Audio Focus 1
09-19 17:56:35.141 D/AvrcpControllerService( 2702): getAvrcpControllerService(): returning com.android.bluetooth.avrcp.AvrcpControllerService@c26e333
09-19 17:56:35.141 D/A2dpSinkStreamingStateMachine( 2702): startAvrcpUpdates
09-19 17:56:35.141 D/A2dpMediaBrowserService( 2702): onReceive intent=Intent { act=android.bluetooth.avrcp-controller.profile.action.TRACK_EVENT flg=0x10 (has extras) }
09-19 17:56:35.142 D/A2dpMediaBrowserService( 2702): msgTrack: playback: null mmd: android.media.MediaMetadata@23a76f0
09-19 17:56:35.142 V/AudioFlinger( 1721): releaseWakeLock_l() AudioOut_D
09-19 17:56:35.142 V/AudioFlinger( 1721): thread 0xab498140 type 0 TID 1946 going to sleep
09-19 17:56:35.144 E/ActivityManager( 2080): Sending non-protected broadcast android.bluetooth.avrcp-controller.profile.action.TRACK_EVENT from system 2702:com.android.bluetooth/1002 pkg com.android.bluetooth
09-19 17:56:35.144 E/ActivityManager( 2080): java.lang.Throwable
09-19 17:56:35.144 E/ActivityManager( 2080):    at com.android.server.am.ActivityManagerService.broadcastIntentLocked(ActivityManagerService.java:17989)
09-19 17:56:35.144 E/ActivityManager( 2080):    at com.android.server.am.ActivityManagerService.broadcastIntent(ActivityManagerService.java:18555)
09-19 17:56:35.144 E/ActivityManager( 2080):    at android.app.ActivityManagerNative.onTransact(ActivityManagerNative.java:499)
