09-19 17:56:59.156 D/A2dpMediaBrowserService( 2702): prev MM title 各自远扬 (それぞれに) track len 214158
09-19 17:56:59.156 D/A2dpMediaBrowserService( 2702): msgTrack() playbackstate PlaybackState {state=3, position=13224, buffered position=0, speed=1.0, updated=247546, actions=0, custom actions=[], active item id=-1, error=null}
09-19 17:56:59.161 D/WifiHW  ( 2080): wifi command = IFNAME=wlan0 BSS RANGE=0- MASK=0x29d87
09-19 17:56:59.174 D/WifiHW  ( 2080): wifi command = IFNAME=wlan0 BSS RANGE=13- MASK=0x29d87
09-19 17:56:59.190 D/WifiHW  ( 2080): wifi command = IFNAME=wlan0 BSS RANGE=13- MASK=0x29d87
09-19 17:56:59.199 D/WifiHW  ( 2080): wifi command = IFNAME=wlan0 BSS RANGE=42- MASK=0x29d87
09-19 17:56:59.212 D/WifiHW  ( 2080): wifi command = IFNAME=wlan0 BSS RANGE=42- MASK=0x29d87
09-19 17:56:59.222 D/WifiHW  ( 2080): wifi command = IFNAME=wlan0 BSS RANGE=67- MASK=0x29d87
09-19 17:56:59.231 D/WifiHW  ( 2080): wifi command = IFNAME=wlan0 BSS RANGE=67- MASK=0x29d87
09-19 17:56:59.241 D/WifiHW  ( 2080): wifi command = IFNAME=wlan0 BSS RANGE=81- MASK=0x29d87
09-19 17:56:59.249 D/WifiHW  ( 2080): wifi command = IFNAME=wlan0 BSS RANGE=81- MASK=0x29d87
09-19 17:56:59.258 D/WifiHW  ( 2080): wifi command = IFNAME=wlan0 BSS RANGE=99- MASK=0x29d87
09-19 17:56:59.270 D/WifiHW  ( 2080): wifi command = IFNAME=wlan0 BSS RANGE=99- MASK=0x29d87
09-19 17:56:59.280 D/WifiHW  ( 2080): wifi command = IFNAME=wlan0 BSS RANGE=109- MASK=0x29d87
09-19 17:56:59.286 D/WifiHW  ( 2080): wifi command = IFNAME=wlan0 BSS RANGE=112- MASK=0x29d87
09-19 17:56:59.287 D/WifiHW  ( 2080): wifi command = IFNAME=wlan0 BSS RANGE=109- MASK=0x29d87
09-19 17:56:59.294 D/HiRMService( 3200): mNetReceiver onReceive --android.net.wifi.STATE_CHANGE
09-19 17:56:59.302 D/WifiHW  ( 2080): wifi command = IFNAME=wlan0 BSS RANGE=112- MASK=0x29d87
09-19 17:57:00.075 D/LaunchView( 3302): onReceive: android.intent.action.TIME_TICK
09-19 17:57:01.152 I/BluetoothAvrcpControllerJni( 2702): btavrcp_play_position_changed_callback
09-19 17:57:01.152 D/AvrcpControllerService( 2702): onPlayPositionChanged 
09-19 17:57:01.153 D/AvrcpControllerService( 2702):  HandleMessage: CB_PLAY_POS_CHANGED Remote Connected true
09-19 17:57:01.154 D/A2dpSinkService( 2702): getA2dpSinkService(): returning com.android.bluetooth.a2dpsink.A2dpSinkService@8e0889a
09-19 17:57:01.154 D/AvrcpControllerService( 2702):  broadcastPlayBackStateChanged = PlaybackState {state=3, position=15226, buffered position=0, speed=1.0, updated=249557, actions=0, custom actions=[], active item id=-1, error=null}
09-19 17:57:01.158 E/ActivityManager( 2080): Sending non-protected broadcast android.bluetooth.avrcp-controller.profile.action.TRACK_EVENT from system 2702:com.android.bluetooth/1002 pkg com.android.bluetooth
09-19 17:57:01.158 E/ActivityManager( 2080): java.lang.Throwable
09-19 17:57:01.158 E/ActivityManager( 2080):    at com.android.server.am.ActivityManagerService.broadcastIntentLocked(ActivityManagerService.java:17989)
09-19 17:57:01.158 E/ActivityManager( 2080):    at com.android.server.am.ActivityManagerService.broadcastIntent(ActivityManagerService.java:18555)
09-19 17:57:01.158 E/ActivityManager( 2080):    at android.app.ActivityManagerNative.onTransact(ActivityManagerNative.java:499)
09-19 17:57:01.158 E/ActivityManager( 2080):    at com.android.server.am.ActivityManagerService.onTransact(ActivityManagerService.java:2861)
09-19 17:57:01.158 E/ActivityManager( 2080):    at android.os.Binder.execTransact(Binder.java:565)
09-19 17:57:01.160 I/XiaoWeiSDK_JNI( 3214): on_request_callback voiceId = HXGRVMOYPUXRVLYKJZVHNFFAZLDOYFVI,event = 1,rspData=(null),extent_info=(null)
09-19 17:57:01.167 D/A2dpMediaBrowserService( 2702): onReceive intent=Intent { act=android.bluetooth.avrcp-controller.profile.action.TRACK_EVENT flg=0x10 (has extras) }
09-19 17:57:01.167 D/A2dpMediaBrowserService( 2702): msgTrack: playback: PlaybackState {state=3, position=15226, buffered position=0, speed=1.0, updated=249557, actions=0, custom actions=[], active item id=-1, error=null} mmd: null
09-19 17:57:01.169 D/A2dpMediaBrowserService( 2702): prevPS PlaybackState {state=3, position=15249, buffered position=0, speed=1.0, updated=249571, actions=54, custom actions=[], active item id=-1, error=null}
09-19 17:57:01.170 D/A2dpMediaBrowserService( 2702): prev MM title 各自远扬 (それぞれに) track len 214158
09-19 17:57:01.170 D/A2dpMediaBrowserService( 2702): msgTrack() playbackstate PlaybackState {state=3, position=15226, buffered position=0, speed=1.0, updated=249557, actions=0, custom actions=[], active item id=-1, error=null}
09-19 17:57:01.172 I/XiaoWeiSDK_JNI( 3214): on_request_callback voiceId = HXGRVMOYPUXRVLYKJZVHNFFAZLDOYFVI,event = 4,rspData=(null),extent_info={"event":"RecognizeBegin","voiceid":"HXGRVMOYPUXRVLYKJZVHNFFAZLDOYFVI"
09-19 17:57:01.684 I/XiaoWeiSDK_JNI( 3214): on_request_callback voiceId = HXGRVMOYPUXRVLYKJZVHNFFAZLDOYFVI,event = 2,rspData=(null),extent_info=(null)
09-19 17:57:03.141 I/BluetoothAvrcpControllerJni( 2702): btavrcp_play_position_changed_callback
09-19 17:57:03.141 D/AvrcpControllerService( 2702): onPlayPositionChanged 
09-19 17:57:03.142 D/AvrcpControllerService( 2702):  HandleMessage: CB_PLAY_POS_CHANGED Remote Connected true
09-19 17:57:03.142 D/A2dpSinkService( 2702): getA2dpSinkService(): returning com.android.bluetooth.a2dpsink.A2dpSinkService@8e0889a
09-19 17:57:03.143 D/AvrcpControllerService( 2702):  broadcastPlayBackStateChanged = PlaybackState {state=3, position=17228, buffered position=0, speed=1.0, updated=251546, actions=0, custom actions=[], active item id=-1, error=null}
09-19 17:57:03.145 E/ActivityManager( 2080): Sending non-protected broadcast android.bluetooth.avrcp-controller.profile.action.TRACK_EVENT from system 2702:com.android.bluetooth/1002 pkg com.android.bluetooth
09-19 17:57:03.145 E/ActivityManager( 2080): java.lang.Throwable
09-19 17:57:03.145 E/ActivityManager( 2080):    at com.android.server.am.ActivityManagerService.broadcastIntentLocked(ActivityManagerService.java:17989)
09-19 17:57:03.145 E/ActivityManager( 2080):    at com.android.server.am.ActivityManagerService.broadcastIntent(ActivityManagerService.java:18555)
09-19 17:57:03.145 E/ActivityManager( 2080):    at android.app.ActivityManagerNative.onTransact(ActivityManagerNative.java:499)
09-19 17:57:03.145 E/ActivityManager( 2080):    at com.android.server.am.ActivityManagerService.onTransact(ActivityManagerService.java:2861)
09-19 17:57:03.145 E/ActivityManager( 2080):    at android.os.Binder.execTransact(Binder.java:565)
09-19 17:57:03.153 D/A2dpMediaBrowserService( 2702): onReceive intent=Intent { act=android.bluetooth.avrcp-controller.profile.action.TRACK_EVENT flg=0x10 (has extras) }
09-19 17:57:03.154 D/A2dpMediaBrowserService( 2702): msgTrack: playback: PlaybackState {state=3, position=17228, buffered position=0, speed=1.0, updated=251546, actions=0, custom actions=[], active item id=-1, error=null} mmd: null
09-19 17:57:03.155 D/A2dpMediaBrowserService( 2702): prevPS PlaybackState {state=3, position=17227, buffered position=0, speed=1.0, updated=251558, actions=54, custom actions=[], active item id=-1, error=null}
09-19 17:57:03.155 D/A2dpMediaBrowserService( 2702): prev MM title 各自远扬 (それぞれに) track len 214158
09-19 17:57:03.156 D/A2dpMediaBrowserService( 2702): msgTrack() playbackstate PlaybackState {state=3, position=17228, buffered position=0, speed=1.0, updated=251546, actions=0, custom actions=[], active item id=-1, error=null}
09-19 17:57:03.727 I/SPProvider( 3743): call uriPrefix: content://com.ktcp.tvvideo.REMOTE_SHARED_PREFERENCE, method: get
09-19 17:57:04.087 I/XiaoWeiSDK_JNI( 3214): on_request_callback voiceId = HXGRVMOYPUXRVLYKJZVHNFFAZLDOYFVI,event = 4,rspData=(null),extent_info={"event":"RecognizeEnd","voiceid":"HXGRVMOYPUXRVLYKJZVHNFFAZLDOYFVI"
09-19 17:57:04.090 I/XiaoWeiSDK_JNI( 3214): on_request_callback voiceId = HXGRVMOYPUXRVLYKJZVHNFFAZLDOYFVI,event = 3,rspData=(null),extent_info=(null)
09-19 17:57:04.118 I/XiaoWeiSDK_JNI( 3214): on_request_callback voiceId = HXGRVMOYPUXRVLYKJZVHNFFAZLDOYFVI,event = 5,rspData=,extent_info=(null)
09-19 17:57:04.131 I/XiaoWeiSDK_JNI( 3214): on_request_callback voiceId = HXGRVMOYPUXRVLYKJZVHNFFAZLDOYFVI,event = 0,rspData=(null),extent_info=(null)
09-19 17:57:05.168 I/BluetoothAvrcpControllerJni( 2702): btavrcp_play_position_changed_callback
09-19 17:57:05.168 D/AvrcpControllerService( 2702): onPlayPositionChanged 
09-19 17:57:05.170 D/AvrcpControllerService( 2702):  HandleMessage: CB_PLAY_POS_CHANGED Remote Connected true
09-19 17:57:05.170 D/A2dpSinkService( 2702): getA2dpSinkService(): returning com.android.bluetooth.a2dpsink.A2dpSinkService@8e0889a
09-19 17:57:05.170 D/AvrcpControllerService( 2702):  broadcastPlayBackStateChanged = PlaybackState {state=3, position=19243, buffered position=0, speed=1.0, updated=253574, actions=0, custom actions=[], active item id=-1, error=null}
09-19 17:57:05.173 E/ActivityManager( 2080): Sending non-protected broadcast android.bluetooth.avrcp-controller.profile.action.TRACK_EVENT from system 2702:com.android.bluetooth/1002 pkg com.android.bluetooth
09-19 17:57:05.173 E/ActivityManager( 2080): java.lang.Throwable
09-19 17:57:05.173 E/ActivityManager( 2080):    at com.android.server.am.ActivityManagerService.broadcastIntentLocked(ActivityManagerService.java:17989)
09-19 17:57:05.173 E/ActivityManager( 2080):    at com.android.server.am.ActivityManagerService.broadcastIntent(ActivityManagerService.java:18555)
09-19 17:57:05.173 E/ActivityManager( 2080):    at android.app.ActivityManagerNative.onTransact(ActivityManagerNative.java:499)
09-19 17:57:05.173 E/ActivityManager( 2080):    at com.android.server.am.ActivityManagerService.onTransact(ActivityManagerService.java:2861)
09-19 17:57:05.173 E/ActivityManager( 2080):    at android.os.Binder.execTransact(Binder.java:565)
09-19 17:57:05.181 D/A2dpMediaBrowserService( 2702): onReceive intent=Intent { act=android.bluetooth.avrcp-controller.profile.action.TRACK_EVENT flg=0x10 (has extras) }
09-19 17:57:05.182 D/A2dpMediaBrowserService( 2702): msgTrack: playback: PlaybackState {state=3, position=19243, buffered position=0, speed=1.0, updated=253574, actions=0, custom actions=[], active item id=-1, error=null} mmd: null
09-19 17:57:05.183 D/A2dpMediaBrowserService( 2702): prevPS PlaybackState {state=3, position=19268, buffered position=0, speed=1.0, updated=253586, actions=54, custom actions=[], active item id=-1, error=null}
09-19 17:57:05.183 D/A2dpMediaBrowserService( 2702): prev MM title 各自远扬 (それぞれに) track len 214158
09-19 17:57:05.183 D/A2dpMediaBrowserService( 2702): msgTrack() playbackstate PlaybackState {state=3, position=19243, buffered position=0, speed=1.0, updated=253574, actions=0, custom actions=[], active item id=-1, error=null}
09-19 17:57:06.028 I/turen   ( 3214): [R2][00:03:50.400] [core/R2VbvCtc.cpp    228] vbv total time cost: 26128
09-19 17:57:06.028 I/turen   ( 3214): [R2][00:03:50.400] [core/R2VbvCtc.cpp    230] bf12 time cost: 20778
09-19 17:57:06.028 I/turen   ( 3214): [R2][00:03:50.400] [core/R2VbvCtc.cpp    232] big code block time cost: 5319
09-19 17:57:06.028 I/turen   ( 3214): [R2][00:03:50.400] [core/R2VbvCtc.cpp    235] *1* putvoiceToLines time cost: 159349
09-19 17:57:06.029 I/turen   ( 3214): [R2][00:03:50.400] [core/R2VbvCtc.cpp    239] *2* putvoiceToLines time cost: 18895
09-19 17:57:06.029 I/turen   ( 3214): [R2][00:03:50.400] [core/R2VbvCtc.cpp    243] *3* putvoiceToLines time cost: 24061
09-19 17:57:06.029 I/turen   ( 3214): [R2][00:03:50.400] [core/R2ad2VBF.cpp    205] R2ad2VBF big code block time cost: 7
