09-19 17:49:51.851 D/A2dpMediaBrowserService( 2714): msgTrack: playback: null mmd: android.media.MediaMetadata@adddb49
09-19 17:49:51.856 D/A2dpMediaBrowserService( 2714): prevPS PlaybackState {state=3, position=1682, buffered position=0, speed=1.0, updated=1853713, actions=54, custom actions=[], active item id=-1, error=null}
09-19 17:49:51.856 D/A2dpMediaBrowserService( 2714): prev MM title 房间 (新版) track len 241000
09-19 17:49:51.856 D/A2dpMediaBrowserService( 2714): msgTrack() mmd 房间 (新版), 刘瑞琦, 房间（新版）
09-19 17:49:52.147 I/BluetoothAvrcpControllerJni( 2714): btavrcp_play_position_changed_callback
09-19 17:49:52.147 D/AvrcpControllerService( 2714): onPlayPositionChanged 
09-19 17:49:52.148 D/AvrcpControllerService( 2714):  HandleMessage: CB_PLAY_POS_CHANGED Remote Connected true
09-19 17:49:52.149 D/A2dpSinkService( 2714): getA2dpSinkService(): returning com.android.bluetooth.a2dpsink.A2dpSinkService@25545cb
09-19 17:49:52.149 D/AvrcpControllerService( 2714):  broadcastPlayBackStateChanged = PlaybackState {state=3, position=355, buffered position=0, speed=1.0, updated=1854007, actions=0, custom actions=[], active item id=-1, error=null}
09-19 17:49:52.152 E/ActivityManager( 2130): Sending non-protected broadcast android.bluetooth.avrcp-controller.profile.action.TRACK_EVENT from system 2714:com.android.bluetooth/1002 pkg com.android.bluetooth
09-19 17:49:52.152 E/ActivityManager( 2130): java.lang.Throwable
09-19 17:49:52.152 E/ActivityManager( 2130):    at com.android.server.am.ActivityManagerService.broadcastIntentLocked(ActivityManagerService.java:17989)
09-19 17:49:52.152 E/ActivityManager( 2130):    at com.android.server.am.ActivityManagerService.broadcastIntent(ActivityManagerService.java:18555)
09-19 17:49:52.152 E/ActivityManager( 2130):    at android.app.ActivityManagerNative.onTransact(ActivityManagerNative.java:499)
09-19 17:49:52.152 E/ActivityManager( 2130):    at com.android.server.am.ActivityManagerService.onTransact(ActivityManagerService.java:2861)
09-19 17:49:52.152 E/ActivityManager( 2130):    at android.os.Binder.execTransact(Binder.java:565)
09-19 17:49:52.156 D/A2dpMediaBrowserService( 2714): onReceive intent=Intent { act=android.bluetooth.avrcp-controller.profile.action.TRACK_EVENT flg=0x10 (has extras) }
09-19 17:49:52.157 D/A2dpMediaBrowserService( 2714): msgTrack: playback: PlaybackState {state=3, position=355, buffered position=0, speed=1.0, updated=1854007, actions=0, custom actions=[], active item id=-1, error=null} mmd: null
09-19 17:49:52.158 D/A2dpMediaBrowserService( 2714): prevPS PlaybackState {state=3, position=1985, buffered position=0, speed=1.0, updated=1854016, actions=54, custom actions=[], active item id=-1, error=null}
09-19 17:49:52.159 D/A2dpMediaBrowserService( 2714): prev MM title 房间 (新版) track len 241904
09-19 17:49:52.159 D/A2dpMediaBrowserService( 2714): msgTrack() playbackstate PlaybackState {state=3, position=355, buffered position=0, speed=1.0, updated=1854007, actions=0, custom actions=[], active item id=-1, error=null}
09-19 17:49:52.503 I/SPProvider( 3700): call uriPrefix: content://com.ktcp.tvvideo.REMOTE_SHARED_PREFERENCE, method: get
09-19 17:49:52.866 I/turen   ( 3215): [R2][00:30:30.400] [core/R2VbvCtc.cpp    228] vbv total time cost: 28566
09-19 17:49:52.866 I/turen   ( 3215): [R2][00:30:30.400] [core/R2VbvCtc.cpp    230] bf12 time cost: 16496
09-19 17:49:52.866 I/turen   ( 3215): [R2][00:30:30.400] [core/R2VbvCtc.cpp    232] big code block time cost: 12050
09-19 17:49:52.866 I/turen   ( 3215): [R2][00:30:30.400] [core/R2VbvCtc.cpp    235] *1* putvoiceToLines time cost: 190102
09-19 17:49:52.866 I/turen   ( 3215): [R2][00:30:30.400] [core/R2VbvCtc.cpp    239] *2* putvoiceToLines time cost: 12288
09-19 17:49:52.867 I/turen   ( 3215): [R2][00:30:30.400] [core/R2VbvCtc.cpp    243] *3* putvoiceToLines time cost: 17487
09-19 17:49:52.867 I/turen   ( 3215): [R2][00:30:30.400] [core/R2ad2VBF.cpp    205] R2ad2VBF big code block time cost: 12
09-19 17:49:54.147 I/BluetoothAvrcpControllerJni( 2714): btavrcp_play_position_changed_callback
09-19 17:49:54.147 D/AvrcpControllerService( 2714): onPlayPositionChanged 
09-19 17:49:54.149 D/AvrcpControllerService( 2714):  HandleMessage: CB_PLAY_POS_CHANGED Remote Connected true
09-19 17:49:54.149 D/A2dpSinkService( 2714): getA2dpSinkService(): returning com.android.bluetooth.a2dpsink.A2dpSinkService@25545cb
09-19 17:49:54.149 D/AvrcpControllerService( 2714):  broadcastPlayBackStateChanged = PlaybackState {state=3, position=2362, buffered position=0, speed=1.0, updated=1856007, actions=0, custom actions=[], active item id=-1, error=null}
09-19 17:49:54.152 E/ActivityManager( 2130): Sending non-protected broadcast android.bluetooth.avrcp-controller.profile.action.TRACK_EVENT from system 2714:com.android.bluetooth/1002 pkg com.android.bluetooth
09-19 17:49:54.152 E/ActivityManager( 2130): java.lang.Throwable
09-19 17:49:54.152 E/ActivityManager( 2130):    at com.android.server.am.ActivityManagerService.broadcastIntentLocked(ActivityManagerService.java:17989)
09-19 17:49:54.152 E/ActivityManager( 2130):    at com.android.server.am.ActivityManagerService.broadcastIntent(ActivityManagerService.java:18555)
09-19 17:49:54.152 E/ActivityManager( 2130):    at android.app.ActivityManagerNative.onTransact(ActivityManagerNative.java:499)
09-19 17:49:54.152 E/ActivityManager( 2130):    at com.android.server.am.ActivityManagerService.onTransact(ActivityManagerService.java:2861)
09-19 17:49:54.152 E/ActivityManager( 2130):    at android.os.Binder.execTransact(Binder.java:565)
09-19 17:49:54.155 D/A2dpMediaBrowserService( 2714): onReceive intent=Intent { act=android.bluetooth.avrcp-controller.profile.action.TRACK_EVENT flg=0x10 (has extras) }
09-19 17:49:54.156 D/A2dpMediaBrowserService( 2714): msgTrack: playback: PlaybackState {state=3, position=2362, buffered position=0, speed=1.0, updated=1856007, actions=0, custom actions=[], active item id=-1, error=null} mmd: null
09-19 17:49:54.157 D/A2dpMediaBrowserService( 2714): prevPS PlaybackState {state=3, position=2362, buffered position=0, speed=1.0, updated=1856014, actions=54, custom actions=[], active item id=-1, error=null}
09-19 17:49:54.157 D/A2dpMediaBrowserService( 2714): prev MM title 房间 (新版) track len 241904
09-19 17:49:54.158 D/A2dpMediaBrowserService( 2714): msgTrack() playbackstate PlaybackState {state=3, position=2362, buffered position=0, speed=1.0, updated=1856007, actions=0, custom actions=[], active item id=-1, error=null}
09-19 17:49:56.158 I/BluetoothAvrcpControllerJni( 2714): btavrcp_play_position_changed_callback
09-19 17:49:56.158 D/AvrcpControllerService( 2714): onPlayPositionChanged 
09-19 17:49:56.159 D/AvrcpControllerService( 2714):  HandleMessage: CB_PLAY_POS_CHANGED Remote Connected true
09-19 17:49:56.159 D/A2dpSinkService( 2714): getA2dpSinkService(): returning com.android.bluetooth.a2dpsink.A2dpSinkService@25545cb
09-19 17:49:56.159 D/AvrcpControllerService( 2714):  broadcastPlayBackStateChanged = PlaybackState {state=3, position=4361, buffered position=0, speed=1.0, updated=1858017, actions=0, custom actions=[], active item id=-1, error=null}
09-19 17:49:56.162 E/ActivityManager( 2130): Sending non-protected broadcast android.bluetooth.avrcp-controller.profile.action.TRACK_EVENT from system 2714:com.android.bluetooth/1002 pkg com.android.bluetooth
09-19 17:49:56.162 E/ActivityManager( 2130): java.lang.Throwable
09-19 17:49:56.162 E/ActivityManager( 2130):    at com.android.server.am.ActivityManagerService.broadcastIntentLocked(ActivityManagerService.java:17989)
09-19 17:49:56.162 E/ActivityManager( 2130):    at com.android.server.am.ActivityManagerService.broadcastIntent(ActivityManagerService.java:18555)
09-19 17:49:56.162 E/ActivityManager( 2130):    at android.app.ActivityManagerNative.onTransact(ActivityManagerNative.java:499)
09-19 17:49:56.162 E/ActivityManager( 2130):    at com.android.server.am.ActivityManagerService.onTransact(ActivityManagerService.java:2861)
09-19 17:49:56.162 E/ActivityManager( 2130):    at android.os.Binder.execTransact(Binder.java:565)
09-19 17:49:56.171 D/A2dpMediaBrowserService( 2714): onReceive intent=Intent { act=android.bluetooth.avrcp-controller.profile.action.TRACK_EVENT flg=0x10 (has extras) }
09-19 17:49:56.174 D/A2dpMediaBrowserService( 2714): msgTrack: playback: PlaybackState {state=3, position=4361, buffered position=0, speed=1.0, updated=1858017, actions=0, custom actions=[], active item id=-1, error=null} mmd: null
09-19 17:49:56.175 D/A2dpMediaBrowserService( 2714): prevPS PlaybackState {state=3, position=4387, buffered position=0, speed=1.0, updated=1858032, actions=54, custom actions=[], active item id=-1, error=null}
09-19 17:49:56.175 D/A2dpMediaBrowserService( 2714): prev MM title 房间 (新版) track len 241904
09-19 17:49:56.176 D/A2dpMediaBrowserService( 2714): msgTrack() playbackstate PlaybackState {state=3, position=4361, buffered position=0, speed=1.0, updated=1858017, actions=0, custom actions=[], active item id=-1, error=null}
09-19 17:49:57.537 I/SPProvider( 3700): call uriPrefix: content://com.ktcp.tvvideo.REMOTE_SHARED_PREFERENCE, method: get
09-19 17:49:58.158 I/BluetoothAvrcpControllerJni( 2714): btavrcp_play_position_changed_callback
09-19 17:49:58.158 D/AvrcpControllerService( 2714): onPlayPositionChanged 
09-19 17:49:58.160 D/AvrcpControllerService( 2714):  HandleMessage: CB_PLAY_POS_CHANGED Remote Connected true
09-19 17:49:58.160 D/A2dpSinkService( 2714): getA2dpSinkService(): returning com.android.bluetooth.a2dpsink.A2dpSinkService@25545cb
09-19 17:49:58.160 D/AvrcpControllerService( 2714):  broadcastPlayBackStateChanged = PlaybackState {state=3, position=6355, buffered position=0, speed=1.0, updated=1860018, actions=0, custom actions=[], active item id=-1, error=null}
09-19 17:49:58.162 E/ActivityManager( 2130): Sending non-protected broadcast android.bluetooth.avrcp-controller.profile.action.TRACK_EVENT from system 2714:com.android.bluetooth/1002 pkg com.android.bluetooth
09-19 17:49:58.162 E/ActivityManager( 2130): java.lang.Throwable
09-19 17:49:58.162 E/ActivityManager( 2130):    at com.android.server.am.ActivityManagerService.broadcastIntentLocked(ActivityManagerService.java:17989)
09-19 17:49:58.162 E/ActivityManager( 2130):    at com.android.server.am.ActivityManagerService.broadcastIntent(ActivityManagerService.java:18555)
09-19 17:49:58.162 E/ActivityManager( 2130):    at android.app.ActivityManagerNative.onTransact(ActivityManagerNative.java:499)
09-19 17:49:58.162 E/ActivityManager( 2130):    at com.android.server.am.ActivityManagerService.onTransact(ActivityManagerService.java:2861)
09-19 17:49:58.162 E/ActivityManager( 2130):    at android.os.Binder.execTransact(Binder.java:565)
09-19 17:49:58.174 D/A2dpMediaBrowserService( 2714): onReceive intent=Intent { act=android.bluetooth.avrcp-controller.profile.action.TRACK_EVENT flg=0x10 (has extras) }
09-19 17:49:58.174 D/A2dpMediaBrowserService( 2714): msgTrack: playback: PlaybackState {state=3, position=6355, buffered position=0, speed=1.0, updated=1860018, actions=0, custom actions=[], active item id=-1, error=null} mmd: null
09-19 17:49:58.178 D/A2dpMediaBrowserService( 2714): prevPS PlaybackState {state=3, position=6378, buffered position=0, speed=1.0, updated=1860034, actions=54, custom actions=[], active item id=-1, error=null}
09-19 17:49:58.178 D/A2dpMediaBrowserService( 2714): prev MM title 房间 (新版) track len 241904
09-19 17:49:58.178 D/A2dpMediaBrowserService( 2714): msgTrack() playbackstate PlaybackState {state=3, position=6355, buffered position=0, speed=1.0, updated=1860018, actions=0, custom actions=[], active item id=-1, error=null}
09-19 17:49:58.313 I/turen   ( 3215): [R2][00:30:35.840] [core/R2VbvCtc.cpp    379] ☘   [jihuoci] start lines
09-19 17:49:58.858 I/turen   ( 3215): [R2][00:30:36.096] [R2FrameQueue.cpp     195] [AecOut] frame count = 5
09-19 17:49:59.010 I/turen   ( 3215): [R2][00:30:36.224] [R2AsrParser.cpp       66] ☘   (ID-0) ni zhe , 
09-19 17:49:59.256 I/turen   ( 3215): [R2][00:30:36.416] [R2AsrParser.cpp       66] ☘   (ID-0) ni zhe ci , 
09-19 17:49:59.422 I/turen   ( 3215): [R2][00:30:36.544] [R2AsrParser.cpp       66] ☘   (ID-0) ni zhe ci bu , 
09-19 17:49:59.530 I/turen   ( 3215): [R2][00:30:36.736] [R2AsrParser.cpp       66] ☘   (ID-0) ni zhe ci bu jiang , 
09-19 17:49:59.588 I/turen   ( 3215): [R2][00:30:36.800] [R2AsrParser.cpp       66] ☘   (ID-0) ni zhe ci bu jiang lv , 
09-19 17:49:59.773 I/turen   ( 3215): [R2][00:30:36.992] [R2AsrParser.cpp       66] ☘   (ID-0) ni zhe ci bu jiang lv xia , 
09-19 17:49:59.896 I/turen   ( 3215): [R2][00:30:37.184] [R2AsrParser.cpp       66] ☘   (ID-0) ni zhe ci bu jiang lv xia zi , 
09-19 17:49:59.988 I/turen   ( 3215): [R2][00:30:37.376] [R2AsrParser.cpp       66] ☘   (ID-0) ni zhe ci bu jiang lv xia zi lai , 
09-19 17:50:00.061 D/LaunchView( 3313): onReceive: android.intent.action.TIME_TICK
09-19 17:50:00.075 I/turen   ( 3215): [R2][00:30:37.504] [R2AsrParser.cpp       66] ☘   (ID-0) ni zhe ci bu jiang lv xia zi lai dei , 
09-19 17:50:00.115 I/turen   ( 3215): [R2][00:30:37.568] [R2FrameQueue.cpp     195] [AecOut] frame count = 0
09-19 17:50:00.160 I/turen   ( 3215): [R2][00:30:37.696] [R2AsrParser.cpp       66] ☘   (ID-0) ni zhe ci bu jiang lv xia zi lai dei jiao , 
09-19 17:50:00.163 I/BluetoothAvrcpControllerJni( 2714): btavrcp_play_position_changed_callback
09-19 17:50:00.163 D/AvrcpControllerService( 2714): onPlayPositionChanged 
09-19 17:50:00.164 D/AvrcpControllerService( 2714):  HandleMessage: CB_PLAY_POS_CHANGED Remote Connected true
09-19 17:50:00.164 D/A2dpSinkService( 2714): getA2dpSinkService(): returning com.android.bluetooth.a2dpsink.A2dpSinkService@25545cb
09-19 17:50:00.164 D/AvrcpControllerService( 2714):  broadcastPlayBackStateChanged = PlaybackState {state=3, position=8370, buffered position=0, speed=1.0, updated=1862022, actions=0, custom actions=[], active item id=-1, error=null}
09-19 17:50:00.165 E/ActivityManager( 2130): Sending non-protected broadcast android.bluetooth.avrcp-controller.profile.action.TRACK_EVENT from system 2714:com.android.bluetooth/1002 pkg com.android.bluetooth
09-19 17:50:00.165 E/ActivityManager( 2130): java.lang.Throwable
09-19 17:50:00.165 E/ActivityManager( 2130):    at com.android.server.am.ActivityManagerService.broadcastIntentLocked(ActivityManagerService.java:17989)
09-19 17:50:00.165 E/ActivityManager( 2130):    at com.android.server.am.ActivityManagerService.broadcastIntent(ActivityManagerService.java:18555)
09-19 17:50:00.165 E/ActivityManager( 2130):    at android.app.ActivityManagerNative.onTransact(ActivityManagerNative.java:499)
09-19 17:50:00.165 E/ActivityManager( 2130):    at com.android.server.am.ActivityManagerService.onTransact(ActivityManagerService.java:2861)
09-19 17:50:00.165 E/ActivityManager( 2130):    at android.os.Binder.execTransact(Binder.java:565)
09-19 17:50:00.171 D/A2dpMediaBrowserService( 2714): onReceive intent=Intent { act=android.bluetooth.avrcp-controller.profile.action.TRACK_EVENT flg=0x10 (has extras) }
09-19 17:50:00.171 D/A2dpMediaBrowserService( 2714): msgTrack: playback: PlaybackState {state=3, position=8370, buffered position=0, speed=1.0, updated=1862022, actions=0, custom actions=[], active item id=-1, error=null} mmd: null
09-19 17:50:00.171 D/A2dpMediaBrowserService( 2714): prevPS PlaybackState {state=3, position=8366, buffered position=0, speed=1.0, updated=1862029, actions=54, custom actions=[], active item id=-1, error=null}
09-19 17:50:00.171 D/A2dpMediaBrowserService( 2714): prev MM title 房间 (新版) track len 241904
09-19 17:50:00.172 D/A2dpMediaBrowserService( 2714): msgTrack() playbackstate PlaybackState {state=3, position=8370, buffered position=0, speed=1.0, updated=1862022, actions=0, custom actions=[], active item id=-1, error=null}
09-19 17:50:00.750 I/turen   ( 3215): [R2][00:30:38.208] [R2AsrParser.cpp       66] ☘   (ID-0) ni zhe ci bu jiang lv xia zi lai dei jiao , 
09-19 17:50:00.751 I/turen   ( 3215): [R2][00:30:38.208] [core/R2VbvCtc.cpp    439] ☘   [jihuoci] stop lines
09-19 17:50:02.143 I/XiaoWeiSDK_JNI( 3215): on_request_callback voiceId = FVNCGGZAVEDTOWDWEFXAKPOGSQYTMOTA,event = 1,rspData=(null),extent_info=(null)
09-19 17:50:02.154 I/XiaoWeiSDK_JNI( 3215): on_request_callback voiceId = FVNCGGZAVEDTOWDWEFXAKPOGSQYTMOTA,event = 4,rspData=(null),extent_info={"event":"RecognizeBegin","voiceid":"FVNCGGZAVEDTOWDWEFXAKPOGSQYTMOTA"
09-19 17:50:02.159 I/BluetoothAvrcpControllerJni( 2714): btavrcp_play_position_changed_callback
09-19 17:50:02.159 D/AvrcpControllerService( 2714): onPlayPositionChanged 
09-19 17:50:02.160 D/AvrcpControllerService( 2714):  HandleMessage: CB_PLAY_POS_CHANGED Remote Connected true
09-19 17:50:02.160 D/A2dpSinkService( 2714): getA2dpSinkService(): returning com.android.bluetooth.a2dpsink.A2dpSinkService@25545cb
09-19 17:50:02.160 D/AvrcpControllerService( 2714):  broadcastPlayBackStateChanged = PlaybackState {state=3, position=10377, buffered position=0, speed=1.0, updated=1864018, actions=0, custom actions=[], active item id=-1, error=null}
09-19 17:50:02.162 E/ActivityManager( 2130): Sending non-protected broadcast android.bluetooth.avrcp-controller.profile.action.TRACK_EVENT from system 2714:com.android.bluetooth/1002 pkg com.android.bluetooth
09-19 17:50:02.162 E/ActivityManager( 2130): java.lang.Throwable
09-19 17:50:02.162 E/ActivityManager( 2130):    at com.android.server.am.ActivityManagerService.broadcastIntentLocked(ActivityManagerService.java:17989)
09-19 17:50:02.162 E/ActivityManager( 2130):    at com.android.server.am.ActivityManagerService.broadcastIntent(ActivityManagerService.java:18555)
09-19 17:50:02.162 E/ActivityManager( 2130):    at android.app.ActivityManagerNative.onTransact(ActivityManagerNative.java:499)
09-19 17:50:02.162 E/ActivityManager( 2130):    at com.android.server.am.ActivityManagerService.onTransact(ActivityManagerService.java:2861)
09-19 17:50:02.162 E/ActivityManager( 2130):    at android.os.Binder.execTransact(Binder.java:565)
09-19 17:50:02.172 D/A2dpMediaBrowserService( 2714): onReceive intent=Intent { act=android.bluetooth.avrcp-controller.profile.action.TRACK_EVENT flg=0x10 (has extras) }
09-19 17:50:02.172 D/A2dpMediaBrowserService( 2714): msgTrack: playback: PlaybackState {state=3, position=10377, buffered position=0, speed=1.0, updated=1864018, actions=0, custom actions=[], active item id=-1, error=null} mmd: null
09-19 17:50:02.174 D/A2dpMediaBrowserService( 2714): prevPS PlaybackState {state=3, position=10379, buffered position=0, speed=1.0, updated=1864031, actions=54, custom actions=[], active item id=-1, error=null}
09-19 17:50:02.175 D/A2dpMediaBrowserService( 2714): prev MM title 房间 (新版) track len 241904
09-19 17:50:02.175 D/A2dpMediaBrowserService( 2714): msgTrack() playbackstate PlaybackState {state=3, position=10377, buffered position=0, speed=1.0, updated=1864018, actions=0, custom actions=[], active item id=-1, error=null}
09-19 17:50:02.569 I/SPProvider( 3700): call uriPrefix: content://com.ktcp.tvvideo.REMOTE_SHARED_PREFERENCE, method: get
09-19 17:50:02.652 I/XiaoWeiSDK_JNI( 3215): on_request_callback voiceId = FVNCGGZAVEDTOWDWEFXAKPOGSQYTMOTA,event = 2,rspData=(null),extent_info=(null)
09-19 17:50:03.837 I/XiaoWeiSDK_JNI( 3215): on_request_callback voiceId = FVNCGGZAVEDTOWDWEFXAKPOGSQYTMOTA,event = 4,rspData=(null),extent_info={"event":"RecognizeEnd","voiceid":"FVNCGGZAVEDTOWDWEFXAKPOGSQYTMOTA"
09-19 17:50:03.839 I/XiaoWeiSDK_JNI( 3215): on_request_callback voiceId = FVNCGGZAVEDTOWDWEFXAKPOGSQYTMOTA,event = 3,rspData=(null),extent_info=(null)
09-19 17:50:03.847 I/XiaoWeiSDK_JNI( 3215): on_request_callback voiceId = FVNCGGZAVEDTOWDWEFXAKPOGSQYTMOTA,event = 5,rspData=,extent_info=(null)
09-19 17:50:03.860 I/XiaoWeiSDK_JNI( 3215): on_request_callback voiceId = FVNCGGZAVEDTOWDWEFXAKPOGSQYTMOTA,event = 0,rspData=(null),extent_info=(null)
09-19 17:50:04.148 I/BluetoothAvrcpControllerJni( 2714): btavrcp_play_position_changed_callback
09-19 17:50:04.148 D/AvrcpControllerService( 2714): onPlayPositionChanged 
09-19 17:50:04.149 D/AvrcpControllerService( 2714):  HandleMessage: CB_PLAY_POS_CHANGED Remote Connected true
09-19 17:50:04.149 D/A2dpSinkService( 2714): getA2dpSinkService(): returning com.android.bluetooth.a2dpsink.A2dpSinkService@25545cb
09-19 17:50:04.150 D/AvrcpControllerService( 2714):  broadcastPlayBackStateChanged = PlaybackState {state=3, position=12352, buffered position=0, speed=1.0, updated=1866008, actions=0, custom actions=[], active item id=-1, error=null}
09-19 17:50:04.152 E/ActivityManager( 2130): Sending non-protected broadcast android.bluetooth.avrcp-controller.profile.action.TRACK_EVENT from system 2714:com.android.bluetooth/1002 pkg com.android.bluetooth
09-19 17:50:04.152 E/ActivityManager( 2130): java.lang.Throwable
09-19 17:50:04.152 E/ActivityManager( 2130):    at com.android.server.am.ActivityManagerService.broadcastIntentLocked(ActivityManagerService.java:17989)
09-19 17:50:04.152 E/ActivityManager( 2130):    at com.android.server.am.ActivityManagerService.broadcastIntent(ActivityManagerService.java:18555)
09-19 17:50:04.152 E/ActivityManager( 2130):    at android.app.ActivityManagerNative.onTransact(ActivityManagerNative.java:499)
09-19 17:50:04.152 E/ActivityManager( 2130):    at com.android.server.am.ActivityManagerService.onTransact(ActivityManagerService.java:2861)
09-19 17:50:04.152 E/ActivityManager( 2130):    at android.os.Binder.execTransact(Binder.java:565)
09-19 17:50:04.161 D/A2dpMediaBrowserService( 2714): onReceive intent=Intent { act=android.bluetooth.avrcp-controller.profile.action.TRACK_EVENT flg=0x10 (has extras) }
09-19 17:50:04.162 D/A2dpMediaBrowserService( 2714): msgTrack: playback: PlaybackState {state=3, position=12352, buffered position=0, speed=1.0, updated=1866008, actions=0, custom actions=[], active item id=-1, error=null} mmd: null
09-19 17:50:04.163 D/A2dpMediaBrowserService( 2714): prevPS PlaybackState {state=3, position=12379, buffered position=0, speed=1.0, updated=1866020, actions=54, custom actions=[], active item id=-1, error=null}
09-19 17:50:04.163 D/A2dpMediaBrowserService( 2714): prev MM title 房间 (新版) track len 241904
09-19 17:50:04.163 D/A2dpMediaBrowserService( 2714): msgTrack() playbackstate PlaybackState {state=3, position=12352, buffered position=0, speed=1.0, updated=1866008, actions=0, custom actions=[], active item id=-1, error=null}
09-19 17:50:05.666 I/turen   ( 3215): [R2][00:30:43.200] [core/R2VbvCtc.cpp    228] vbv total time cost: 31400
09-19 17:50:05.666 I/turen   ( 3215): [R2][00:30:43.200] [core/R2VbvCtc.cpp    230] bf12 time cost: 21416
09-19 17:50:05.666 I/turen   ( 3215): [R2][00:30:43.200] [core/R2VbvCtc.cpp    232] big code block time cost: 9952
09-19 17:50:05.666 I/turen   ( 3215): [R2][00:30:43.200] [core/R2VbvCtc.cpp    235] *1* putvoiceToLines time cost: 228402
09-19 17:50:05.666 I/turen   ( 3215): [R2][00:30:43.200] [core/R2VbvCtc.cpp    239] *2* putvoiceToLines time cost: 32619
09-19 17:50:05.666 I/turen   ( 3215): [R2][00:30:43.200] [core/R2VbvCtc.cpp    243] *3* putvoiceToLines time cost: 2525
09-19 17:50:05.666 I/turen   ( 3215): [R2][00:30:43.200] [core/R2ad2VBF.cpp    205] R2ad2VBF big code block time cost: 4
09-19 17:50:06.156 I/BluetoothAvrcpControllerJni( 2714): btavrcp_play_position_changed_callback
09-19 17:50:06.156 D/AvrcpControllerService( 2714): onPlayPositionChanged 
09-19 17:50:06.157 D/AvrcpControllerService( 2714):  HandleMessage: CB_PLAY_POS_CHANGED Remote Connected true
09-19 17:50:06.157 D/A2dpSinkService( 2714): getA2dpSinkService(): returning com.android.bluetooth.a2dpsink.A2dpSinkService@25545cb
09-19 17:50:06.157 D/AvrcpControllerService( 2714):  broadcastPlayBackStateChanged = PlaybackState {state=3, position=14359, buffered position=0, speed=1.0, updated=1868015, actions=0, custom actions=[], active item id=-1, error=null}
09-19 17:50:06.159 E/ActivityManager( 2130): Sending non-protected broadcast android.bluetooth.avrcp-controller.profile.action.TRACK_EVENT from system 2714:com.android.bluetooth/1002 pkg com.android.bluetooth
09-19 17:50:06.159 E/ActivityManager( 2130): java.lang.Throwable
09-19 17:50:06.159 E/ActivityManager( 2130):    at com.android.server.am.ActivityManagerService.broadcastIntentLocked(ActivityManagerService.java:17989)
09-19 17:50:06.159 E/ActivityManager( 2130):    at com.android.server.am.ActivityManagerService.broadcastIntent(ActivityManagerService.java:18555)
09-19 17:50:06.159 E/ActivityManager( 2130):    at android.app.ActivityManagerNative.onTransact(ActivityManagerNative.java:499)
09-19 17:50:06.159 E/ActivityManager( 2130):    at com.android.server.am.ActivityManagerService.onTransact(ActivityManagerService.java:2861)
09-19 17:50:06.159 E/ActivityManager( 2130):    at android.os.Binder.execTransact(Binder.java:565)
09-19 17:50:06.162 D/A2dpMediaBrowserService( 2714): onReceive intent=Intent { act=android.bluetooth.avrcp-controller.profile.action.TRACK_EVENT flg=0x10 (has extras) }
09-19 17:50:06.163 D/A2dpMediaBrowserService( 2714): msgTrack: playback: PlaybackState {state=3, position=14359, buffered position=0, speed=1.0, updated=1868015, actions=0, custom actions=[], active item id=-1, error=null} mmd: null
09-19 17:50:06.165 D/A2dpMediaBrowserService( 2714): prevPS PlaybackState {state=3, position=14366, buffered position=0, speed=1.0, updated=1868022, actions=54, custom actions=[], active item id=-1, error=null}
09-19 17:50:06.165 D/A2dpMediaBrowserService( 2714): prev MM title 房间 (新版) track len 241904
09-19 17:50:06.165 D/A2dpMediaBrowserService( 2714): msgTrack() playbackstate PlaybackState {state=3, position=14359, buffered position=0, speed=1.0, updated=1868015, actions=0, custom actions=[], active item id=-1, error=null}
09-19 17:50:06.372 I/turen   ( 3215): [R2][00:30:43.904] [core/R2VbvCtc.cpp    379] ☘   [jihuoci] start lines
09-19 17:50:07.343 I/turen   ( 3215): [R2][00:30:44.800] [R2AsrParser.cpp       66] ☘   (ID-0) mei shou , 
09-19 17:50:07.345 I/turen   ( 3215): [R2][00:30:44.800] [core/R2VbvCtc.cpp    439] ☘   [jihuoci] stop lines
09-19 17:50:07.614 I/SPProvider( 3700): call uriPrefix: content://com.ktcp.tvvideo.REMOTE_SHARED_PREFERENCE, method: get
09-19 17:50:08.165 I/BluetoothAvrcpControllerJni( 2714): btavrcp_play_position_changed_callback
09-19 17:50:08.165 D/AvrcpControllerService( 2714): onPlayPositionChanged 
09-19 17:50:08.166 D/AvrcpControllerService( 2714):  HandleMessage: CB_PLAY_POS_CHANGED Remote Connected true
09-19 17:50:08.166 D/A2dpSinkService( 2714): getA2dpSinkService(): returning com.android.bluetooth.a2dpsink.A2dpSinkService@25545cb
09-19 17:50:08.166 D/AvrcpControllerService( 2714):  broadcastPlayBackStateChanged = PlaybackState {state=3, position=16360, buffered position=0, speed=1.0, updated=1870024, actions=0, custom actions=[], active item id=-1, error=null}
09-19 17:50:08.169 E/ActivityManager( 2130): Sending non-protected broadcast android.bluetooth.avrcp-controller.profile.action.TRACK_EVENT from system 2714:com.android.bluetooth/1002 pkg com.android.bluetooth
09-19 17:50:08.169 E/ActivityManager( 2130): java.lang.Throwable
09-19 17:50:08.169 E/ActivityManager( 2130):    at com.android.server.am.ActivityManagerService.broadcastIntentLocked(ActivityManagerService.java:17989)
09-19 17:50:08.169 E/ActivityManager( 2130):    at com.android.server.am.ActivityManagerService.broadcastIntent(ActivityManagerService.java:18555)
09-19 17:50:08.169 E/ActivityManager( 2130):    at android.app.ActivityManagerNative.onTransact(ActivityManagerNative.java:499)
09-19 17:50:08.169 E/ActivityManager( 2130):    at com.android.server.am.ActivityManagerService.onTransact(ActivityManagerService.java:2861)
09-19 17:50:08.169 E/ActivityManager( 2130):    at android.os.Binder.execTransact(Binder.java:565)
09-19 17:50:08.178 D/A2dpMediaBrowserService( 2714): onReceive intent=Intent { act=android.bluetooth.avrcp-controller.profile.action.TRACK_EVENT flg=0x10 (has extras) }
09-19 17:50:08.179 D/A2dpMediaBrowserService( 2714): msgTrack: playback: PlaybackState {state=3, position=16360, buffered position=0, speed=1.0, updated=1870024, actions=0, custom actions=[], active item id=-1, error=null} mmd: null
09-19 17:50:08.180 D/A2dpMediaBrowserService( 2714): prevPS PlaybackState {state=3, position=16381, buffered position=0, speed=1.0, updated=1870037, actions=54, custom actions=[], active item id=-1, error=null}
09-19 17:50:08.180 D/A2dpMediaBrowserService( 2714): prev MM title 房间 (新版) track len 241904
09-19 17:50:08.180 D/A2dpMediaBrowserService( 2714): msgTrack() playbackstate PlaybackState {state=3, position=16360, buffered position=0, speed=1.0, updated=1870024, actions=0, custom actions=[], active item id=-1, error=null}
09-19 17:50:08.355 I/BluetoothAvrcpControllerJni( 2714): btavrcp_track_changed_callback
09-19 17:50:08.356 D/AvrcpControllerService( 2714): onTrackChanged 
09-19 17:50:08.357 D/AvrcpControllerService( 2714):  HandleMessage: CB_TRACK_CHANGED Remote Connected true
09-19 17:50:08.357 D/A2dpSinkService( 2714): getA2dpSinkService(): returning com.android.bluetooth.a2dpsink.A2dpSinkService@25545cb
09-19 17:50:08.357 D/AvrcpUtils( 2714):  TrackInfo Metadata [artist=李健 trackTitle= 抚仙湖 albumTitle= 想念你 genre=  trackNum= 14 track_len : 280000 TotalTracks 49]
09-19 17:50:08.358 D/AvrcpControllerService( 2714):  broadcastMetaDataChanged = 抚仙湖, 李健, 想念你  0.0 14 49 280000 280000 
09-19 17:50:08.360 E/ActivityManager( 2130): Sending non-protected broadcast android.bluetooth.avrcp-controller.profile.action.TRACK_EVENT from system 2714:com.android.bluetooth/1002 pkg com.android.bluetooth
09-19 17:50:08.360 E/ActivityManager( 2130): java.lang.Throwable
09-19 17:50:08.360 E/ActivityManager( 2130):    at com.android.server.am.ActivityManagerService.broadcastIntentLocked(ActivityManagerService.java:17989)
09-19 17:50:08.360 E/ActivityManager( 2130):    at com.android.server.am.ActivityManagerService.broadcastIntent(ActivityManagerService.java:18555)
09-19 17:50:08.360 E/ActivityManager( 2130):    at android.app.ActivityManagerNative.onTransact(ActivityManagerNative.java:499)
09-19 17:50:08.360 E/ActivityManager( 2130):    at com.android.server.am.ActivityManagerService.onTransact(ActivityManagerService.java:2861)
09-19 17:50:08.360 E/ActivityManager( 2130):    at android.os.Binder.execTransact(Binder.java:565)
09-19 17:50:08.369 D/A2dpMediaBrowserService( 2714): onReceive intent=Intent { act=android.bluetooth.avrcp-controller.profile.action.TRACK_EVENT flg=0x10 (has extras) }
09-19 17:50:08.369 D/A2dpMediaBrowserService( 2714): msgTrack: playback: null mmd: android.media.MediaMetadata@cbccc4e
09-19 17:50:08.370 D/A2dpMediaBrowserService( 2714): prevPS PlaybackState {state=3, position=16564, buffered position=0, speed=1.0, updated=1870228, actions=54, custom actions=[], active item id=-1, error=null}
09-19 17:50:08.371 D/A2dpMediaBrowserService( 2714): prev MM title 房间 (新版) track len 241904
09-19 17:50:08.371 D/A2dpMediaBrowserService( 2714): msgTrack() mmd 抚仙湖, 李健, 想念你
09-19 17:50:08.898 I/BluetoothAvrcpControllerJni( 2714): btavrcp_track_changed_callback
09-19 17:50:08.899 D/AvrcpControllerService( 2714): onTrackChanged 
09-19 17:50:08.900 D/AvrcpControllerService( 2714):  HandleMessage: CB_TRACK_CHANGED Remote Connected true
09-19 17:50:08.900 D/A2dpSinkService( 2714): getA2dpSinkService(): returning com.android.bluetooth.a2dpsink.A2dpSinkService@25545cb
09-19 17:50:08.900 D/AvrcpUtils( 2714):  TrackInfo Metadata [artist=李健 trackTitle= 抚仙湖 albumTitle= 想念你 genre=  trackNum= 14 track_len : 280387 TotalTracks 49]
09-19 17:50:08.901 D/AvrcpControllerService( 2714):  broadcastMetaDataChanged = 抚仙湖, 李健, 想念你  0.0 14 49 280387 280387 
09-19 17:50:08.903 E/ActivityManager( 2130): Sending non-protected broadcast android.bluetooth.avrcp-controller.profile.action.TRACK_EVENT from system 2714:com.android.bluetooth/1002 pkg com.android.bluetooth
09-19 17:50:08.903 E/ActivityManager( 2130): java.lang.Throwable
09-19 17:50:08.903 E/ActivityManager( 2130):    at com.android.server.am.ActivityManagerService.broadcastIntentLocked(ActivityManagerService.java:17989)
09-19 17:50:08.903 E/ActivityManager( 2130):    at com.android.server.am.ActivityManagerService.broadcastIntent(ActivityManagerService.java:18555)
09-19 17:50:08.903 E/ActivityManager( 2130):    at android.app.ActivityManagerNative.onTransact(ActivityManagerNative.java:499)
09-19 17:50:08.903 E/ActivityManager( 2130):    at com.android.server.am.ActivityManagerService.onTransact(ActivityManagerService.java:2861)
09-19 17:50:08.903 E/ActivityManager( 2130):    at android.os.Binder.execTransact(Binder.java:565)
09-19 17:50:08.912 D/A2dpMediaBrowserService( 2714): onReceive intent=Intent { act=android.bluetooth.avrcp-controller.profile.action.TRACK_EVENT flg=0x10 (has extras) }
09-19 17:50:08.912 D/A2dpMediaBrowserService( 2714): msgTrack: playback: null mmd: android.media.MediaMetadata@4f6f16f
09-19 17:50:08.913 D/A2dpMediaBrowserService( 2714): prevPS PlaybackState {state=3, position=17106, buffered position=0, speed=1.0, updated=1870770, actions=54, custom actions=[], active item id=-1, error=null}
09-19 17:50:08.913 D/A2dpMediaBrowserService( 2714): prev MM title 抚仙湖 track len 280000
09-19 17:50:08.914 D/A2dpMediaBrowserService( 2714): msgTrack() mmd 抚仙湖, 李健, 想念你
09-19 17:50:10.147 I/BluetoothAvrcpControllerJni( 2714): btavrcp_play_position_changed_callback
09-19 17:50:10.147 D/AvrcpControllerService( 2714): onPlayPositionChanged 
09-19 17:50:10.148 D/AvrcpControllerService( 2714):  HandleMessage: CB_PLAY_POS_CHANGED Remote Connected true
09-19 17:50:10.149 D/A2dpSinkService( 2714): getA2dpSinkService(): returning com.android.bluetooth.a2dpsink.A2dpSinkService@25545cb
09-19 17:50:10.149 D/AvrcpControllerService( 2714):  broadcastPlayBackStateChanged = PlaybackState {state=3, position=1288, buffered position=0, speed=1.0, updated=1872007, actions=0, custom actions=[], active item id=-1, error=null}
09-19 17:50:10.151 E/ActivityManager( 2130): Sending non-protected broadcast android.bluetooth.avrcp-controller.profile.action.TRACK_EVENT from system 2714:com.android.bluetooth/1002 pkg com.android.bluetooth
09-19 17:50:10.151 E/ActivityManager( 2130): java.lang.Throwable
09-19 17:50:10.151 E/ActivityManager( 2130):    at com.android.server.am.ActivityManagerService.broadcastIntentLocked(ActivityManagerService.java:17989)
09-19 17:50:10.151 E/ActivityManager( 2130):    at com.android.server.am.ActivityManagerService.broadcastIntent(ActivityManagerService.java:18555)
09-19 17:50:10.151 E/ActivityManager( 2130):    at android.app.ActivityManagerNative.onTransact(ActivityManagerNative.java:499)
09-19 17:50:10.151 E/ActivityManager( 2130):    at com.android.server.am.ActivityManagerService.onTransact(ActivityManagerService.java:2861)
09-19 17:50:10.151 E/ActivityManager( 2130):    at android.os.Binder.execTransact(Binder.java:565)
09-19 17:50:10.161 D/A2dpMediaBrowserService( 2714): onReceive intent=Intent { act=android.bluetooth.avrcp-controller.profile.action.TRACK_EVENT flg=0x10 (has extras) }
09-19 17:50:10.161 D/A2dpMediaBrowserService( 2714): msgTrack: playback: PlaybackState {state=3, position=1288, buffered position=0, speed=1.0, updated=1872007, actions=0, custom actions=[], active item id=-1, error=null} mmd: null
09-19 17:50:10.163 D/A2dpMediaBrowserService( 2714): prevPS PlaybackState {state=3, position=18356, buffered position=0, speed=1.0, updated=1872020, actions=54, custom actions=[], active item id=-1, error=null}
09-19 17:50:10.163 D/A2dpMediaBrowserService( 2714): prev MM title 抚仙湖 track len 280387
09-19 17:50:10.163 D/A2dpMediaBrowserService( 2714): msgTrack() playbackstate PlaybackState {state=3, position=1288, buffered position=0, speed=1.0, updated=1872007, actions=0, custom actions=[], active item id=-1, error=null}
09-19 17:50:12.143 I/BluetoothAvrcpControllerJni( 2714): btavrcp_play_position_changed_callback
09-19 17:50:12.143 D/AvrcpControllerService( 2714): onPlayPositionChanged 
09-19 17:50:12.144 D/AvrcpControllerService( 2714):  HandleMessage: CB_PLAY_POS_CHANGED Remote Connected true
09-19 17:50:12.144 D/A2dpSinkService( 2714): getA2dpSinkService(): returning com.android.bluetooth.a2dpsink.A2dpSinkService@25545cb
09-19 17:50:12.144 D/AvrcpControllerService( 2714):  broadcastPlayBackStateChanged = PlaybackState {state=3, position=3295, buffered position=0, speed=1.0, updated=1874002, actions=0, custom actions=[], active item id=-1, error=null}
09-19 17:50:12.146 E/ActivityManager( 2130): Sending non-protected broadcast android.bluetooth.avrcp-controller.profile.action.TRACK_EVENT from system 2714:com.android.bluetooth/1002 pkg com.android.bluetooth
09-19 17:50:12.146 E/ActivityManager( 2130): java.lang.Throwable
09-19 17:50:12.146 E/ActivityManager( 2130):    at com.android.server.am.ActivityManagerService.broadcastIntentLocked(ActivityManagerService.java:17989)
09-19 17:50:12.146 E/ActivityManager( 2130):    at com.android.server.am.ActivityManagerService.broadcastIntent(ActivityManagerService.java:18555)
09-19 17:50:12.146 E/ActivityManager( 2130):    at android.app.ActivityManagerNative.onTransact(ActivityManagerNative.java:499)
09-19 17:50:12.146 E/ActivityManager( 2130):    at com.android.server.am.ActivityManagerService.onTransact(ActivityManagerService.java:2861)
09-19 17:50:12.146 E/ActivityManager( 2130):    at android.os.Binder.execTransact(Binder.java:565)
09-19 17:50:12.154 D/A2dpMediaBrowserService( 2714): onReceive intent=Intent { act=android.bluetooth.avrcp-controller.profile.action.TRACK_EVENT flg=0x10 (has extras) }
09-19 17:50:12.155 D/A2dpMediaBrowserService( 2714): msgTrack: playback: PlaybackState {state=3, position=3295, buffered position=0, speed=1.0, updated=1874002, actions=0, custom actions=[], active item id=-1, error=null} mmd: null
09-19 17:50:12.156 D/A2dpMediaBrowserService( 2714): prevPS PlaybackState {state=3, position=3294, buffered position=0, speed=1.0, updated=1874013, actions=54, custom actions=[], active item id=-1, error=null}
09-19 17:50:12.156 D/A2dpMediaBrowserService( 2714): prev MM title 抚仙湖 track len 280387
09-19 17:50:12.157 D/A2dpMediaBrowserService( 2714): msgTrack() playbackstate PlaybackState {state=3, position=3295, buffered position=0, speed=1.0, updated=1874002, actions=0, custom actions=[], active item id=-1, error=null}
09-19 17:50:12.652 I/SPProvider( 3700): call uriPrefix: content://com.ktcp.tvvideo.REMOTE_SHARED_PREFERENCE, method: get
09-19 17:50:14.140 I/BluetoothAvrcpControllerJni( 2714): btavrcp_play_position_changed_callback
09-19 17:50:14.140 D/AvrcpControllerService( 2714): onPlayPositionChanged 
09-19 17:50:14.141 D/AvrcpControllerService( 2714):  HandleMessage: CB_PLAY_POS_CHANGED Remote Connected true
09-19 17:50:14.141 D/A2dpSinkService( 2714): getA2dpSinkService(): returning com.android.bluetooth.a2dpsink.A2dpSinkService@25545cb
09-19 17:50:14.142 D/AvrcpControllerService( 2714):  broadcastPlayBackStateChanged = PlaybackState {state=3, position=5293, buffered position=0, speed=1.0, updated=1876000, actions=0, custom actions=[], active item id=-1, error=null}
09-19 17:50:14.144 E/ActivityManager( 2130): Sending non-protected broadcast android.bluetooth.avrcp-controller.profile.action.TRACK_EVENT from system 2714:com.android.bluetooth/1002 pkg com.android.bluetooth
09-19 17:50:14.144 E/ActivityManager( 2130): java.lang.Throwable
09-19 17:50:14.144 E/ActivityManager( 2130):    at com.android.server.am.ActivityManagerService.broadcastIntentLocked(ActivityManagerService.java:17989)
09-19 17:50:14.144 E/ActivityManager( 2130):    at com.android.server.am.ActivityManagerService.broadcastIntent(ActivityManagerService.java:18555)
09-19 17:50:14.144 E/ActivityManager( 2130):    at android.app.ActivityManagerNative.onTransact(ActivityManagerNative.java:499)
09-19 17:50:14.144 E/ActivityManager( 2130):    at com.android.server.am.ActivityManagerService.onTransact(ActivityManagerService.java:2861)
09-19 17:50:14.144 E/ActivityManager( 2130):    at android.os.Binder.execTransact(Binder.java:565)
09-19 17:50:14.146 D/A2dpMediaBrowserService( 2714): onReceive intent=Intent { act=android.bluetooth.avrcp-controller.profile.action.TRACK_EVENT flg=0x10 (has extras) }
09-19 17:50:14.147 D/A2dpMediaBrowserService( 2714): msgTrack: playback: PlaybackState {state=3, position=5293, buffered position=0, speed=1.0, updated=1876000, actions=0, custom actions=[], active item id=-1, error=null} mmd: null
09-19 17:50:14.148 D/A2dpMediaBrowserService( 2714): prevPS PlaybackState {state=3, position=5298, buffered position=0, speed=1.0, updated=1876005, actions=54, custom actions=[], active item id=-1, error=null}
09-19 17:50:14.148 D/A2dpMediaBrowserService( 2714): prev MM title 抚仙湖 track len 280387
09-19 17:50:14.149 D/A2dpMediaBrowserService( 2714): msgTrack() playbackstate PlaybackState {state=3, position=5293, buffered position=0, speed=1.0, updated=1876000, actions=0, custom actions=[], active item id=-1, error=null}
09-19 17:50:16.147 I/BluetoothAvrcpControllerJni( 2714): btavrcp_play_position_changed_callback
09-19 17:50:16.147 D/AvrcpControllerService( 2714): onPlayPositionChanged 
09-19 17:50:16.148 D/AvrcpControllerService( 2714):  HandleMessage: CB_PLAY_POS_CHANGED Remote Connected true
09-19 17:50:16.148 D/A2dpSinkService( 2714): getA2dpSinkService(): returning com.android.bluetooth.a2dpsink.A2dpSinkService@25545cb
09-19 17:50:16.149 D/AvrcpControllerService( 2714):  broadcastPlayBackStateChanged = PlaybackState {state=3, position=7302, buffered position=0, speed=1.0, updated=1878007, actions=0, custom actions=[], active item id=-1, error=null}
09-19 17:50:16.151 E/ActivityManager( 2130): Sending non-protected broadcast android.bluetooth.avrcp-controller.profile.action.TRACK_EVENT from system 2714:com.android.bluetooth/1002 pkg com.android.bluetooth
09-19 17:50:16.151 E/ActivityManager( 2130): java.lang.Throwable
09-19 17:50:16.151 E/ActivityManager( 2130):    at com.android.server.am.ActivityManagerService.broadcastIntentLocked(ActivityManagerService.java:17989)
09-19 17:50:16.151 E/ActivityManager( 2130):    at com.android.server.am.ActivityManagerService.broadcastIntent(ActivityManagerService.java:18555)
09-19 17:50:16.151 E/ActivityManager( 2130):    at android.app.ActivityManagerNative.onTransact(ActivityManagerNative.java:499)
09-19 17:50:16.151 E/ActivityManager( 2130):    at com.android.server.am.ActivityManagerService.onTransact(ActivityManagerService.java:2861)
09-19 17:50:16.151 E/ActivityManager( 2130):    at android.os.Binder.execTransact(Binder.java:565)
09-19 17:50:16.154 D/A2dpMediaBrowserService( 2714): onReceive intent=Intent { act=android.bluetooth.avrcp-controller.profile.action.TRACK_EVENT flg=0x10 (has extras) }
09-19 17:50:16.155 D/A2dpMediaBrowserService( 2714): msgTrack: playback: PlaybackState {state=3, position=7302, buffered position=0, speed=1.0, updated=1878007, actions=0, custom actions=[], active item id=-1, error=null} mmd: null
09-19 17:50:16.156 D/A2dpMediaBrowserService( 2714): prevPS PlaybackState {state=3, position=7307, buffered position=0, speed=1.0, updated=1878014, actions=54, custom actions=[], active item id=-1, error=null}
09-19 17:50:16.157 D/A2dpMediaBrowserService( 2714): prev MM title 抚仙湖 track len 280387
09-19 17:50:16.157 D/A2dpMediaBrowserService( 2714): msgTrack() playbackstate PlaybackState {state=3, position=7302, buffered position=0, speed=1.0, updated=1878007, actions=0, custom actions=[], active item id=-1, error=null}
09-19 17:50:17.575 I/turen   ( 3215): [R2][00:30:55.104] [core/R2VbvCtc.cpp    379] ☘   [jihuoci] start lines
09-19 17:50:17.687 I/SPProvider( 3700): call uriPrefix: content://com.ktcp.tvvideo.REMOTE_SHARED_PREFERENCE, method: get
09-19 17:50:18.123 I/turen   ( 3215): [R2][00:30:55.360] [R2FrameQueue.cpp     195] [AecOut] frame count = 5
09-19 17:50:18.158 I/BluetoothAvrcpControllerJni( 2714): btavrcp_play_position_changed_callback
09-19 17:50:18.158 D/AvrcpControllerService( 2714): onPlayPositionChanged 
09-19 17:50:18.159 D/AvrcpControllerService( 2714):  HandleMessage: CB_PLAY_POS_CHANGED Remote Connected true
09-19 17:50:18.159 D/A2dpSinkService( 2714): getA2dpSinkService(): returning com.android.bluetooth.a2dpsink.A2dpSinkService@25545cb
09-19 17:50:18.159 D/AvrcpControllerService( 2714):  broadcastPlayBackStateChanged = PlaybackState {state=3, position=9310, buffered position=0, speed=1.0, updated=1880017, actions=0, custom actions=[], active item id=-1, error=null}
09-19 17:50:18.163 E/ActivityManager( 2130): Sending non-protected broadcast android.bluetooth.avrcp-controller.profile.action.TRACK_EVENT from system 2714:com.android.bluetooth/1002 pkg com.android.bluetooth
09-19 17:50:18.163 E/ActivityManager( 2130): java.lang.Throwable
09-19 17:50:18.163 E/ActivityManager( 2130):    at com.android.server.am.ActivityManagerService.broadcastIntentLocked(ActivityManagerService.java:17989)
09-19 17:50:18.163 E/ActivityManager( 2130):    at com.android.server.am.ActivityManagerService.broadcastIntent(ActivityManagerService.java:18555)
09-19 17:50:18.163 E/ActivityManager( 2130):    at android.app.ActivityManagerNative.onTransact(ActivityManagerNative.java:499)
09-19 17:50:18.163 E/ActivityManager( 2130):    at com.android.server.am.ActivityManagerService.onTransact(ActivityManagerService.java:2861)
09-19 17:50:18.163 E/ActivityManager( 2130):    at android.os.Binder.execTransact(Binder.java:565)
09-19 17:50:18.166 D/A2dpMediaBrowserService( 2714): onReceive intent=Intent { act=android.bluetooth.avrcp-controller.profile.action.TRACK_EVENT flg=0x10 (has extras) }
09-19 17:50:18.167 D/A2dpMediaBrowserService( 2714): msgTrack: playback: PlaybackState {state=3, position=9310, buffered position=0, speed=1.0, updated=1880017, actions=0, custom actions=[], active item id=-1, error=null} mmd: null
09-19 17:50:18.168 D/A2dpMediaBrowserService( 2714): prevPS PlaybackState {state=3, position=9320, buffered position=0, speed=1.0, updated=1880025, actions=54, custom actions=[], active item id=-1, error=null}
09-19 17:50:18.168 D/A2dpMediaBrowserService( 2714): prev MM title 抚仙湖 track len 280387
09-19 17:50:18.168 D/A2dpMediaBrowserService( 2714): msgTrack() playbackstate PlaybackState {state=3, position=9310, buffered position=0, speed=1.0, updated=1880017, actions=0, custom actions=[], active item id=-1, error=null}
09-19 17:50:18.174 I/turen   ( 3215): [R2][00:30:55.424] [R2AsrParser.cpp       66] ☘   (ID-0) chuang dian , 
09-19 17:50:18.861 I/turen   ( 3215): [R2][00:30:55.936] [core/R2VbvCtc.cpp    499] inputFloats time cost: 568
09-19 17:50:19.036 I/turen   ( 3215): [R2][00:30:56.000] [core/R2VbvCtc.cpp    228] vbv total time cost: 32246
09-19 17:50:19.037 I/turen   ( 3215): [R2][00:30:56.000] [core/R2VbvCtc.cpp    230] bf12 time cost: 22418
09-19 17:50:19.037 I/turen   ( 3215): [R2][00:30:56.000] [core/R2VbvCtc.cpp    232] big code block time cost: 9801
09-19 17:50:19.037 I/turen   ( 3215): [R2][00:30:56.000] [core/R2VbvCtc.cpp    235] *1* putvoiceToLines time cost: 196191
09-19 17:50:19.037 I/turen   ( 3215): [R2][00:30:56.000] [core/R2VbvCtc.cpp    239] *2* putvoiceToLines time cost: 36240
09-19 17:50:19.037 I/turen   ( 3215): [R2][00:30:56.000] [core/R2VbvCtc.cpp    243] *3* putvoiceToLines time cost: 1503
09-19 17:50:19.037 I/turen   ( 3215): [R2][00:30:56.000] [core/R2ad2VBF.cpp    205] R2ad2VBF big code block time cost: 4
09-19 17:50:19.339 I/turen   ( 3215): [R2][00:30:56.256] [R2FrameQueue.cpp     195] [AecOut] frame count = 10
09-19 17:50:20.024 I/turen   ( 3215): [R2][00:30:56.832] [R2AsrParser.cpp       66] ☘   (ID-0) chuang dian , 
09-19 17:50:20.026 I/turen   ( 3215): [R2][00:30:56.832] [core/R2VbvCtc.cpp    439] ☘   [jihuoci] stop lines
09-19 17:50:20.094 I/turen   ( 3215): [R2][00:30:57.216] [R2FrameQueue.cpp     195] [AecOut] frame count = 5
09-19 17:50:20.156 I/BluetoothAvrcpControllerJni( 2714): btavrcp_play_position_changed_callback
09-19 17:50:20.156 D/AvrcpControllerService( 2714): onPlayPositionChanged 
09-19 17:50:20.157 D/AvrcpControllerService( 2714):  HandleMessage: CB_PLAY_POS_CHANGED Remote Connected true
09-19 17:50:20.157 D/A2dpSinkService( 2714): getA2dpSinkService(): returning com.android.bluetooth.a2dpsink.A2dpSinkService@25545cb
09-19 17:50:20.157 D/AvrcpControllerService( 2714):  broadcastPlayBackStateChanged = PlaybackState {state=3, position=11294, buffered position=0, speed=1.0, updated=1882015, actions=0, custom actions=[], active item id=-1, error=null}
09-19 17:50:20.159 E/ActivityManager( 2130): Sending non-protected broadcast android.bluetooth.avrcp-controller.profile.action.TRACK_EVENT from system 2714:com.android.bluetooth/1002 pkg com.android.bluetooth
09-19 17:50:20.159 E/ActivityManager( 2130): java.lang.Throwable
09-19 17:50:20.159 E/ActivityManager( 2130):    at com.android.server.am.ActivityManagerService.broadcastIntentLocked(ActivityManagerService.java:17989)
09-19 17:50:20.159 E/ActivityManager( 2130):    at com.android.server.am.ActivityManagerService.broadcastIntent(ActivityManagerService.java:18555)
09-19 17:50:20.159 E/ActivityManager( 2130):    at android.app.ActivityManagerNative.onTransact(ActivityManagerNative.java:499)
09-19 17:50:20.159 E/ActivityManager( 2130):    at com.android.server.am.ActivityManagerService.onTransact(ActivityManagerService.java:2861)
09-19 17:50:20.159 E/ActivityManager( 2130):    at android.os.Binder.execTransact(Binder.java:565)
09-19 17:50:20.166 D/A2dpMediaBrowserService( 2714): onReceive intent=Intent { act=android.bluetooth.avrcp-controller.profile.action.TRACK_EVENT flg=0x10 (has extras) }
09-19 17:50:20.166 D/A2dpMediaBrowserService( 2714): msgTrack: playback: PlaybackState {state=3, position=11294, buffered position=0, speed=1.0, updated=1882015, actions=0, custom actions=[], active item id=-1, error=null} mmd: null
09-19 17:50:20.167 D/A2dpMediaBrowserService( 2714): prevPS PlaybackState {state=3, position=11317, buffered position=0, speed=1.0, updated=1882024, actions=54, custom actions=[], active item id=-1, error=null}
