09-19 17:56:35.144 E/ActivityManager( 2080):    at com.android.server.am.ActivityManagerService.onTransact(ActivityManagerService.java:2861)
09-19 17:56:35.144 E/ActivityManager( 2080):    at android.os.Binder.execTransact(Binder.java:565)
09-19 17:56:35.144 D/A2dpMediaBrowserService( 2702): prevPS PlaybackState {state=3, position=255, buffered position=0, speed=1.0, updated=223546, actions=54, custom actions=[], active item id=-1, error=null}
09-19 17:56:35.144 D/A2dpMediaBrowserService( 2702): prev MM title NOT_SUPPORTED track len 255
09-19 17:56:35.145 D/A2dpMediaBrowserService( 2702): msgTrack() mmd null, null, null
09-19 17:56:35.150 D/AvrcpControllerService( 2702):  HandleMessage: CB_TRACK_CHANGED Remote Connected true
09-19 17:56:35.150 D/A2dpSinkService( 2702): getA2dpSinkService(): returning com.android.bluetooth.a2dpsink.A2dpSinkService@8e0889a
09-19 17:56:35.151 D/A2dpMediaBrowserService( 2702): onReceive intent=Intent { act=android.bluetooth.avrcp-controller.profile.action.TRACK_EVENT flg=0x10 (has extras) }
09-19 17:56:35.151 D/AvrcpUtils( 2702):  TrackInfo Metadata [artist= trackTitle=  albumTitle=  genre=  trackNum= 255 track_len : 255 TotalTracks 255]
09-19 17:56:35.151 D/A2dpMediaBrowserService( 2702): msgTrack: playback: PlaybackState {state=3, position=255, buffered position=0, speed=1.0, updated=223544, actions=0, custom actions=[], active item id=-1, error=null} mmd: null
09-19 17:56:35.152 D/AvrcpControllerService( 2702):  broadcastMetaDataChanged = null, null, null  0.0 255 255 255 255 
09-19 17:56:35.154 D/A2dpMediaBrowserService( 2702): prevPS PlaybackState {state=3, position=255, buffered position=0, speed=1.0, updated=223555, actions=54, custom actions=[], active item id=-1, error=null}
09-19 17:56:35.154 E/ActivityManager( 2080): Sending non-protected broadcast android.bluetooth.avrcp-controller.profile.action.TRACK_EVENT from system 2702:com.android.bluetooth/1002 pkg com.android.bluetooth
09-19 17:56:35.154 E/ActivityManager( 2080): java.lang.Throwable
09-19 17:56:35.154 E/ActivityManager( 2080):    at com.android.server.am.ActivityManagerService.broadcastIntentLocked(ActivityManagerService.java:17989)
09-19 17:56:35.154 E/ActivityManager( 2080):    at com.android.server.am.ActivityManagerService.broadcastIntent(ActivityManagerService.java:18555)
09-19 17:56:35.154 E/ActivityManager( 2080):    at android.app.ActivityManagerNative.onTransact(ActivityManagerNative.java:499)
09-19 17:56:35.154 E/ActivityManager( 2080):    at com.android.server.am.ActivityManagerService.onTransact(ActivityManagerService.java:2861)
09-19 17:56:35.154 E/ActivityManager( 2080):    at android.os.Binder.execTransact(Binder.java:565)
09-19 17:56:35.154 D/A2dpMediaBrowserService( 2702): prev MM title  track len 255
09-19 17:56:35.155 D/A2dpMediaBrowserService( 2702): msgTrack() playbackstate PlaybackState {state=3, position=255, buffered position=0, speed=1.0, updated=223544, actions=0, custom actions=[], active item id=-1, error=null}
09-19 17:56:35.165 D/AvrcpControllerService( 2702):  HandleMessage: 202 Remote Connected true
09-19 17:56:35.166 D/A2dpSinkService( 2702): getA2dpSinkService(): returning com.android.bluetooth.a2dpsink.A2dpSinkService@8e0889a
09-19 17:56:35.166 D/A2dpMediaBrowserService( 2702): onReceive intent=Intent { act=android.bluetooth.avrcp-controller.profile.action.TRACK_EVENT flg=0x10 (has extras) }
09-19 17:56:35.167 D/AvrcpControllerService( 2702):  broadcastPlayBackStateChanged = PlaybackState {state=3, position=255, buffered position=0, speed=1.0, updated=223570, actions=0, custom actions=[], active item id=-1, error=null}
09-19 17:56:35.167 D/A2dpMediaBrowserService( 2702): msgTrack: playback: null mmd: android.media.MediaMetadata@c1f469
09-19 17:56:35.168 D/A2dpMediaBrowserService( 2702): prevPS PlaybackState {state=3, position=255, buffered position=0, speed=1.0, updated=223571, actions=54, custom actions=[], active item id=-1, error=null}
09-19 17:56:35.168 D/A2dpMediaBrowserService( 2702): prev MM title  track len 255
09-19 17:56:35.169 E/ActivityManager( 2080): Sending non-protected broadcast android.bluetooth.avrcp-controller.profile.action.TRACK_EVENT from system 2702:com.android.bluetooth/1002 pkg com.android.bluetooth
09-19 17:56:35.169 E/ActivityManager( 2080): java.lang.Throwable
09-19 17:56:35.169 E/ActivityManager( 2080):    at com.android.server.am.ActivityManagerService.broadcastIntentLocked(ActivityManagerService.java:17989)
09-19 17:56:35.169 E/ActivityManager( 2080):    at com.android.server.am.ActivityManagerService.broadcastIntent(ActivityManagerService.java:18555)
09-19 17:56:35.169 E/ActivityManager( 2080):    at android.app.ActivityManagerNative.onTransact(ActivityManagerNative.java:499)
09-19 17:56:35.169 E/ActivityManager( 2080):    at com.android.server.am.ActivityManagerService.onTransact(ActivityManagerService.java:2861)
09-19 17:56:35.169 E/ActivityManager( 2080):    at android.os.Binder.execTransact(Binder.java:565)
09-19 17:56:35.169 D/A2dpMediaBrowserService( 2702): msgTrack() mmd null, null, null
09-19 17:56:35.175 D/AvrcpUtils( 2702):  TrackInfo Metadata [artist= trackTitle=  albumTitle=  genre=  trackNum= 255 track_len : 255 TotalTracks 255]
09-19 17:56:35.176 D/AvrcpControllerService( 2702):  broadcastMetaDataChanged = null, null, null  0.0 255 255 255 255 
09-19 17:56:35.176 D/A2dpMediaBrowserService( 2702): onReceive intent=Intent { act=android.bluetooth.avrcp-controller.profile.action.TRACK_EVENT flg=0x10 (has extras) }
09-19 17:56:35.177 D/A2dpMediaBrowserService( 2702): msgTrack: playback: PlaybackState {state=3, position=255, buffered position=0, speed=1.0, updated=223570, actions=0, custom actions=[], active item id=-1, error=null} mmd: null
09-19 17:56:35.178 E/ActivityManager( 2080): Sending non-protected broadcast android.bluetooth.avrcp-controller.profile.action.TRACK_EVENT from system 2702:com.android.bluetooth/1002 pkg com.android.bluetooth
09-19 17:56:35.178 E/ActivityManager( 2080): java.lang.Throwable
09-19 17:56:35.178 E/ActivityManager( 2080):    at com.android.server.am.ActivityManagerService.broadcastIntentLocked(ActivityManagerService.java:17989)
09-19 17:56:35.178 E/ActivityManager( 2080):    at com.android.server.am.ActivityManagerService.broadcastIntent(ActivityManagerService.java:18555)
09-19 17:56:35.178 E/ActivityManager( 2080):    at android.app.ActivityManagerNative.onTransact(ActivityManagerNative.java:499)
09-19 17:56:35.178 E/ActivityManager( 2080):    at com.android.server.am.ActivityManagerService.onTransact(ActivityManagerService.java:2861)
09-19 17:56:35.178 E/ActivityManager( 2080):    at android.os.Binder.execTransact(Binder.java:565)
09-19 17:56:35.179 D/A2dpMediaBrowserService( 2702): prevPS PlaybackState {state=3, position=255, buffered position=0, speed=1.0, updated=223581, actions=54, custom actions=[], active item id=-1, error=null}
09-19 17:56:35.179 D/A2dpMediaBrowserService( 2702): prev MM title  track len 255
09-19 17:56:35.179 D/A2dpMediaBrowserService( 2702): msgTrack() playbackstate PlaybackState {state=3, position=255, buffered position=0, speed=1.0, updated=223570, actions=0, custom actions=[], active item id=-1, error=null}
09-19 17:56:35.181 D/A2dpMediaBrowserService( 2702): onReceive intent=Intent { act=android.bluetooth.avrcp-controller.profile.action.TRACK_EVENT flg=0x10 (has extras) }
09-19 17:56:35.182 D/A2dpMediaBrowserService( 2702): msgTrack: playback: null mmd: android.media.MediaMetadata@d433eee
09-19 17:56:35.183 D/A2dpMediaBrowserService( 2702): prevPS PlaybackState {state=3, position=255, buffered position=0, speed=1.0, updated=223586, actions=54, custom actions=[], active item id=-1, error=null}
09-19 17:56:35.183 D/A2dpMediaBrowserService( 2702): prev MM title  track len 255
09-19 17:56:35.184 D/A2dpMediaBrowserService( 2702): msgTrack() mmd null, null, null
09-19 17:56:35.193 V/AudioFlinger( 1721): start(4097), calling pid 2702 session 49
09-19 17:56:35.193 V/AudioFlinger( 1721): ? => ACTIVE (4097) on thread 0xa9e8a000
09-19 17:56:35.193 V/APM::AudioOutputDescriptor( 1721): changeRefCount() stream 3, count 1
09-19 17:56:35.193 V/APM::AudioPolicyEngine( 1721): getDeviceForStrategy() strategy 0, device 400
09-19 17:56:35.193 V/APM::AudioPolicyEngine( 1721): getDeviceForStrategy() strategy 0, device 400
09-19 17:56:35.193 V/APM::AudioPolicyEngine( 1721): getDeviceForStrategy() strategy 1, device 400
09-19 17:56:35.193 V/APM::AudioPolicyEngine( 1721): getDeviceForStrategy() strategy 2, device 2
09-19 17:56:35.193 V/APM::AudioPolicyEngine( 1721): getDeviceForStrategy() strategy 0, device 400
09-19 17:56:35.193 V/APM::AudioPolicyEngine( 1721): getDeviceForStrategy() strategy 3, device 400
09-19 17:56:35.193 V/APM::AudioPolicyEngine( 1721): getDeviceForStrategy() strategy 0, device 400
09-19 17:56:35.193 V/APM::AudioPolicyEngine( 1721): getDeviceForStrategy() strategy 4, device 400
09-19 17:56:35.194 V/APM::AudioPolicyEngine( 1721): getDeviceForStrategy() strategy 5, device 400
09-19 17:56:35.194 V/APM::AudioPolicyEngine( 1721): getDeviceForStrategy() strategy 6, device 2
09-19 17:56:35.194 V/APM::AudioPolicyEngine( 1721): getDeviceForStrategy() strategy 7, device 400
09-19 17:56:35.194 V/APM::AudioPolicyEngine( 1721): getDeviceForStrategy() strategy 8, device 400
09-19 17:56:35.194 V/AudioFlinger( 1721): ThreadBase::setParameters() routing=1024
09-19 17:56:35.194 V/AudioFlinger( 1721): sendConfigEvent_l() num events 1 event 2
09-19 17:56:35.218 V/AudioFlinger( 1721): processConfigEvents_l() remaining events 1
09-19 17:56:35.218 V/AudioFlinger( 1721): processConfigEvents_l() DONE thread 0xaa903300
09-19 17:56:35.218 V/AudioFlinger( 1721): sendConfigEvent_l() num events 1 event 3
09-19 17:56:35.218 V/AudioFlinger( 1721): thread 0xab498140 type 0 TID 1946 waking up
09-19 17:56:35.219 V/AudioFlinger( 1721): acquireWakeLock_l() AudioOut_D status 0
09-19 17:56:35.219 V/AudioFlinger( 1721): processConfigEvents_l() remaining events 1
09-19 17:56:35.219 D/audio_hal( 1721): out_set_parameters kvpairs = routing=1024
09-19 17:56:35.219 D/audio_hal( 1721): func:out_set_parameters, 1024 ---> HISI_AO_CARD_ID(0, 0) 
09-19 17:56:35.219 V/AudioFlinger( 1721): processConfigEvents_l() DONE thread 0xab498140
09-19 17:56:35.219 V/AudioFlinger( 1721): updateWakeLockUids_l() AudioOut_D status 0
09-19 17:56:35.220 V/AudioFlinger( 1721): setParameters(): io 46, keyvalue routing=1024, calling pid 1721
09-19 17:56:35.220 V/AudioFlinger( 1721): ThreadBase::setParameters() routing=1024
09-19 17:56:35.220 V/AudioFlinger( 1721): sendConfigEvent_l() num events 1 event 2
09-19 17:56:35.249 V/AudioFlinger( 1721): processConfigEvents_l() remaining events 1
09-19 17:56:35.249 V/AudioFlinger( 1721): processConfigEvents_l() DONE thread 0xaa903300
09-19 17:56:35.249 E/APM_AudioPolicyManager( 1721): device 1024, popcount(device)1
09-19 17:56:35.249 E/APM_AudioPolicyManager( 1721): checkAndSetVolume stream 0,index 4,device 1024
09-19 17:56:35.249 E/APM_AudioPolicyManager( 1721): device 1024, popcount(device)1
09-19 17:56:35.249 E/APM::AudioOutputDescriptor( 1721): changed 0
09-19 17:56:35.249 E/APM_AudioPolicyManager( 1721): device 1024, popcount(device)1
09-19 17:56:35.250 E/APM_AudioPolicyManager( 1721): checkAndSetVolume stream 1,index 6,device 1024
09-19 17:56:35.250 E/APM_AudioPolicyManager( 1721): device 1024, popcount(device)1
09-19 17:56:35.250 E/APM::AudioOutputDescriptor( 1721): changed 0
09-19 17:56:35.250 E/APM_AudioPolicyManager( 1721): device 1024, popcount(device)1
09-19 17:56:35.250 E/APM_AudioPolicyManager( 1721): checkAndSetVolume stream 2,index 6,device 1024
09-19 17:56:35.250 E/APM_AudioPolicyManager( 1721): device 1024, popcount(device)1
09-19 17:56:35.250 E/APM::AudioOutputDescriptor( 1721): changed 0
09-19 17:56:35.250 E/APM_AudioPolicyManager( 1721): device 1024, popcount(device)1
09-19 17:56:35.250 E/APM_AudioPolicyManager( 1721): checkAndSetVolume stream 3,index 22,device 1024
09-19 17:56:35.250 E/APM_AudioPolicyManager( 1721): device 1024, popcount(device)1
09-19 17:56:35.250 E/APM::AudioOutputDescriptor( 1721): changed 0
09-19 17:56:35.250 E/APM_AudioPolicyManager( 1721): device 1024, popcount(device)1
09-19 17:56:35.250 E/APM_AudioPolicyManager( 1721): checkAndSetVolume stream 4,index 6,device 1024
09-19 17:56:35.250 E/APM_AudioPolicyManager( 1721): device 1024, popcount(device)1
09-19 17:56:35.250 E/APM::AudioOutputDescriptor( 1721): changed 0
09-19 17:56:35.250 E/APM_AudioPolicyManager( 1721): device 1024, popcount(device)1
09-19 17:56:35.250 E/APM_AudioPolicyManager( 1721): checkAndSetVolume stream 5,index 6,device 1024
09-19 17:56:35.250 E/APM_AudioPolicyManager( 1721): device 1024, popcount(device)1
09-19 17:56:35.250 E/APM::AudioOutputDescriptor( 1721): changed 0
09-19 17:56:35.250 E/APM_AudioPolicyManager( 1721): device 1024, popcount(device)1
09-19 17:56:35.250 E/APM_AudioPolicyManager( 1721): device 1024, popcount(device)1
09-19 17:56:35.250 E/APM_AudioPolicyManager( 1721): checkAndSetVolume stream 7,index 6,device 1024
09-19 17:56:35.250 E/APM_AudioPolicyManager( 1721): device 1024, popcount(device)1
09-19 17:56:35.250 E/APM::AudioOutputDescriptor( 1721): changed 0
09-19 17:56:35.250 E/APM_AudioPolicyManager( 1721): device 1024, popcount(device)1
09-19 17:56:35.250 E/APM_AudioPolicyManager( 1721): checkAndSetVolume stream 8,index 13,device 1024
09-19 17:56:35.250 E/APM_AudioPolicyManager( 1721): device 1024, popcount(device)1
09-19 17:56:35.250 E/APM::AudioOutputDescriptor( 1721): changed 0
09-19 17:56:35.250 E/APM_AudioPolicyManager( 1721): device 1024, popcount(device)1
09-19 17:56:35.250 E/APM_AudioPolicyManager( 1721): device 1024, popcount(device)1
09-19 17:56:35.251 E/APM_AudioPolicyManager( 1721): checkAndSetVolume stream 10,index 22,device 1024
09-19 17:56:35.251 E/APM_AudioPolicyManager( 1721): device 1024, popcount(device)1
09-19 17:56:35.251 E/APM::AudioOutputDescriptor( 1721): changed 0
09-19 17:56:35.251 E/APM_AudioPolicyManager( 1721): device 1024, popcount(device)1
09-19 17:56:35.251 E/APM_AudioPolicyManager( 1721): checkAndSetVolume stream 11,index 1,device 1024
09-19 17:56:35.251 E/APM_AudioPolicyManager( 1721): device 1024, popcount(device)1
09-19 17:56:35.251 E/APM::AudioOutputDescriptor( 1721): changed 0
09-19 17:56:35.251 E/APM_AudioPolicyManager( 1721): device 1024, popcount(device)1
09-19 17:56:35.251 E/APM_AudioPolicyManager( 1721): checkAndSetVolume stream 3,index 22,device 1024
09-19 17:56:35.251 E/APM_AudioPolicyManager( 1721): device 1024, popcount(device)1
09-19 17:56:35.251 E/APM::AudioOutputDescriptor( 1721): changed 0
09-19 17:56:35.251 V/APM::AudioPolicyEngine( 1721): getDeviceForStrategy() strategy 0, device 400
09-19 17:56:35.251 V/APM::AudioPolicyEngine( 1721): getDeviceForStrategy() strategy 3, device 400
09-19 17:56:35.251 V/APM::AudioPolicyEngine( 1721): getDeviceForStrategy() strategy 0, device 400
09-19 17:56:35.251 V/APM::AudioPolicyEngine( 1721): getDeviceForStrategy() strategy 1, device 400
09-19 17:56:35.251 V/APM::AudioPolicyEngine( 1721): getDeviceForStrategy() strategy 2, device 2
09-19 17:56:35.251 V/APM::AudioPolicyEngine( 1721): getDeviceForStrategy() strategy 0, device 400
09-19 17:56:35.251 V/APM::AudioPolicyEngine( 1721): getDeviceForStrategy() strategy 3, device 400
09-19 17:56:35.251 V/APM::AudioPolicyEngine( 1721): getDeviceForStrategy() strategy 0, device 400
09-19 17:56:35.251 V/APM::AudioPolicyEngine( 1721): getDeviceForStrategy() strategy 4, device 400
09-19 17:56:35.251 V/APM::AudioPolicyEngine( 1721): getDeviceForStrategy() strategy 5, device 400
09-19 17:56:35.251 V/APM::AudioPolicyEngine( 1721): getDeviceForStrategy() strategy 6, device 2
09-19 17:56:35.251 V/APM::AudioPolicyEngine( 1721): getDeviceForStrategy() strategy 7, device 400
09-19 17:56:35.251 V/APM::AudioPolicyEngine( 1721): getDeviceForStrategy() strategy 8, device 400
09-19 17:56:35.251 V/AudioFlinger( 1721): signal playback thread
09-19 17:56:35.252 V/AudioFlinger( 1721): track(0xa9e8a000) underrun,  framesReady(0) < framesDesired(886)
09-19 17:56:35.252 V/AudioFlinger( 1721): updateWakeLockUids_l() AudioOut_D status 0
09-19 17:56:35.252 V/AudioFlinger( 1721): anticipated start
09-19 17:56:35.252 D/audio_hal( 1721): pcm_open card:device(hw:0:0) flags(0x8) out(0xab932000)
09-19 17:56:35.408 I/XiaoWeiSDK_JNI( 3214): on_request_callback voiceId = YDZCBHWSOZQADZCEHCTAPGFQSTGUFGIR,event = 2,rspData=(null),extent_info=(null)
09-19 17:56:35.964 I/XiaoWeiSDK_JNI( 3214): on_request_callback voiceId = YDZCBHWSOZQADZCEHCTAPGFQSTGUFGIR,event = 4,rspData=(null),extent_info={"event":"RecognizeEnd","voiceid":"YDZCBHWSOZQADZCEHCTAPGFQSTGUFGIR"
09-19 17:56:35.966 I/XiaoWeiSDK_JNI( 3214): on_request_callback voiceId = YDZCBHWSOZQADZCEHCTAPGFQSTGUFGIR,event = 3,rspData=(null),extent_info=(null)
09-19 17:56:35.989 I/BluetoothAvrcpControllerJni( 2702): btavrcp_track_changed_callback
09-19 17:56:35.989 I/XiaoWeiSDK_JNI( 3214): on_request_callback voiceId = YDZCBHWSOZQADZCEHCTAPGFQSTGUFGIR,event = 5,rspData=,extent_info=(null)
09-19 17:56:35.989 D/AvrcpControllerService( 2702): onTrackChanged 
09-19 17:56:35.990 D/AvrcpControllerService( 2702):  HandleMessage: CB_TRACK_CHANGED Remote Connected true
09-19 17:56:35.990 D/A2dpSinkService( 2702): getA2dpSinkService(): returning com.android.bluetooth.a2dpsink.A2dpSinkService@8e0889a
09-19 17:56:35.991 D/AvrcpUtils( 2702):  TrackInfo Metadata [artist=李健 trackTitle= 抚仙湖 albumTitle= 想念你 genre=  trackNum= 14 track_len : 280387 TotalTracks 49]
09-19 17:56:35.991 D/AvrcpControllerService( 2702):  broadcastMetaDataChanged = 抚仙湖, 李健, 想念你  0.0 14 49 280387 280387 
09-19 17:56:35.994 E/ActivityManager( 2080): Sending non-protected broadcast android.bluetooth.avrcp-controller.profile.action.TRACK_EVENT from system 2702:com.android.bluetooth/1002 pkg com.android.bluetooth
09-19 17:56:35.994 E/ActivityManager( 2080): java.lang.Throwable
09-19 17:56:35.994 E/ActivityManager( 2080):    at com.android.server.am.ActivityManagerService.broadcastIntentLocked(ActivityManagerService.java:17989)
09-19 17:56:35.994 E/ActivityManager( 2080):    at com.android.server.am.ActivityManagerService.broadcastIntent(ActivityManagerService.java:18555)
09-19 17:56:35.994 E/ActivityManager( 2080):    at android.app.ActivityManagerNative.onTransact(ActivityManagerNative.java:499)
09-19 17:56:35.994 E/ActivityManager( 2080):    at com.android.server.am.ActivityManagerService.onTransact(ActivityManagerService.java:2861)
09-19 17:56:35.994 E/ActivityManager( 2080):    at android.os.Binder.execTransact(Binder.java:565)
09-19 17:56:35.997 D/A2dpMediaBrowserService( 2702): onReceive intent=Intent { act=android.bluetooth.avrcp-controller.profile.action.TRACK_EVENT flg=0x10 (has extras) }
09-19 17:56:35.998 D/A2dpMediaBrowserService( 2702): msgTrack: playback: null mmd: android.media.MediaMetadata@ce27f8f
09-19 17:56:36.000 I/XiaoWeiSDK_JNI( 3214): on_request_callback voiceId = YDZCBHWSOZQADZCEHCTAPGFQSTGUFGIR,event = 0,rspData=(null),extent_info=(null)
09-19 17:56:36.001 D/A2dpMediaBrowserService( 2702): prevPS PlaybackState {state=3, position=255, buffered position=0, speed=1.0, updated=224402, actions=54, custom actions=[], active item id=-1, error=null}
09-19 17:56:36.002 D/A2dpMediaBrowserService( 2702): prev MM title  track len 255
09-19 17:56:36.002 D/A2dpMediaBrowserService( 2702): msgTrack() mmd 抚仙湖, 李健, 想念你
09-19 17:56:36.457 D/KeyLayoutMap( 2080): gc: scanCode=115, usageCode=0x00000000 
09-19 17:56:36.457 E/KeyLayoutMap( 2080): gc: index = 109
09-19 17:56:36.457 D/KeyLayoutMap( 2080): gc: scanCode index =109
09-19 17:56:36.457 D/KeyLayoutMap( 2080): mapKey: scanCode=115, usageCode=0x00000000 ~ Result keyCode=24, outFlags=0x00000000.
09-19 17:56:36.458 D/WindowManager( 2080): interceptKeyTq keycode=24 interactive=true keyguardActive=false policyFlags=22000000
09-19 17:56:36.466 W/TelecomManager( 2080): Telecom Service not found.
09-19 17:56:36.466 W/TelecomManager( 2080): Telecom Service not found.
09-19 17:56:36.466 D/WindowManager( 2080): interceptKeyTq result=1
09-19 17:56:36.467 D/WindowManager( 2080): interceptKeyTi keyCode=24 down=true repeatCount=0 keyguardOn=false mHomePressed=false canceled=false
09-19 17:56:36.467 D/WindowManager( 2080): interceptKeyTp result=0
09-19 17:56:36.468 D/RemoteIME( 2718): keycode: 24, realAction: false
09-19 17:56:36.469 D/AudioService( 2080): adjustSuggestedStreamVolume() stream=-2147483648, flags=4113, caller=MediaSessionService
09-19 17:56:36.470 D/AudioService( 2080): adjustStreamVolume() stream=3, dir=1, flags=4113, caller=MediaSessionService
09-19 17:56:36.476 I/vol.Events( 2761): writeEvent level_changed STREAM_BLUETOOTH_SCO 14
09-19 17:56:36.488 I/vol.Events( 2761): writeEvent level_changed STREAM_VOICE_CALL 5
09-19 17:56:36.489 E/APM_AudioPolicyManager( 1721): mOutputs.size() 1
09-19 17:56:36.489 E/APM_AudioPolicyManager( 1721): device 1024, popcount(device)1
09-19 17:56:36.490 E/APM_AudioPolicyManager( 1721): is outpt stream1 3, curStream 0
09-19 17:56:36.490 E/APM_AudioPolicyManager( 1721): is outpt stream1 3, curStream 1
09-19 17:56:36.490 E/APM_AudioPolicyManager( 1721): is outpt stream1 3, curStream 2
09-19 17:56:36.490 E/APM_AudioPolicyManager( 1721): get curStream 3, curDevice 1024
09-19 17:56:36.490 E/APM_AudioPolicyManager( 1721): curStrategy 0
09-19 17:56:36.490 E/APM_AudioPolicyManager( 1721): curStreamDevice 1024
09-19 17:56:36.490 E/APM_AudioPolicyManager( 1721): applyDefault 0, curDevice 1024, curStreamDevice 1024
09-19 17:56:36.490 E/APM_AudioPolicyManager( 1721): checkAndSetVolume stream 3,index 23,device 1024
09-19 17:56:36.490 E/APM_AudioPolicyManager( 1721): device 1024, popcount(device)1
09-19 17:56:36.490 V/APM::AudioOutputDescriptor( 1721): setVolume() for stream 3, volume -12.765400, delay 0
09-19 17:56:36.490 E/APM::AudioOutputDescriptor( 1721): changed 1
09-19 17:56:36.490 E/AudioFlinger( 1721): mAudioHwDevs.size() is 6
09-19 17:56:36.490 D/AudioFlinger( 1721): setStreamVolume by set_master_volume
09-19 17:56:36.490 D/audio_hal( 1721): adev_set_master_volume: set vol Master[23]
09-19 17:56:36.492 I/vol.Events( 2761): writeEvent level_changed STREAM_MUSIC 23
09-19 17:56:36.494 D/audio_hal( 1721): adev_set_master_volume: set vol Master[23]
09-19 17:56:36.494 D/AudioFlinger( 1721): setStreamVolume by set_master_volume
09-19 17:56:36.494 D/AudioFlinger( 1721): setStreamVolume by set_master_volume
09-19 17:56:36.494 D/AudioFlinger( 1721): setStreamVolume by set_master_volume
09-19 17:56:36.494 D/AudioFlinger( 1721): setStreamVolume by set_master_volume
09-19 17:56:36.494 D/AudioFlinger( 1721): setStreamVolume by set_master_volume
09-19 17:56:36.494 E/APM_AudioPolicyManager( 1721): is outpt stream1 3, curStream 4
09-19 17:56:36.494 E/APM_AudioPolicyManager( 1721): is outpt stream1 3, curStream 5
09-19 17:56:36.494 E/APM_AudioPolicyManager( 1721): is outpt stream1 3, curStream 6
09-19 17:56:36.494 E/APM_AudioPolicyManager( 1721): is outpt stream1 3, curStream 7
09-19 17:56:36.494 E/APM_AudioPolicyManager( 1721): is outpt stream1 3, curStream 8
09-19 17:56:36.494 E/APM_AudioPolicyManager( 1721): is outpt stream1 3, curStream 9
09-19 17:56:36.494 E/APM_AudioPolicyManager( 1721): get curStream 10, curDevice 1024
09-19 17:56:36.494 E/APM_AudioPolicyManager( 1721): 5 outpt stream1 3, curStream 10
09-19 17:56:36.494 E/APM_AudioPolicyManager( 1721): is outpt stream1 3, curStream 11
09-19 17:56:36.494 E/APM_AudioPolicyManager( 1721): mOutputs.size() 1
09-19 17:56:36.494 E/APM_AudioPolicyManager( 1721): device 1024, popcount(device)1
09-19 17:56:36.494 E/APM_AudioPolicyManager( 1721): is outpt stream1 9, curStream 0
09-19 17:56:36.494 E/APM_AudioPolicyManager( 1721): is outpt stream1 9, curStream 1
09-19 17:56:36.494 E/APM_AudioPolicyManager( 1721): is outpt stream1 9, curStream 2
09-19 17:56:36.494 E/APM_AudioPolicyManager( 1721): is outpt stream1 9, curStream 3
09-19 17:56:36.494 E/APM_AudioPolicyManager( 1721): is outpt stream1 9, curStream 4
09-19 17:56:36.494 E/APM_AudioPolicyManager( 1721): is outpt stream1 9, curStream 5
09-19 17:56:36.494 E/APM_AudioPolicyManager( 1721): is outpt stream1 9, curStream 6
09-19 17:56:36.494 E/APM_AudioPolicyManager( 1721): is outpt stream1 9, curStream 7
09-19 17:56:36.494 E/APM_AudioPolicyManager( 1721): is outpt stream1 9, curStream 8
09-19 17:56:36.494 E/APM_AudioPolicyManager( 1721): get curStream 9, curDevice 1024
09-19 17:56:36.494 E/APM_AudioPolicyManager( 1721): 5 outpt stream1 9, curStream 9
09-19 17:56:36.494 E/APM_AudioPolicyManager( 1721): is outpt stream1 9, curStream 10
09-19 17:56:36.494 E/APM_AudioPolicyManager( 1721): is outpt stream1 9, curStream 11
09-19 17:56:36.495 E/APM_AudioPolicyManager( 1721): mOutputs.size() 1
09-19 17:56:36.495 E/APM_AudioPolicyManager( 1721): device 1024, popcount(device)1
09-19 17:56:36.495 E/APM_AudioPolicyManager( 1721): is outpt stream1 8, curStream 0
09-19 17:56:36.495 E/APM_AudioPolicyManager( 1721): is outpt stream1 8, curStream 1
09-19 17:56:36.495 E/APM_AudioPolicyManager( 1721): is outpt stream1 8, curStream 2
09-19 17:56:36.495 E/APM_AudioPolicyManager( 1721): is outpt stream1 8, curStream 3
09-19 17:56:36.495 E/APM_AudioPolicyManager( 1721): is outpt stream1 8, curStream 4
09-19 17:56:36.495 E/APM_AudioPolicyManager( 1721): is outpt stream1 8, curStream 5
09-19 17:56:36.495 E/APM_AudioPolicyManager( 1721): is outpt stream1 8, curStream 6
09-19 17:56:36.495 E/APM_AudioPolicyManager( 1721): is outpt stream1 8, curStream 7
09-19 17:56:36.495 E/APM_AudioPolicyManager( 1721): get curStream 8, curDevice 1024
09-19 17:56:36.495 E/APM_AudioPolicyManager( 1721): 5 outpt stream1 8, curStream 8
09-19 17:56:36.495 E/APM_AudioPolicyManager( 1721): is outpt stream1 8, curStream 9
09-19 17:56:36.495 E/APM_AudioPolicyManager( 1721): is outpt stream1 8, curStream 10
09-19 17:56:36.495 E/APM_AudioPolicyManager( 1721): is outpt stream1 8, curStream 11
09-19 17:56:36.495 E/APM_AudioPolicyManager( 1721): mOutputs.size() 1
09-19 17:56:36.495 E/APM_AudioPolicyManager( 1721): device 1024, popcount(device)1
09-19 17:56:36.495 E/APM_AudioPolicyManager( 1721): is outpt stream1 7, curStream 0
09-19 17:56:36.495 E/APM_AudioPolicyManager( 1721): is outpt stream1 7, curStream 1
09-19 17:56:36.495 E/APM_AudioPolicyManager( 1721): is outpt stream1 7, curStream 2
09-19 17:56:36.495 E/APM_AudioPolicyManager( 1721): is outpt stream1 7, curStream 3
09-19 17:56:36.495 E/APM_AudioPolicyManager( 1721): is outpt stream1 7, curStream 4
09-19 17:56:36.495 E/APM_AudioPolicyManager( 1721): is outpt stream1 7, curStream 5
09-19 17:56:36.495 E/APM_AudioPolicyManager( 1721): is outpt stream1 7, curStream 6
09-19 17:56:36.495 E/APM_AudioPolicyManager( 1721): get curStream 7, curDevice 1024
09-19 17:56:36.495 E/APM_AudioPolicyManager( 1721): 5 outpt stream1 7, curStream 7
09-19 17:56:36.495 E/APM_AudioPolicyManager( 1721): is outpt stream1 7, curStream 8
09-19 17:56:36.495 E/APM_AudioPolicyManager( 1721): is outpt stream1 7, curStream 9
09-19 17:56:36.495 E/APM_AudioPolicyManager( 1721): is outpt stream1 7, curStream 10
09-19 17:56:36.495 E/APM_AudioPolicyManager( 1721): is outpt stream1 7, curStream 11
09-19 17:56:36.495 E/APM_AudioPolicyManager( 1721): mOutputs.size() 1
09-19 17:56:36.495 E/APM_AudioPolicyManager( 1721): device 1024, popcount(device)1
09-19 17:56:36.495 E/APM_AudioPolicyManager( 1721): is outpt stream1 6, curStream 0
09-19 17:56:36.495 E/APM_AudioPolicyManager( 1721): is outpt stream1 6, curStream 1
09-19 17:56:36.495 E/APM_AudioPolicyManager( 1721): is outpt stream1 6, curStream 2
09-19 17:56:36.495 E/APM_AudioPolicyManager( 1721): is outpt stream1 6, curStream 3
09-19 17:56:36.495 E/APM_AudioPolicyManager( 1721): is outpt stream1 6, curStream 4
09-19 17:56:36.495 E/APM_AudioPolicyManager( 1721): is outpt stream1 6, curStream 5
09-19 17:56:36.495 E/APM_AudioPolicyManager( 1721): get curStream 6, curDevice 1024
09-19 17:56:36.495 E/APM_AudioPolicyManager( 1721): 5 outpt stream1 6, curStream 6
09-19 17:56:36.495 E/APM_AudioPolicyManager( 1721): is outpt stream1 6, curStream 7
09-19 17:56:36.495 E/APM_AudioPolicyManager( 1721): is outpt stream1 6, curStream 8
09-19 17:56:36.495 E/APM_AudioPolicyManager( 1721): is outpt stream1 6, curStream 9
09-19 17:56:36.495 E/APM_AudioPolicyManager( 1721): is outpt stream1 6, curStream 10
09-19 17:56:36.495 E/APM_AudioPolicyManager( 1721): is outpt stream1 6, curStream 11
09-19 17:56:36.496 E/APM_AudioPolicyManager( 1721): mOutputs.size() 1
09-19 17:56:36.496 E/APM_AudioPolicyManager( 1721): device 1024, popcount(device)1
09-19 17:56:36.496 E/APM_AudioPolicyManager( 1721): is outpt stream1 5, curStream 0
09-19 17:56:36.496 E/APM_AudioPolicyManager( 1721): is outpt stream1 5, curStream 1
09-19 17:56:36.496 E/APM_AudioPolicyManager( 1721): is outpt stream1 5, curStream 2
09-19 17:56:36.496 E/APM_AudioPolicyManager( 1721): is outpt stream1 5, curStream 3
09-19 17:56:36.496 E/APM_AudioPolicyManager( 1721): is outpt stream1 5, curStream 4
09-19 17:56:36.496 E/APM_AudioPolicyManager( 1721): get curStream 5, curDevice 1024
09-19 17:56:36.496 E/APM_AudioPolicyManager( 1721): 5 outpt stream1 5, curStream 5
09-19 17:56:36.496 E/APM_AudioPolicyManager( 1721): is outpt stream1 5, curStream 6
09-19 17:56:36.496 E/APM_AudioPolicyManager( 1721): is outpt stream1 5, curStream 7
09-19 17:56:36.496 E/APM_AudioPolicyManager( 1721): is outpt stream1 5, curStream 8
09-19 17:56:36.496 E/APM_AudioPolicyManager( 1721): is outpt stream1 5, curStream 9
09-19 17:56:36.496 E/APM_AudioPolicyManager( 1721): is outpt stream1 5, curStream 10
09-19 17:56:36.496 E/APM_AudioPolicyManager( 1721): is outpt stream1 5, curStream 11
09-19 17:56:36.496 E/APM_AudioPolicyManager( 1721): mOutputs.size() 1
09-19 17:56:36.496 E/APM_AudioPolicyManager( 1721): device 1024, popcount(device)1
09-19 17:56:36.496 E/APM_AudioPolicyManager( 1721): is outpt stream1 4, curStream 0
09-19 17:56:36.496 E/APM_AudioPolicyManager( 1721): is outpt stream1 4, curStream 1
09-19 17:56:36.496 E/APM_AudioPolicyManager( 1721): is outpt stream1 4, curStream 2
09-19 17:56:36.496 E/APM_AudioPolicyManager( 1721): is outpt stream1 4, curStream 3
09-19 17:56:36.496 E/APM_AudioPolicyManager( 1721): get curStream 4, curDevice 1024
09-19 17:56:36.496 E/APM_AudioPolicyManager( 1721): 5 outpt stream1 4, curStream 4
09-19 17:56:36.496 E/APM_AudioPolicyManager( 1721): is outpt stream1 4, curStream 5
09-19 17:56:36.496 E/APM_AudioPolicyManager( 1721): is outpt stream1 4, curStream 6
09-19 17:56:36.496 E/APM_AudioPolicyManager( 1721): is outpt stream1 4, curStream 7
09-19 17:56:36.496 E/APM_AudioPolicyManager( 1721): is outpt stream1 4, curStream 8
09-19 17:56:36.496 E/APM_AudioPolicyManager( 1721): is outpt stream1 4, curStream 9
09-19 17:56:36.496 E/APM_AudioPolicyManager( 1721): is outpt stream1 4, curStream 10
09-19 17:56:36.496 E/APM_AudioPolicyManager( 1721): is outpt stream1 4, curStream 11
09-19 17:56:36.496 E/APM_AudioPolicyManager( 1721): mOutputs.size() 1
09-19 17:56:36.496 E/APM_AudioPolicyManager( 1721): device 1024, popcount(device)1
09-19 17:56:36.496 E/APM_AudioPolicyManager( 1721): is outpt stream1 2, curStream 0
09-19 17:56:36.496 E/APM_AudioPolicyManager( 1721): is outpt stream1 2, curStream 1
09-19 17:56:36.496 E/APM_AudioPolicyManager( 1721): get curStream 2, curDevice 1024
09-19 17:56:36.496 E/APM_AudioPolicyManager( 1721): 5 outpt stream1 2, curStream 2
09-19 17:56:36.496 E/APM_AudioPolicyManager( 1721): is outpt stream1 2, curStream 3
09-19 17:56:36.496 E/APM_AudioPolicyManager( 1721): is outpt stream1 2, curStream 4
09-19 17:56:36.496 E/APM_AudioPolicyManager( 1721): is outpt stream1 2, curStream 5
09-19 17:56:36.496 E/APM_AudioPolicyManager( 1721): is outpt stream1 2, curStream 6
09-19 17:56:36.496 E/APM_AudioPolicyManager( 1721): is outpt stream1 2, curStream 7
09-19 17:56:36.496 E/APM_AudioPolicyManager( 1721): is outpt stream1 2, curStream 8
09-19 17:56:36.496 E/APM_AudioPolicyManager( 1721): is outpt stream1 2, curStream 9
09-19 17:56:36.496 E/APM_AudioPolicyManager( 1721): is outpt stream1 2, curStream 10
09-19 17:56:36.496 E/APM_AudioPolicyManager( 1721): is outpt stream1 2, curStream 11
09-19 17:56:36.497 E/APM_AudioPolicyManager( 1721): mOutputs.size() 1
09-19 17:56:36.497 E/APM_AudioPolicyManager( 1721): device 1024, popcount(device)1
09-19 17:56:36.497 E/APM_AudioPolicyManager( 1721): is outpt stream1 1, curStream 0
09-19 17:56:36.497 E/APM_AudioPolicyManager( 1721): get curStream 1, curDevice 1024
09-19 17:56:36.497 E/APM_AudioPolicyManager( 1721): 5 outpt stream1 1, curStream 1
09-19 17:56:36.497 E/APM_AudioPolicyManager( 1721): is outpt stream1 1, curStream 2
09-19 17:56:36.497 E/APM_AudioPolicyManager( 1721): is outpt stream1 1, curStream 3
09-19 17:56:36.497 E/APM_AudioPolicyManager( 1721): is outpt stream1 1, curStream 4
09-19 17:56:36.497 E/APM_AudioPolicyManager( 1721): is outpt stream1 1, curStream 5
09-19 17:56:36.497 E/APM_AudioPolicyManager( 1721): is outpt stream1 1, curStream 6
09-19 17:56:36.497 E/APM_AudioPolicyManager( 1721): is outpt stream1 1, curStream 7
09-19 17:56:36.497 E/APM_AudioPolicyManager( 1721): is outpt stream1 1, curStream 8
09-19 17:56:36.497 E/APM_AudioPolicyManager( 1721): is outpt stream1 1, curStream 9
09-19 17:56:36.497 E/APM_AudioPolicyManager( 1721): is outpt stream1 1, curStream 10
09-19 17:56:36.497 E/APM_AudioPolicyManager( 1721): is outpt stream1 1, curStream 11
09-19 17:56:36.497 E/APM_AudioPolicyManager( 1721): mOutputs.size() 1
09-19 17:56:36.497 E/APM_AudioPolicyManager( 1721): device 1024, popcount(device)1
09-19 17:56:36.497 E/APM_AudioPolicyManager( 1721): get curStream 0, curDevice 1024
09-19 17:56:36.497 E/APM_AudioPolicyManager( 1721): 5 outpt stream1 0, curStream 0
09-19 17:56:36.497 E/APM_AudioPolicyManager( 1721): is outpt stream1 0, curStream 1
09-19 17:56:36.497 E/APM_AudioPolicyManager( 1721): is outpt stream1 0, curStream 2
09-19 17:56:36.497 E/APM_AudioPolicyManager( 1721): is outpt stream1 0, curStream 3
09-19 17:56:36.498 E/APM_AudioPolicyManager( 1721): is outpt stream1 0, curStream 4
09-19 17:56:36.498 E/APM_AudioPolicyManager( 1721): is outpt stream1 0, curStream 5
09-19 17:56:36.498 E/APM_AudioPolicyManager( 1721): is outpt stream1 0, curStream 6
09-19 17:56:36.498 E/APM_AudioPolicyManager( 1721): is outpt stream1 0, curStream 7
09-19 17:56:36.498 E/APM_AudioPolicyManager( 1721): is outpt stream1 0, curStream 8
09-19 17:56:36.498 E/APM_AudioPolicyManager( 1721): is outpt stream1 0, curStream 9
09-19 17:56:36.498 E/APM_AudioPolicyManager( 1721): is outpt stream1 0, curStream 10
09-19 17:56:36.498 E/APM_AudioPolicyManager( 1721): is outpt stream1 0, curStream 11
09-19 17:56:36.498 I/vol.Events( 2761): writeEvent active_stream_changed STREAM_MUSIC
09-19 17:56:36.500 I/vol.Events( 2761): writeEvent key STREAM_MUSIC 23
09-19 17:56:36.511 I/vol.Events( 2761): writeEvent show_dialog volume_changed keyguard=false
09-19 17:56:36.511 D/AudioService( 2080): Volume controller visible: true
09-19 17:56:36.516 I/Base_GLSurfaceView( 2761): 3D engin liber version:1.0.6.7
09-19 17:56:36.517 D/vol.VolumeDialog( 2761): ====VolumeHMDProgress activeRow.slider============================================     getMax  2500
09-19 17:56:36.577 W/ResourceType( 2080): Invalid package identifier when getting bag for resource number 0xffffffff
09-19 17:56:36.629 D/KeyLayoutMap( 2080): gc: scanCode=115, usageCode=0x00000000 
09-19 17:56:36.629 E/KeyLayoutMap( 2080): gc: index = 109
09-19 17:56:36.629 D/KeyLayoutMap( 2080): gc: scanCode index =109
09-19 17:56:36.629 D/KeyLayoutMap( 2080): mapKey: scanCode=115, usageCode=0x00000000 ~ Result keyCode=24, outFlags=0x00000000.
09-19 17:56:36.629 D/WindowManager( 2080): interceptKeyTq keycode=24 interactive=true keyguardActive=false policyFlags=22000000
09-19 17:56:36.629 D/WindowManager( 2080): interceptKeyTq result=1
09-19 17:56:36.629 D/WindowManager( 2080): interceptKeyTi keyCode=24 down=false repeatCount=0 keyguardOn=false mHomePressed=false canceled=false
09-19 17:56:36.629 D/WindowManager( 2080): interceptKeyTp result=0
09-19 17:56:36.630 D/RemoteIME( 2718): keycode: 24, realAction: true
09-19 17:56:36.630 D/AudioService( 2080): adjustSuggestedStreamVolume() stream=-2147483648, flags=4116, caller=MediaSessionService
09-19 17:56:36.630 D/AudioService( 2080): adjustStreamVolume() stream=3, dir=0, flags=4112, caller=MediaSessionService
09-19 17:56:36.732 D/WifiHW  ( 2080): wifi command = IFNAME=wlan0 SCAN TYPE=ONLY
09-19 17:56:36.736 D/HiRMService( 3200): mNetReceiver onReceive --android.net.wifi.STATE_CHANGE
09-19 17:56:36.999 V/KeyValueBackupJob( 2080): Scheduling k/v pass in 245 minutes
09-19 17:56:37.125 D/KeyLayoutMap( 2080): gc: scanCode=115, usageCode=0x00000000 
09-19 17:56:37.125 E/KeyLayoutMap( 2080): gc: index = 109
09-19 17:56:37.125 D/KeyLayoutMap( 2080): gc: scanCode index =109
09-19 17:56:37.125 D/KeyLayoutMap( 2080): mapKey: scanCode=115, usageCode=0x00000000 ~ Result keyCode=24, outFlags=0x00000000.
09-19 17:56:37.125 D/KeyLayoutMap( 2080): gc: scanCode=115, usageCode=0x00000000 
09-19 17:56:37.125 E/KeyLayoutMap( 2080): gc: index = 109
09-19 17:56:37.125 D/KeyLayoutMap( 2080): gc: scanCode index =109
09-19 17:56:37.125 D/KeyLayoutMap( 2080): mapKey: scanCode=115, usageCode=0x00000000 ~ Result keyCode=24, outFlags=0x00000000.
09-19 17:56:37.125 D/WindowManager( 2080): interceptKeyTq keycode=24 interactive=true keyguardActive=false policyFlags=22000000
09-19 17:56:37.126 W/TelecomManager( 2080): Telecom Service not found.
09-19 17:56:37.126 W/TelecomManager( 2080): Telecom Service not found.
09-19 17:56:37.126 D/WindowManager( 2080): interceptKeyTq result=1
09-19 17:56:37.126 D/WindowManager( 2080): interceptKeyTq keycode=24 interactive=true keyguardActive=false policyFlags=22000000
09-19 17:56:37.126 D/WindowManager( 2080): interceptKeyTq result=1
09-19 17:56:37.126 D/WindowManager( 2080): interceptKeyTi keyCode=24 down=true repeatCount=0 keyguardOn=false mHomePressed=false canceled=false
09-19 17:56:37.126 D/WindowManager( 2080): interceptKeyTp result=0
09-19 17:56:37.127 D/WindowManager( 2080): interceptKeyTi keyCode=24 down=false repeatCount=0 keyguardOn=false mHomePressed=false canceled=false
09-19 17:56:37.127 D/WindowManager( 2080): interceptKeyTp result=0
09-19 17:56:37.127 D/RemoteIME( 2718): keycode: 24, realAction: false
09-19 17:56:37.127 D/AudioService( 2080): adjustSuggestedStreamVolume() stream=-2147483648, flags=4113, caller=MediaSessionService
09-19 17:56:37.127 D/AudioService( 2080): adjustStreamVolume() stream=3, dir=1, flags=4113, caller=MediaSessionService
09-19 17:56:37.129 I/BluetoothAvrcpControllerJni( 2702): btavrcp_play_position_changed_callback
09-19 17:56:37.129 D/AvrcpControllerService( 2702): onPlayPositionChanged 
09-19 17:56:37.130 D/AvrcpControllerService( 2702):  HandleMessage: CB_PLAY_POS_CHANGED Remote Connected true
09-19 17:56:37.130 D/A2dpSinkService( 2702): getA2dpSinkService(): returning com.android.bluetooth.a2dpsink.A2dpSinkService@8e0889a
09-19 17:56:37.130 D/AvrcpControllerService( 2702):  broadcastPlayBackStateChanged = PlaybackState {state=3, position=36338, buffered position=0, speed=1.0, updated=225534, actions=0, custom actions=[], active item id=-1, error=null}
09-19 17:56:37.132 E/ActivityManager( 2080): Sending non-protected broadcast android.bluetooth.avrcp-controller.profile.action.TRACK_EVENT from system 2702:com.android.bluetooth/1002 pkg com.android.bluetooth
09-19 17:56:37.132 E/ActivityManager( 2080): java.lang.Throwable
09-19 17:56:37.132 E/ActivityManager( 2080):    at com.android.server.am.ActivityManagerService.broadcastIntentLocked(ActivityManagerService.java:17989)
09-19 17:56:37.132 E/ActivityManager( 2080):    at com.android.server.am.ActivityManagerService.broadcastIntent(ActivityManagerService.java:18555)
09-19 17:56:37.132 E/ActivityManager( 2080):    at android.app.ActivityManagerNative.onTransact(ActivityManagerNative.java:499)
09-19 17:56:37.132 E/ActivityManager( 2080):    at com.android.server.am.ActivityManagerService.onTransact(ActivityManagerService.java:2861)
09-19 17:56:37.132 E/ActivityManager( 2080):    at android.os.Binder.execTransact(Binder.java:565)
09-19 17:56:37.134 D/A2dpMediaBrowserService( 2702): onReceive intent=Intent { act=android.bluetooth.avrcp-controller.profile.action.TRACK_EVENT flg=0x10 (has extras) }
09-19 17:56:37.135 D/A2dpMediaBrowserService( 2702): msgTrack: playback: PlaybackState {state=3, position=36338, buffered position=0, speed=1.0, updated=225534, actions=0, custom actions=[], active item id=-1, error=null} mmd: null
09-19 17:56:37.136 D/A2dpMediaBrowserService( 2702): prevPS PlaybackState {state=3, position=2224, buffered position=0, speed=1.0, updated=225539, actions=54, custom actions=[], active item id=-1, error=null}
09-19 17:56:37.137 D/A2dpMediaBrowserService( 2702): prev MM title 抚仙湖 track len 280387
09-19 17:56:37.137 D/A2dpMediaBrowserService( 2702): msgTrack() playbackstate PlaybackState {state=3, position=36338, buffered position=0, speed=1.0, updated=225534, actions=0, custom actions=[], active item id=-1, error=null}
09-19 17:56:37.138 I/vol.Events( 2761): writeEvent level_changed STREAM_ALARM 7
09-19 17:56:37.141 I/vol.Events( 2761): writeEvent level_changed STREAM_RING 7
09-19 17:56:37.145 E/APM_AudioPolicyManager( 1721): mOutputs.size() 1
09-19 17:56:37.145 E/APM_AudioPolicyManager( 1721): device 1024, popcount(device)1
09-19 17:56:37.145 E/APM_AudioPolicyManager( 1721): is outpt stream1 3, curStream 0
09-19 17:56:37.145 E/APM_AudioPolicyManager( 1721): is outpt stream1 3, curStream 1
09-19 17:56:37.145 E/APM_AudioPolicyManager( 1721): is outpt stream1 3, curStream 2
09-19 17:56:37.145 E/APM_AudioPolicyManager( 1721): get curStream 3, curDevice 1024
09-19 17:56:37.145 E/APM_AudioPolicyManager( 1721): curStrategy 0
09-19 17:56:37.145 E/APM_AudioPolicyManager( 1721): curStreamDevice 1024
09-19 17:56:37.145 E/APM_AudioPolicyManager( 1721): applyDefault 0, curDevice 1024, curStreamDevice 1024
09-19 17:56:37.145 E/APM_AudioPolicyManager( 1721): checkAndSetVolume stream 3,index 24,device 1024
09-19 17:56:37.145 E/APM_AudioPolicyManager( 1721): device 1024, popcount(device)1
09-19 17:56:37.145 V/APM::AudioOutputDescriptor( 1721): setVolume() for stream 3, volume -12.395800, delay 0
09-19 17:56:37.145 E/APM::AudioOutputDescriptor( 1721): changed 1
09-19 17:56:37.145 E/AudioFlinger( 1721): mAudioHwDevs.size() is 6
09-19 17:56:37.145 D/AudioFlinger( 1721): setStreamVolume by set_master_volume
09-19 17:56:37.145 I/vol.Events( 2761): writeEvent level_changed STREAM_SYSTEM 7
09-19 17:56:37.145 D/audio_hal( 1721): adev_set_master_volume: set vol Master[24]
09-19 17:56:37.146 I/vol.Events( 2761): writeEvent level_changed STREAM_MUSIC 24
09-19 17:56:37.148 D/audio_hal( 1721): adev_set_master_volume: set vol Master[24]
09-19 17:56:37.148 D/AudioFlinger( 1721): setStreamVolume by set_master_volume
09-19 17:56:37.148 D/AudioFlinger( 1721): setStreamVolume by set_master_volume
09-19 17:56:37.148 D/AudioFlinger( 1721): setStreamVolume by set_master_volume
09-19 17:56:37.148 D/AudioFlinger( 1721): setStreamVolume by set_master_volume
09-19 17:56:37.148 D/AudioFlinger( 1721): setStreamVolume by set_master_volume
09-19 17:56:37.148 E/APM_AudioPolicyManager( 1721): is outpt stream1 3, curStream 4
09-19 17:56:37.148 E/APM_AudioPolicyManager( 1721): is outpt stream1 3, curStream 5
09-19 17:56:37.148 E/APM_AudioPolicyManager( 1721): is outpt stream1 3, curStream 6
09-19 17:56:37.148 E/APM_AudioPolicyManager( 1721): is outpt stream1 3, curStream 7
09-19 17:56:37.148 E/APM_AudioPolicyManager( 1721): is outpt stream1 3, curStream 8
09-19 17:56:37.148 E/APM_AudioPolicyManager( 1721): is outpt stream1 3, curStream 9
09-19 17:56:37.148 E/APM_AudioPolicyManager( 1721): get curStream 10, curDevice 1024
09-19 17:56:37.148 E/APM_AudioPolicyManager( 1721): 5 outpt stream1 3, curStream 10
09-19 17:56:37.148 E/APM_AudioPolicyManager( 1721): is outpt stream1 3, curStream 11
09-19 17:56:37.149 E/APM_AudioPolicyManager( 1721): mOutputs.size() 1
09-19 17:56:37.149 E/APM_AudioPolicyManager( 1721): device 1024, popcount(device)1
09-19 17:56:37.149 E/APM_AudioPolicyManager( 1721): is outpt stream1 9, curStream 0
09-19 17:56:37.149 E/APM_AudioPolicyManager( 1721): is outpt stream1 9, curStream 1
09-19 17:56:37.149 E/APM_AudioPolicyManager( 1721): is outpt stream1 9, curStream 2
09-19 17:56:37.149 E/APM_AudioPolicyManager( 1721): is outpt stream1 9, curStream 3
09-19 17:56:37.149 E/APM_AudioPolicyManager( 1721): is outpt stream1 9, curStream 4
09-19 17:56:37.149 E/APM_AudioPolicyManager( 1721): is outpt stream1 9, curStream 5
09-19 17:56:37.149 E/APM_AudioPolicyManager( 1721): is outpt stream1 9, curStream 6
09-19 17:56:37.149 E/APM_AudioPolicyManager( 1721): is outpt stream1 9, curStream 7
09-19 17:56:37.149 E/APM_AudioPolicyManager( 1721): is outpt stream1 9, curStream 8
09-19 17:56:37.149 E/APM_AudioPolicyManager( 1721): get curStream 9, curDevice 1024
09-19 17:56:37.149 E/APM_AudioPolicyManager( 1721): 5 outpt stream1 9, curStream 9
09-19 17:56:37.149 E/APM_AudioPolicyManager( 1721): is outpt stream1 9, curStream 10
09-19 17:56:37.149 E/APM_AudioPolicyManager( 1721): is outpt stream1 9, curStream 11
09-19 17:56:37.150 E/APM_AudioPolicyManager( 1721): mOutputs.size() 1
09-19 17:56:37.150 E/APM_AudioPolicyManager( 1721): device 1024, popcount(device)1
09-19 17:56:37.150 E/APM_AudioPolicyManager( 1721): is outpt stream1 8, curStream 0
09-19 17:56:37.150 E/APM_AudioPolicyManager( 1721): is outpt stream1 8, curStream 1
09-19 17:56:37.150 E/APM_AudioPolicyManager( 1721): is outpt stream1 8, curStream 2
09-19 17:56:37.150 E/APM_AudioPolicyManager( 1721): is outpt stream1 8, curStream 3
09-19 17:56:37.150 E/APM_AudioPolicyManager( 1721): is outpt stream1 8, curStream 4
09-19 17:56:37.150 E/APM_AudioPolicyManager( 1721): is outpt stream1 8, curStream 5
09-19 17:56:37.150 E/APM_AudioPolicyManager( 1721): is outpt stream1 8, curStream 6
09-19 17:56:37.150 E/APM_AudioPolicyManager( 1721): is outpt stream1 8, curStream 7
09-19 17:56:37.150 E/APM_AudioPolicyManager( 1721): get curStream 8, curDevice 1024
09-19 17:56:37.150 E/APM_AudioPolicyManager( 1721): 5 outpt stream1 8, curStream 8
09-19 17:56:37.150 E/APM_AudioPolicyManager( 1721): is outpt stream1 8, curStream 9
09-19 17:56:37.150 E/APM_AudioPolicyManager( 1721): is outpt stream1 8, curStream 10
09-19 17:56:37.150 E/APM_AudioPolicyManager( 1721): is outpt stream1 8, curStream 11
09-19 17:56:37.150 E/APM_AudioPolicyManager( 1721): mOutputs.size() 1
09-19 17:56:37.150 E/APM_AudioPolicyManager( 1721): device 1024, popcount(device)1
09-19 17:56:37.150 E/APM_AudioPolicyManager( 1721): is outpt stream1 7, curStream 0
09-19 17:56:37.150 E/APM_AudioPolicyManager( 1721): is outpt stream1 7, curStream 1
09-19 17:56:37.150 E/APM_AudioPolicyManager( 1721): is outpt stream1 7, curStream 2
09-19 17:56:37.150 E/APM_AudioPolicyManager( 1721): is outpt stream1 7, curStream 3
09-19 17:56:37.150 E/APM_AudioPolicyManager( 1721): is outpt stream1 7, curStream 4
09-19 17:56:37.150 E/APM_AudioPolicyManager( 1721): is outpt stream1 7, curStream 5
09-19 17:56:37.150 E/APM_AudioPolicyManager( 1721): is outpt stream1 7, curStream 6
09-19 17:56:37.150 E/APM_AudioPolicyManager( 1721): get curStream 7, curDevice 1024
09-19 17:56:37.150 E/APM_AudioPolicyManager( 1721): 5 outpt stream1 7, curStream 7
09-19 17:56:37.150 E/APM_AudioPolicyManager( 1721): is outpt stream1 7, curStream 8
09-19 17:56:37.150 E/APM_AudioPolicyManager( 1721): is outpt stream1 7, curStream 9
09-19 17:56:37.150 E/APM_AudioPolicyManager( 1721): is outpt stream1 7, curStream 10
09-19 17:56:37.150 E/APM_AudioPolicyManager( 1721): is outpt stream1 7, curStream 11
09-19 17:56:37.150 E/APM_AudioPolicyManager( 1721): mOutputs.size() 1
09-19 17:56:37.151 E/APM_AudioPolicyManager( 1721): device 1024, popcount(device)1
09-19 17:56:37.151 E/APM_AudioPolicyManager( 1721): is outpt stream1 6, curStream 0
09-19 17:56:37.151 E/APM_AudioPolicyManager( 1721): is outpt stream1 6, curStream 1
09-19 17:56:37.151 E/APM_AudioPolicyManager( 1721): is outpt stream1 6, curStream 2
09-19 17:56:37.151 E/APM_AudioPolicyManager( 1721): is outpt stream1 6, curStream 3
09-19 17:56:37.151 E/APM_AudioPolicyManager( 1721): is outpt stream1 6, curStream 4
09-19 17:56:37.151 E/APM_AudioPolicyManager( 1721): is outpt stream1 6, curStream 5
09-19 17:56:37.151 E/APM_AudioPolicyManager( 1721): get curStream 6, curDevice 1024
09-19 17:56:37.151 E/APM_AudioPolicyManager( 1721): 5 outpt stream1 6, curStream 6
09-19 17:56:37.151 E/APM_AudioPolicyManager( 1721): is outpt stream1 6, curStream 7
09-19 17:56:37.151 E/APM_AudioPolicyManager( 1721): is outpt stream1 6, curStream 8
09-19 17:56:37.151 E/APM_AudioPolicyManager( 1721): is outpt stream1 6, curStream 9
09-19 17:56:37.151 E/APM_AudioPolicyManager( 1721): is outpt stream1 6, curStream 10
09-19 17:56:37.151 E/APM_AudioPolicyManager( 1721): is outpt stream1 6, curStream 11
09-19 17:56:37.151 E/APM_AudioPolicyManager( 1721): mOutputs.size() 1
09-19 17:56:37.151 E/APM_AudioPolicyManager( 1721): device 1024, popcount(device)1
09-19 17:56:37.151 E/APM_AudioPolicyManager( 1721): is outpt stream1 5, curStream 0
09-19 17:56:37.151 E/APM_AudioPolicyManager( 1721): is outpt stream1 5, curStream 1
09-19 17:56:37.151 E/APM_AudioPolicyManager( 1721): is outpt stream1 5, curStream 2
09-19 17:56:37.151 E/APM_AudioPolicyManager( 1721): is outpt stream1 5, curStream 3
09-19 17:56:37.151 E/APM_AudioPolicyManager( 1721): is outpt stream1 5, curStream 4
09-19 17:56:37.151 E/APM_AudioPolicyManager( 1721): get curStream 5, curDevice 1024
09-19 17:56:37.151 E/APM_AudioPolicyManager( 1721): 5 outpt stream1 5, curStream 5
09-19 17:56:37.151 E/APM_AudioPolicyManager( 1721): is outpt stream1 5, curStream 6
09-19 17:56:37.151 E/APM_AudioPolicyManager( 1721): is outpt stream1 5, curStream 7
09-19 17:56:37.151 E/APM_AudioPolicyManager( 1721): is outpt stream1 5, curStream 8
09-19 17:56:37.151 E/APM_AudioPolicyManager( 1721): is outpt stream1 5, curStream 9
