09-19 18:19:23.624  2632  2855 D KeyLayoutMap: Parsing /system/usr/keylayout/AVRCP.kl:13: '# limitations under the License.'.
09-19 18:19:23.624  2632  2855 D KeyLayoutMap: Parsing /system/usr/keylayout/AVRCP.kl:14: ''.
09-19 18:19:23.624  2632  2855 D KeyLayoutMap: Parsing /system/usr/keylayout/AVRCP.kl:15: '# Key layout used for Bluetooth AVRCP support.'.
09-19 18:19:23.624  2632  2855 D KeyLayoutMap: Parsing /system/usr/keylayout/AVRCP.kl:16: ''.
09-19 18:19:23.624  2632  2855 D KeyLayoutMap: Parsing /system/usr/keylayout/AVRCP.kl:17: 'key 200   MEDIA_PLAY'.
09-19 18:19:23.624  2632  2855 D KeyLayoutMap: Parsed key scan code: code=200, keyCode=126, flags=0x00000000.
09-19 18:19:23.624  2632  2855 D KeyLayoutMap: Parsing /system/usr/keylayout/AVRCP.kl:18: 'key 201   MEDIA_PAUSE'.
09-19 18:19:23.624  2632  2855 D KeyLayoutMap: Parsed key scan code: code=201, keyCode=127, flags=0x00000000.
09-19 18:19:23.624  2632  2855 D KeyLayoutMap: Parsing /system/usr/keylayout/AVRCP.kl:19: 'key 166   MEDIA_STOP'.
09-19 18:19:23.625  5925  5970 D AvrcpControllerService:  HandleMessage: CB_CONN_CHANGED Remote Connected true
09-19 18:19:23.625  2632  2855 D KeyLayoutMap: Parsed key scan code: code=166, keyCode=86, flags=0x00000000.
09-19 18:19:23.625  2632  2855 D KeyLayoutMap: Parsing /system/usr/keylayout/AVRCP.kl:20: 'key 163   MEDIA_NEXT'.
09-19 18:19:23.625  5925  5970 D A2dpSinkService: getA2dpSinkService(): returning com.android.bluetooth.a2dpsink.A2dpSinkService@8e0889a
09-19 18:19:23.625  2632  2855 D KeyLayoutMap: Parsed key scan code: code=163, keyCode=87, flags=0x00000000.
09-19 18:19:23.625  2632  2855 D KeyLayoutMap: Parsing /system/usr/keylayout/AVRCP.kl:21: 'key 165   MEDIA_PREVIOUS'.
09-19 18:19:23.625  2632  2855 D KeyLayoutMap: Parsed key scan code: code=165, keyCode=88, flags=0x00000000.
09-19 18:19:23.625  2632  2855 D KeyLayoutMap: Parsing /system/usr/keylayout/AVRCP.kl:22: 'key 168   MEDIA_REWIND'.
09-19 18:19:23.625  2632  2855 D KeyLayoutMap: Parsed key scan code: code=168, keyCode=89, flags=0x00000000.
09-19 18:19:23.625  2632  2855 D KeyLayoutMap: Parsing /system/usr/keylayout/AVRCP.kl:23: 'key 208   MEDIA_FAST_FORWARD'.
09-19 18:19:23.625  2632  2855 D KeyLayoutMap: Parsed key scan code: code=208, keyCode=90, flags=0x00000000.
09-19 18:19:23.625  2632  2855 D KeyLayoutMap: Parsed key layout map file '/system/usr/keylayout/AVRCP.kl' 24 lines in 2.615ms.
09-19 18:19:23.626  1716  2079 E APM_AudioPolicyManager: mOutputs.size() 1
09-19 18:19:23.626  1716  2079 E APM_AudioPolicyManager: device 1024, popcount(device)1
09-19 18:19:23.626  1716  2079 E APM_AudioPolicyManager: is outpt stream1 9, curStream 0
09-19 18:19:23.626  1716  2079 E APM_AudioPolicyManager: is outpt stream1 9, curStream 1
09-19 18:19:23.627  1716  2079 E APM_AudioPolicyManager: is outpt stream1 9, curStream 2
09-19 18:19:23.627  1716  2079 E APM_AudioPolicyManager: is outpt stream1 9, curStream 3
09-19 18:19:23.627  1716  2079 E APM_AudioPolicyManager: is outpt stream1 9, curStream 4
09-19 18:19:23.627  1716  2079 E APM_AudioPolicyManager: is outpt stream1 9, curStream 5
09-19 18:19:23.627  1716  2079 E APM_AudioPolicyManager: is outpt stream1 9, curStream 6
09-19 18:19:23.627  1716  2079 E APM_AudioPolicyManager: is outpt stream1 9, curStream 7
09-19 18:19:23.627  1716  2079 E APM_AudioPolicyManager: is outpt stream1 9, curStream 8
09-19 18:19:23.627  1716  2079 E APM_AudioPolicyManager: get curStream 9, curDevice 1024
09-19 18:19:23.627  1716  2079 E APM_AudioPolicyManager: 5 outpt stream1 9, curStream 9
09-19 18:19:23.627  1716  2079 E APM_AudioPolicyManager: is outpt stream1 9, curStream 10
09-19 18:19:23.627  1716  2079 E APM_AudioPolicyManager: is outpt stream1 9, curStream 11
09-19 18:19:23.628  5925  5946 I BluetoothAvrcpControllerJni: btavrcp_get_rcfeatures_callback
09-19 18:19:23.628  1716  2079 E APM_AudioPolicyManager: mOutputs.size() 1
09-19 18:19:23.628  1716  2079 E APM_AudioPolicyManager: device 1024, popcount(device)1
09-19 18:19:23.628  1716  2079 E APM_AudioPolicyManager: is outpt stream1 9, curStream 0
09-19 18:19:23.628  1716  2079 E APM_AudioPolicyManager: is outpt stream1 9, curStream 1
09-19 18:19:23.628  1716  2079 E APM_AudioPolicyManager: is outpt stream1 9, curStream 2
09-19 18:19:23.628  1716  2079 E APM_AudioPolicyManager: is outpt stream1 9, curStream 3
09-19 18:19:23.628  1716  2079 E APM_AudioPolicyManager: is outpt stream1 9, curStream 4
09-19 18:19:23.628  1716  2079 E APM_AudioPolicyManager: is outpt stream1 9, curStream 5
09-19 18:19:23.628  1716  2079 E APM_AudioPolicyManager: is outpt stream1 9, curStream 6
09-19 18:19:23.628  1716  2079 E APM_AudioPolicyManager: is outpt stream1 9, curStream 7
09-19 18:19:23.628  1716  2079 E APM_AudioPolicyManager: is outpt stream1 9, curStream 8
09-19 18:19:23.628  1716  2079 E APM_AudioPolicyManager: get curStream 9, curDevice 1024
09-19 18:19:23.629  1716  2079 E APM_AudioPolicyManager: 5 outpt stream1 9, curStream 9
09-19 18:19:23.629  1716  2079 E APM_AudioPolicyManager: is outpt stream1 9, curStream 10
09-19 18:19:23.629  1716  2079 E APM_AudioPolicyManager: is outpt stream1 9, curStream 11
09-19 18:19:23.632  5925  5925 D A2dpMediaBrowserService: onReceive intent=Intent { act=android.bluetooth.avrcp-controller.profile.action.CONNECTION_STATE_CHANGED flg=0x10 (has extras) }
09-19 18:19:23.632  5925  5925 D A2dpMediaBrowserService: handleConnectionStateChange: newState=2 btDev=04:4B:ED:36:C4:7A
09-19 18:19:23.632  5925  5925 D A2dpMediaBrowserService: msgDeviceConnect
09-19 18:19:23.634  2632  2855 W EventHub: Unable to disable kernel key repeat for /dev/input/event4: Function not implemented
09-19 18:19:23.634  5925  5970 D AvrcpControllerService:  HandleMessage: CB_RC_FEATURES Remote Connected true
09-19 18:19:23.634  2632  2855 I EventHub: New device: id=5, fd=200, path='/dev/input/event4', name='AVRCP', classes=0x1, configuration='/system/usr/idc/AVRCP.idc', keyLayout='/system/usr/keylayout/AVRCP.kl', keyCharacterMap='/system/usr/keychars/Generic.kcm', builtinKeyboard=false, wakeMechanism=EPOLLWAKEUP, usingClockIoctl=true
09-19 18:19:23.635  5925  5970 D A2dpSinkService: getA2dpSinkService(): returning com.android.bluetooth.a2dpsink.A2dpSinkService@8e0889a
09-19 18:19:23.635  2632  2855 D KeyLayoutMap: findScanCodeForLed: ledCode=1 ~ Not found.
09-19 18:19:23.635  2632  2855 D KeyLayoutMap: findScanCodeForLed: ledCode=0 ~ Not found.
09-19 18:19:23.635  2632  2855 D KeyLayoutMap: findScanCodeForLed: ledCode=2 ~ Not found.
09-19 18:19:23.635  2632  2855 I InputReader: Device added: id=5, name='AVRCP', sources=0x00000101
09-19 18:19:23.637  5925  5925 V AvrcpControllerService: Binder Call: getPlaybackState
09-19 18:19:23.638  1716  6390 E APM_AudioPolicyManager: mOutputs.size() 1
09-19 18:19:23.638  1716  6390 E APM_AudioPolicyManager: device 1024, popcount(device)1
09-19 18:19:23.638  1716  6390 E APM_AudioPolicyManager: is outpt stream1 8, curStream 0
09-19 18:19:23.639  1716  6390 E APM_AudioPolicyManager: is outpt stream1 8, curStream 1
09-19 18:19:23.639  1716  6390 E APM_AudioPolicyManager: is outpt stream1 8, curStream 2
09-19 18:19:23.639  1716  6390 E APM_AudioPolicyManager: is outpt stream1 8, curStream 3
09-19 18:19:23.639  1716  6390 E APM_AudioPolicyManager: is outpt stream1 8, curStream 4
09-19 18:19:23.639  1716  6390 E APM_AudioPolicyManager: is outpt stream1 8, curStream 5
09-19 18:19:23.639  1716  6390 E APM_AudioPolicyManager: is outpt stream1 8, curStream 6
09-19 18:19:23.639  1716  6390 E APM_AudioPolicyManager: is outpt stream1 8, curStream 7
09-19 18:19:23.639  1716  6390 E APM_AudioPolicyManager: get curStream 8, curDevice 1024
09-19 18:19:23.639  1716  6390 E APM_AudioPolicyManager: 5 outpt stream1 8, curStream 8
09-19 18:19:23.639  1716  6390 E APM_AudioPolicyManager: is outpt stream1 8, curStream 9
09-19 18:19:23.639  1716  6390 E APM_AudioPolicyManager: is outpt stream1 8, curStream 10
09-19 18:19:23.639  1716  6390 E APM_AudioPolicyManager: is outpt stream1 8, curStream 11
09-19 18:19:23.640  1716  5204 E APM_AudioPolicyManager: mOutputs.size() 1
09-19 18:19:23.640  1716  5204 E APM_AudioPolicyManager: device 1024, popcount(device)1
09-19 18:19:23.640  1716  5204 E APM_AudioPolicyManager: is outpt stream1 8, curStream 0
09-19 18:19:23.640  1716  5204 E APM_AudioPolicyManager: is outpt stream1 8, curStream 1
09-19 18:19:23.640  1716  5204 E APM_AudioPolicyManager: is outpt stream1 8, curStream 2
09-19 18:19:23.640  1716  5204 E APM_AudioPolicyManager: is outpt stream1 8, curStream 3
09-19 18:19:23.640  1716  5204 E APM_AudioPolicyManager: is outpt stream1 8, curStream 4
09-19 18:19:23.640  1716  5204 E APM_AudioPolicyManager: is outpt stream1 8, curStream 5
09-19 18:19:23.640  1716  5204 E APM_AudioPolicyManager: is outpt stream1 8, curStream 6
09-19 18:19:23.640  1716  5204 E APM_AudioPolicyManager: is outpt stream1 8, curStream 7
09-19 18:19:23.640  1716  5204 E APM_AudioPolicyManager: get curStream 8, curDevice 1024
09-19 18:19:23.640  1716  5204 E APM_AudioPolicyManager: 5 outpt stream1 8, curStream 8
09-19 18:19:23.640  1716  5204 E APM_AudioPolicyManager: is outpt stream1 8, curStream 9
09-19 18:19:23.640  1716  5204 E APM_AudioPolicyManager: is outpt stream1 8, curStream 10
09-19 18:19:23.640  1716  5204 E APM_AudioPolicyManager: is outpt stream1 8, curStream 11
09-19 18:19:23.640  5925  5925 D AvrcpControllerService: getPlayBackState device = 04:4B:ED:36:C4:7A
09-19 18:19:23.642  1716  1716 E APM_AudioPolicyManager: mOutputs.size() 1
09-19 18:19:23.642  1716  1716 E APM_AudioPolicyManager: device 1024, popcount(device)1
09-19 18:19:23.643  1716  1716 E APM_AudioPolicyManager: is outpt stream1 7, curStream 0
09-19 18:19:23.643  1716  1716 E APM_AudioPolicyManager: is outpt stream1 7, curStream 1
09-19 18:19:23.643  1716  1716 E APM_AudioPolicyManager: is outpt stream1 7, curStream 2
09-19 18:19:23.643  1716  1716 E APM_AudioPolicyManager: is outpt stream1 7, curStream 3
09-19 18:19:23.643  1716  1716 E APM_AudioPolicyManager: is outpt stream1 7, curStream 4
09-19 18:19:23.643  1716  1716 E APM_AudioPolicyManager: is outpt stream1 7, curStream 5
09-19 18:19:23.643  1716  1716 E APM_AudioPolicyManager: is outpt stream1 7, curStream 6
09-19 18:19:23.643  1716  1716 E APM_AudioPolicyManager: get curStream 7, curDevice 1024
09-19 18:19:23.643  1716  1716 E APM_AudioPolicyManager: 5 outpt stream1 7, curStream 7
09-19 18:19:23.643  1716  1716 E APM_AudioPolicyManager: is outpt stream1 7, curStream 8
09-19 18:19:23.643  1716  1716 E APM_AudioPolicyManager: is outpt stream1 7, curStream 9
09-19 18:19:23.643  1716  1716 E APM_AudioPolicyManager: is outpt stream1 7, curStream 10
09-19 18:19:23.643  1716  1716 E APM_AudioPolicyManager: is outpt stream1 7, curStream 11
09-19 18:19:23.643  1716  6391 E APM_AudioPolicyManager: mOutputs.size() 1
09-19 18:19:23.643  1716  6391 E APM_AudioPolicyManager: device 1024, popcount(device)1
09-19 18:19:23.643  1716  6391 E APM_AudioPolicyManager: is outpt stream1 7, curStream 0
09-19 18:19:23.644  1716  6391 E APM_AudioPolicyManager: is outpt stream1 7, curStream 1
09-19 18:19:23.644  1716  6391 E APM_AudioPolicyManager: is outpt stream1 7, curStream 2
09-19 18:19:23.644  1716  6391 E APM_AudioPolicyManager: is outpt stream1 7, curStream 3
09-19 18:19:23.644  1716  6391 E APM_AudioPolicyManager: is outpt stream1 7, curStream 4
09-19 18:19:23.644  1716  6391 E APM_AudioPolicyManager: is outpt stream1 7, curStream 5
09-19 18:19:23.644  1716  6391 E APM_AudioPolicyManager: is outpt stream1 7, curStream 6
09-19 18:19:23.644  1716  6391 E APM_AudioPolicyManager: get curStream 7, curDevice 1024
09-19 18:19:23.644  1716  6391 E APM_AudioPolicyManager: 5 outpt stream1 7, curStream 7
09-19 18:19:23.644  1716  6391 E APM_AudioPolicyManager: is outpt stream1 7, curStream 8
09-19 18:19:23.644  1716  6391 E APM_AudioPolicyManager: is outpt stream1 7, curStream 9
09-19 18:19:23.644  1716  6391 E APM_AudioPolicyManager: is outpt stream1 7, curStream 10
09-19 18:19:23.644  1716  6391 E APM_AudioPolicyManager: is outpt stream1 7, curStream 11
09-19 18:19:23.645  1716  5204 E APM_AudioPolicyManager: mOutputs.size() 1
09-19 18:19:23.645  1716  5204 E APM_AudioPolicyManager: device 1024, popcount(device)1
09-19 18:19:23.645  1716  5204 E APM_AudioPolicyManager: is outpt stream1 6, curStream 0
09-19 18:19:23.645  1716  5204 E APM_AudioPolicyManager: is outpt stream1 6, curStream 1
09-19 18:19:23.645  1716  5204 E APM_AudioPolicyManager: is outpt stream1 6, curStream 2
09-19 18:19:23.645  1716  5204 E APM_AudioPolicyManager: is outpt stream1 6, curStream 3
09-19 18:19:23.645  1716  5204 E APM_AudioPolicyManager: is outpt stream1 6, curStream 4
09-19 18:19:23.645  1716  5204 E APM_AudioPolicyManager: is outpt stream1 6, curStream 5
09-19 18:19:23.645  1716  5204 E APM_AudioPolicyManager: get curStream 6, curDevice 1024
09-19 18:19:23.645  1716  5204 E APM_AudioPolicyManager: 5 outpt stream1 6, curStream 6
09-19 18:19:23.645  1716  5204 E APM_AudioPolicyManager: is outpt stream1 6, curStream 7
09-19 18:19:23.645  1716  5204 E APM_AudioPolicyManager: is outpt stream1 6, curStream 8
09-19 18:19:23.646  1716  5204 E APM_AudioPolicyManager: is outpt stream1 6, curStream 9
09-19 18:19:23.646  1716  5204 E APM_AudioPolicyManager: is outpt stream1 6, curStream 10
09-19 18:19:23.646  1716  5204 E APM_AudioPolicyManager: is outpt stream1 6, curStream 11
09-19 18:19:23.646  1716  2079 E APM_AudioPolicyManager: mOutputs.size() 1
09-19 18:19:23.646  5925  5925 V AvrcpControllerService: Binder Call: getMetaData 
09-19 18:19:23.646  1716  2079 E APM_AudioPolicyManager: device 1024, popcount(device)1
09-19 18:19:23.646  1716  2079 E APM_AudioPolicyManager: is outpt stream1 6, curStream 0
09-19 18:19:23.646  1716  2079 E APM_AudioPolicyManager: is outpt stream1 6, curStream 1
09-19 18:19:23.646  1716  2079 E APM_AudioPolicyManager: is outpt stream1 6, curStream 2
09-19 18:19:23.646  1716  2079 E APM_AudioPolicyManager: is outpt stream1 6, curStream 3
09-19 18:19:23.646  1716  2079 E APM_AudioPolicyManager: is outpt stream1 6, curStream 4
09-19 18:19:23.646  1716  2079 E APM_AudioPolicyManager: is outpt stream1 6, curStream 5
09-19 18:19:23.646  1716  2079 E APM_AudioPolicyManager: get curStream 6, curDevice 1024
09-19 18:19:23.646  1716  2079 E APM_AudioPolicyManager: 5 outpt stream1 6, curStream 6
09-19 18:19:23.646  1716  2079 E APM_AudioPolicyManager: is outpt stream1 6, curStream 7
09-19 18:19:23.646  1716  2079 E APM_AudioPolicyManager: is outpt stream1 6, curStream 8
09-19 18:19:23.646  1716  2079 E APM_AudioPolicyManager: is outpt stream1 6, curStream 9
09-19 18:19:23.646  1716  2079 E APM_AudioPolicyManager: is outpt stream1 6, curStream 10
09-19 18:19:23.647  1716  2079 E APM_AudioPolicyManager: is outpt stream1 6, curStream 11
09-19 18:19:23.647  5925  5925 D AvrcpControllerService: getMetaData = 
09-19 18:19:23.648  1716  6391 E APM_AudioPolicyManager: mOutputs.size() 1
09-19 18:19:23.648  1716  6391 E APM_AudioPolicyManager: device 1024, popcount(device)1
09-19 18:19:23.648  1716  6391 E APM_AudioPolicyManager: is outpt stream1 5, curStream 0
09-19 18:19:23.648  1716  6391 E APM_AudioPolicyManager: is outpt stream1 5, curStream 1
09-19 18:19:23.648  1716  6391 E APM_AudioPolicyManager: is outpt stream1 5, curStream 2
09-19 18:19:23.648  1716  6391 E APM_AudioPolicyManager: is outpt stream1 5, curStream 3
09-19 18:19:23.648  1716  6391 E APM_AudioPolicyManager: is outpt stream1 5, curStream 4
09-19 18:19:23.648  1716  6391 E APM_AudioPolicyManager: get curStream 5, curDevice 1024
09-19 18:19:23.648  1716  6391 E APM_AudioPolicyManager: 5 outpt stream1 5, curStream 5
09-19 18:19:23.648  1716  6391 E APM_AudioPolicyManager: is outpt stream1 5, curStream 6
09-19 18:19:23.648  1716  6391 E APM_AudioPolicyManager: is outpt stream1 5, curStream 7
09-19 18:19:23.648  1716  6391 E APM_AudioPolicyManager: is outpt stream1 5, curStream 8
09-19 18:19:23.648  1716  6391 E APM_AudioPolicyManager: is outpt stream1 5, curStream 9
09-19 18:19:23.649  1716  6391 E APM_AudioPolicyManager: is outpt stream1 5, curStream 10
09-19 18:19:23.649  1716  6391 E APM_AudioPolicyManager: is outpt stream1 5, curStream 11
09-19 18:19:23.649  1716  6390 E APM_AudioPolicyManager: mOutputs.size() 1
09-19 18:19:23.649  1716  6390 E APM_AudioPolicyManager: device 1024, popcount(device)1
09-19 18:19:23.649  1716  6390 E APM_AudioPolicyManager: is outpt stream1 5, curStream 0
09-19 18:19:23.649  1716  6390 E APM_AudioPolicyManager: is outpt stream1 5, curStream 1
09-19 18:19:23.649  1716  6390 E APM_AudioPolicyManager: is outpt stream1 5, curStream 2
09-19 18:19:23.649  1716  6390 E APM_AudioPolicyManager: is outpt stream1 5, curStream 3
09-19 18:19:23.649  1716  6390 E APM_AudioPolicyManager: is outpt stream1 5, curStream 4
09-19 18:19:23.649  1716  6390 E APM_AudioPolicyManager: get curStream 5, curDevice 1024
09-19 18:19:23.649  1716  6390 E APM_AudioPolicyManager: 5 outpt stream1 5, curStream 5
09-19 18:19:23.649  1716  6390 E APM_AudioPolicyManager: is outpt stream1 5, curStream 6
09-19 18:19:23.649  1716  6390 E APM_AudioPolicyManager: is outpt stream1 5, curStream 7
09-19 18:19:23.649  1716  6390 E APM_AudioPolicyManager: is outpt stream1 5, curStream 8
09-19 18:19:23.650  1716  6390 E APM_AudioPolicyManager: is outpt stream1 5, curStream 9
09-19 18:19:23.650  1716  6390 E APM_AudioPolicyManager: is outpt stream1 5, curStream 10
09-19 18:19:23.650  1716  6390 E APM_AudioPolicyManager: is outpt stream1 5, curStream 11
09-19 18:19:23.650  5925  5925 D AvrcpUtils:  TrackInfo Metadata [artist=NOT_SUPPORTED trackTitle= NOT_SUPPORTED albumTitle= NOT_SUPPORTED genre= NOT_SUPPORTED trackNum= 255 track_len : 255 TotalTracks 255]
09-19 18:19:23.651  1716  2079 E APM_AudioPolicyManager: mOutputs.size() 1
09-19 18:19:23.651  1716  2079 E APM_AudioPolicyManager: device 1024, popcount(device)1
09-19 18:19:23.651  1716  2079 E APM_AudioPolicyManager: is outpt stream1 4, curStream 0
09-19 18:19:23.651  1716  2079 E APM_AudioPolicyManager: is outpt stream1 4, curStream 1
09-19 18:19:23.651  1716  2079 E APM_AudioPolicyManager: is outpt stream1 4, curStream 2
09-19 18:19:23.651  1716  2079 E APM_AudioPolicyManager: is outpt stream1 4, curStream 3
09-19 18:19:23.651  1716  2079 E APM_AudioPolicyManager: get curStream 4, curDevice 1024
09-19 18:19:23.651  1716  2079 E APM_AudioPolicyManager: 5 outpt stream1 4, curStream 4
09-19 18:19:23.651  1716  2079 E APM_AudioPolicyManager: is outpt stream1 4, curStream 5
09-19 18:19:23.652  1716  2079 E APM_AudioPolicyManager: is outpt stream1 4, curStream 6
09-19 18:19:23.652  1716  2079 E APM_AudioPolicyManager: is outpt stream1 4, curStream 7
09-19 18:19:23.652  1716  2079 E APM_AudioPolicyManager: is outpt stream1 4, curStream 8
09-19 18:19:23.652  1716  2079 E APM_AudioPolicyManager: is outpt stream1 4, curStream 9
09-19 18:19:23.652  1716  2079 E APM_AudioPolicyManager: is outpt stream1 4, curStream 10
09-19 18:19:23.652  1716  2079 E APM_AudioPolicyManager: is outpt stream1 4, curStream 11
09-19 18:19:23.652  1716  1716 E APM_AudioPolicyManager: mOutputs.size() 1
09-19 18:19:23.652  1716  1716 E APM_AudioPolicyManager: device 1024, popcount(device)1
09-19 18:19:23.652  1716  1716 E APM_AudioPolicyManager: is outpt stream1 4, curStream 0
09-19 18:19:23.652  1716  1716 E APM_AudioPolicyManager: is outpt stream1 4, curStream 1
09-19 18:19:23.652  1716  1716 E APM_AudioPolicyManager: is outpt stream1 4, curStream 2
09-19 18:19:23.652  1716  1716 E APM_AudioPolicyManager: is outpt stream1 4, curStream 3
09-19 18:19:23.653  1716  1716 E APM_AudioPolicyManager: get curStream 4, curDevice 1024
09-19 18:19:23.653  1716  1716 E APM_AudioPolicyManager: 5 outpt stream1 4, curStream 4
09-19 18:19:23.653  1716  1716 E APM_AudioPolicyManager: is outpt stream1 4, curStream 5
09-19 18:19:23.653  1716  1716 E APM_AudioPolicyManager: is outpt stream1 4, curStream 6
09-19 18:19:23.653  1716  1716 E APM_AudioPolicyManager: is outpt stream1 4, curStream 7
09-19 18:19:23.653  1716  1716 E APM_AudioPolicyManager: is outpt stream1 4, curStream 8
09-19 18:19:23.653  1716  1716 E APM_AudioPolicyManager: is outpt stream1 4, curStream 9
09-19 18:19:23.653  1716  1716 E APM_AudioPolicyManager: is outpt stream1 4, curStream 10
09-19 18:19:23.653  1716  1716 E APM_AudioPolicyManager: is outpt stream1 4, curStream 11
09-19 18:19:23.654  1716  6390 E APM_AudioPolicyManager: mOutputs.size() 1
09-19 18:19:23.654  1716  6390 E APM_AudioPolicyManager: device 1024, popcount(device)1
09-19 18:19:23.654  1716  6390 E APM_AudioPolicyManager: is outpt stream1 2, curStream 0
09-19 18:19:23.655  1716  6390 E APM_AudioPolicyManager: is outpt stream1 2, curStream 1
09-19 18:19:23.655  1716  6390 E APM_AudioPolicyManager: get curStream 2, curDevice 1024
09-19 18:19:23.655  1716  6390 E APM_AudioPolicyManager: 5 outpt stream1 2, curStream 2
09-19 18:19:23.655  1716  6390 E APM_AudioPolicyManager: is outpt stream1 2, curStream 3
09-19 18:19:23.655  1716  6390 E APM_AudioPolicyManager: is outpt stream1 2, curStream 4
09-19 18:19:23.655  1716  6390 E APM_AudioPolicyManager: is outpt stream1 2, curStream 5
09-19 18:19:23.655  1716  6390 E APM_AudioPolicyManager: is outpt stream1 2, curStream 6
09-19 18:19:23.655  1716  6390 E APM_AudioPolicyManager: is outpt stream1 2, curStream 7
09-19 18:19:23.655  1716  6390 E APM_AudioPolicyManager: is outpt stream1 2, curStream 8
09-19 18:19:23.655  1716  6390 E APM_AudioPolicyManager: is outpt stream1 2, curStream 9
09-19 18:19:23.655  1716  6390 E APM_AudioPolicyManager: is outpt stream1 2, curStream 10
09-19 18:19:23.655  1716  6390 E APM_AudioPolicyManager: is outpt stream1 2, curStream 11
09-19 18:19:23.655  5925  5925 D A2dpMediaBrowserService: Media metadata android.media.MediaMetadata@74a7684 playback state PlaybackState {state=1, position=0, buffered position=0, speed=0.0, updated=277160, actions=54, custom actions=[], active item id=-1, error=null}
09-19 18:19:23.656  1716  5204 E APM_AudioPolicyManager: mOutputs.size() 1
09-19 18:19:23.656  1716  5204 E APM_AudioPolicyManager: device 1024, popcount(device)1
09-19 18:19:23.656  1716  5204 E APM_AudioPolicyManager: is outpt stream1 2, curStream 0
09-19 18:19:23.656  1716  5204 E APM_AudioPolicyManager: is outpt stream1 2, curStream 1
09-19 18:19:23.656  1716  5204 E APM_AudioPolicyManager: get curStream 2, curDevice 1024
09-19 18:19:23.656  1716  5204 E APM_AudioPolicyManager: 5 outpt stream1 2, curStream 2
09-19 18:19:23.656  1716  5204 E APM_AudioPolicyManager: is outpt stream1 2, curStream 3
09-19 18:19:23.656  1716  5204 E APM_AudioPolicyManager: is outpt stream1 2, curStream 4
09-19 18:19:23.656  1716  5204 E APM_AudioPolicyManager: is outpt stream1 2, curStream 5
09-19 18:19:23.656  1716  5204 E APM_AudioPolicyManager: is outpt stream1 2, curStream 6
09-19 18:19:23.656  1716  5204 E APM_AudioPolicyManager: is outpt stream1 2, curStream 7
09-19 18:19:23.656  1716  5204 E APM_AudioPolicyManager: is outpt stream1 2, curStream 8
09-19 18:19:23.656  1716  5204 E APM_AudioPolicyManager: is outpt stream1 2, curStream 9
09-19 18:19:23.656  1716  5204 E APM_AudioPolicyManager: is outpt stream1 2, curStream 10
09-19 18:19:23.656  1716  5204 E APM_AudioPolicyManager: is outpt stream1 2, curStream 11
09-19 18:19:23.659  5925  5925 V AvrcpControllerService: Binder Call: getMetaData 
09-19 18:19:23.659  1716  1716 E APM_AudioPolicyManager: mOutputs.size() 1
09-19 18:19:23.659  1716  1716 E APM_AudioPolicyManager: device 1024, popcount(device)1
09-19 18:19:23.659  1716  1716 E APM_AudioPolicyManager: is outpt stream1 1, curStream 0
09-19 18:19:23.659  1716  1716 E APM_AudioPolicyManager: get curStream 1, curDevice 1024
09-19 18:19:23.659  1716  1716 E APM_AudioPolicyManager: 5 outpt stream1 1, curStream 1
09-19 18:19:23.659  1716  1716 E APM_AudioPolicyManager: is outpt stream1 1, curStream 2
09-19 18:19:23.659  1716  1716 E APM_AudioPolicyManager: is outpt stream1 1, curStream 3
09-19 18:19:23.659  5925  5925 D AvrcpControllerService: getMetaData = 
09-19 18:19:23.660  1716  1716 E APM_AudioPolicyManager: is outpt stream1 1, curStream 4
09-19 18:19:23.660  1716  1716 E APM_AudioPolicyManager: is outpt stream1 1, curStream 5
09-19 18:19:23.660  1716  1716 E APM_AudioPolicyManager: is outpt stream1 1, curStream 6
09-19 18:19:23.660  1716  1716 E APM_AudioPolicyManager: is outpt stream1 1, curStream 7
09-19 18:19:23.660  1716  1716 E APM_AudioPolicyManager: is outpt stream1 1, curStream 8
09-19 18:19:23.660  1716  1716 E APM_AudioPolicyManager: is outpt stream1 1, curStream 9
09-19 18:19:23.660  1716  1716 E APM_AudioPolicyManager: is outpt stream1 1, curStream 10
09-19 18:19:23.660  1716  1716 E APM_AudioPolicyManager: is outpt stream1 1, curStream 11
09-19 18:19:23.660  5925  5925 D AvrcpUtils:  TrackInfo Metadata [artist=NOT_SUPPORTED trackTitle= NOT_SUPPORTED albumTitle= NOT_SUPPORTED genre= NOT_SUPPORTED trackNum= 255 track_len : 255 TotalTracks 255]
09-19 18:19:23.662  1716  6391 E APM_AudioPolicyManager: mOutputs.size() 1
09-19 18:19:23.662  1716  6391 E APM_AudioPolicyManager: device 1024, popcount(device)1
09-19 18:19:23.662  1716  6391 E APM_AudioPolicyManager: is outpt stream1 1, curStream 0
09-19 18:19:23.662  1716  6391 E APM_AudioPolicyManager: get curStream 1, curDevice 1024
09-19 18:19:23.662  1716  6391 E APM_AudioPolicyManager: 5 outpt stream1 1, curStream 1
09-19 18:19:23.662  1716  6391 E APM_AudioPolicyManager: is outpt stream1 1, curStream 2
09-19 18:19:23.662  1716  6391 E APM_AudioPolicyManager: is outpt stream1 1, curStream 3
09-19 18:19:23.662  1716  6391 E APM_AudioPolicyManager: is outpt stream1 1, curStream 4
09-19 18:19:23.662  1716  6391 E APM_AudioPolicyManager: is outpt stream1 1, curStream 5
09-19 18:19:23.662  1716  6391 E APM_AudioPolicyManager: is outpt stream1 1, curStream 6
09-19 18:19:23.662  1716  6391 E APM_AudioPolicyManager: is outpt stream1 1, curStream 7
09-19 18:19:23.662  1716  6391 E APM_AudioPolicyManager: is outpt stream1 1, curStream 8
09-19 18:19:23.662  1716  6391 E APM_AudioPolicyManager: is outpt stream1 1, curStream 9
09-19 18:19:23.662  1716  6391 E APM_AudioPolicyManager: is outpt stream1 1, curStream 10
09-19 18:19:23.662  1716  6391 E APM_AudioPolicyManager: is outpt stream1 1, curStream 11
09-19 18:19:23.665  1716  5204 E APM_AudioPolicyManager: mOutputs.size() 1
09-19 18:19:23.665  1716  5204 E APM_AudioPolicyManager: device 1024, popcount(device)1
09-19 18:19:23.665  1716  5204 E APM_AudioPolicyManager: get curStream 0, curDevice 1024
09-19 18:19:23.665  1716  5204 E APM_AudioPolicyManager: 5 outpt stream1 0, curStream 0
09-19 18:19:23.665  1716  5204 E APM_AudioPolicyManager: is outpt stream1 0, curStream 1
09-19 18:19:23.665  1716  5204 E APM_AudioPolicyManager: is outpt stream1 0, curStream 2
09-19 18:19:23.667  1716  5204 E APM_AudioPolicyManager: is outpt stream1 0, curStream 3
09-19 18:19:23.667  1716  5204 E APM_AudioPolicyManager: is outpt stream1 0, curStream 4
09-19 18:19:23.667  1716  5204 E APM_AudioPolicyManager: is outpt stream1 0, curStream 5
09-19 18:19:23.667  1716  5204 E APM_AudioPolicyManager: is outpt stream1 0, curStream 6
09-19 18:19:23.667  1716  5204 E APM_AudioPolicyManager: is outpt stream1 0, curStream 7
09-19 18:19:23.667  1716  5204 E APM_AudioPolicyManager: is outpt stream1 0, curStream 8
09-19 18:19:23.667  1716  5204 E APM_AudioPolicyManager: is outpt stream1 0, curStream 9
09-19 18:19:23.667  1716  5204 E APM_AudioPolicyManager: is outpt stream1 0, curStream 10
09-19 18:19:23.667  1716  5204 E APM_AudioPolicyManager: is outpt stream1 0, curStream 11
09-19 18:19:23.669  1716  2079 E APM_AudioPolicyManager: mOutputs.size() 1
09-19 18:19:23.669  1716  2079 E APM_AudioPolicyManager: device 1024, popcount(device)1
09-19 18:19:23.670  1716  2079 E APM_AudioPolicyManager: get curStream 0, curDevice 1024
09-19 18:19:23.670  1716  2079 E APM_AudioPolicyManager: 5 outpt stream1 0, curStream 0
09-19 18:19:23.670  1716  2079 E APM_AudioPolicyManager: is outpt stream1 0, curStream 1
09-19 18:19:23.670  1716  2079 E APM_AudioPolicyManager: is outpt stream1 0, curStream 2
09-19 18:19:23.670  1716  2079 E APM_AudioPolicyManager: is outpt stream1 0, curStream 3
09-19 18:19:23.670  1716  2079 E APM_AudioPolicyManager: is outpt stream1 0, curStream 4
09-19 18:19:23.670  1716  2079 E APM_AudioPolicyManager: is outpt stream1 0, curStream 5
09-19 18:19:23.670  1716  2079 E APM_AudioPolicyManager: is outpt stream1 0, curStream 6
09-19 18:19:23.670  1716  2079 E APM_AudioPolicyManager: is outpt stream1 0, curStream 7
09-19 18:19:23.670  1716  2079 E APM_AudioPolicyManager: is outpt stream1 0, curStream 8
09-19 18:19:23.670  1716  2079 E APM_AudioPolicyManager: is outpt stream1 0, curStream 9
09-19 18:19:23.670  1716  2079 E APM_AudioPolicyManager: is outpt stream1 0, curStream 10
09-19 18:19:23.671  1716  1716 E APM_AudioPolicyManager: is outpt stream1 2, curStream 3
09-19 18:19:23.671  1716  1716 E APM_AudioPolicyManager: is outpt stream1 2, curStream 4
09-19 18:19:23.671  1716  1716 E APM_AudioPolicyManager: is outpt stream1 2, curStream 5
09-19 18:19:23.671  1716  1716 E APM_AudioPolicyManager: is outpt stream1 2, curStream 6
09-19 18:19:23.671  1716  1716 E APM_AudioPolicyManager: is outpt stream1 2, curStream 7
09-19 18:19:23.671  1716  1716 E APM_AudioPolicyManager: is outpt stream1 2, curStream 8
09-19 18:19:23.671  1716  1716 E APM_AudioPolicyManager: is outpt stream1 2, curStream 9
09-19 18:19:23.671  1716  1716 E APM_AudioPolicyManager: is outpt stream1 2, curStream 10
09-19 18:19:23.671  1716  1716 E APM_AudioPolicyManager: is outpt stream1 2, curStream 11
09-19 18:19:23.671  5925  5946 I BluetoothAvrcpControllerJni: btavrcp_play_status_changed_callback
09-19 18:19:23.671  5925  5946 D AvrcpControllerService: onPlayStatusChanged 2
09-19 18:19:23.673  5925  5970 D AvrcpControllerService:  HandleMessage: CB_PLAY_STATUS_CHANGED Remote Connected true
09-19 18:19:23.673  5925  5970 D A2dpSinkService: getA2dpSinkService(): returning com.android.bluetooth.a2dpsink.A2dpSinkService@8e0889a
09-19 18:19:23.673  5925  5970 D AvrcpControllerService: Metadata is not broadcasted, ignoring.
09-19 18:19:23.673  5925  5966 D A2dpSinkStateMachine: Connected process message: 304
09-19 18:19:23.673  5925  6396 D A2dpSinkStreamingStateMachine.SRC_F_ACT_F:  process message: 5
09-19 18:19:23.673  5925  6396 E A2dpSinkStreamingStateMachine: Don't know how to handle 5
09-19 18:19:23.713  5925  5946 I BluetoothAvrcpControllerJni: btavrcp_playerapplicationsetting_callback
09-19 18:19:23.713  5925  5946 I BluetoothAvrcpControllerJni:  arraylen 9
09-19 18:19:23.713  5925  5946 D AvrcpControllerService: handlePlayerAppSetting rspLen = 9
09-19 18:19:23.714  5925  5970 D AvrcpControllerService:  HandleMessage: CB_SUPPORTED_PLAYER_APP_SETTING Remote Connected true
09-19 18:19:23.714  5925  5970 D A2dpSinkService: getA2dpSinkService(): returning com.android.bluetooth.a2dpsink.A2dpSinkService@8e0889a
09-19 18:19:23.722  5925  5946 I BluetoothAvrcpControllerJni: btavrcp_playerapplicationsetting_changed_callback
09-19 18:19:23.722  5925  5946 D AvrcpControllerService: onPlayerAppSettingChanged 
09-19 18:19:23.723  5925  5970 D AvrcpControllerService:  HandleMessage: CB_PLAYER_APP_SETTING_CHANGED Remote Connected true
09-19 18:19:23.723  5925  5970 D A2dpSinkService: getA2dpSinkService(): returning com.android.bluetooth.a2dpsink.A2dpSinkService@8e0889a
09-19 18:19:23.724  5925  5970 D AvrcpUtils: attribId: 2 attribVal: 1
09-19 18:19:23.724  5925  5970 D AvrcpUtils: attribId: 3 attribVal: 1
09-19 18:19:23.724  5925  5970 D AvrcpUtils:  setting: 6
09-19 18:19:23.725  5925  5970 D AvrcpControllerService:  broadcastPlayerAppSettingChanged =  REPEAT : 0 SHUFFLE : 0
09-19 18:19:23.726  2632  2668 E ActivityManager: Sending non-protected broadcast android.bluetooth.avrcp-controller.profile.action.PLAYER_SETTING from system 5925:com.android.bluetooth/1002 pkg com.android.bluetooth
09-19 18:19:23.726  2632  2668 E ActivityManager: java.lang.Throwable
09-19 18:19:23.726  2632  2668 E ActivityManager:       at com.android.server.am.ActivityManagerService.broadcastIntentLocked(ActivityManagerService.java:17989)
09-19 18:19:23.726  2632  2668 E ActivityManager:       at com.android.server.am.ActivityManagerService.broadcastIntent(ActivityManagerService.java:18555)
09-19 18:19:23.726  2632  2668 E ActivityManager:       at android.app.ActivityManagerNative.onTransact(ActivityManagerNative.java:499)
09-19 18:19:23.726  2632  2668 E ActivityManager:       at com.android.server.am.ActivityManagerService.onTransact(ActivityManagerService.java:2861)
09-19 18:19:23.726  2632  2668 E ActivityManager:       at android.os.Binder.execTransact(Binder.java:565)
09-19 18:19:23.762  3698  6330 D Index   : Indexing locale 'zh_CN' took 122 millis
09-19 18:19:23.927  5925  5946 I BluetoothAvrcpControllerJni: btavrcp_track_changed_callback
09-19 18:19:23.927  5925  5946 D AvrcpControllerService: onTrackChanged 
09-19 18:19:23.928  5925  5970 D AvrcpControllerService:  HandleMessage: CB_TRACK_CHANGED Remote Connected true
09-19 18:19:23.929  5925  5970 D A2dpSinkService: getA2dpSinkService(): returning com.android.bluetooth.a2dpsink.A2dpSinkService@8e0889a
09-19 18:19:23.929  5925  5970 D AvrcpControllerService: Metadata is not broadcasted, ignoring.
09-19 18:19:24.063  3887  4233 I turen   : [R2][00:02:53.056] [R2AsrParser.cpp       66] ☘   (ID-0) lian hao , 
09-19 18:19:24.410  3887  4233 I turen   : [R2][00:02:53.312] [R2AsrParser.cpp       66] ☘   (ID-0) lian hao , 
09-19 18:19:24.411  3887  4137 I turen   : [R2][00:02:53.312] [core/R2VbvCtc.cpp    439] ☘   [jihuoci] stop lines
09-19 18:19:24.501  4580  5209 I SPProvider: call uriPrefix: content://com.ktcp.tvvideo.REMOTE_SHARED_PREFERENCE, method: get
09-19 18:19:24.868  3887  4137 I turen   : [R2][00:02:54.016] [core/R2VbvCtc.cpp    379] ☘   [jihuoci] start lines
09-19 18:19:25.071  2632  3390 D WifiHW  : wifi command = IFNAME=wlan0 SCAN TYPE=ONLY
09-19 18:19:25.078  3873  3873 D HiRMService: mNetReceiver onReceive --android.net.wifi.STATE_CHANGE
09-19 18:19:25.378  1716  2049 V AudioFlinger: releaseWakeLock_l() AudioOut_D
09-19 18:19:25.378  1716  2049 V AudioFlinger: thread 0xac318680 type 0 TID 2049 going to sleep
09-19 18:19:25.410  3887  4233 I turen   : [R2][00:02:54.528] [R2AsrParser.cpp       66] ☘   (ID-0) bian zai , 
09-19 18:19:25.494  3887  4233 I turen   : [R2][00:02:54.656] [R2AsrParser.cpp       66] ☘   (ID-0) bian zai shang , 
09-19 18:19:25.623  3887  4233 I turen   : [R2][00:02:54.784] [R2AsrParser.cpp       66] ☘   (ID-0) bian zai shang le , 
09-19 18:19:25.906  3887  4233 I turen   : [R2][00:02:54.912] [R2AsrParser.cpp       66] ☘   (ID-0) bian zai shang le , 
09-19 18:19:25.907  3887  4137 I turen   : [R2][00:02:54.912] [core/R2VbvCtc.cpp    439] ☘   [jihuoci] stop lines
09-19 18:19:26.338  3887  4137 I turen   : [R2][00:02:55.488] [core/R2VbvCtc.cpp    379] ☘   [jihuoci] start lines
09-19 18:19:26.907  3887  4233 I turen   : [R2][00:02:56.064] [R2AsrParser.cpp       66] ☘   (ID-0) deng le , 
09-19 18:19:27.472  2632  3384 D WifiHW  : wifi command = IFNAME=wlan0 BSS RANGE=0- MASK=0x29d87
09-19 18:19:27.489  2632  3390 D WifiHW  : wifi command = IFNAME=wlan0 BSS RANGE=0- MASK=0x29d87
09-19 18:19:27.501  2632  3384 D WifiHW  : wifi command = IFNAME=wlan0 BSS RANGE=6- MASK=0x29d87
09-19 18:19:27.510  2632  3390 D WifiHW  : wifi command = IFNAME=wlan0 BSS RANGE=6- MASK=0x29d87
09-19 18:19:27.518  2632  3384 D WifiHW  : wifi command = IFNAME=wlan0 BSS RANGE=52- MASK=0x29d87
09-19 18:19:27.526  2632  3390 D WifiHW  : wifi command = IFNAME=wlan0 BSS RANGE=52- MASK=0x29d87
09-19 18:19:27.537  2632  3384 D WifiHW  : wifi command = IFNAME=wlan0 BSS RANGE=79- MASK=0x29d87
09-19 18:19:27.546  2632  3390 D WifiHW  : wifi command = IFNAME=wlan0 BSS RANGE=79- MASK=0x29d87
09-19 18:19:27.558  2632  3384 D WifiHW  : wifi command = IFNAME=wlan0 BSS RANGE=94- MASK=0x29d87
09-19 18:19:27.559  2632  3390 D WifiHW  : wifi command = IFNAME=wlan0 BSS RANGE=94- MASK=0x29d87
09-19 18:19:27.566  3873  3873 D HiRMService: mNetReceiver onReceive --android.net.wifi.STATE_CHANGE
09-19 18:19:27.667  3887  4233 I turen   : [R2][00:02:56.832] [R2AsrParser.cpp       66] ☘   (ID-0) deng le ta , 
09-19 18:19:27.804  3887  4233 I turen   : [R2][00:02:56.960] [R2AsrParser.cpp       66] ☘   (ID-0) deng le ta bu , 
09-19 18:19:27.869  3887  4233 I turen   : [R2][00:02:57.024] [R2AsrParser.cpp       66] ☘   (ID-0) deng le ta bu yin , 
09-19 18:19:28.044  3887  4233 I turen   : [R2][00:02:57.152] [R2AsrParser.cpp       66] ☘   (ID-0) deng le ta bu yin yue , 
09-19 18:19:28.047  3887  4233 I turen   : [R2][00:02:57.152] [R2AsrParser.cpp       66] ☘   (ID-0) deng le ta bu yin yue , 
09-19 18:19:28.048  3887  4137 I turen   : [R2][00:02:57.152] [core/R2VbvCtc.cpp    439] ☘   [jihuoci] stop lines
09-19 18:19:29.303  5925  5946 I BluetoothAvrcpControllerJni: btavrcp_play_status_changed_callback
09-19 18:19:29.303  5925  5946 D AvrcpControllerService: onPlayStatusChanged 0
09-19 18:19:29.305  5925  5970 D AvrcpControllerService:  HandleMessage: CB_PLAY_STATUS_CHANGED Remote Connected true
09-19 18:19:29.305  5925  5970 D A2dpSinkService: getA2dpSinkService(): returning com.android.bluetooth.a2dpsink.A2dpSinkService@8e0889a
09-19 18:19:29.305  5925  5970 D AvrcpControllerService: Metadata is not broadcasted, ignoring.
09-19 18:19:29.305  5925  5966 D A2dpSinkStateMachine: Connected process message: 304
09-19 18:19:29.305  5925  6396 D A2dpSinkStreamingStateMachine.SRC_F_ACT_F:  process message: 5
09-19 18:19:29.306  5925  6396 E A2dpSinkStreamingStateMachine: Don't know how to handle 5
09-19 18:19:29.436  5925  5946 I BluetoothAvrcpControllerJni: btavrcp_play_status_changed_callback
09-19 18:19:29.436  5925  5946 D AvrcpControllerService: onPlayStatusChanged 0
09-19 18:19:29.438  5925  5970 D AvrcpControllerService:  HandleMessage: CB_PLAY_STATUS_CHANGED Remote Connected true
09-19 18:19:29.438  5925  5970 D A2dpSinkService: getA2dpSinkService(): returning com.android.bluetooth.a2dpsink.A2dpSinkService@8e0889a
09-19 18:19:29.438  5925  5970 D AvrcpControllerService: Metadata is not broadcasted, ignoring.
09-19 18:19:29.438  5925  5966 D A2dpSinkStateMachine: Connected process message: 304
09-19 18:19:29.439  5925  6396 D A2dpSinkStreamingStateMachine.SRC_F_ACT_F:  process message: 5
09-19 18:19:29.439  5925  6396 E A2dpSinkStreamingStateMachine: Don't know how to handle 5
09-19 18:19:29.521  4580  4666 I SPProvider: call uriPrefix: content://com.ktcp.tvvideo.REMOTE_SHARED_PREFERENCE, method: get
09-19 18:19:30.049  3887  4137 I turen   : [R2][00:02:59.200] [core/R2VbvCtc.cpp    228] vbv total time cost: 35462
09-19 18:19:30.050  3887  4137 I turen   : [R2][00:02:59.200] [core/R2VbvCtc.cpp    230] bf12 time cost: 16444
09-19 18:19:30.050  3887  4137 I turen   : [R2][00:02:59.200] [core/R2VbvCtc.cpp    232] big code block time cost: 18997
09-19 18:19:30.050  3887  4137 I turen   : [R2][00:02:59.200] [core/R2VbvCtc.cpp    235] *1* putvoiceToLines time cost: 187874
09-19 18:19:30.050  3887  4137 I turen   : [R2][00:02:59.200] [core/R2VbvCtc.cpp    239] *2* putvoiceToLines time cost: 17720
09-19 18:19:30.050  3887  4137 I turen   : [R2][00:02:59.200] [core/R2VbvCtc.cpp    243] *3* putvoiceToLines time cost: 21479
09-19 18:19:30.050  3887  4137 I turen   : [R2][00:02:59.200] [core/R2ad2VBF.cpp    205] R2ad2VBF big code block time cost: 44
09-19 18:19:31.531  5925  5955 E bt_btif : bta_av_proc_stream_evt: p_data is null
09-19 18:19:31.531  5925  5955 I bt_bta_av: bta_av_link_role_ok hndl:x41 role:1 conn_audio:x1 bits:1 features:x824b
09-19 18:19:31.531  5925  5955 W bt_btif : bta_dm_rm_cback:0, status:0
09-19 18:19:31.532  5925  5955 W bt_btif : bta_dm_rm_cback:1, status:7
09-19 18:19:31.532  5925  5955 W bt_btif : new conn_srvc id:18, app_id:1
09-19 18:19:31.532  5925  5946 I BluetoothA2dpSinkServiceJni: bta2dp_audio_state_callback
09-19 18:19:31.534  5925  5966 D A2dpSinkStateMachine: Connected process message: 101
09-19 18:19:31.534  5925  5966 D A2dpSinkStateMachine:  processAudioStateEvent in state 2
09-19 18:19:31.534  5925  6396 D A2dpSinkStreamingStateMachine.SRC_F_ACT_F:  process message: 0
09-19 18:19:31.534  5925  6396 D A2dpSinkStreamingStateMachine.SRC_T_ACT_F: Enter: 0
09-19 18:19:31.659  5925  5946 I BluetoothAvrcpControllerJni: btavrcp_play_status_changed_callback
09-19 18:19:31.659  5925  5946 D AvrcpControllerService: onPlayStatusChanged 1
09-19 18:19:31.660  5925  5970 D AvrcpControllerService:  HandleMessage: CB_PLAY_STATUS_CHANGED Remote Connected true
09-19 18:19:31.660  5925  5970 D A2dpSinkService: getA2dpSinkService(): returning com.android.bluetooth.a2dpsink.A2dpSinkService@8e0889a
09-19 18:19:31.661  5925  5970 D AvrcpControllerService: Metadata is not broadcasted, ignoring.
09-19 18:19:31.661  5925  5966 D A2dpSinkStateMachine: Connected process message: 303
09-19 18:19:31.661  5925  6396 D A2dpSinkStreamingStateMachine.SRC_T_ACT_F:  process message: 3
09-19 18:19:31.661  5925  6396 D A2dpSinkStreamingStateMachine.SRC_T_ACT_T: Enter: 3
09-19 18:19:31.661  5925  6396 D A2dpSinkStreamingStateMachine.SRC_T_ACT_T:  process message: 3
09-19 18:19:31.662  5925  6396 D A2dpSinkStreamingStateMachine.SRC_T_ACT_T: Current Audio Focus -1
09-19 18:19:31.664  2632  2665 I MediaFocusControl:  AudioFocus  requestAudioFocus() from uid/pid 1002/5925 clientId=android.media.AudioManager@8e8de6dcom.android.bluetooth.a2dpsink.A2dpSinkStreamingStateMachine$1@43a1aa2 req=1 flags=0x0
09-19 18:19:31.666  5925  6396 D AvrcpControllerService: getAvrcpControllerService(): returning com.android.bluetooth.avrcp.AvrcpControllerService@c26e333
09-19 18:19:31.666  5925  6396 D A2dpSinkStreamingStateMachine: startAvrcpUpdates
09-19 18:19:31.668  5925  5970 D AvrcpControllerService:  HandleMessage: 202 Remote Connected true
09-19 18:19:31.668  5925  5970 D A2dpSinkService: getA2dpSinkService(): returning com.android.bluetooth.a2dpsink.A2dpSinkService@8e0889a
09-19 18:19:31.669  5925  5970 D AvrcpControllerService:  broadcastPlayBackStateChanged = PlaybackState {state=3, position=255, buffered position=0, speed=1.0, updated=285183, actions=0, custom actions=[], active item id=-1, error=null}
09-19 18:19:31.671  2632  3652 E ActivityManager: Sending non-protected broadcast android.bluetooth.avrcp-controller.profile.action.TRACK_EVENT from system 5925:com.android.bluetooth/1002 pkg com.android.bluetooth
09-19 18:19:31.671  2632  3652 E ActivityManager: java.lang.Throwable
09-19 18:19:31.671  2632  3652 E ActivityManager:       at com.android.server.am.ActivityManagerService.broadcastIntentLocked(ActivityManagerService.java:17989)
09-19 18:19:31.671  2632  3652 E ActivityManager:       at com.android.server.am.ActivityManagerService.broadcastIntent(ActivityManagerService.java:18555)
09-19 18:19:31.671  2632  3652 E ActivityManager:       at android.app.ActivityManagerNative.onTransact(ActivityManagerNative.java:499)
09-19 18:19:31.671  2632  3652 E ActivityManager:       at com.android.server.am.ActivityManagerService.onTransact(ActivityManagerService.java:2861)
09-19 18:19:31.671  2632  3652 E ActivityManager:       at android.os.Binder.execTransact(Binder.java:565)
09-19 18:19:31.677  5925  5970 D AvrcpUtils:  TrackInfo Metadata [artist=田馥甄 trackTitle= Loving Strangers (Live) albumTitle= To My Love 影音馆 genre=  trackNum= 19 track_len : 221466 TotalTracks 49]
09-19 18:19:31.679  5925  5970 D AvrcpControllerService:  broadcastMetaDataChanged = Loving Strangers (Live), 田馥甄, To My Love 影音馆  0.0 19 49 221466 221466 
09-19 18:19:31.680  5925  5925 D A2dpMediaBrowserService: onReceive intent=Intent { act=android.bluetooth.avrcp-controller.profile.action.TRACK_EVENT flg=0x10 (has extras) }
09-19 18:19:31.683  2632  2668 E ActivityManager: Sending non-protected broadcast android.bluetooth.avrcp-controller.profile.action.TRACK_EVENT from system 5925:com.android.bluetooth/1002 pkg com.android.bluetooth
09-19 18:19:31.683  2632  2668 E ActivityManager: java.lang.Throwable
09-19 18:19:31.683  2632  2668 E ActivityManager:       at com.android.server.am.ActivityManagerService.broadcastIntentLocked(ActivityManagerService.java:17989)
09-19 18:19:31.683  2632  2668 E ActivityManager:       at com.android.server.am.ActivityManagerService.broadcastIntent(ActivityManagerService.java:18555)
09-19 18:19:31.683  2632  2668 E ActivityManager:       at android.app.ActivityManagerNative.onTransact(ActivityManagerNative.java:499)
09-19 18:19:31.683  2632  2668 E ActivityManager:       at com.android.server.am.ActivityManagerService.onTransact(ActivityManagerService.java:2861)
09-19 18:19:31.683  2632  2668 E ActivityManager:       at android.os.Binder.execTransact(Binder.java:565)
09-19 18:19:31.688  5925  5925 D A2dpMediaBrowserService: msgTrack: playback: PlaybackState {state=3, position=255, buffered position=0, speed=1.0, updated=285183, actions=0, custom actions=[], active item id=-1, error=null} mmd: null
09-19 18:19:31.689  5925  5925 D A2dpMediaBrowserService: prevPS PlaybackState {state=1, position=0, buffered position=0, speed=0.0, updated=277160, actions=54, custom actions=[], active item id=-1, error=null}
09-19 18:19:31.690  5925  5925 D A2dpMediaBrowserService: prev MM title NOT_SUPPORTED track len 255
09-19 18:19:31.690  5925  5925 D A2dpMediaBrowserService: msgTrack() playbackstate PlaybackState {state=3, position=255, buffered position=0, speed=1.0, updated=285183, actions=0, custom actions=[], active item id=-1, error=null}
09-19 18:19:31.694  5925  5962 V Avrcp   : Active sessions changed, 0 sessions
09-19 18:19:31.694  5925  5925 D A2dpMediaBrowserService: onReceive intent=Intent { act=android.bluetooth.avrcp-controller.profile.action.TRACK_EVENT flg=0x10 (has extras) }
09-19 18:19:31.695  1716  6391 V AudioFlinger: start(4096), calling pid 5925 session 41
09-19 18:19:31.695  1716  6391 V AudioFlinger: ? => ACTIVE (4096) on thread 0xac05a000
09-19 18:19:31.695  5925  5925 D A2dpMediaBrowserService: msgTrack: playback: null mmd: android.media.MediaMetadata@23a76f0
09-19 18:19:31.695  1716  6391 E APM_AudioPolicyManager: checkAndSetVolume stream 9,index 0,device 1024
09-19 18:19:31.695  1716  6391 E APM_AudioPolicyManager: device 1024, popcount(device)1
09-19 18:19:31.695  1716  6391 V APM::AudioOutputDescriptor: setVolume() for stream 9, volume -90.631577, delay 0
09-19 18:19:31.695  1716  6391 E APM::AudioOutputDescriptor: changed 1
09-19 18:19:31.695  1716  2004 E AudioFlinger: mAudioHwDevs.size() is 6
09-19 18:19:31.695  1716  2049 V AudioFlinger: thread 0xac318680 type 0 TID 2049 waking up
09-19 18:19:31.695  1716  2004 D AudioFlinger: setStreamVolume by set_master_volume
09-19 18:19:31.695  1716  2004 D AudioFlinger: setStreamVolume by set_master_volume
09-19 18:19:31.695  1716  2004 D AudioFlinger: setStreamVolume by set_master_volume
09-19 18:19:31.695  1716  2004 D AudioFlinger: setStreamVolume by set_master_volume
09-19 18:19:31.695  1716  2004 D AudioFlinger: setStreamVolume by set_master_volume
09-19 18:19:31.695  1716  2049 V AudioFlinger: acquireWakeLock_l() AudioOut_D status 0
09-19 18:19:31.695  1716  2004 D AudioFlinger: setStreamVolume by set_master_volume
09-19 18:19:31.695  1716  2049 V AudioFlinger: updateWakeLockUids_l() AudioOut_D status 0
09-19 18:19:31.696  1716  6391 V APM::AudioOutputDescriptor: changeRefCount() stream 3, count 1
09-19 18:19:31.696  1716  6391 V APM::AudioPolicyEngine: getDeviceForStrategy() strategy 0, device 400
09-19 18:19:31.696  1716  6391 V APM::AudioPolicyEngine: getDeviceForStrategy() strategy 0, device 400
09-19 18:19:31.696  1716  6391 V APM::AudioPolicyEngine: getDeviceForStrategy() strategy 1, device 400
09-19 18:19:31.696  1716  6391 V APM::AudioPolicyEngine: getDeviceForStrategy() strategy 2, device 2
09-19 18:19:31.696  1716  6391 V APM::AudioPolicyEngine: getDeviceForStrategy() strategy 0, device 400
09-19 18:19:31.696  1716  6391 V APM::AudioPolicyEngine: getDeviceForStrategy() strategy 3, device 400
09-19 18:19:31.696  1716  6391 V APM::AudioPolicyEngine: getDeviceForStrategy() strategy 0, device 400
09-19 18:19:31.696  1716  6391 V APM::AudioPolicyEngine: getDeviceForStrategy() strategy 4, device 400
09-19 18:19:31.696  1716  6391 V APM::AudioPolicyEngine: getDeviceForStrategy() strategy 5, device 400
09-19 18:19:31.696  1716  6391 V APM::AudioPolicyEngine: getDeviceForStrategy() strategy 6, device 2
09-19 18:19:31.696  1716  6391 V APM::AudioPolicyEngine: getDeviceForStrategy() strategy 7, device 400
09-19 18:19:31.696  1716  6391 V APM::AudioPolicyEngine: getDeviceForStrategy() strategy 8, device 400
09-19 18:19:31.697  1716  2004 V AudioFlinger: ThreadBase::setParameters() routing=1024
09-19 18:19:31.697  1716  2004 V AudioFlinger: sendConfigEvent_l() num events 1 event 2
09-19 18:19:31.699  5925  5925 D A2dpMediaBrowserService: prevPS PlaybackState {state=3, position=255, buffered position=0, speed=1.0, updated=285210, actions=54, custom actions=[], active item id=-1, error=null}
09-19 18:19:31.700  5925  5925 D A2dpMediaBrowserService: prev MM title NOT_SUPPORTED track len 255
09-19 18:19:31.700  5925  5925 D A2dpMediaBrowserService: msgTrack() mmd Loving Strangers (Live), 田馥甄, To My Love 影音馆
09-19 18:19:31.722  1716  4262 V AudioFlinger: processConfigEvents_l() remaining events 1
09-19 18:19:31.723  1716  4262 V AudioFlinger: processConfigEvents_l() DONE thread 0xabd03f00
09-19 18:19:31.723  1716  2004 V AudioFlinger: sendConfigEvent_l() num events 1 event 3
09-19 18:19:31.723  1716  2049 V AudioFlinger: processConfigEvents_l() remaining events 1
09-19 18:19:31.723  1716  2049 D audio_hal: out_set_parameters kvpairs = routing=1024
09-19 18:19:31.723  1716  2049 D audio_hal: func:out_set_parameters, 1024 ---> HISI_AO_CARD_ID(0, 0) 
09-19 18:19:31.723  1716  2049 V AudioFlinger: processConfigEvents_l() DONE thread 0xac318680
