09-19 17:56:37.151 E/APM_AudioPolicyManager( 1721): is outpt stream1 5, curStream 10
09-19 17:56:37.151 E/APM_AudioPolicyManager( 1721): is outpt stream1 5, curStream 11
09-19 17:56:37.151 E/APM_AudioPolicyManager( 1721): mOutputs.size() 1
09-19 17:56:37.151 E/APM_AudioPolicyManager( 1721): device 1024, popcount(device)1
09-19 17:56:37.151 E/APM_AudioPolicyManager( 1721): is outpt stream1 4, curStream 0
09-19 17:56:37.151 E/APM_AudioPolicyManager( 1721): is outpt stream1 4, curStream 1
09-19 17:56:37.152 E/APM_AudioPolicyManager( 1721): is outpt stream1 4, curStream 2
09-19 17:56:37.152 E/APM_AudioPolicyManager( 1721): is outpt stream1 4, curStream 3
09-19 17:56:37.152 E/APM_AudioPolicyManager( 1721): get curStream 4, curDevice 1024
09-19 17:56:37.152 E/APM_AudioPolicyManager( 1721): 5 outpt stream1 4, curStream 4
09-19 17:56:37.152 E/APM_AudioPolicyManager( 1721): is outpt stream1 4, curStream 5
09-19 17:56:37.152 E/APM_AudioPolicyManager( 1721): is outpt stream1 4, curStream 6
09-19 17:56:37.152 E/APM_AudioPolicyManager( 1721): is outpt stream1 4, curStream 7
09-19 17:56:37.152 E/APM_AudioPolicyManager( 1721): is outpt stream1 4, curStream 8
09-19 17:56:37.152 E/APM_AudioPolicyManager( 1721): is outpt stream1 4, curStream 9
09-19 17:56:37.152 E/APM_AudioPolicyManager( 1721): is outpt stream1 4, curStream 10
09-19 17:56:37.152 E/APM_AudioPolicyManager( 1721): is outpt stream1 4, curStream 11
09-19 17:56:37.152 E/APM_AudioPolicyManager( 1721): mOutputs.size() 1
09-19 17:56:37.152 E/APM_AudioPolicyManager( 1721): device 1024, popcount(device)1
09-19 17:56:37.152 E/APM_AudioPolicyManager( 1721): is outpt stream1 2, curStream 0
09-19 17:56:37.152 E/APM_AudioPolicyManager( 1721): is outpt stream1 2, curStream 1
09-19 17:56:37.152 E/APM_AudioPolicyManager( 1721): get curStream 2, curDevice 1024
09-19 17:56:37.152 E/APM_AudioPolicyManager( 1721): 5 outpt stream1 2, curStream 2
09-19 17:56:37.152 E/APM_AudioPolicyManager( 1721): is outpt stream1 2, curStream 3
09-19 17:56:37.152 E/APM_AudioPolicyManager( 1721): is outpt stream1 2, curStream 4
09-19 17:56:37.152 E/APM_AudioPolicyManager( 1721): is outpt stream1 2, curStream 5
09-19 17:56:37.152 E/APM_AudioPolicyManager( 1721): is outpt stream1 2, curStream 6
09-19 17:56:37.152 E/APM_AudioPolicyManager( 1721): is outpt stream1 2, curStream 7
09-19 17:56:37.152 E/APM_AudioPolicyManager( 1721): is outpt stream1 2, curStream 8
09-19 17:56:37.152 E/APM_AudioPolicyManager( 1721): is outpt stream1 2, curStream 9
09-19 17:56:37.152 E/APM_AudioPolicyManager( 1721): is outpt stream1 2, curStream 10
09-19 17:56:37.152 E/APM_AudioPolicyManager( 1721): is outpt stream1 2, curStream 11
09-19 17:56:37.152 E/APM_AudioPolicyManager( 1721): mOutputs.size() 1
09-19 17:56:37.152 E/APM_AudioPolicyManager( 1721): device 1024, popcount(device)1
09-19 17:56:37.152 E/APM_AudioPolicyManager( 1721): is outpt stream1 1, curStream 0
09-19 17:56:37.152 E/APM_AudioPolicyManager( 1721): get curStream 1, curDevice 1024
09-19 17:56:37.152 E/APM_AudioPolicyManager( 1721): 5 outpt stream1 1, curStream 1
09-19 17:56:37.152 E/APM_AudioPolicyManager( 1721): is outpt stream1 1, curStream 2
09-19 17:56:37.152 E/APM_AudioPolicyManager( 1721): is outpt stream1 1, curStream 3
09-19 17:56:37.152 E/APM_AudioPolicyManager( 1721): is outpt stream1 1, curStream 4
09-19 17:56:37.152 E/APM_AudioPolicyManager( 1721): is outpt stream1 1, curStream 5
09-19 17:56:37.152 E/APM_AudioPolicyManager( 1721): is outpt stream1 1, curStream 6
09-19 17:56:37.152 E/APM_AudioPolicyManager( 1721): is outpt stream1 1, curStream 7
09-19 17:56:37.152 E/APM_AudioPolicyManager( 1721): is outpt stream1 1, curStream 8
09-19 17:56:37.152 E/APM_AudioPolicyManager( 1721): is outpt stream1 1, curStream 9
09-19 17:56:37.153 E/APM_AudioPolicyManager( 1721): is outpt stream1 1, curStream 10
09-19 17:56:37.153 E/APM_AudioPolicyManager( 1721): is outpt stream1 1, curStream 11
09-19 17:56:37.153 E/APM_AudioPolicyManager( 1721): mOutputs.size() 1
09-19 17:56:37.153 E/APM_AudioPolicyManager( 1721): device 1024, popcount(device)1
09-19 17:56:37.153 E/APM_AudioPolicyManager( 1721): get curStream 0, curDevice 1024
09-19 17:56:37.153 E/APM_AudioPolicyManager( 1721): 5 outpt stream1 0, curStream 0
09-19 17:56:37.153 E/APM_AudioPolicyManager( 1721): is outpt stream1 0, curStream 1
09-19 17:56:37.153 E/APM_AudioPolicyManager( 1721): is outpt stream1 0, curStream 2
09-19 17:56:37.153 E/APM_AudioPolicyManager( 1721): is outpt stream1 0, curStream 3
09-19 17:56:37.153 E/APM_AudioPolicyManager( 1721): is outpt stream1 0, curStream 4
09-19 17:56:37.153 E/APM_AudioPolicyManager( 1721): is outpt stream1 0, curStream 5
09-19 17:56:37.153 E/APM_AudioPolicyManager( 1721): is outpt stream1 0, curStream 6
09-19 17:56:37.153 E/APM_AudioPolicyManager( 1721): is outpt stream1 0, curStream 7
09-19 17:56:37.153 E/APM_AudioPolicyManager( 1721): is outpt stream1 0, curStream 8
09-19 17:56:37.153 E/APM_AudioPolicyManager( 1721): is outpt stream1 0, curStream 9
09-19 17:56:37.153 E/APM_AudioPolicyManager( 1721): is outpt stream1 0, curStream 10
09-19 17:56:37.153 E/APM_AudioPolicyManager( 1721): is outpt stream1 0, curStream 11
09-19 17:56:37.158 D/RemoteIME( 2718): keycode: 24, realAction: true
09-19 17:56:37.159 D/AudioService( 2080): adjustSuggestedStreamVolume() stream=-2147483648, flags=4116, caller=MediaSessionService
09-19 17:56:37.159 D/AudioService( 2080): adjustStreamVolume() stream=3, dir=0, flags=4112, caller=MediaSessionService
09-19 17:56:38.236 I/turen   ( 3214): [R2][00:03:22.624] [core/R2VbvCtc.cpp    379] ☘   [jihuoci] start lines
09-19 17:56:38.561 I/SPProvider( 3743): call uriPrefix: content://com.ktcp.tvvideo.REMOTE_SHARED_PREFERENCE, method: get
09-19 17:56:38.669 I/vol.Events( 2761): writeEvent dismiss_dialog timeout
09-19 17:56:38.670 D/AudioService( 2080): Volume controller visible: false
09-19 17:56:38.670 I/vol.Events( 2761): writeEvent active_stream_changed UNKNOWN_STREAM_-1
09-19 17:56:39.017 I/turen   ( 3214): [R2][00:03:23.392] [R2AsrParser.cpp       66] ☘   (ID-0) lao hua , 
09-19 17:56:39.018 I/WindowManager( 2080): Destroying surface Surface(name=SurfaceView - VolumeDialog) called by com.android.server.wm.WindowStateAnimator.destroyDeferredSurfaceLocked:910 com.android.server.wm.WindowManagerService.performDeferredDestroyWindow:3118 com.android.server.wm.Session.performDeferredDestroy:225 android.view.IWindowSession$Stub.onTransact:398 com.android.server.wm.Session.onTransact:136 android.os.Binder.execTransact:565 <bottom of call stack> <bottom of call stack> 
09-19 17:56:39.029 I/WindowManager( 2080): Destroying surface Surface(name=VolumeDialog) called by com.android.server.wm.WindowStateAnimator.destroySurface:2014 com.android.server.wm.WindowStateAnimator.destroySurfaceLocked:881 com.android.server.wm.WindowState.removeLocked:1449 com.android.server.wm.WindowManagerService.removeWindowInnerLocked:2482 com.android.server.wm.WindowManagerService.removeWindowLocked:2440 com.android.server.wm.WindowManagerService.removeWindowLocked:2309 com.android.server.wm.WindowManagerService.removeWindow:2304 com.android.server.wm.Session.remove:193 
09-19 17:56:39.130 D/WifiHW  ( 2080): wifi command = IFNAME=wlan0 BSS RANGE=0- MASK=0x29d87
09-19 17:56:39.136 D/WifiHW  ( 2080): wifi command = IFNAME=wlan0 BSS RANGE=0- MASK=0x29d87
09-19 17:56:39.142 D/WifiHW  ( 2080): wifi command = IFNAME=wlan0 BSS RANGE=13- MASK=0x29d87
09-19 17:56:39.143 I/BluetoothAvrcpControllerJni( 2702): btavrcp_play_position_changed_callback
09-19 17:56:39.143 D/AvrcpControllerService( 2702): onPlayPositionChanged 
09-19 17:56:39.145 D/AvrcpControllerService( 2702):  HandleMessage: CB_PLAY_POS_CHANGED Remote Connected true
09-19 17:56:39.145 D/A2dpSinkService( 2702): getA2dpSinkService(): returning com.android.bluetooth.a2dpsink.A2dpSinkService@8e0889a
09-19 17:56:39.145 D/AvrcpControllerService( 2702):  broadcastPlayBackStateChanged = PlaybackState {state=3, position=38341, buffered position=0, speed=1.0, updated=227549, actions=0, custom actions=[], active item id=-1, error=null}
09-19 17:56:39.147 E/ActivityManager( 2080): Sending non-protected broadcast android.bluetooth.avrcp-controller.profile.action.TRACK_EVENT from system 2702:com.android.bluetooth/1002 pkg com.android.bluetooth
09-19 17:56:39.147 E/ActivityManager( 2080): java.lang.Throwable
09-19 17:56:39.147 E/ActivityManager( 2080):    at com.android.server.am.ActivityManagerService.broadcastIntentLocked(ActivityManagerService.java:17989)
09-19 17:56:39.147 E/ActivityManager( 2080):    at com.android.server.am.ActivityManagerService.broadcastIntent(ActivityManagerService.java:18555)
09-19 17:56:39.147 E/ActivityManager( 2080):    at android.app.ActivityManagerNative.onTransact(ActivityManagerNative.java:499)
09-19 17:56:39.147 E/ActivityManager( 2080):    at com.android.server.am.ActivityManagerService.onTransact(ActivityManagerService.java:2861)
09-19 17:56:39.147 E/ActivityManager( 2080):    at android.os.Binder.execTransact(Binder.java:565)
09-19 17:56:39.150 D/A2dpMediaBrowserService( 2702): onReceive intent=Intent { act=android.bluetooth.avrcp-controller.profile.action.TRACK_EVENT flg=0x10 (has extras) }
09-19 17:56:39.151 D/A2dpMediaBrowserService( 2702): msgTrack: playback: PlaybackState {state=3, position=38341, buffered position=0, speed=1.0, updated=227549, actions=0, custom actions=[], active item id=-1, error=null} mmd: null
09-19 17:56:39.152 D/A2dpMediaBrowserService( 2702): prevPS PlaybackState {state=3, position=38359, buffered position=0, speed=1.0, updated=227555, actions=54, custom actions=[], active item id=-1, error=null}
09-19 17:56:39.152 D/A2dpMediaBrowserService( 2702): prev MM title 抚仙湖 track len 280387
09-19 17:56:39.152 D/A2dpMediaBrowserService( 2702): msgTrack() playbackstate PlaybackState {state=3, position=38341, buffered position=0, speed=1.0, updated=227549, actions=0, custom actions=[], active item id=-1, error=null}
09-19 17:56:39.155 D/WifiHW  ( 2080): wifi command = IFNAME=wlan0 BSS RANGE=13- MASK=0x29d87
09-19 17:56:39.161 D/WifiHW  ( 2080): wifi command = IFNAME=wlan0 BSS RANGE=42- MASK=0x29d87
09-19 17:56:39.166 D/WifiHW  ( 2080): wifi command = IFNAME=wlan0 BSS RANGE=42- MASK=0x29d87
09-19 17:56:39.173 D/WifiHW  ( 2080): wifi command = IFNAME=wlan0 BSS RANGE=67- MASK=0x29d87
09-19 17:56:39.180 D/WifiHW  ( 2080): wifi command = IFNAME=wlan0 BSS RANGE=67- MASK=0x29d87
09-19 17:56:39.185 D/WifiHW  ( 2080): wifi command = IFNAME=wlan0 BSS RANGE=81- MASK=0x29d87
09-19 17:56:39.192 D/WifiHW  ( 2080): wifi command = IFNAME=wlan0 BSS RANGE=98- MASK=0x29d87
09-19 17:56:39.196 D/WifiHW  ( 2080): wifi command = IFNAME=wlan0 BSS RANGE=81- MASK=0x29d87
09-19 17:56:39.201 D/WifiHW  ( 2080): wifi command = IFNAME=wlan0 BSS RANGE=105- MASK=0x29d87
09-19 17:56:39.206 D/WifiHW  ( 2080): wifi command = IFNAME=wlan0 BSS RANGE=107- MASK=0x29d87
09-19 17:56:39.210 D/WifiHW  ( 2080): wifi command = IFNAME=wlan0 BSS RANGE=98- MASK=0x29d87
09-19 17:56:39.212 D/HiRMService( 3200): mNetReceiver onReceive --android.net.wifi.STATE_CHANGE
09-19 17:56:39.224 D/WifiHW  ( 2080): wifi command = IFNAME=wlan0 BSS RANGE=105- MASK=0x29d87
09-19 17:56:39.226 D/WifiHW  ( 2080): wifi command = IFNAME=wlan0 BSS RANGE=107- MASK=0x29d87
09-19 17:56:39.279 I/turen   ( 3214): [R2][00:03:23.520] [R2AsrParser.cpp       66] ☘   (ID-0) lao hua cao , 
09-19 17:56:39.286 I/turen   ( 3214): [R2][00:03:23.520] [R2AsrParser.cpp       66] ☘   (ID-0) lao hua cao , 
09-19 17:56:39.287 I/turen   ( 3214): [R2][00:03:23.520] [core/R2VbvCtc.cpp    439] ☘   [jihuoci] stop lines
09-19 17:56:40.426 I/turen   ( 3214): [R2][00:03:24.800] [core/R2VbvCtc.cpp    228] vbv total time cost: 27737
09-19 17:56:40.426 I/turen   ( 3214): [R2][00:03:24.800] [core/R2VbvCtc.cpp    230] bf12 time cost: 16107
09-19 17:56:40.426 I/turen   ( 3214): [R2][00:03:24.800] [core/R2VbvCtc.cpp    232] big code block time cost: 11608
09-19 17:56:40.426 I/turen   ( 3214): [R2][00:03:24.800] [core/R2VbvCtc.cpp    235] *1* putvoiceToLines time cost: 166982
09-19 17:56:40.427 I/turen   ( 3214): [R2][00:03:24.800] [core/R2VbvCtc.cpp    239] *2* putvoiceToLines time cost: 18771
09-19 17:56:40.427 I/turen   ( 3214): [R2][00:03:24.800] [core/R2VbvCtc.cpp    243] *3* putvoiceToLines time cost: 18302
09-19 17:56:40.427 I/turen   ( 3214): [R2][00:03:24.800] [core/R2ad2VBF.cpp    205] R2ad2VBF big code block time cost: 12
09-19 17:56:41.141 I/BluetoothAvrcpControllerJni( 2702): btavrcp_play_position_changed_callback
09-19 17:56:41.142 D/AvrcpControllerService( 2702): onPlayPositionChanged 
09-19 17:56:41.143 D/AvrcpControllerService( 2702):  HandleMessage: CB_PLAY_POS_CHANGED Remote Connected true
09-19 17:56:41.143 D/A2dpSinkService( 2702): getA2dpSinkService(): returning com.android.bluetooth.a2dpsink.A2dpSinkService@8e0889a
09-19 17:56:41.143 D/AvrcpControllerService( 2702):  broadcastPlayBackStateChanged = PlaybackState {state=3, position=40356, buffered position=0, speed=1.0, updated=229547, actions=0, custom actions=[], active item id=-1, error=null}
09-19 17:56:41.146 E/ActivityManager( 2080): Sending non-protected broadcast android.bluetooth.avrcp-controller.profile.action.TRACK_EVENT from system 2702:com.android.bluetooth/1002 pkg com.android.bluetooth
09-19 17:56:41.146 E/ActivityManager( 2080): java.lang.Throwable
09-19 17:56:41.146 E/ActivityManager( 2080):    at com.android.server.am.ActivityManagerService.broadcastIntentLocked(ActivityManagerService.java:17989)
09-19 17:56:41.146 E/ActivityManager( 2080):    at com.android.server.am.ActivityManagerService.broadcastIntent(ActivityManagerService.java:18555)
09-19 17:56:41.146 E/ActivityManager( 2080):    at android.app.ActivityManagerNative.onTransact(ActivityManagerNative.java:499)
09-19 17:56:41.146 E/ActivityManager( 2080):    at com.android.server.am.ActivityManagerService.onTransact(ActivityManagerService.java:2861)
09-19 17:56:41.146 E/ActivityManager( 2080):    at android.os.Binder.execTransact(Binder.java:565)
09-19 17:56:41.148 D/A2dpMediaBrowserService( 2702): onReceive intent=Intent { act=android.bluetooth.avrcp-controller.profile.action.TRACK_EVENT flg=0x10 (has extras) }
09-19 17:56:41.149 D/A2dpMediaBrowserService( 2702): msgTrack: playback: PlaybackState {state=3, position=40356, buffered position=0, speed=1.0, updated=229547, actions=0, custom actions=[], active item id=-1, error=null} mmd: null
09-19 17:56:41.150 D/A2dpMediaBrowserService( 2702): prevPS PlaybackState {state=3, position=40345, buffered position=0, speed=1.0, updated=229553, actions=54, custom actions=[], active item id=-1, error=null}
09-19 17:56:41.150 D/A2dpMediaBrowserService( 2702): prev MM title 抚仙湖 track len 280387
09-19 17:56:41.151 D/A2dpMediaBrowserService( 2702): msgTrack() playbackstate PlaybackState {state=3, position=40356, buffered position=0, speed=1.0, updated=229547, actions=0, custom actions=[], active item id=-1, error=null}
09-19 17:56:43.137 I/BluetoothAvrcpControllerJni( 2702): btavrcp_play_position_changed_callback
09-19 17:56:43.137 D/AvrcpControllerService( 2702): onPlayPositionChanged 
09-19 17:56:43.139 D/AvrcpControllerService( 2702):  HandleMessage: CB_PLAY_POS_CHANGED Remote Connected true
09-19 17:56:43.139 D/A2dpSinkService( 2702): getA2dpSinkService(): returning com.android.bluetooth.a2dpsink.A2dpSinkService@8e0889a
09-19 17:56:43.140 D/AvrcpControllerService( 2702):  broadcastPlayBackStateChanged = PlaybackState {state=3, position=42351, buffered position=0, speed=1.0, updated=231544, actions=0, custom actions=[], active item id=-1, error=null}
09-19 17:56:43.142 E/ActivityManager( 2080): Sending non-protected broadcast android.bluetooth.avrcp-controller.profile.action.TRACK_EVENT from system 2702:com.android.bluetooth/1002 pkg com.android.bluetooth
09-19 17:56:43.142 E/ActivityManager( 2080): java.lang.Throwable
09-19 17:56:43.142 E/ActivityManager( 2080):    at com.android.server.am.ActivityManagerService.broadcastIntentLocked(ActivityManagerService.java:17989)
09-19 17:56:43.142 E/ActivityManager( 2080):    at com.android.server.am.ActivityManagerService.broadcastIntent(ActivityManagerService.java:18555)
09-19 17:56:43.142 E/ActivityManager( 2080):    at android.app.ActivityManagerNative.onTransact(ActivityManagerNative.java:499)
09-19 17:56:43.142 E/ActivityManager( 2080):    at com.android.server.am.ActivityManagerService.onTransact(ActivityManagerService.java:2861)
09-19 17:56:43.142 E/ActivityManager( 2080):    at android.os.Binder.execTransact(Binder.java:565)
09-19 17:56:43.145 D/A2dpMediaBrowserService( 2702): onReceive intent=Intent { act=android.bluetooth.avrcp-controller.profile.action.TRACK_EVENT flg=0x10 (has extras) }
09-19 17:56:43.146 D/A2dpMediaBrowserService( 2702): msgTrack: playback: PlaybackState {state=3, position=42351, buffered position=0, speed=1.0, updated=231544, actions=0, custom actions=[], active item id=-1, error=null} mmd: null
09-19 17:56:43.147 D/A2dpMediaBrowserService( 2702): prevPS PlaybackState {state=3, position=42359, buffered position=0, speed=1.0, updated=231550, actions=54, custom actions=[], active item id=-1, error=null}
09-19 17:56:43.147 D/A2dpMediaBrowserService( 2702): prev MM title 抚仙湖 track len 280387
09-19 17:56:43.147 D/A2dpMediaBrowserService( 2702): msgTrack() playbackstate PlaybackState {state=3, position=42351, buffered position=0, speed=1.0, updated=231544, actions=0, custom actions=[], active item id=-1, error=null}
09-19 17:56:43.582 I/SPProvider( 3743): call uriPrefix: content://com.ktcp.tvvideo.REMOTE_SHARED_PREFERENCE, method: get
09-19 17:56:45.160 I/BluetoothAvrcpControllerJni( 2702): btavrcp_play_position_changed_callback
09-19 17:56:45.160 D/AvrcpControllerService( 2702): onPlayPositionChanged 
09-19 17:56:45.161 D/AvrcpControllerService( 2702):  HandleMessage: CB_PLAY_POS_CHANGED Remote Connected true
09-19 17:56:45.161 D/A2dpSinkService( 2702): getA2dpSinkService(): returning com.android.bluetooth.a2dpsink.A2dpSinkService@8e0889a
09-19 17:56:45.162 D/AvrcpControllerService( 2702):  broadcastPlayBackStateChanged = PlaybackState {state=3, position=44358, buffered position=0, speed=1.0, updated=233565, actions=0, custom actions=[], active item id=-1, error=null}
09-19 17:56:45.165 E/ActivityManager( 2080): Sending non-protected broadcast android.bluetooth.avrcp-controller.profile.action.TRACK_EVENT from system 2702:com.android.bluetooth/1002 pkg com.android.bluetooth
09-19 17:56:45.165 E/ActivityManager( 2080): java.lang.Throwable
09-19 17:56:45.165 E/ActivityManager( 2080):    at com.android.server.am.ActivityManagerService.broadcastIntentLocked(ActivityManagerService.java:17989)
09-19 17:56:45.165 E/ActivityManager( 2080):    at com.android.server.am.ActivityManagerService.broadcastIntent(ActivityManagerService.java:18555)
09-19 17:56:45.165 E/ActivityManager( 2080):    at android.app.ActivityManagerNative.onTransact(ActivityManagerNative.java:499)
09-19 17:56:45.165 E/ActivityManager( 2080):    at com.android.server.am.ActivityManagerService.onTransact(ActivityManagerService.java:2861)
09-19 17:56:45.165 E/ActivityManager( 2080):    at android.os.Binder.execTransact(Binder.java:565)
09-19 17:56:45.173 D/A2dpMediaBrowserService( 2702): onReceive intent=Intent { act=android.bluetooth.avrcp-controller.profile.action.TRACK_EVENT flg=0x10 (has extras) }
09-19 17:56:45.173 D/A2dpMediaBrowserService( 2702): msgTrack: playback: PlaybackState {state=3, position=44358, buffered position=0, speed=1.0, updated=233565, actions=0, custom actions=[], active item id=-1, error=null} mmd: null
09-19 17:56:45.175 D/A2dpMediaBrowserService( 2702): prevPS PlaybackState {state=3, position=44384, buffered position=0, speed=1.0, updated=233577, actions=54, custom actions=[], active item id=-1, error=null}
09-19 17:56:45.175 D/A2dpMediaBrowserService( 2702): prev MM title 抚仙湖 track len 280387
09-19 17:56:45.175 D/A2dpMediaBrowserService( 2702): msgTrack() playbackstate PlaybackState {state=3, position=44358, buffered position=0, speed=1.0, updated=233565, actions=0, custom actions=[], active item id=-1, error=null}
09-19 17:56:45.438 I/BluetoothAvrcpControllerJni( 2702): btavrcp_track_changed_callback
09-19 17:56:45.439 D/AvrcpControllerService( 2702): onTrackChanged 
09-19 17:56:45.443 D/AvrcpControllerService( 2702):  HandleMessage: CB_TRACK_CHANGED Remote Connected true
09-19 17:56:45.443 D/A2dpSinkService( 2702): getA2dpSinkService(): returning com.android.bluetooth.a2dpsink.A2dpSinkService@8e0889a
09-19 17:56:45.443 D/AvrcpUtils( 2702):  TrackInfo Metadata [artist=中孝介 (あたり こうすけ) trackTitle= 各自远扬 (それぞれに) albumTitle= 海角七号 (爱恋情书音乐专辑) genre=  trackNum= 15 track_len : 213000 TotalTracks 49]
09-19 17:56:45.444 D/AvrcpControllerService( 2702):  broadcastMetaDataChanged = 各自远扬 (それぞれに), 中孝介 (あたり こうすけ), 海角七号 (爱恋情书音乐专辑)  0.0 15 49 213000 213000 
09-19 17:56:45.446 E/ActivityManager( 2080): Sending non-protected broadcast android.bluetooth.avrcp-controller.profile.action.TRACK_EVENT from system 2702:com.android.bluetooth/1002 pkg com.android.bluetooth
09-19 17:56:45.446 E/ActivityManager( 2080): java.lang.Throwable
09-19 17:56:45.446 E/ActivityManager( 2080):    at com.android.server.am.ActivityManagerService.broadcastIntentLocked(ActivityManagerService.java:17989)
09-19 17:56:45.446 E/ActivityManager( 2080):    at com.android.server.am.ActivityManagerService.broadcastIntent(ActivityManagerService.java:18555)
09-19 17:56:45.446 E/ActivityManager( 2080):    at android.app.ActivityManagerNative.onTransact(ActivityManagerNative.java:499)
09-19 17:56:45.446 E/ActivityManager( 2080):    at com.android.server.am.ActivityManagerService.onTransact(ActivityManagerService.java:2861)
09-19 17:56:45.446 E/ActivityManager( 2080):    at android.os.Binder.execTransact(Binder.java:565)
09-19 17:56:45.455 D/A2dpMediaBrowserService( 2702): onReceive intent=Intent { act=android.bluetooth.avrcp-controller.profile.action.TRACK_EVENT flg=0x10 (has extras) }
09-19 17:56:45.455 D/A2dpMediaBrowserService( 2702): msgTrack: playback: null mmd: android.media.MediaMetadata@6e8121c
09-19 17:56:45.456 D/A2dpMediaBrowserService( 2702): prevPS PlaybackState {state=3, position=44652, buffered position=0, speed=1.0, updated=233859, actions=54, custom actions=[], active item id=-1, error=null}
09-19 17:56:45.457 D/A2dpMediaBrowserService( 2702): prev MM title 抚仙湖 track len 280387
09-19 17:56:45.457 D/A2dpMediaBrowserService( 2702): msgTrack() mmd 各自远扬 (それぞれに), 中孝介 (あたり こうすけ), 海角七号 (爱恋情书音乐专辑)
09-19 17:56:45.861 I/XiaoWeiSDK_JNI( 3214): on_request_callback voiceId = FKXWDPBIIHJOXIPNLEZCLLZFGFBBYQKI,event = 1,rspData=(null),extent_info=(null)
09-19 17:56:45.874 I/XiaoWeiSDK_JNI( 3214): on_request_callback voiceId = FKXWDPBIIHJOXIPNLEZCLLZFGFBBYQKI,event = 4,rspData=(null),extent_info={"event":"RecognizeBegin","voiceid":"FKXWDPBIIHJOXIPNLEZCLLZFGFBBYQKI"
09-19 17:56:45.994 I/BluetoothAvrcpControllerJni( 2702): btavrcp_track_changed_callback
09-19 17:56:45.998 D/AvrcpControllerService( 2702): onTrackChanged 
09-19 17:56:46.001 D/AvrcpControllerService( 2702):  HandleMessage: CB_TRACK_CHANGED Remote Connected true
09-19 17:56:46.001 D/A2dpSinkService( 2702): getA2dpSinkService(): returning com.android.bluetooth.a2dpsink.A2dpSinkService@8e0889a
09-19 17:56:46.002 D/AvrcpUtils( 2702):  TrackInfo Metadata [artist=中孝介 (あたり こうすけ) trackTitle= 各自远扬 (それぞれに) albumTitle= 海角七号 (爱恋情书音乐专辑) genre=  trackNum= 15 track_len : 214158 TotalTracks 49]
09-19 17:56:46.003 D/AvrcpControllerService( 2702):  broadcastMetaDataChanged = 各自远扬 (それぞれに), 中孝介 (あたり こうすけ), 海角七号 (爱恋情书音乐专辑)  0.0 15 49 214158 214158 
09-19 17:56:46.005 E/ActivityManager( 2080): Sending non-protected broadcast android.bluetooth.avrcp-controller.profile.action.TRACK_EVENT from system 2702:com.android.bluetooth/1002 pkg com.android.bluetooth
09-19 17:56:46.005 E/ActivityManager( 2080): java.lang.Throwable
09-19 17:56:46.005 E/ActivityManager( 2080):    at com.android.server.am.ActivityManagerService.broadcastIntentLocked(ActivityManagerService.java:17989)
09-19 17:56:46.005 E/ActivityManager( 2080):    at com.android.server.am.ActivityManagerService.broadcastIntent(ActivityManagerService.java:18555)
09-19 17:56:46.005 E/ActivityManager( 2080):    at android.app.ActivityManagerNative.onTransact(ActivityManagerNative.java:499)
09-19 17:56:46.005 E/ActivityManager( 2080):    at com.android.server.am.ActivityManagerService.onTransact(ActivityManagerService.java:2861)
09-19 17:56:46.005 E/ActivityManager( 2080):    at android.os.Binder.execTransact(Binder.java:565)
09-19 17:56:46.012 D/A2dpMediaBrowserService( 2702): onReceive intent=Intent { act=android.bluetooth.avrcp-controller.profile.action.TRACK_EVENT flg=0x10 (has extras) }
09-19 17:56:46.013 D/A2dpMediaBrowserService( 2702): msgTrack: playback: null mmd: android.media.MediaMetadata@3fc6e25
09-19 17:56:46.015 D/A2dpMediaBrowserService( 2702): prevPS PlaybackState {state=3, position=45210, buffered position=0, speed=1.0, updated=234417, actions=54, custom actions=[], active item id=-1, error=null}
09-19 17:56:46.015 D/A2dpMediaBrowserService( 2702): prev MM title 各自远扬 (それぞれに) track len 213000
09-19 17:56:46.015 D/A2dpMediaBrowserService( 2702): msgTrack() mmd 各自远扬 (それぞれに), 中孝介 (あたり こうすけ), 海角七号 (爱恋情书音乐专辑)
09-19 17:56:46.238 I/XiaoWeiSDK_JNI( 3214): on_request_callback voiceId = FKXWDPBIIHJOXIPNLEZCLLZFGFBBYQKI,event = 2,rspData=(null),extent_info=(null)
09-19 17:56:46.741 D/WifiHW  ( 2080): wifi command = IFNAME=wlan0 SCAN TYPE=ONLY
09-19 17:56:46.747 D/HiRMService( 3200): mNetReceiver onReceive --android.net.wifi.STATE_CHANGE
09-19 17:56:46.970 I/XiaoWeiSDK_JNI( 3214): on_request_callback voiceId = FKXWDPBIIHJOXIPNLEZCLLZFGFBBYQKI,event = 4,rspData=(null),extent_info={"event":"RecognizeEnd","voiceid":"FKXWDPBIIHJOXIPNLEZCLLZFGFBBYQKI"
09-19 17:56:46.971 I/XiaoWeiSDK_JNI( 3214): on_request_callback voiceId = FKXWDPBIIHJOXIPNLEZCLLZFGFBBYQKI,event = 3,rspData=(null),extent_info=(null)
09-19 17:56:46.979 I/XiaoWeiSDK_JNI( 3214): on_request_callback voiceId = FKXWDPBIIHJOXIPNLEZCLLZFGFBBYQKI,event = 5,rspData=,extent_info=(null)
09-19 17:56:46.986 I/XiaoWeiSDK_JNI( 3214): on_request_callback voiceId = FKXWDPBIIHJOXIPNLEZCLLZFGFBBYQKI,event = 0,rspData=(null),extent_info=(null)
09-19 17:56:47.141 I/BluetoothAvrcpControllerJni( 2702): btavrcp_play_position_changed_callback
09-19 17:56:47.141 D/AvrcpControllerService( 2702): onPlayPositionChanged 
09-19 17:56:47.142 D/AvrcpControllerService( 2702):  HandleMessage: CB_PLAY_POS_CHANGED Remote Connected true
09-19 17:56:47.142 D/A2dpSinkService( 2702): getA2dpSinkService(): returning com.android.bluetooth.a2dpsink.A2dpSinkService@8e0889a
09-19 17:56:47.143 D/AvrcpControllerService( 2702):  broadcastPlayBackStateChanged = PlaybackState {state=3, position=1236, buffered position=0, speed=1.0, updated=235546, actions=0, custom actions=[], active item id=-1, error=null}
09-19 17:56:47.145 E/ActivityManager( 2080): Sending non-protected broadcast android.bluetooth.avrcp-controller.profile.action.TRACK_EVENT from system 2702:com.android.bluetooth/1002 pkg com.android.bluetooth
09-19 17:56:47.145 E/ActivityManager( 2080): java.lang.Throwable
09-19 17:56:47.145 E/ActivityManager( 2080):    at com.android.server.am.ActivityManagerService.broadcastIntentLocked(ActivityManagerService.java:17989)
09-19 17:56:47.145 E/ActivityManager( 2080):    at com.android.server.am.ActivityManagerService.broadcastIntent(ActivityManagerService.java:18555)
09-19 17:56:47.145 E/ActivityManager( 2080):    at android.app.ActivityManagerNative.onTransact(ActivityManagerNative.java:499)
09-19 17:56:47.145 E/ActivityManager( 2080):    at com.android.server.am.ActivityManagerService.onTransact(ActivityManagerService.java:2861)
09-19 17:56:47.145 E/ActivityManager( 2080):    at android.os.Binder.execTransact(Binder.java:565)
09-19 17:56:47.153 D/A2dpMediaBrowserService( 2702): onReceive intent=Intent { act=android.bluetooth.avrcp-controller.profile.action.TRACK_EVENT flg=0x10 (has extras) }
09-19 17:56:47.153 D/A2dpMediaBrowserService( 2702): msgTrack: playback: PlaybackState {state=3, position=1236, buffered position=0, speed=1.0, updated=235546, actions=0, custom actions=[], active item id=-1, error=null} mmd: null
09-19 17:56:47.154 D/A2dpMediaBrowserService( 2702): prevPS PlaybackState {state=3, position=46350, buffered position=0, speed=1.0, updated=235557, actions=54, custom actions=[], active item id=-1, error=null}
09-19 17:56:47.155 D/A2dpMediaBrowserService( 2702): prev MM title 各自远扬 (それぞれに) track len 214158
09-19 17:56:47.155 D/A2dpMediaBrowserService( 2702): msgTrack() playbackstate PlaybackState {state=3, position=1236, buffered position=0, speed=1.0, updated=235546, actions=0, custom actions=[], active item id=-1, error=null}
09-19 17:56:48.615 I/SPProvider( 3743): call uriPrefix: content://com.ktcp.tvvideo.REMOTE_SHARED_PREFERENCE, method: get
09-19 17:56:48.947 I/XiaoWeiSDK_JNI( 3214): on_request_callback voiceId = BIXWROQTZHEGVXVKXYFDYPKLTBOVRNFQ,event = 1,rspData=(null),extent_info=(null)
09-19 17:56:48.956 I/XiaoWeiSDK_JNI( 3214): on_request_callback voiceId = BIXWROQTZHEGVXVKXYFDYPKLTBOVRNFQ,event = 4,rspData=(null),extent_info={"event":"RecognizeBegin","voiceid":"BIXWROQTZHEGVXVKXYFDYPKLTBOVRNFQ"
09-19 17:56:49.141 D/WifiHW  ( 2080): wifi command = IFNAME=wlan0 BSS RANGE=0- MASK=0x29d87
09-19 17:56:49.152 D/WifiHW  ( 2080): wifi command = IFNAME=wlan0 BSS RANGE=0- MASK=0x29d87
09-19 17:56:49.160 D/WifiHW  ( 2080): wifi command = IFNAME=wlan0 BSS RANGE=13- MASK=0x29d87
09-19 17:56:49.169 D/WifiHW  ( 2080): wifi command = IFNAME=wlan0 BSS RANGE=13- MASK=0x29d87
09-19 17:56:49.176 I/BluetoothAvrcpControllerJni( 2702): btavrcp_play_position_changed_callback
09-19 17:56:49.176 D/AvrcpControllerService( 2702): onPlayPositionChanged 
09-19 17:56:49.177 D/AvrcpControllerService( 2702):  HandleMessage: CB_PLAY_POS_CHANGED Remote Connected true
09-19 17:56:49.177 D/A2dpSinkService( 2702): getA2dpSinkService(): returning com.android.bluetooth.a2dpsink.A2dpSinkService@8e0889a
09-19 17:56:49.178 D/AvrcpControllerService( 2702):  broadcastPlayBackStateChanged = PlaybackState {state=3, position=3250, buffered position=0, speed=1.0, updated=237581, actions=0, custom actions=[], active item id=-1, error=null}
09-19 17:56:49.181 E/ActivityManager( 2080): Sending non-protected broadcast android.bluetooth.avrcp-controller.profile.action.TRACK_EVENT from system 2702:com.android.bluetooth/1002 pkg com.android.bluetooth
09-19 17:56:49.181 E/ActivityManager( 2080): java.lang.Throwable
09-19 17:56:49.181 E/ActivityManager( 2080):    at com.android.server.am.ActivityManagerService.broadcastIntentLocked(ActivityManagerService.java:17989)
09-19 17:56:49.181 E/ActivityManager( 2080):    at com.android.server.am.ActivityManagerService.broadcastIntent(ActivityManagerService.java:18555)
09-19 17:56:49.181 E/ActivityManager( 2080):    at android.app.ActivityManagerNative.onTransact(ActivityManagerNative.java:499)
09-19 17:56:49.181 E/ActivityManager( 2080):    at com.android.server.am.ActivityManagerService.onTransact(ActivityManagerService.java:2861)
09-19 17:56:49.181 E/ActivityManager( 2080):    at android.os.Binder.execTransact(Binder.java:565)
09-19 17:56:49.189 D/WifiHW  ( 2080): wifi command = IFNAME=wlan0 BSS RANGE=42- MASK=0x29d87
09-19 17:56:49.192 D/A2dpMediaBrowserService( 2702): onReceive intent=Intent { act=android.bluetooth.avrcp-controller.profile.action.TRACK_EVENT flg=0x10 (has extras) }
09-19 17:56:49.193 D/A2dpMediaBrowserService( 2702): msgTrack: playback: PlaybackState {state=3, position=3250, buffered position=0, speed=1.0, updated=237581, actions=0, custom actions=[], active item id=-1, error=null} mmd: null
09-19 17:56:49.194 D/A2dpMediaBrowserService( 2702): prevPS PlaybackState {state=3, position=3287, buffered position=0, speed=1.0, updated=237597, actions=54, custom actions=[], active item id=-1, error=null}
09-19 17:56:49.194 D/A2dpMediaBrowserService( 2702): prev MM title 各自远扬 (それぞれに) track len 214158
09-19 17:56:49.195 D/A2dpMediaBrowserService( 2702): msgTrack() playbackstate PlaybackState {state=3, position=3250, buffered position=0, speed=1.0, updated=237581, actions=0, custom actions=[], active item id=-1, error=null}
09-19 17:56:49.200 D/WifiHW  ( 2080): wifi command = IFNAME=wlan0 BSS RANGE=42- MASK=0x29d87
09-19 17:56:49.211 D/WifiHW  ( 2080): wifi command = IFNAME=wlan0 BSS RANGE=67- MASK=0x29d87
09-19 17:56:49.228 D/WifiHW  ( 2080): wifi command = IFNAME=wlan0 BSS RANGE=67- MASK=0x29d87
09-19 17:56:49.248 D/WifiHW  ( 2080): wifi command = IFNAME=wlan0 BSS RANGE=81- MASK=0x29d87
09-19 17:56:49.255 D/WifiHW  ( 2080): wifi command = IFNAME=wlan0 BSS RANGE=81- MASK=0x29d87
09-19 17:56:49.268 D/WifiHW  ( 2080): wifi command = IFNAME=wlan0 BSS RANGE=100- MASK=0x29d87
09-19 17:56:49.281 D/WifiHW  ( 2080): wifi command = IFNAME=wlan0 BSS RANGE=100- MASK=0x29d87
09-19 17:56:49.285 D/WifiHW  ( 2080): wifi command = IFNAME=wlan0 BSS RANGE=108- MASK=0x29d87
09-19 17:56:49.288 D/WifiHW  ( 2080): wifi command = IFNAME=wlan0 BSS RANGE=108- MASK=0x29d87
09-19 17:56:49.293 D/HiRMService( 3200): mNetReceiver onReceive --android.net.wifi.STATE_CHANGE
09-19 17:56:49.415 I/XiaoWeiSDK_JNI( 3214): on_request_callback voiceId = BIXWROQTZHEGVXVKXYFDYPKLTBOVRNFQ,event = 2,rspData=(null),extent_info=(null)
09-19 17:56:50.754 I/XiaoWeiSDK_JNI( 3214): on_request_callback voiceId = BIXWROQTZHEGVXVKXYFDYPKLTBOVRNFQ,event = 4,rspData=(null),extent_info={"event":"RecognizeEnd","voiceid":"BIXWROQTZHEGVXVKXYFDYPKLTBOVRNFQ"
09-19 17:56:50.757 I/XiaoWeiSDK_JNI( 3214): on_request_callback voiceId = BIXWROQTZHEGVXVKXYFDYPKLTBOVRNFQ,event = 3,rspData=(null),extent_info=(null)
09-19 17:56:50.768 I/XiaoWeiSDK_JNI( 3214): on_request_callback voiceId = BIXWROQTZHEGVXVKXYFDYPKLTBOVRNFQ,event = 5,rspData=,extent_info=(null)
09-19 17:56:50.782 I/XiaoWeiSDK_JNI( 3214): on_request_callback voiceId = BIXWROQTZHEGVXVKXYFDYPKLTBOVRNFQ,event = 0,rspData=(null),extent_info=(null)
09-19 17:56:51.148 I/BluetoothAvrcpControllerJni( 2702): btavrcp_play_position_changed_callback
09-19 17:56:51.149 D/AvrcpControllerService( 2702): onPlayPositionChanged 
09-19 17:56:51.150 D/AvrcpControllerService( 2702):  HandleMessage: CB_PLAY_POS_CHANGED Remote Connected true
09-19 17:56:51.150 D/A2dpSinkService( 2702): getA2dpSinkService(): returning com.android.bluetooth.a2dpsink.A2dpSinkService@8e0889a
09-19 17:56:51.150 D/AvrcpControllerService( 2702):  broadcastPlayBackStateChanged = PlaybackState {state=3, position=5245, buffered position=0, speed=1.0, updated=239554, actions=0, custom actions=[], active item id=-1, error=null}
09-19 17:56:51.153 E/ActivityManager( 2080): Sending non-protected broadcast android.bluetooth.avrcp-controller.profile.action.TRACK_EVENT from system 2702:com.android.bluetooth/1002 pkg com.android.bluetooth
09-19 17:56:51.153 E/ActivityManager( 2080): java.lang.Throwable
09-19 17:56:51.153 E/ActivityManager( 2080):    at com.android.server.am.ActivityManagerService.broadcastIntentLocked(ActivityManagerService.java:17989)
09-19 17:56:51.153 E/ActivityManager( 2080):    at com.android.server.am.ActivityManagerService.broadcastIntent(ActivityManagerService.java:18555)
09-19 17:56:51.153 E/ActivityManager( 2080):    at android.app.ActivityManagerNative.onTransact(ActivityManagerNative.java:499)
09-19 17:56:51.153 E/ActivityManager( 2080):    at com.android.server.am.ActivityManagerService.onTransact(ActivityManagerService.java:2861)
09-19 17:56:51.153 E/ActivityManager( 2080):    at android.os.Binder.execTransact(Binder.java:565)
09-19 17:56:51.157 D/A2dpMediaBrowserService( 2702): onReceive intent=Intent { act=android.bluetooth.avrcp-controller.profile.action.TRACK_EVENT flg=0x10 (has extras) }
09-19 17:56:51.157 D/A2dpMediaBrowserService( 2702): msgTrack: playback: PlaybackState {state=3, position=5245, buffered position=0, speed=1.0, updated=239554, actions=0, custom actions=[], active item id=-1, error=null} mmd: null
09-19 17:56:51.159 D/A2dpMediaBrowserService( 2702): prevPS PlaybackState {state=3, position=5230, buffered position=0, speed=1.0, updated=239561, actions=54, custom actions=[], active item id=-1, error=null}
09-19 17:56:51.159 D/A2dpMediaBrowserService( 2702): prev MM title 各自远扬 (それぞれに) track len 214158
09-19 17:56:51.159 D/A2dpMediaBrowserService( 2702): msgTrack() playbackstate PlaybackState {state=3, position=5245, buffered position=0, speed=1.0, updated=239554, actions=0, custom actions=[], active item id=-1, error=null}
09-19 17:56:53.130 I/BluetoothAvrcpControllerJni( 2702): btavrcp_play_position_changed_callback
09-19 17:56:53.131 D/AvrcpControllerService( 2702): onPlayPositionChanged 
09-19 17:56:53.135 D/AvrcpControllerService( 2702):  HandleMessage: CB_PLAY_POS_CHANGED Remote Connected true
09-19 17:56:53.135 D/A2dpSinkService( 2702): getA2dpSinkService(): returning com.android.bluetooth.a2dpsink.A2dpSinkService@8e0889a
09-19 17:56:53.136 D/AvrcpControllerService( 2702):  broadcastPlayBackStateChanged = PlaybackState {state=3, position=7225, buffered position=0, speed=1.0, updated=241539, actions=0, custom actions=[], active item id=-1, error=null}
09-19 17:56:53.138 E/ActivityManager( 2080): Sending non-protected broadcast android.bluetooth.avrcp-controller.profile.action.TRACK_EVENT from system 2702:com.android.bluetooth/1002 pkg com.android.bluetooth
09-19 17:56:53.138 E/ActivityManager( 2080): java.lang.Throwable
09-19 17:56:53.138 E/ActivityManager( 2080):    at com.android.server.am.ActivityManagerService.broadcastIntentLocked(ActivityManagerService.java:17989)
09-19 17:56:53.138 E/ActivityManager( 2080):    at com.android.server.am.ActivityManagerService.broadcastIntent(ActivityManagerService.java:18555)
09-19 17:56:53.138 E/ActivityManager( 2080):    at android.app.ActivityManagerNative.onTransact(ActivityManagerNative.java:499)
09-19 17:56:53.138 E/ActivityManager( 2080):    at com.android.server.am.ActivityManagerService.onTransact(ActivityManagerService.java:2861)
09-19 17:56:53.138 E/ActivityManager( 2080):    at android.os.Binder.execTransact(Binder.java:565)
09-19 17:56:53.141 D/A2dpMediaBrowserService( 2702): onReceive intent=Intent { act=android.bluetooth.avrcp-controller.profile.action.TRACK_EVENT flg=0x10 (has extras) }
09-19 17:56:53.142 D/A2dpMediaBrowserService( 2702): msgTrack: playback: PlaybackState {state=3, position=7225, buffered position=0, speed=1.0, updated=241539, actions=0, custom actions=[], active item id=-1, error=null} mmd: null
09-19 17:56:53.143 D/A2dpMediaBrowserService( 2702): prevPS PlaybackState {state=3, position=7237, buffered position=0, speed=1.0, updated=241546, actions=54, custom actions=[], active item id=-1, error=null}
09-19 17:56:53.143 D/A2dpMediaBrowserService( 2702): prev MM title 各自远扬 (それぞれに) track len 214158
09-19 17:56:53.143 D/A2dpMediaBrowserService( 2702): msgTrack() playbackstate PlaybackState {state=3, position=7225, buffered position=0, speed=1.0, updated=241539, actions=0, custom actions=[], active item id=-1, error=null}
09-19 17:56:53.233 I/turen   ( 3214): [R2][00:03:37.600] [core/R2VbvCtc.cpp    228] vbv total time cost: 25241
09-19 17:56:53.234 I/turen   ( 3214): [R2][00:03:37.600] [core/R2VbvCtc.cpp    230] bf12 time cost: 22810
09-19 17:56:53.234 I/turen   ( 3214): [R2][00:03:37.600] [core/R2VbvCtc.cpp    232] big code block time cost: 2402
09-19 17:56:53.234 I/turen   ( 3214): [R2][00:03:37.600] [core/R2ad2VBF.cpp    205] R2ad2VBF big code block time cost: 5
09-19 17:56:53.654 I/SPProvider( 3743): call uriPrefix: content://com.ktcp.tvvideo.REMOTE_SHARED_PREFERENCE, method: get
09-19 17:56:54.677 I/XiaoWeiSDK_JNI( 3214): on_request_callback voiceId = YHGXCGOQXZKJEZUFSQOCUOTSEKNKHEUN,event = 1,rspData=(null),extent_info=(null)
09-19 17:56:54.683 I/XiaoWeiSDK_JNI( 3214): on_request_callback voiceId = YHGXCGOQXZKJEZUFSQOCUOTSEKNKHEUN,event = 4,rspData=(null),extent_info={"event":"RecognizeBegin","voiceid":"YHGXCGOQXZKJEZUFSQOCUOTSEKNKHEUN"
09-19 17:56:54.982 I/XiaoWeiSDK_JNI( 3214): on_request_callback voiceId = YHGXCGOQXZKJEZUFSQOCUOTSEKNKHEUN,event = 2,rspData=(null),extent_info=(null)
09-19 17:56:55.143 I/BluetoothAvrcpControllerJni( 2702): btavrcp_play_position_changed_callback
09-19 17:56:55.143 D/AvrcpControllerService( 2702): onPlayPositionChanged 
09-19 17:56:55.145 D/AvrcpControllerService( 2702):  HandleMessage: CB_PLAY_POS_CHANGED Remote Connected true
09-19 17:56:55.145 D/A2dpSinkService( 2702): getA2dpSinkService(): returning com.android.bluetooth.a2dpsink.A2dpSinkService@8e0889a
09-19 17:56:55.146 D/AvrcpControllerService( 2702):  broadcastPlayBackStateChanged = PlaybackState {state=3, position=9241, buffered position=0, speed=1.0, updated=243549, actions=0, custom actions=[], active item id=-1, error=null}
09-19 17:56:55.147 E/ActivityManager( 2080): Sending non-protected broadcast android.bluetooth.avrcp-controller.profile.action.TRACK_EVENT from system 2702:com.android.bluetooth/1002 pkg com.android.bluetooth
09-19 17:56:55.147 E/ActivityManager( 2080): java.lang.Throwable
09-19 17:56:55.147 E/ActivityManager( 2080):    at com.android.server.am.ActivityManagerService.broadcastIntentLocked(ActivityManagerService.java:17989)
09-19 17:56:55.147 E/ActivityManager( 2080):    at com.android.server.am.ActivityManagerService.broadcastIntent(ActivityManagerService.java:18555)
09-19 17:56:55.147 E/ActivityManager( 2080):    at android.app.ActivityManagerNative.onTransact(ActivityManagerNative.java:499)
09-19 17:56:55.147 E/ActivityManager( 2080):    at com.android.server.am.ActivityManagerService.onTransact(ActivityManagerService.java:2861)
09-19 17:56:55.147 E/ActivityManager( 2080):    at android.os.Binder.execTransact(Binder.java:565)
09-19 17:56:55.149 D/A2dpMediaBrowserService( 2702): onReceive intent=Intent { act=android.bluetooth.avrcp-controller.profile.action.TRACK_EVENT flg=0x10 (has extras) }
09-19 17:56:55.149 D/A2dpMediaBrowserService( 2702): msgTrack: playback: PlaybackState {state=3, position=9241, buffered position=0, speed=1.0, updated=243549, actions=0, custom actions=[], active item id=-1, error=null} mmd: null
09-19 17:56:55.153 D/A2dpMediaBrowserService( 2702): prevPS PlaybackState {state=3, position=9239, buffered position=0, speed=1.0, updated=243553, actions=54, custom actions=[], active item id=-1, error=null}
09-19 17:56:55.153 D/A2dpMediaBrowserService( 2702): prev MM title 各自远扬 (それぞれに) track len 214158
09-19 17:56:55.153 D/A2dpMediaBrowserService( 2702): msgTrack() playbackstate PlaybackState {state=3, position=9241, buffered position=0, speed=1.0, updated=243549, actions=0, custom actions=[], active item id=-1, error=null}
09-19 17:56:55.395 I/turen   ( 3214): [R2][00:03:39.776] [core/R2VbvCtc.cpp    379] ☘   [jihuoci] start lines
09-19 17:56:56.476 I/turen   ( 3214): [R2][00:03:40.672] [R2AsrParser.cpp       66] ☘   (ID-0) zui ji , 
09-19 17:56:56.477 I/turen   ( 3214): [R2][00:03:40.672] [R2AsrParser.cpp       66] ☘   (ID-0) zui ji , 
09-19 17:56:56.478 I/turen   ( 3214): [R2][00:03:40.672] [core/R2VbvCtc.cpp    439] ☘   [jihuoci] stop lines
09-19 17:56:56.749 D/WifiHW  ( 2080): wifi command = IFNAME=wlan0 SCAN TYPE=ONLY
09-19 17:56:56.754 D/HiRMService( 3200): mNetReceiver onReceive --android.net.wifi.STATE_CHANGE
09-19 17:56:57.141 I/BluetoothAvrcpControllerJni( 2702): btavrcp_play_position_changed_callback
09-19 17:56:57.142 D/AvrcpControllerService( 2702): onPlayPositionChanged 
09-19 17:56:57.146 D/AvrcpControllerService( 2702):  HandleMessage: CB_PLAY_POS_CHANGED Remote Connected true
09-19 17:56:57.146 D/A2dpSinkService( 2702): getA2dpSinkService(): returning com.android.bluetooth.a2dpsink.A2dpSinkService@8e0889a
09-19 17:56:57.158 D/AvrcpControllerService( 2702):  broadcastPlayBackStateChanged = PlaybackState {state=3, position=11223, buffered position=0, speed=1.0, updated=245550, actions=0, custom actions=[], active item id=-1, error=null}
09-19 17:56:57.160 E/ActivityManager( 2080): Sending non-protected broadcast android.bluetooth.avrcp-controller.profile.action.TRACK_EVENT from system 2702:com.android.bluetooth/1002 pkg com.android.bluetooth
09-19 17:56:57.160 E/ActivityManager( 2080): java.lang.Throwable
09-19 17:56:57.160 E/ActivityManager( 2080):    at com.android.server.am.ActivityManagerService.broadcastIntentLocked(ActivityManagerService.java:17989)
09-19 17:56:57.160 E/ActivityManager( 2080):    at com.android.server.am.ActivityManagerService.broadcastIntent(ActivityManagerService.java:18555)
09-19 17:56:57.160 E/ActivityManager( 2080):    at android.app.ActivityManagerNative.onTransact(ActivityManagerNative.java:499)
09-19 17:56:57.160 E/ActivityManager( 2080):    at com.android.server.am.ActivityManagerService.onTransact(ActivityManagerService.java:2861)
09-19 17:56:57.160 E/ActivityManager( 2080):    at android.os.Binder.execTransact(Binder.java:565)
09-19 17:56:57.167 D/A2dpMediaBrowserService( 2702): onReceive intent=Intent { act=android.bluetooth.avrcp-controller.profile.action.TRACK_EVENT flg=0x10 (has extras) }
09-19 17:56:57.168 D/A2dpMediaBrowserService( 2702): msgTrack: playback: PlaybackState {state=3, position=11223, buffered position=0, speed=1.0, updated=245550, actions=0, custom actions=[], active item id=-1, error=null} mmd: null
09-19 17:56:57.172 D/A2dpMediaBrowserService( 2702): prevPS PlaybackState {state=3, position=11264, buffered position=0, speed=1.0, updated=245572, actions=54, custom actions=[], active item id=-1, error=null}
09-19 17:56:57.173 D/A2dpMediaBrowserService( 2702): prev MM title 各自远扬 (それぞれに) track len 214158
09-19 17:56:57.173 D/A2dpMediaBrowserService( 2702): msgTrack() playbackstate PlaybackState {state=3, position=11223, buffered position=0, speed=1.0, updated=245550, actions=0, custom actions=[], active item id=-1, error=null}
09-19 17:56:57.288 I/XiaoWeiSDK_JNI( 3214): on_request_callback voiceId = YHGXCGOQXZKJEZUFSQOCUOTSEKNKHEUN,event = 4,rspData=(null),extent_info={"event":"RecognizeEnd","voiceid":"YHGXCGOQXZKJEZUFSQOCUOTSEKNKHEUN"
09-19 17:56:57.290 I/XiaoWeiSDK_JNI( 3214): on_request_callback voiceId = YHGXCGOQXZKJEZUFSQOCUOTSEKNKHEUN,event = 3,rspData=(null),extent_info=(null)
09-19 17:56:57.301 I/XiaoWeiSDK_JNI( 3214): on_request_callback voiceId = YHGXCGOQXZKJEZUFSQOCUOTSEKNKHEUN,event = 5,rspData=,extent_info=(null)
09-19 17:56:57.311 I/XiaoWeiSDK_JNI( 3214): on_request_callback voiceId = YHGXCGOQXZKJEZUFSQOCUOTSEKNKHEUN,event = 0,rspData=(null),extent_info=(null)
09-19 17:56:58.230 I/XiaoWeiSDK_JNI( 3214): on_request_callback voiceId = LUSRRODITSEUZBSAIDLBNUWZNSAZQSRE,event = 1,rspData=(null),extent_info=(null)
09-19 17:56:58.241 I/XiaoWeiSDK_JNI( 3214): on_request_callback voiceId = LUSRRODITSEUZBSAIDLBNUWZNSAZQSRE,event = 4,rspData=(null),extent_info={"event":"RecognizeBegin","voiceid":"LUSRRODITSEUZBSAIDLBNUWZNSAZQSRE"
09-19 17:56:58.497 I/XiaoWeiSDK_JNI( 3214): on_request_callback voiceId = LUSRRODITSEUZBSAIDLBNUWZNSAZQSRE,event = 2,rspData=(null),extent_info=(null)
09-19 17:56:58.703 I/SPProvider( 3743): call uriPrefix: content://com.ktcp.tvvideo.REMOTE_SHARED_PREFERENCE, method: get
09-19 17:56:58.820 I/XiaoWeiSDK_JNI( 3214): on_request_callback voiceId = LUSRRODITSEUZBSAIDLBNUWZNSAZQSRE,event = 4,rspData=(null),extent_info={"event":"RecognizeEnd","voiceid":"LUSRRODITSEUZBSAIDLBNUWZNSAZQSRE"
09-19 17:56:58.821 I/XiaoWeiSDK_JNI( 3214): on_request_callback voiceId = LUSRRODITSEUZBSAIDLBNUWZNSAZQSRE,event = 3,rspData=(null),extent_info=(null)
09-19 17:56:58.826 I/XiaoWeiSDK_JNI( 3214): on_request_callback voiceId = LUSRRODITSEUZBSAIDLBNUWZNSAZQSRE,event = 5,rspData=,extent_info=(null)
09-19 17:56:58.831 I/XiaoWeiSDK_JNI( 3214): on_request_callback voiceId = LUSRRODITSEUZBSAIDLBNUWZNSAZQSRE,event = 0,rspData=(null),extent_info=(null)
09-19 17:56:59.140 I/BluetoothAvrcpControllerJni( 2702): btavrcp_play_position_changed_callback
09-19 17:56:59.140 D/AvrcpControllerService( 2702): onPlayPositionChanged 
09-19 17:56:59.142 D/AvrcpControllerService( 2702):  HandleMessage: CB_PLAY_POS_CHANGED Remote Connected true
09-19 17:56:59.142 D/A2dpSinkService( 2702): getA2dpSinkService(): returning com.android.bluetooth.a2dpsink.A2dpSinkService@8e0889a
09-19 17:56:59.142 D/AvrcpControllerService( 2702):  broadcastPlayBackStateChanged = PlaybackState {state=3, position=13224, buffered position=0, speed=1.0, updated=247546, actions=0, custom actions=[], active item id=-1, error=null}
09-19 17:56:59.145 E/ActivityManager( 2080): Sending non-protected broadcast android.bluetooth.avrcp-controller.profile.action.TRACK_EVENT from system 2702:com.android.bluetooth/1002 pkg com.android.bluetooth
09-19 17:56:59.145 E/ActivityManager( 2080): java.lang.Throwable
09-19 17:56:59.145 E/ActivityManager( 2080):    at com.android.server.am.ActivityManagerService.broadcastIntentLocked(ActivityManagerService.java:17989)
09-19 17:56:59.145 E/ActivityManager( 2080):    at com.android.server.am.ActivityManagerService.broadcastIntent(ActivityManagerService.java:18555)
09-19 17:56:59.145 E/ActivityManager( 2080):    at android.app.ActivityManagerNative.onTransact(ActivityManagerNative.java:499)
09-19 17:56:59.145 E/ActivityManager( 2080):    at com.android.server.am.ActivityManagerService.onTransact(ActivityManagerService.java:2861)
09-19 17:56:59.145 E/ActivityManager( 2080):    at android.os.Binder.execTransact(Binder.java:565)
09-19 17:56:59.148 D/WifiHW  ( 2080): wifi command = IFNAME=wlan0 BSS RANGE=0- MASK=0x29d87
09-19 17:56:59.154 D/A2dpMediaBrowserService( 2702): onReceive intent=Intent { act=android.bluetooth.avrcp-controller.profile.action.TRACK_EVENT flg=0x10 (has extras) }
09-19 17:56:59.155 D/A2dpMediaBrowserService( 2702): msgTrack: playback: PlaybackState {state=3, position=13224, buffered position=0, speed=1.0, updated=247546, actions=0, custom actions=[], active item id=-1, error=null} mmd: null
09-19 17:56:59.156 D/A2dpMediaBrowserService( 2702): prevPS PlaybackState {state=3, position=13232, buffered position=0, speed=1.0, updated=247559, actions=54, custom actions=[], active item id=-1, error=null}
