09-19 17:50:34.757 E/APM_AudioPolicyManager( 1720): is outpt stream1 9, curStream 4
09-19 17:50:34.757 E/APM_AudioPolicyManager( 1720): is outpt stream1 9, curStream 5
09-19 17:50:34.757 E/APM_AudioPolicyManager( 1720): is outpt stream1 9, curStream 6
09-19 17:50:34.757 E/APM_AudioPolicyManager( 1720): is outpt stream1 9, curStream 7
09-19 17:50:34.757 E/APM_AudioPolicyManager( 1720): is outpt stream1 9, curStream 8
09-19 17:50:34.757 E/APM_AudioPolicyManager( 1720): get curStream 9, curDevice 1024
09-19 17:50:34.757 E/APM_AudioPolicyManager( 1720): 5 outpt stream1 9, curStream 9
09-19 17:50:34.757 E/APM_AudioPolicyManager( 1720): is outpt stream1 9, curStream 10
09-19 17:50:34.757 E/APM_AudioPolicyManager( 1720): is outpt stream1 9, curStream 11
09-19 17:50:34.757 E/APM_AudioPolicyManager( 1720): mOutputs.size() 1
09-19 17:50:34.757 E/APM_AudioPolicyManager( 1720): device 1024, popcount(device)1
09-19 17:50:34.757 E/APM_AudioPolicyManager( 1720): is outpt stream1 8, curStream 0
09-19 17:50:34.757 E/APM_AudioPolicyManager( 1720): is outpt stream1 8, curStream 1
09-19 17:50:34.757 E/APM_AudioPolicyManager( 1720): is outpt stream1 8, curStream 2
09-19 17:50:34.757 E/APM_AudioPolicyManager( 1720): is outpt stream1 8, curStream 3
09-19 17:50:34.757 E/APM_AudioPolicyManager( 1720): is outpt stream1 8, curStream 4
09-19 17:50:34.757 E/APM_AudioPolicyManager( 1720): is outpt stream1 8, curStream 5
09-19 17:50:34.757 E/APM_AudioPolicyManager( 1720): is outpt stream1 8, curStream 6
09-19 17:50:34.757 E/APM_AudioPolicyManager( 1720): is outpt stream1 8, curStream 7
09-19 17:50:34.757 E/APM_AudioPolicyManager( 1720): get curStream 8, curDevice 1024
09-19 17:50:34.757 E/APM_AudioPolicyManager( 1720): 5 outpt stream1 8, curStream 8
09-19 17:50:34.757 E/APM_AudioPolicyManager( 1720): is outpt stream1 8, curStream 9
09-19 17:50:34.757 E/APM_AudioPolicyManager( 1720): is outpt stream1 8, curStream 10
09-19 17:50:34.757 E/APM_AudioPolicyManager( 1720): is outpt stream1 8, curStream 11
09-19 17:50:34.758 E/APM_AudioPolicyManager( 1720): mOutputs.size() 1
09-19 17:50:34.758 E/APM_AudioPolicyManager( 1720): device 1024, popcount(device)1
09-19 17:50:34.758 E/APM_AudioPolicyManager( 1720): is outpt stream1 7, curStream 0
09-19 17:50:34.758 E/APM_AudioPolicyManager( 1720): is outpt stream1 7, curStream 1
09-19 17:50:34.758 E/APM_AudioPolicyManager( 1720): is outpt stream1 7, curStream 2
09-19 17:50:34.758 E/APM_AudioPolicyManager( 1720): is outpt stream1 7, curStream 3
09-19 17:50:34.758 E/APM_AudioPolicyManager( 1720): is outpt stream1 7, curStream 4
09-19 17:50:34.758 E/APM_AudioPolicyManager( 1720): is outpt stream1 7, curStream 5
09-19 17:50:34.758 E/APM_AudioPolicyManager( 1720): is outpt stream1 7, curStream 6
09-19 17:50:34.758 E/APM_AudioPolicyManager( 1720): get curStream 7, curDevice 1024
09-19 17:50:34.758 E/APM_AudioPolicyManager( 1720): 5 outpt stream1 7, curStream 7
09-19 17:50:34.758 E/APM_AudioPolicyManager( 1720): is outpt stream1 7, curStream 8
09-19 17:50:34.758 E/APM_AudioPolicyManager( 1720): is outpt stream1 7, curStream 9
09-19 17:50:34.758 E/APM_AudioPolicyManager( 1720): is outpt stream1 7, curStream 10
09-19 17:50:34.760 E/APM_AudioPolicyManager( 1720): is outpt stream1 7, curStream 11
09-19 17:50:34.760 E/APM_AudioPolicyManager( 1720): mOutputs.size() 1
09-19 17:50:34.760 E/APM_AudioPolicyManager( 1720): device 1024, popcount(device)1
09-19 17:50:34.760 E/APM_AudioPolicyManager( 1720): is outpt stream1 6, curStream 0
09-19 17:50:34.760 E/APM_AudioPolicyManager( 1720): is outpt stream1 6, curStream 1
09-19 17:50:34.760 E/APM_AudioPolicyManager( 1720): is outpt stream1 6, curStream 2
09-19 17:50:34.760 E/APM_AudioPolicyManager( 1720): is outpt stream1 6, curStream 3
09-19 17:50:34.760 E/APM_AudioPolicyManager( 1720): is outpt stream1 6, curStream 4
09-19 17:50:34.760 E/APM_AudioPolicyManager( 1720): is outpt stream1 6, curStream 5
09-19 17:50:34.760 E/APM_AudioPolicyManager( 1720): get curStream 6, curDevice 1024
09-19 17:50:34.760 E/APM_AudioPolicyManager( 1720): 5 outpt stream1 6, curStream 6
09-19 17:50:34.760 E/APM_AudioPolicyManager( 1720): is outpt stream1 6, curStream 7
09-19 17:50:34.760 E/APM_AudioPolicyManager( 1720): is outpt stream1 6, curStream 8
09-19 17:50:34.760 E/APM_AudioPolicyManager( 1720): is outpt stream1 6, curStream 9
09-19 17:50:34.760 E/APM_AudioPolicyManager( 1720): is outpt stream1 6, curStream 10
09-19 17:50:34.760 E/APM_AudioPolicyManager( 1720): is outpt stream1 6, curStream 11
09-19 17:50:34.761 E/APM_AudioPolicyManager( 1720): mOutputs.size() 1
09-19 17:50:34.761 E/APM_AudioPolicyManager( 1720): device 1024, popcount(device)1
09-19 17:50:34.761 E/APM_AudioPolicyManager( 1720): is outpt stream1 5, curStream 0
09-19 17:50:34.761 E/APM_AudioPolicyManager( 1720): is outpt stream1 5, curStream 1
09-19 17:50:34.761 E/APM_AudioPolicyManager( 1720): is outpt stream1 5, curStream 2
09-19 17:50:34.761 E/APM_AudioPolicyManager( 1720): is outpt stream1 5, curStream 3
09-19 17:50:34.761 E/APM_AudioPolicyManager( 1720): is outpt stream1 5, curStream 4
09-19 17:50:34.761 E/APM_AudioPolicyManager( 1720): get curStream 5, curDevice 1024
09-19 17:50:34.761 E/APM_AudioPolicyManager( 1720): 5 outpt stream1 5, curStream 5
09-19 17:50:34.761 E/APM_AudioPolicyManager( 1720): is outpt stream1 5, curStream 6
09-19 17:50:34.761 E/APM_AudioPolicyManager( 1720): is outpt stream1 5, curStream 7
09-19 17:50:34.761 E/APM_AudioPolicyManager( 1720): is outpt stream1 5, curStream 8
09-19 17:50:34.761 E/APM_AudioPolicyManager( 1720): is outpt stream1 5, curStream 9
09-19 17:50:34.761 E/APM_AudioPolicyManager( 1720): is outpt stream1 5, curStream 10
09-19 17:50:34.761 E/APM_AudioPolicyManager( 1720): is outpt stream1 5, curStream 11
09-19 17:50:34.762 E/APM_AudioPolicyManager( 1720): mOutputs.size() 1
09-19 17:50:34.762 E/APM_AudioPolicyManager( 1720): device 1024, popcount(device)1
09-19 17:50:34.762 E/APM_AudioPolicyManager( 1720): is outpt stream1 4, curStream 0
09-19 17:50:34.762 E/APM_AudioPolicyManager( 1720): is outpt stream1 4, curStream 1
09-19 17:50:34.762 E/APM_AudioPolicyManager( 1720): is outpt stream1 4, curStream 2
09-19 17:50:34.762 E/APM_AudioPolicyManager( 1720): is outpt stream1 4, curStream 3
09-19 17:50:34.762 E/APM_AudioPolicyManager( 1720): get curStream 4, curDevice 1024
09-19 17:50:34.762 E/APM_AudioPolicyManager( 1720): 5 outpt stream1 4, curStream 4
09-19 17:50:34.762 E/APM_AudioPolicyManager( 1720): is outpt stream1 4, curStream 5
09-19 17:50:34.762 E/APM_AudioPolicyManager( 1720): is outpt stream1 4, curStream 6
09-19 17:50:34.762 E/APM_AudioPolicyManager( 1720): is outpt stream1 4, curStream 7
09-19 17:50:34.762 E/APM_AudioPolicyManager( 1720): is outpt stream1 4, curStream 8
09-19 17:50:34.762 E/APM_AudioPolicyManager( 1720): is outpt stream1 4, curStream 9
09-19 17:50:34.762 E/APM_AudioPolicyManager( 1720): is outpt stream1 4, curStream 10
09-19 17:50:34.763 E/APM_AudioPolicyManager( 1720): is outpt stream1 4, curStream 11
09-19 17:50:34.763 E/APM_AudioPolicyManager( 1720): mOutputs.size() 1
09-19 17:50:34.763 E/APM_AudioPolicyManager( 1720): device 1024, popcount(device)1
09-19 17:50:34.763 E/APM_AudioPolicyManager( 1720): is outpt stream1 2, curStream 0
09-19 17:50:34.763 E/APM_AudioPolicyManager( 1720): is outpt stream1 2, curStream 1
09-19 17:50:34.763 E/APM_AudioPolicyManager( 1720): get curStream 2, curDevice 1024
09-19 17:50:34.763 E/APM_AudioPolicyManager( 1720): 5 outpt stream1 2, curStream 2
09-19 17:50:34.763 E/APM_AudioPolicyManager( 1720): is outpt stream1 2, curStream 3
09-19 17:50:34.763 E/APM_AudioPolicyManager( 1720): is outpt stream1 2, curStream 4
09-19 17:50:34.763 E/APM_AudioPolicyManager( 1720): is outpt stream1 2, curStream 5
09-19 17:50:34.763 E/APM_AudioPolicyManager( 1720): is outpt stream1 2, curStream 6
09-19 17:50:34.763 E/APM_AudioPolicyManager( 1720): is outpt stream1 2, curStream 7
09-19 17:50:34.763 E/APM_AudioPolicyManager( 1720): is outpt stream1 2, curStream 8
09-19 17:50:34.763 E/APM_AudioPolicyManager( 1720): is outpt stream1 2, curStream 9
09-19 17:50:34.763 E/APM_AudioPolicyManager( 1720): is outpt stream1 2, curStream 10
09-19 17:50:34.763 E/APM_AudioPolicyManager( 1720): is outpt stream1 2, curStream 11
09-19 17:50:34.763 E/APM_AudioPolicyManager( 1720): mOutputs.size() 1
09-19 17:50:34.763 E/APM_AudioPolicyManager( 1720): device 1024, popcount(device)1
09-19 17:50:34.763 E/APM_AudioPolicyManager( 1720): is outpt stream1 1, curStream 0
09-19 17:50:34.763 E/APM_AudioPolicyManager( 1720): get curStream 1, curDevice 1024
09-19 17:50:34.763 E/APM_AudioPolicyManager( 1720): 5 outpt stream1 1, curStream 1
09-19 17:50:34.763 E/APM_AudioPolicyManager( 1720): is outpt stream1 1, curStream 2
09-19 17:50:34.763 E/APM_AudioPolicyManager( 1720): is outpt stream1 1, curStream 3
09-19 17:50:34.763 E/APM_AudioPolicyManager( 1720): is outpt stream1 1, curStream 4
09-19 17:50:34.763 E/APM_AudioPolicyManager( 1720): is outpt stream1 1, curStream 5
09-19 17:50:34.763 E/APM_AudioPolicyManager( 1720): is outpt stream1 1, curStream 6
09-19 17:50:34.763 E/APM_AudioPolicyManager( 1720): is outpt stream1 1, curStream 7
09-19 17:50:34.763 E/APM_AudioPolicyManager( 1720): is outpt stream1 1, curStream 8
09-19 17:50:34.763 E/APM_AudioPolicyManager( 1720): is outpt stream1 1, curStream 9
09-19 17:50:34.763 E/APM_AudioPolicyManager( 1720): is outpt stream1 1, curStream 10
09-19 17:50:34.763 E/APM_AudioPolicyManager( 1720): is outpt stream1 1, curStream 11
09-19 17:50:34.763 E/APM_AudioPolicyManager( 1720): mOutputs.size() 1
09-19 17:50:34.764 E/APM_AudioPolicyManager( 1720): device 1024, popcount(device)1
09-19 17:50:34.764 E/APM_AudioPolicyManager( 1720): get curStream 0, curDevice 1024
09-19 17:50:34.764 E/APM_AudioPolicyManager( 1720): 5 outpt stream1 0, curStream 0
09-19 17:50:34.764 E/APM_AudioPolicyManager( 1720): is outpt stream1 0, curStream 1
09-19 17:50:34.764 E/APM_AudioPolicyManager( 1720): is outpt stream1 0, curStream 2
09-19 17:50:34.764 E/APM_AudioPolicyManager( 1720): is outpt stream1 0, curStream 3
09-19 17:50:34.764 E/APM_AudioPolicyManager( 1720): is outpt stream1 0, curStream 4
09-19 17:50:34.764 E/APM_AudioPolicyManager( 1720): is outpt stream1 0, curStream 5
09-19 17:50:34.764 E/APM_AudioPolicyManager( 1720): is outpt stream1 0, curStream 6
09-19 17:50:34.764 E/APM_AudioPolicyManager( 1720): is outpt stream1 0, curStream 7
09-19 17:50:34.764 E/APM_AudioPolicyManager( 1720): is outpt stream1 0, curStream 8
09-19 17:50:34.764 E/APM_AudioPolicyManager( 1720): is outpt stream1 0, curStream 9
09-19 17:50:34.764 E/APM_AudioPolicyManager( 1720): is outpt stream1 0, curStream 10
09-19 17:50:34.764 E/APM_AudioPolicyManager( 1720): is outpt stream1 0, curStream 11
09-19 17:50:34.764 I/vol.Events( 2765): writeEvent level_changed STREAM_MUSIC 21
09-19 17:50:34.764 I/vol.Events( 2765): writeEvent key STREAM_MUSIC 21
09-19 17:50:34.781 D/WindowManager( 2130): interceptKeyTi keyCode=24 down=true repeatCount=9 keyguardOn=false mHomePressed=false canceled=false
09-19 17:50:34.781 D/WindowManager( 2130): interceptKeyTp result=0
09-19 17:50:34.782 D/RemoteIME( 2728): keycode: 24, realAction: true
09-19 17:50:34.783 D/key-event( 3313): dispatchKeyEvent: KeyEvent { action=ACTION_DOWN, keyCode=KEYCODE_VOLUME_UP, scanCode=115, metaState=0, flags=0x8, repeatCount=9, eventTime=1896639, downTime=1895735, deviceId=4, source=0x701 }
09-19 17:50:34.783 D/key-event( 3313): onKeyDown: 0
09-19 17:50:34.783 I/key-event( 3313): action=0 keyCode=24 s_lock= mNum=+
09-19 17:50:34.784 D/AudioService( 2130): adjustSuggestedStreamVolume() stream=-2147483648, flags=4113, caller=MediaSessionService
09-19 17:50:34.784 D/AudioService( 2130): adjustStreamVolume() stream=3, dir=1, flags=4113, caller=MediaSessionService
09-19 17:50:34.804 E/APM_AudioPolicyManager( 1720): mOutputs.size() 1
09-19 17:50:34.804 E/APM_AudioPolicyManager( 1720): device 1024, popcount(device)1
09-19 17:50:34.804 E/APM_AudioPolicyManager( 1720): is outpt stream1 3, curStream 0
09-19 17:50:34.804 E/APM_AudioPolicyManager( 1720): is outpt stream1 3, curStream 1
09-19 17:50:34.804 E/APM_AudioPolicyManager( 1720): is outpt stream1 3, curStream 2
09-19 17:50:34.804 E/APM_AudioPolicyManager( 1720): get curStream 3, curDevice 1024
09-19 17:50:34.804 E/APM_AudioPolicyManager( 1720): curStrategy 0
09-19 17:50:34.804 E/APM_AudioPolicyManager( 1720): curStreamDevice 1024
09-19 17:50:34.804 E/APM_AudioPolicyManager( 1720): applyDefault 0, curDevice 1024, curStreamDevice 1024
09-19 17:50:34.804 E/APM_AudioPolicyManager( 1720): checkAndSetVolume stream 3,index 22,device 1024
09-19 17:50:34.804 E/APM_AudioPolicyManager( 1720): device 1024, popcount(device)1
09-19 17:50:34.804 V/APM::AudioOutputDescriptor( 1720): setVolume() for stream 3, volume -13.151500, delay 0
09-19 17:50:34.804 E/APM::AudioOutputDescriptor( 1720): changed 1
09-19 17:50:34.805 E/AudioFlinger( 1720): mAudioHwDevs.size() is 6
09-19 17:50:34.805 D/AudioFlinger( 1720): setStreamVolume by set_master_volume
09-19 17:50:34.805 D/audio_hal( 1720): adev_set_master_volume: set vol Master[22]
09-19 17:50:34.806 D/KeyLayoutMap( 2130): gc: scanCode=115, usageCode=0x00000000 
09-19 17:50:34.806 E/KeyLayoutMap( 2130): gc: index = 109
09-19 17:50:34.806 D/KeyLayoutMap( 2130): gc: scanCode index =109
09-19 17:50:34.806 D/KeyLayoutMap( 2130): mapKey: scanCode=115, usageCode=0x00000000 ~ Result keyCode=24, outFlags=0x00000000.
09-19 17:50:34.806 D/WindowManager( 2130): interceptKeyTq keycode=24 interactive=true keyguardActive=false policyFlags=22000000
09-19 17:50:34.806 D/WindowManager( 2130): interceptKeyTq result=1
09-19 17:50:34.806 D/WindowManager( 2130): interceptKeyTi keyCode=24 down=false repeatCount=0 keyguardOn=false mHomePressed=false canceled=false
09-19 17:50:34.806 D/WindowManager( 2130): interceptKeyTp result=0
09-19 17:50:34.807 D/RemoteIME( 2728): keycode: 24, realAction: true
09-19 17:50:34.807 D/key-event( 3313): dispatchKeyEvent: KeyEvent { action=ACTION_UP, keyCode=KEYCODE_VOLUME_UP, scanCode=115, metaState=0, flags=0x8, repeatCount=0, eventTime=1896664, downTime=1895735, deviceId=4, source=0x701 }
09-19 17:50:34.808 D/AudioService( 2130): adjustSuggestedStreamVolume() stream=-2147483648, flags=4116, caller=MediaSessionService
09-19 17:50:34.808 D/audio_hal( 1720): adev_set_master_volume: set vol Master[22]
09-19 17:50:34.808 D/AudioFlinger( 1720): setStreamVolume by set_master_volume
09-19 17:50:34.808 D/AudioService( 2130): adjustStreamVolume() stream=3, dir=0, flags=4112, caller=MediaSessionService
09-19 17:50:34.808 D/AudioFlinger( 1720): setStreamVolume by set_master_volume
09-19 17:50:34.808 D/AudioFlinger( 1720): setStreamVolume by set_master_volume
09-19 17:50:34.808 D/AudioFlinger( 1720): setStreamVolume by set_master_volume
09-19 17:50:34.808 D/AudioFlinger( 1720): setStreamVolume by set_master_volume
09-19 17:50:34.808 E/APM_AudioPolicyManager( 1720): is outpt stream1 3, curStream 4
09-19 17:50:34.808 E/APM_AudioPolicyManager( 1720): is outpt stream1 3, curStream 5
09-19 17:50:34.808 E/APM_AudioPolicyManager( 1720): is outpt stream1 3, curStream 6
09-19 17:50:34.808 E/APM_AudioPolicyManager( 1720): is outpt stream1 3, curStream 7
09-19 17:50:34.808 E/APM_AudioPolicyManager( 1720): is outpt stream1 3, curStream 8
09-19 17:50:34.808 E/APM_AudioPolicyManager( 1720): is outpt stream1 3, curStream 9
09-19 17:50:34.808 E/APM_AudioPolicyManager( 1720): get curStream 10, curDevice 1024
09-19 17:50:34.808 E/APM_AudioPolicyManager( 1720): 5 outpt stream1 3, curStream 10
09-19 17:50:34.808 E/APM_AudioPolicyManager( 1720): is outpt stream1 3, curStream 11
09-19 17:50:34.811 E/APM_AudioPolicyManager( 1720): mOutputs.size() 1
09-19 17:50:34.811 E/APM_AudioPolicyManager( 1720): device 1024, popcount(device)1
09-19 17:50:34.811 E/APM_AudioPolicyManager( 1720): is outpt stream1 9, curStream 0
09-19 17:50:34.811 E/APM_AudioPolicyManager( 1720): is outpt stream1 9, curStream 1
09-19 17:50:34.811 E/APM_AudioPolicyManager( 1720): is outpt stream1 9, curStream 2
09-19 17:50:34.811 E/APM_AudioPolicyManager( 1720): is outpt stream1 9, curStream 3
09-19 17:50:34.811 E/APM_AudioPolicyManager( 1720): is outpt stream1 9, curStream 4
09-19 17:50:34.811 E/APM_AudioPolicyManager( 1720): is outpt stream1 9, curStream 5
09-19 17:50:34.811 E/APM_AudioPolicyManager( 1720): is outpt stream1 9, curStream 6
09-19 17:50:34.811 E/APM_AudioPolicyManager( 1720): is outpt stream1 9, curStream 7
09-19 17:50:34.811 E/APM_AudioPolicyManager( 1720): is outpt stream1 9, curStream 8
09-19 17:50:34.811 E/APM_AudioPolicyManager( 1720): get curStream 9, curDevice 1024
09-19 17:50:34.811 E/APM_AudioPolicyManager( 1720): 5 outpt stream1 9, curStream 9
09-19 17:50:34.811 E/APM_AudioPolicyManager( 1720): is outpt stream1 9, curStream 10
09-19 17:50:34.811 E/APM_AudioPolicyManager( 1720): is outpt stream1 9, curStream 11
09-19 17:50:34.812 E/APM_AudioPolicyManager( 1720): mOutputs.size() 1
09-19 17:50:34.812 E/APM_AudioPolicyManager( 1720): device 1024, popcount(device)1
09-19 17:50:34.812 E/APM_AudioPolicyManager( 1720): is outpt stream1 8, curStream 0
09-19 17:50:34.812 E/APM_AudioPolicyManager( 1720): is outpt stream1 8, curStream 1
09-19 17:50:34.812 E/APM_AudioPolicyManager( 1720): is outpt stream1 8, curStream 2
09-19 17:50:34.812 E/APM_AudioPolicyManager( 1720): is outpt stream1 8, curStream 3
09-19 17:50:34.812 E/APM_AudioPolicyManager( 1720): is outpt stream1 8, curStream 4
09-19 17:50:34.812 E/APM_AudioPolicyManager( 1720): is outpt stream1 8, curStream 5
09-19 17:50:34.812 E/APM_AudioPolicyManager( 1720): is outpt stream1 8, curStream 6
09-19 17:50:34.812 E/APM_AudioPolicyManager( 1720): is outpt stream1 8, curStream 7
09-19 17:50:34.812 E/APM_AudioPolicyManager( 1720): get curStream 8, curDevice 1024
09-19 17:50:34.812 E/APM_AudioPolicyManager( 1720): 5 outpt stream1 8, curStream 8
09-19 17:50:34.812 E/APM_AudioPolicyManager( 1720): is outpt stream1 8, curStream 9
09-19 17:50:34.812 E/APM_AudioPolicyManager( 1720): is outpt stream1 8, curStream 10
09-19 17:50:34.812 E/APM_AudioPolicyManager( 1720): is outpt stream1 8, curStream 11
09-19 17:50:34.812 E/APM_AudioPolicyManager( 1720): mOutputs.size() 1
09-19 17:50:34.812 E/APM_AudioPolicyManager( 1720): device 1024, popcount(device)1
09-19 17:50:34.812 E/APM_AudioPolicyManager( 1720): is outpt stream1 7, curStream 0
09-19 17:50:34.812 E/APM_AudioPolicyManager( 1720): is outpt stream1 7, curStream 1
09-19 17:50:34.812 E/APM_AudioPolicyManager( 1720): is outpt stream1 7, curStream 2
09-19 17:50:34.812 E/APM_AudioPolicyManager( 1720): is outpt stream1 7, curStream 3
09-19 17:50:34.812 E/APM_AudioPolicyManager( 1720): is outpt stream1 7, curStream 4
09-19 17:50:34.812 E/APM_AudioPolicyManager( 1720): is outpt stream1 7, curStream 5
09-19 17:50:34.812 E/APM_AudioPolicyManager( 1720): is outpt stream1 7, curStream 6
09-19 17:50:34.812 E/APM_AudioPolicyManager( 1720): get curStream 7, curDevice 1024
09-19 17:50:34.812 E/APM_AudioPolicyManager( 1720): 5 outpt stream1 7, curStream 7
09-19 17:50:34.812 E/APM_AudioPolicyManager( 1720): is outpt stream1 7, curStream 8
09-19 17:50:34.812 E/APM_AudioPolicyManager( 1720): is outpt stream1 7, curStream 9
09-19 17:50:34.812 E/APM_AudioPolicyManager( 1720): is outpt stream1 7, curStream 10
09-19 17:50:34.812 E/APM_AudioPolicyManager( 1720): is outpt stream1 7, curStream 11
09-19 17:50:34.813 E/APM_AudioPolicyManager( 1720): mOutputs.size() 1
09-19 17:50:34.813 E/APM_AudioPolicyManager( 1720): device 1024, popcount(device)1
09-19 17:50:34.813 E/APM_AudioPolicyManager( 1720): is outpt stream1 6, curStream 0
09-19 17:50:34.813 E/APM_AudioPolicyManager( 1720): is outpt stream1 6, curStream 1
09-19 17:50:34.813 E/APM_AudioPolicyManager( 1720): is outpt stream1 6, curStream 2
09-19 17:50:34.813 E/APM_AudioPolicyManager( 1720): is outpt stream1 6, curStream 3
09-19 17:50:34.813 E/APM_AudioPolicyManager( 1720): is outpt stream1 6, curStream 4
09-19 17:50:34.813 E/APM_AudioPolicyManager( 1720): is outpt stream1 6, curStream 5
09-19 17:50:34.813 E/APM_AudioPolicyManager( 1720): get curStream 6, curDevice 1024
09-19 17:50:34.813 E/APM_AudioPolicyManager( 1720): 5 outpt stream1 6, curStream 6
09-19 17:50:34.813 E/APM_AudioPolicyManager( 1720): is outpt stream1 6, curStream 7
09-19 17:50:34.813 E/APM_AudioPolicyManager( 1720): is outpt stream1 6, curStream 8
09-19 17:50:34.813 E/APM_AudioPolicyManager( 1720): is outpt stream1 6, curStream 9
09-19 17:50:34.813 E/APM_AudioPolicyManager( 1720): is outpt stream1 6, curStream 10
09-19 17:50:34.813 E/APM_AudioPolicyManager( 1720): is outpt stream1 6, curStream 11
09-19 17:50:34.813 E/APM_AudioPolicyManager( 1720): mOutputs.size() 1
09-19 17:50:34.813 E/APM_AudioPolicyManager( 1720): device 1024, popcount(device)1
09-19 17:50:34.813 E/APM_AudioPolicyManager( 1720): is outpt stream1 5, curStream 0
09-19 17:50:34.813 E/APM_AudioPolicyManager( 1720): is outpt stream1 5, curStream 1
09-19 17:50:34.813 E/APM_AudioPolicyManager( 1720): is outpt stream1 5, curStream 2
09-19 17:50:34.813 E/APM_AudioPolicyManager( 1720): is outpt stream1 5, curStream 3
09-19 17:50:34.813 E/APM_AudioPolicyManager( 1720): is outpt stream1 5, curStream 4
09-19 17:50:34.813 E/APM_AudioPolicyManager( 1720): get curStream 5, curDevice 1024
09-19 17:50:34.813 E/APM_AudioPolicyManager( 1720): 5 outpt stream1 5, curStream 5
09-19 17:50:34.813 E/APM_AudioPolicyManager( 1720): is outpt stream1 5, curStream 6
09-19 17:50:34.813 E/APM_AudioPolicyManager( 1720): is outpt stream1 5, curStream 7
09-19 17:50:34.813 E/APM_AudioPolicyManager( 1720): is outpt stream1 5, curStream 8
09-19 17:50:34.813 E/APM_AudioPolicyManager( 1720): is outpt stream1 5, curStream 9
09-19 17:50:34.813 E/APM_AudioPolicyManager( 1720): is outpt stream1 5, curStream 10
09-19 17:50:34.813 E/APM_AudioPolicyManager( 1720): is outpt stream1 5, curStream 11
09-19 17:50:34.813 E/APM_AudioPolicyManager( 1720): mOutputs.size() 1
09-19 17:50:34.813 E/APM_AudioPolicyManager( 1720): device 1024, popcount(device)1
09-19 17:50:34.813 E/APM_AudioPolicyManager( 1720): is outpt stream1 4, curStream 0
09-19 17:50:34.813 E/APM_AudioPolicyManager( 1720): is outpt stream1 4, curStream 1
09-19 17:50:34.813 E/APM_AudioPolicyManager( 1720): is outpt stream1 4, curStream 2
09-19 17:50:34.813 E/APM_AudioPolicyManager( 1720): is outpt stream1 4, curStream 3
09-19 17:50:34.814 E/APM_AudioPolicyManager( 1720): get curStream 4, curDevice 1024
09-19 17:50:34.814 E/APM_AudioPolicyManager( 1720): 5 outpt stream1 4, curStream 4
09-19 17:50:34.814 E/APM_AudioPolicyManager( 1720): is outpt stream1 4, curStream 5
09-19 17:50:34.814 E/APM_AudioPolicyManager( 1720): is outpt stream1 4, curStream 6
09-19 17:50:34.814 E/APM_AudioPolicyManager( 1720): is outpt stream1 4, curStream 7
09-19 17:50:34.814 E/APM_AudioPolicyManager( 1720): is outpt stream1 4, curStream 8
09-19 17:50:34.814 E/APM_AudioPolicyManager( 1720): is outpt stream1 4, curStream 9
09-19 17:50:34.814 E/APM_AudioPolicyManager( 1720): is outpt stream1 4, curStream 10
09-19 17:50:34.814 E/APM_AudioPolicyManager( 1720): is outpt stream1 4, curStream 11
09-19 17:50:34.814 E/APM_AudioPolicyManager( 1720): mOutputs.size() 1
09-19 17:50:34.814 E/APM_AudioPolicyManager( 1720): device 1024, popcount(device)1
09-19 17:50:34.814 E/APM_AudioPolicyManager( 1720): is outpt stream1 2, curStream 0
09-19 17:50:34.814 E/APM_AudioPolicyManager( 1720): is outpt stream1 2, curStream 1
09-19 17:50:34.814 E/APM_AudioPolicyManager( 1720): get curStream 2, curDevice 1024
09-19 17:50:34.814 E/APM_AudioPolicyManager( 1720): 5 outpt stream1 2, curStream 2
09-19 17:50:34.814 E/APM_AudioPolicyManager( 1720): is outpt stream1 2, curStream 3
09-19 17:50:34.814 E/APM_AudioPolicyManager( 1720): is outpt stream1 2, curStream 4
09-19 17:50:34.814 E/APM_AudioPolicyManager( 1720): is outpt stream1 2, curStream 5
09-19 17:50:34.814 E/APM_AudioPolicyManager( 1720): is outpt stream1 2, curStream 6
09-19 17:50:34.814 E/APM_AudioPolicyManager( 1720): is outpt stream1 2, curStream 7
09-19 17:50:34.814 E/APM_AudioPolicyManager( 1720): is outpt stream1 2, curStream 8
09-19 17:50:34.814 E/APM_AudioPolicyManager( 1720): is outpt stream1 2, curStream 9
09-19 17:50:34.814 E/APM_AudioPolicyManager( 1720): is outpt stream1 2, curStream 10
09-19 17:50:34.814 E/APM_AudioPolicyManager( 1720): is outpt stream1 2, curStream 11
09-19 17:50:34.814 E/APM_AudioPolicyManager( 1720): mOutputs.size() 1
09-19 17:50:34.815 E/APM_AudioPolicyManager( 1720): device 1024, popcount(device)1
09-19 17:50:34.815 E/APM_AudioPolicyManager( 1720): is outpt stream1 1, curStream 0
09-19 17:50:34.815 E/APM_AudioPolicyManager( 1720): get curStream 1, curDevice 1024
09-19 17:50:34.815 E/APM_AudioPolicyManager( 1720): 5 outpt stream1 1, curStream 1
09-19 17:50:34.815 E/APM_AudioPolicyManager( 1720): is outpt stream1 1, curStream 2
09-19 17:50:34.815 E/APM_AudioPolicyManager( 1720): is outpt stream1 1, curStream 3
09-19 17:50:34.815 E/APM_AudioPolicyManager( 1720): is outpt stream1 1, curStream 4
09-19 17:50:34.815 E/APM_AudioPolicyManager( 1720): is outpt stream1 1, curStream 5
09-19 17:50:34.815 E/APM_AudioPolicyManager( 1720): is outpt stream1 1, curStream 6
09-19 17:50:34.815 E/APM_AudioPolicyManager( 1720): is outpt stream1 1, curStream 7
09-19 17:50:34.815 E/APM_AudioPolicyManager( 1720): is outpt stream1 1, curStream 8
09-19 17:50:34.815 E/APM_AudioPolicyManager( 1720): is outpt stream1 1, curStream 9
09-19 17:50:34.815 E/APM_AudioPolicyManager( 1720): is outpt stream1 1, curStream 10
09-19 17:50:34.815 E/APM_AudioPolicyManager( 1720): is outpt stream1 1, curStream 11
09-19 17:50:34.815 E/APM_AudioPolicyManager( 1720): mOutputs.size() 1
09-19 17:50:34.815 E/APM_AudioPolicyManager( 1720): device 1024, popcount(device)1
09-19 17:50:34.815 E/APM_AudioPolicyManager( 1720): get curStream 0, curDevice 1024
09-19 17:50:34.815 E/APM_AudioPolicyManager( 1720): 5 outpt stream1 0, curStream 0
09-19 17:50:34.815 E/APM_AudioPolicyManager( 1720): is outpt stream1 0, curStream 1
09-19 17:50:34.815 E/APM_AudioPolicyManager( 1720): is outpt stream1 0, curStream 2
09-19 17:50:34.815 E/APM_AudioPolicyManager( 1720): is outpt stream1 0, curStream 3
09-19 17:50:34.815 E/APM_AudioPolicyManager( 1720): is outpt stream1 0, curStream 4
09-19 17:50:34.815 E/APM_AudioPolicyManager( 1720): is outpt stream1 0, curStream 5
09-19 17:50:34.815 E/APM_AudioPolicyManager( 1720): is outpt stream1 0, curStream 6
09-19 17:50:34.815 E/APM_AudioPolicyManager( 1720): is outpt stream1 0, curStream 7
09-19 17:50:34.815 E/APM_AudioPolicyManager( 1720): is outpt stream1 0, curStream 8
09-19 17:50:34.815 E/APM_AudioPolicyManager( 1720): is outpt stream1 0, curStream 9
09-19 17:50:34.816 E/APM_AudioPolicyManager( 1720): is outpt stream1 0, curStream 10
09-19 17:50:34.816 E/APM_AudioPolicyManager( 1720): is outpt stream1 0, curStream 11
09-19 17:50:34.816 I/vol.Events( 2765): writeEvent level_changed STREAM_MUSIC 22
09-19 17:50:34.817 I/vol.Events( 2765): writeEvent key STREAM_MUSIC 22
09-19 17:50:35.482 I/turen   ( 3215): [R2][00:31:13.024] [R2AsrParser.cpp       66] ☘   (ID-0) xiao sheng , 
09-19 17:50:35.548 I/turen   ( 3215): [R2][00:31:13.088] [R2AsrParser.cpp       66] ☘   (ID-0) xiao sheng yin , 
09-19 17:50:35.866 I/turen   ( 3215): [R2][00:31:13.408] [R2AsrParser.cpp       66] ☘   (ID-0) xiao sheng yin biao si , 
09-19 17:50:35.991 I/turen   ( 3215): [R2][00:31:13.536] [R2AsrParser.cpp       66] ☘   (ID-0) xiao sheng yin biao si pin , 
09-19 17:50:36.165 I/BluetoothAvrcpControllerJni( 2714): btavrcp_play_position_changed_callback
09-19 17:50:36.166 D/AvrcpControllerService( 2714): onPlayPositionChanged 
09-19 17:50:36.166 D/AvrcpControllerService( 2714):  HandleMessage: CB_PLAY_POS_CHANGED Remote Connected true
09-19 17:50:36.166 D/A2dpSinkService( 2714): getA2dpSinkService(): returning com.android.bluetooth.a2dpsink.A2dpSinkService@25545cb
09-19 17:50:36.166 D/AvrcpControllerService( 2714):  broadcastPlayBackStateChanged = PlaybackState {state=3, position=27297, buffered position=0, speed=1.0, updated=1898024, actions=0, custom actions=[], active item id=-1, error=null}
09-19 17:50:36.167 E/ActivityManager( 2130): Sending non-protected broadcast android.bluetooth.avrcp-controller.profile.action.TRACK_EVENT from system 2714:com.android.bluetooth/1002 pkg com.android.bluetooth
09-19 17:50:36.167 E/ActivityManager( 2130): java.lang.Throwable
09-19 17:50:36.167 E/ActivityManager( 2130):    at com.android.server.am.ActivityManagerService.broadcastIntentLocked(ActivityManagerService.java:17989)
09-19 17:50:36.167 E/ActivityManager( 2130):    at com.android.server.am.ActivityManagerService.broadcastIntent(ActivityManagerService.java:18555)
09-19 17:50:36.167 E/ActivityManager( 2130):    at android.app.ActivityManagerNative.onTransact(ActivityManagerNative.java:499)
09-19 17:50:36.167 E/ActivityManager( 2130):    at com.android.server.am.ActivityManagerService.onTransact(ActivityManagerService.java:2861)
09-19 17:50:36.167 E/ActivityManager( 2130):    at android.os.Binder.execTransact(Binder.java:565)
09-19 17:50:36.180 D/A2dpMediaBrowserService( 2714): onReceive intent=Intent { act=android.bluetooth.avrcp-controller.profile.action.TRACK_EVENT flg=0x10 (has extras) }
09-19 17:50:36.180 D/A2dpMediaBrowserService( 2714): msgTrack: playback: PlaybackState {state=3, position=27297, buffered position=0, speed=1.0, updated=1898024, actions=0, custom actions=[], active item id=-1, error=null} mmd: null
09-19 17:50:36.182 D/A2dpMediaBrowserService( 2714): prevPS PlaybackState {state=3, position=27333, buffered position=0, speed=1.0, updated=1898039, actions=54, custom actions=[], active item id=-1, error=null}
09-19 17:50:36.182 D/A2dpMediaBrowserService( 2714): prev MM title 抚仙湖 track len 280387
09-19 17:50:36.182 D/A2dpMediaBrowserService( 2714): msgTrack() playbackstate PlaybackState {state=3, position=27297, buffered position=0, speed=1.0, updated=1898024, actions=0, custom actions=[], active item id=-1, error=null}
09-19 17:50:36.249 I/turen   ( 3215): [R2][00:31:13.792] [R2AsrParser.cpp       66] ☘   (ID-0) xiao sheng yin biao si pin shen , 
09-19 17:50:36.318 I/turen   ( 3215): [R2][00:31:13.856] [R2AsrParser.cpp       66] ☘   (ID-0) xiao sheng yin biao si pin shen me , 
09-19 17:50:36.325 I/vol.Events( 2765): writeEvent dismiss_dialog timeout
09-19 17:50:36.326 D/AudioService( 2130): Volume controller visible: false
09-19 17:50:36.326 I/vol.Events( 2765): writeEvent active_stream_changed UNKNOWN_STREAM_-1
09-19 17:50:36.650 I/WindowManager( 2130): Destroying surface Surface(name=SurfaceView - VolumeDialog) called by com.android.server.wm.WindowStateAnimator.destroyDeferredSurfaceLocked:910 com.android.server.wm.WindowManagerService.performDeferredDestroyWindow:3118 com.android.server.wm.Session.performDeferredDestroy:225 android.view.IWindowSession$Stub.onTransact:398 com.android.server.wm.Session.onTransact:136 android.os.Binder.execTransact:565 <bottom of call stack> <bottom of call stack> 
09-19 17:50:36.665 W/ResourceType( 2130): Invalid package identifier when getting bag for resource number 0xffffffff
09-19 17:50:36.666 I/WindowManager( 2130): Destroying surface Surface(name=VolumeDialog) called by com.android.server.wm.WindowStateAnimator.destroySurface:2014 com.android.server.wm.WindowStateAnimator.destroySurfaceLocked:881 com.android.server.wm.WindowState.removeLocked:1449 com.android.server.wm.WindowManagerService.removeWindowInnerLocked:2482 com.android.server.wm.WindowManagerService.removeWindowLocked:2440 com.android.server.wm.WindowManagerService.removeWindowLocked:2309 com.android.server.wm.WindowManagerService.removeWindow:2304 com.android.server.wm.Session.remove:193 
09-19 17:50:36.758 I/turen   ( 3215): [R2][00:31:14.304] [R2AsrParser.cpp       66] ☘   (ID-0) xiao sheng yin biao si pin shen me nao zhe , 
09-19 17:50:36.890 I/turen   ( 3215): [R2][00:31:14.432] [R2AsrParser.cpp       66] ☘   (ID-0) xiao sheng yin biao si pin shen me nao zhe li , 
09-19 17:50:37.091 I/turen   ( 3215): [R2][00:31:14.624] [R2AsrParser.cpp       66] ☘   (ID-0) xiao sheng yin biao si pin shen me nao zhe li zhe , 
09-19 17:50:37.216 I/turen   ( 3215): [R2][00:31:14.752] [R2AsrParser.cpp       66] ☘   (ID-0) xiao sheng yin biao si pin shen me nao zhe li zhe diu , 
09-19 17:50:37.408 I/turen   ( 3215): [R2][00:31:14.944] [R2AsrParser.cpp       66] ☘   (ID-0) xiao sheng yin biao si pin shen me nao zhe li zhe diu cheng , 
09-19 17:50:37.536 I/turen   ( 3215): [R2][00:31:15.072] [R2AsrParser.cpp       66] ☘   (ID-0) xiao sheng yin biao si pin shen me nao zhe li zhe diu cheng ma , 
09-19 17:50:37.829 I/SPProvider( 3700): call uriPrefix: content://com.ktcp.tvvideo.REMOTE_SHARED_PREFERENCE, method: get
09-19 17:50:37.921 I/turen   ( 3215): [R2][00:31:15.456] [R2AsrParser.cpp       66] ☘   (ID-0) xiao sheng yin biao si pin shen me nao zhe li zhe diu cheng ma luo , 
09-19 17:50:38.123 I/turen   ( 3215): [R2][00:31:15.648] [R2AsrParser.cpp       66] ☘   (ID-0) xiao sheng yin biao si pin shen me nao zhe li zhe diu cheng ma luo ji , 
09-19 17:50:38.150 I/BluetoothAvrcpControllerJni( 2714): btavrcp_play_position_changed_callback
09-19 17:50:38.150 D/AvrcpControllerService( 2714): onPlayPositionChanged 
09-19 17:50:38.151 D/AvrcpControllerService( 2714):  HandleMessage: CB_PLAY_POS_CHANGED Remote Connected true
09-19 17:50:38.151 D/A2dpSinkService( 2714): getA2dpSinkService(): returning com.android.bluetooth.a2dpsink.A2dpSinkService@25545cb
09-19 17:50:38.152 D/AvrcpControllerService( 2714):  broadcastPlayBackStateChanged = PlaybackState {state=3, position=29303, buffered position=0, speed=1.0, updated=1900010, actions=0, custom actions=[], active item id=-1, error=null}
09-19 17:50:38.153 E/ActivityManager( 2130): Sending non-protected broadcast android.bluetooth.avrcp-controller.profile.action.TRACK_EVENT from system 2714:com.android.bluetooth/1002 pkg com.android.bluetooth
09-19 17:50:38.153 E/ActivityManager( 2130): java.lang.Throwable
09-19 17:50:38.153 E/ActivityManager( 2130):    at com.android.server.am.ActivityManagerService.broadcastIntentLocked(ActivityManagerService.java:17989)
09-19 17:50:38.153 E/ActivityManager( 2130):    at com.android.server.am.ActivityManagerService.broadcastIntent(ActivityManagerService.java:18555)
09-19 17:50:38.153 E/ActivityManager( 2130):    at android.app.ActivityManagerNative.onTransact(ActivityManagerNative.java:499)
09-19 17:50:38.153 E/ActivityManager( 2130):    at com.android.server.am.ActivityManagerService.onTransact(ActivityManagerService.java:2861)
09-19 17:50:38.153 E/ActivityManager( 2130):    at android.os.Binder.execTransact(Binder.java:565)
09-19 17:50:38.162 D/A2dpMediaBrowserService( 2714): onReceive intent=Intent { act=android.bluetooth.avrcp-controller.profile.action.TRACK_EVENT flg=0x10 (has extras) }
09-19 17:50:38.163 D/A2dpMediaBrowserService( 2714): msgTrack: playback: PlaybackState {state=3, position=29303, buffered position=0, speed=1.0, updated=1900010, actions=0, custom actions=[], active item id=-1, error=null} mmd: null
09-19 17:50:38.164 D/A2dpMediaBrowserService( 2714): prevPS PlaybackState {state=3, position=29294, buffered position=0, speed=1.0, updated=1900021, actions=54, custom actions=[], active item id=-1, error=null}
09-19 17:50:38.164 D/A2dpMediaBrowserService( 2714): prev MM title 抚仙湖 track len 280387
09-19 17:50:38.164 D/A2dpMediaBrowserService( 2714): msgTrack() playbackstate PlaybackState {state=3, position=29303, buffered position=0, speed=1.0, updated=1900010, actions=0, custom actions=[], active item id=-1, error=null}
09-19 17:50:38.247 I/turen   ( 3215): [R2][00:31:15.776] [R2AsrParser.cpp       66] ☘   (ID-0) xiao sheng yin biao si pin shen me nao zhe li zhe diu cheng ma luo ji zhao , 
09-19 17:50:38.373 I/turen   ( 3215): [R2][00:31:15.904] [R2AsrParser.cpp       66] ☘   (ID-0) xiao sheng yin biao si pin shen me nao zhe li zhe diu cheng ma luo ji zhao ban , 
09-19 17:50:38.613 I/turen   ( 3215): [R2][00:31:16.160] [R2AsrParser.cpp       66] ☘   (ID-0) xiao sheng yin biao si pin shen me nao zhe li zhe diu cheng ma luo ji zhao ban ma , 
09-19 17:50:38.697 I/turen   ( 3215): [R2][00:31:16.224] [R2AsrParser.cpp       66] ☘   (ID-0) xiao sheng yin biao si pin shen me nao zhe li zhe diu cheng ma luo ji zhao ban ma jiu , 
09-19 17:50:38.903 I/turen   ( 3215): [R2][00:31:16.416] [R2AsrParser.cpp       66] ☘   (ID-0) xiao sheng yin biao si pin shen me nao zhe li zhe diu cheng ma luo ji zhao ban ma jiu fei , 
09-19 17:50:39.010 I/turen   ( 3215): [R2][00:31:16.544] [R2AsrParser.cpp       66] ☘   (ID-0) xiao sheng yin biao si pin shen me nao zhe li zhe diu cheng ma luo ji zhao ban ma jiu fei yu , 
09-19 17:50:39.082 I/turen   ( 3215): [R2][00:31:16.608] [R2AsrParser.cpp       66] ☘   (ID-0) xiao sheng yin biao si pin shen me nao zhe li zhe diu cheng ma luo ji zhao ban ma jiu fei yu jiu , 
09-19 17:50:39.239 I/turen   ( 3215): [R2][00:31:16.736] [R2AsrParser.cpp       66] ☘   (ID-0) xiao sheng yin biao si pin shen me nao zhe li zhe diu cheng ma luo ji zhao ban ma jiu fei yu jiu fa , 
09-19 17:50:39.331 I/turen   ( 3215): [R2][00:31:16.864] [R2AsrParser.cpp       66] ☘   (ID-0) xiao sheng yin biao si pin shen me nao zhe li zhe diu cheng ma luo ji zhao ban ma jiu fei yu jiu fa yi , 
09-19 17:50:39.464 I/turen   ( 3215): [R2][00:31:16.992] [R2AsrParser.cpp       66] ☘   (ID-0) xiao sheng yin biao si pin shen me nao zhe li zhe diu cheng ma luo ji zhao ban ma jiu fei yu jiu fa yi lie , 
09-19 17:50:39.594 I/turen   ( 3215): [R2][00:31:16.992] [R2AsrParser.cpp       66] ☘   (ID-0) xiao sheng yin biao si pin shen me nao zhe li zhe diu cheng ma luo ji zhao ban ma jiu fei yu jiu fa yi lie zhao , 
09-19 17:50:39.597 I/turen   ( 3215): [R2][00:31:16.992] [R2AsrParser.cpp       66] ☘   (ID-0) xiao sheng yin biao si pin shen me nao zhe li zhe diu cheng ma luo ji zhao ban ma jiu fei yu jiu fa yi lie zhao , 
09-19 17:50:39.599 I/turen   ( 3215): [R2][00:31:16.992] [core/R2VbvCtc.cpp    439] ☘   [jihuoci] stop lines
09-19 17:50:40.160 I/BluetoothAvrcpControllerJni( 2714): btavrcp_play_position_changed_callback
09-19 17:50:40.161 D/AvrcpControllerService( 2714): onPlayPositionChanged 
09-19 17:50:40.163 D/AvrcpControllerService( 2714):  HandleMessage: CB_PLAY_POS_CHANGED Remote Connected true
09-19 17:50:40.164 D/A2dpSinkService( 2714): getA2dpSinkService(): returning com.android.bluetooth.a2dpsink.A2dpSinkService@25545cb
09-19 17:50:40.164 D/AvrcpControllerService( 2714):  broadcastPlayBackStateChanged = PlaybackState {state=3, position=31292, buffered position=0, speed=1.0, updated=1902022, actions=0, custom actions=[], active item id=-1, error=null}
09-19 17:50:40.167 E/ActivityManager( 2130): Sending non-protected broadcast android.bluetooth.avrcp-controller.profile.action.TRACK_EVENT from system 2714:com.android.bluetooth/1002 pkg com.android.bluetooth
09-19 17:50:40.167 E/ActivityManager( 2130): java.lang.Throwable
09-19 17:50:40.167 E/ActivityManager( 2130):    at com.android.server.am.ActivityManagerService.broadcastIntentLocked(ActivityManagerService.java:17989)
09-19 17:50:40.167 E/ActivityManager( 2130):    at com.android.server.am.ActivityManagerService.broadcastIntent(ActivityManagerService.java:18555)
09-19 17:50:40.167 E/ActivityManager( 2130):    at android.app.ActivityManagerNative.onTransact(ActivityManagerNative.java:499)
09-19 17:50:40.167 E/ActivityManager( 2130):    at com.android.server.am.ActivityManagerService.onTransact(ActivityManagerService.java:2861)
09-19 17:50:40.167 E/ActivityManager( 2130):    at android.os.Binder.execTransact(Binder.java:565)
09-19 17:50:40.176 D/A2dpMediaBrowserService( 2714): onReceive intent=Intent { act=android.bluetooth.avrcp-controller.profile.action.TRACK_EVENT flg=0x10 (has extras) }
09-19 17:50:40.177 D/A2dpMediaBrowserService( 2714): msgTrack: playback: PlaybackState {state=3, position=31292, buffered position=0, speed=1.0, updated=1902022, actions=0, custom actions=[], active item id=-1, error=null} mmd: null
09-19 17:50:40.178 D/A2dpMediaBrowserService( 2714): prevPS PlaybackState {state=3, position=31328, buffered position=0, speed=1.0, updated=1902035, actions=54, custom actions=[], active item id=-1, error=null}
09-19 17:50:40.178 D/A2dpMediaBrowserService( 2714): prev MM title 抚仙湖 track len 280387
09-19 17:50:40.178 D/A2dpMediaBrowserService( 2714): msgTrack() playbackstate PlaybackState {state=3, position=31292, buffered position=0, speed=1.0, updated=1902022, actions=0, custom actions=[], active item id=-1, error=null}
09-19 17:50:41.557 D/HiStatistic_netinfo( 3245): ------------------------HiStatistics--------------------------
09-19 17:50:41.559 D/HiStatistic_netinfo( 3245): postdata:uTcP5JuPguS7g2kz4N9ssLdO/NyrcV4GULzkm6Ge63o21r6FClivVIpkAmWMB2xE
09-19 17:50:41.559 D/HiStatistic_netinfo( 3245): obj.toString():{"id":"a97dcd63dbf646eab0a0f4a9a83aa1f2"}
09-19 17:50:41.638 D/HiStatistics_ConnectionThread( 3245): rev={"id":"dac1c163eace45c29a2b5dd9f7c75548","status":200}
09-19 17:50:41.638 D/HiStatistic_netinfo( 3245): url = http://tvbox.hinavi.net:8080/hmd-box/sys/beat ====  err =-1 result ={"id":"dac1c163eace45c29a2b5dd9f7c75548","status":200}
09-19 17:50:41.639 D/HiStatistics_MessageDispach( 3245): url=http://tvbox.hinavi.net:8080/hmd-box/sys/beat Success
09-19 17:50:41.639 I/HiStatistic_netinfo( 3245): BEAT_SUCCESS
09-19 17:50:42.184 I/BluetoothAvrcpControllerJni( 2714): btavrcp_play_position_changed_callback
09-19 17:50:42.184 D/AvrcpControllerService( 2714): onPlayPositionChanged 
09-19 17:50:42.186 D/AvrcpControllerService( 2714):  HandleMessage: CB_PLAY_POS_CHANGED Remote Connected true
09-19 17:50:42.186 D/A2dpSinkService( 2714): getA2dpSinkService(): returning com.android.bluetooth.a2dpsink.A2dpSinkService@25545cb
09-19 17:50:42.186 D/AvrcpControllerService( 2714):  broadcastPlayBackStateChanged = PlaybackState {state=3, position=33313, buffered position=0, speed=1.0, updated=1904044, actions=0, custom actions=[], active item id=-1, error=null}
09-19 17:50:42.188 E/ActivityManager( 2130): Sending non-protected broadcast android.bluetooth.avrcp-controller.profile.action.TRACK_EVENT from system 2714:com.android.bluetooth/1002 pkg com.android.bluetooth
09-19 17:50:42.188 E/ActivityManager( 2130): java.lang.Throwable
09-19 17:50:42.188 E/ActivityManager( 2130):    at com.android.server.am.ActivityManagerService.broadcastIntentLocked(ActivityManagerService.java:17989)
09-19 17:50:42.188 E/ActivityManager( 2130):    at com.android.server.am.ActivityManagerService.broadcastIntent(ActivityManagerService.java:18555)
09-19 17:50:42.188 E/ActivityManager( 2130):    at android.app.ActivityManagerNative.onTransact(ActivityManagerNative.java:499)
09-19 17:50:42.188 E/ActivityManager( 2130):    at com.android.server.am.ActivityManagerService.onTransact(ActivityManagerService.java:2861)
09-19 17:50:42.188 E/ActivityManager( 2130):    at android.os.Binder.execTransact(Binder.java:565)
09-19 17:50:42.197 D/A2dpMediaBrowserService( 2714): onReceive intent=Intent { act=android.bluetooth.avrcp-controller.profile.action.TRACK_EVENT flg=0x10 (has extras) }
09-19 17:50:42.198 D/A2dpMediaBrowserService( 2714): msgTrack: playback: PlaybackState {state=3, position=33313, buffered position=0, speed=1.0, updated=1904044, actions=0, custom actions=[], active item id=-1, error=null} mmd: null
09-19 17:50:42.199 D/A2dpMediaBrowserService( 2714): prevPS PlaybackState {state=3, position=33326, buffered position=0, speed=1.0, updated=1904056, actions=54, custom actions=[], active item id=-1, error=null}
09-19 17:50:42.199 D/A2dpMediaBrowserService( 2714): prev MM title 抚仙湖 track len 280387
09-19 17:50:42.199 D/A2dpMediaBrowserService( 2714): msgTrack() playbackstate PlaybackState {state=3, position=33313, buffered position=0, speed=1.0, updated=1904044, actions=0, custom actions=[], active item id=-1, error=null}
09-19 17:50:42.854 I/SPProvider( 3700): call uriPrefix: content://com.ktcp.tvvideo.REMOTE_SHARED_PREFERENCE, method: get
09-19 17:50:43.609 I/BluetoothAvrcpControllerJni( 2714): btavrcp_play_status_changed_callback
09-19 17:50:43.610 D/AvrcpControllerService( 2714): onPlayStatusChanged 2
09-19 17:50:43.611 D/AvrcpControllerService( 2714):  HandleMessage: CB_PLAY_STATUS_CHANGED Remote Connected true
09-19 17:50:43.611 D/A2dpSinkService( 2714): getA2dpSinkService(): returning com.android.bluetooth.a2dpsink.A2dpSinkService@25545cb
09-19 17:50:43.612 D/AvrcpControllerService( 2714):  broadcastPlayBackStateChanged = PlaybackState {state=2, position=33313, buffered position=0, speed=0.0, updated=1905470, actions=0, custom actions=[], active item id=-1, error=null}
09-19 17:50:43.612 D/A2dpSinkStateMachine( 2714): Connected process message: 304
09-19 17:50:43.613 D/A2dpSinkStreamingStateMachine.SRC_T_ACT_T( 2714):  process message: 5
09-19 17:50:43.613 D/AvrcpControllerService( 2714): getAvrcpControllerService(): returning com.android.bluetooth.avrcp.AvrcpControllerService@fae316
09-19 17:50:43.613 D/A2dpSinkStreamingStateMachine( 2714): stopAvrcpUpdates
09-19 17:50:43.615 E/ActivityManager( 2130): Sending non-protected broadcast android.bluetooth.avrcp-controller.profile.action.TRACK_EVENT from system 2714:com.android.bluetooth/1002 pkg com.android.bluetooth
09-19 17:50:43.615 E/ActivityManager( 2130): java.lang.Throwable
09-19 17:50:43.615 E/ActivityManager( 2130):    at com.android.server.am.ActivityManagerService.broadcastIntentLocked(ActivityManagerService.java:17989)
09-19 17:50:43.615 E/ActivityManager( 2130):    at com.android.server.am.ActivityManagerService.broadcastIntent(ActivityManagerService.java:18555)
09-19 17:50:43.615 E/ActivityManager( 2130):    at android.app.ActivityManagerNative.onTransact(ActivityManagerNative.java:499)
09-19 17:50:43.615 E/ActivityManager( 2130):    at com.android.server.am.ActivityManagerService.onTransact(ActivityManagerService.java:2861)
09-19 17:50:43.615 E/ActivityManager( 2130):    at android.os.Binder.execTransact(Binder.java:565)
09-19 17:50:43.616 I/MediaFocusControl( 2130):  AudioFocus  abandonAudioFocus() from uid/pid 1002/2714 clientId=android.media.AudioManager@74a7684com.android.bluetooth.a2dpsink.A2dpSinkStreamingStateMachine$1@9ab86e4
09-19 17:50:43.617 D/A2dpSinkStreamingStateMachine.SRC_T_ACT_F( 2714): Enter: 5
09-19 17:50:43.624 D/AvrcpControllerService( 2714):  HandleMessage: 201 Remote Connected true
09-19 17:50:43.624 D/A2dpSinkService( 2714): getA2dpSinkService(): returning com.android.bluetooth.a2dpsink.A2dpSinkService@25545cb
09-19 17:50:43.624 D/AvrcpControllerService( 2714):  broadcastPlayBackStateChanged = PlaybackState {state=2, position=33313, buffered position=0, speed=0.0, updated=1905482, actions=0, custom actions=[], active item id=-1, error=null}
09-19 17:50:43.625 D/A2dpMediaBrowserService( 2714): onReceive intent=Intent { act=android.bluetooth.avrcp-controller.profile.action.TRACK_EVENT flg=0x10 (has extras) }
09-19 17:50:43.625 D/A2dpMediaBrowserService( 2714): msgTrack: playback: PlaybackState {state=2, position=33313, buffered position=0, speed=0.0, updated=1905470, actions=0, custom actions=[], active item id=-1, error=null} mmd: null
09-19 17:50:43.626 E/ActivityManager( 2130): Sending non-protected broadcast android.bluetooth.avrcp-controller.profile.action.TRACK_EVENT from system 2714:com.android.bluetooth/1002 pkg com.android.bluetooth
09-19 17:50:43.626 E/ActivityManager( 2130): java.lang.Throwable
09-19 17:50:43.626 E/ActivityManager( 2130):    at com.android.server.am.ActivityManagerService.broadcastIntentLocked(ActivityManagerService.java:17989)
09-19 17:50:43.626 E/ActivityManager( 2130):    at com.android.server.am.ActivityManagerService.broadcastIntent(ActivityManagerService.java:18555)
09-19 17:50:43.626 E/ActivityManager( 2130):    at android.app.ActivityManagerNative.onTransact(ActivityManagerNative.java:499)
09-19 17:50:43.626 E/ActivityManager( 2130):    at com.android.server.am.ActivityManagerService.onTransact(ActivityManagerService.java:2861)
09-19 17:50:43.626 E/ActivityManager( 2130):    at android.os.Binder.execTransact(Binder.java:565)
09-19 17:50:43.627 D/A2dpMediaBrowserService( 2714): prevPS PlaybackState {state=3, position=34753, buffered position=0, speed=1.0, updated=1905484, actions=54, custom actions=[], active item id=-1, error=null}
09-19 17:50:43.627 D/A2dpMediaBrowserService( 2714): prev MM title 抚仙湖 track len 280387
09-19 17:50:43.627 D/A2dpMediaBrowserService( 2714): msgTrack() playbackstate PlaybackState {state=2, position=33313, buffered position=0, speed=0.0, updated=1905470, actions=0, custom actions=[], active item id=-1, error=null}
09-19 17:50:43.636 D/A2dpMediaBrowserService( 2714): onReceive intent=Intent { act=android.bluetooth.avrcp-controller.profile.action.TRACK_EVENT flg=0x10 (has extras) }
09-19 17:50:43.637 D/A2dpMediaBrowserService( 2714): msgTrack: playback: PlaybackState {state=2, position=33313, buffered position=0, speed=0.0, updated=1905482, actions=0, custom actions=[], active item id=-1, error=null} mmd: null
09-19 17:50:43.638 D/A2dpMediaBrowserService( 2714): prevPS PlaybackState {state=2, position=33313, buffered position=0, speed=0.0, updated=1905470, actions=54, custom actions=[], active item id=-1, error=null}
09-19 17:50:43.638 D/A2dpMediaBrowserService( 2714): prev MM title 抚仙湖 track len 280387
09-19 17:50:43.638 D/A2dpMediaBrowserService( 2714): msgTrack() playbackstate PlaybackState {state=2, position=33313, buffered position=0, speed=0.0, updated=1905482, actions=0, custom actions=[], active item id=-1, error=null}
09-19 17:50:43.671 I/BluetoothAvrcpControllerJni( 2714): btavrcp_play_status_changed_callback
09-19 17:50:43.671 D/AvrcpControllerService( 2714): onPlayStatusChanged 2
09-19 17:50:43.672 D/AvrcpControllerService( 2714):  HandleMessage: CB_PLAY_STATUS_CHANGED Remote Connected true
09-19 17:50:43.673 D/A2dpSinkService( 2714): getA2dpSinkService(): returning com.android.bluetooth.a2dpsink.A2dpSinkService@25545cb
09-19 17:50:43.673 D/A2dpSinkStateMachine( 2714): Connected process message: 304
